flutter : Flutter assets will be downloaded from https://storage.flutter-io.cn.
 Make sure you trust this source!
所在位置 行:1 字符: 1
+ flutter build windows --debug 2>&1 | Tee-Object -FilePath build_outpu ...
+ ~~~~~~~~~~~~~~~~~~~~~~~~~~~~~~~~~~
    + CategoryInfo          : NotSpecified: (Flutter assets ...st this source! 
   :String) [], RemoteException
    + FullyQualifiedErrorId : NativeCommandError
 
Building Windows application...                                 
C:\Program Files\Microsoft Visual Studio\18\Community\MSBuild\Microsoft\VC\v180
\Microsoft.CppCommon.targets(254,5): error MSB8066: 鈥淒:\Projects\鏅鸿\build\wind
ows\x64\CMakeFiles\89874f3de725e18c68185787f2ea8d9c\flutter_windows.dll.rule;D:
\Projects\鏅鸿\build\windows\x64\CMakeFiles\ec2b53c9594ddf1facc90d833a6c965a\flu
tter_assemble.rule鈥濈殑鑷畾涔夌敓鎴愬凡閫€鍑猴紝浠ｇ爜涓?1銆?[D:\Projects\鏅鸿\build\windows\x64\f
lutter\flutter_assemble.vcxproj]
Building Windows application...                                     9.7s
Build process failed.
