flutter : Flutter assets will be downloaded from https://storage.flutter-io.cn. Make sure you trust this source!
所在位置 行:1 字符: 1
+ flutter test 2>&1 | Tee-Object test_output.txt; cat test_output.txt
+ ~~~~~~~~~~~~~~~~~
    + CategoryInfo          : NotSpecified: (Flutter assets ...st this source!:String) [], RemoteException
    + FullyQualifiedErrorId : NativeCommandError
 
Package file_picker:linux references file_picker:linux as the default plugin, but it does not provide an inline impleme
ntation.
Ask the maintainers of file_picker to either avoid referencing a default implementation via `platforms: linux: default_
package: file_picker` or add an inline implementation to file_picker via `platforms: linux:` `pluginClass` or `dartPlug
inClass`.

Package file_picker:macos references file_picker:macos as the default plugin, but it does not provide an inline impleme
ntation.
Ask the maintainers of file_picker to either avoid referencing a default implementation via `platforms: macos: default_
package: file_picker` or add an inline implementation to file_picker via `platforms: macos:` `pluginClass` or `dartPlug
inClass`.

Package file_picker:windows references file_picker:windows as the default plugin, but it does not provide an inline imp
lementation.
Ask the maintainers of file_picker to either avoid referencing a default implementation via `platforms: windows: defaul
t_package: file_picker` or add an inline implementation to file_picker via `platforms: windows:` `pluginClass` or `dart
PluginClass`.

Package file_picker:linux references file_picker:linux as the default plugin, but it does not provide an inline impleme
ntation.
Ask the maintainers of file_picker to either avoid referencing a default implementation via `platforms: linux: default_
package: file_picker` or add an inline implementation to file_picker via `platforms: linux:` `pluginClass` or `dartPlug
inClass`.

Package file_picker:macos references file_picker:macos as the default plugin, but it does not provide an inline impleme
ntation.
Ask the maintainers of file_picker to either avoid referencing a default implementation via `platforms: macos: default_
package: file_picker` or add an inline implementation to file_picker via `platforms: macos:` `pluginClass` or `dartPlug
inClass`.

Package file_picker:windows references file_picker:windows as the default plugin, but it does not provide an inline imp
lementation.
Ask the maintainers of file_picker to either avoid referencing a default implementation via `platforms: windows: defaul
t_package: file_picker` or add an inline implementation to file_picker via `platforms: windows:` `pluginClass` or `dart
PluginClass`.

Package file_picker:linux references file_picker:linux as the default plugin, but it does not provide an inline impleme
ntation.
Ask the maintainers of file_picker to either avoid referencing a default implementation via `platforms: linux: default_
package: file_picker` or add an inline implementation to file_picker via `platforms: linux:` `pluginClass` or `dartPlug
inClass`.

Package file_picker:macos references file_picker:macos as the default plugin, but it does not provide an inline impleme
ntation.
Ask the maintainers of file_picker to either avoid referencing a default implementation via `platforms: macos: default_
package: file_picker` or add an inline implementation to file_picker via `platforms: macos:` `pluginClass` or `dartPlug
inClass`.

Package file_picker:windows references file_picker:windows as the default plugin, but it does not provide an inline imp
lementation.
Ask the maintainers of file_picker to either avoid referencing a default implementation via `platforms: windows: defaul
t_package: file_picker` or add an inline implementation to file_picker via `platforms: windows:` `pluginClass` or `dart
PluginClass`.

Package file_picker:linux references file_picker:linux as the default plugin, but it does not provide an inline impleme
ntation.
Ask the maintainers of file_picker to either avoid referencing a default implementation via `platforms: linux: default_
package: file_picker` or add an inline implementation to file_picker via `platforms: linux:` `pluginClass` or `dartPlug
inClass`.

Package file_picker:macos references file_picker:macos as the default plugin, but it does not provide an inline impleme
ntation.
Ask the maintainers of file_picker to either avoid referencing a default implementation via `platforms: macos: default_
package: file_picker` or add an inline implementation to file_picker via `platforms: macos:` `pluginClass` or `dartPlug
inClass`.

Package file_picker:windows references file_picker:windows as the default plugin, but it does not provide an inline imp
lementation.
Ask the maintainers of file_picker to either avoid referencing a default implementation via `platforms: windows: defaul
t_package: file_picker` or add an inline implementation to file_picker via `platforms: windows:` `pluginClass` or `dart
PluginClass`.

00:00 +0: loading D:/Projects/zhidu/test/integration/epub_integration_test.dart
Package file_picker:linux references file_picker:linux as the default plugin, but it does not provide an inline impleme
ntation.
Ask the maintainers of file_picker to either avoid referencing a default implementation via `platforms: linux: default_
package: file_picker` or add an inline implementation to file_picker via `platforms: linux:` `pluginClass` or `dartPlug
inClass`.

Package file_picker:macos references file_picker:macos as the default plugin, but it does not provide an inline impleme
ntation.
Ask the maintainers of file_picker to either avoid referencing a default implementation via `platforms: macos: default_
package: file_picker` or add an inline implementation to file_picker via `platforms: macos:` `pluginClass` or `dartPlug
inClass`.

Package file_picker:windows references file_picker:windows as the default plugin, but it does not provide an inline imp
lementation.
Ask the maintainers of file_picker to either avoid referencing a default implementation via `platforms: windows: defaul
t_package: file_picker` or add an inline implementation to file_picker via `platforms: windows:` `pluginClass` or `dart
PluginClass`.

Package file_picker:linux references file_picker:linux as the default plugin, but it does not provide an inline impleme
ntation.
Ask the maintainers of file_picker to either avoid referencing a default implementation via `platforms: linux: default_
package: file_picker` or add an inline implementation to file_picker via `platforms: linux:` `pluginClass` or `dartPlug
inClass`.

Package file_picker:macos references file_picker:macos as the default plugin, but it does not provide an inline impleme
ntation.
Ask the maintainers of file_picker to either avoid referencing a default implementation via `platforms: macos: default_
package: file_picker` or add an inline implementation to file_picker via `platforms: macos:` `pluginClass` or `dartPlug
inClass`.

Package file_picker:windows references file_picker:windows as the default plugin, but it does not provide an inline imp
lementation.
Ask the maintainers of file_picker to either avoid referencing a default implementation via `platforms: windows: defaul
t_package: file_picker` or add an inline implementation to file_picker via `platforms: windows:` `pluginClass` or `dart
PluginClass`.

Package file_picker:linux references file_picker:linux as the default plugin, but it does not provide an inline impleme
ntation.
Ask the maintainers of file_picker to either avoid referencing a default implementation via `platforms: linux: default_
package: file_picker` or add an inline implementation to file_picker via `platforms: linux:` `pluginClass` or `dartPlug
inClass`.

Package file_picker:macos references file_picker:macos as the default plugin, but it does not provide an inline impleme
ntation.
Ask the maintainers of file_picker to either avoid referencing a default implementation via `platforms: macos: default_
package: file_picker` or add an inline implementation to file_picker via `platforms: macos:` `pluginClass` or `dartPlug
inClass`.

Package file_picker:windows references file_picker:windows as the default plugin, but it does not provide an inline imp
lementation.
Ask the maintainers of file_picker to either avoid referencing a default implementation via `platforms: windows: defaul
t_package: file_picker` or add an inline implementation to file_picker via `platforms: windows:` `pluginClass` or `dart
PluginClass`.

00:00 +0: D:/Projects/zhidu/test/integration/epub_integration_test.dart: EPUB Integration Tests parse - Vibe Coding book (single-level structure) extracts title and author correctly
[2026-04-15 20:43:55.653] VERBOSE [EpubParser] parse 寮€濮嬫墽琛? filePath: test/Vibe Coding AI Bian Cheng Wan Q - Tan Xing Xing.epub
[2026-04-15 20:43:55.798] DEBUG   [EpubParser] 鏂囦欢澶у皬: 995199 bytes
Package file_picker:linux references file_picker:linux as the default plugin, but it does not provide an inline impleme
ntation.
Ask the maintainers of file_picker to either avoid referencing a default implementation via `platforms: linux: default_
package: file_picker` or add an inline implementation to file_picker via `platforms: linux:` `pluginClass` or `dartPlug
inClass`.

Package file_picker:macos references file_picker:macos as the default plugin, but it does not provide an inline impleme
ntation.
Ask the maintainers of file_picker to either avoid referencing a default implementation via `platforms: macos: default_
package: file_picker` or add an inline implementation to file_picker via `platforms: macos:` `pluginClass` or `dartPlug
inClass`.

Package file_picker:windows references file_picker:windows as the default plugin, but it does not provide an inline imp
lementation.
Ask the maintainers of file_picker to either avoid referencing a default implementation via `platforms: windows: defaul
t_package: file_picker` or add an inline implementation to file_picker via `platforms: windows:` `pluginClass` or `dart
PluginClass`.

[2026-04-15 20:43:56.337] ERROR   [EpubParser] 浣跨敤EpubReader瑙ｆ瀽澶辫触
Error: Exception: Incorrect EPUB manifest: item with href = "cover.jpg" is missing.
[2026-04-15 20:43:56.339] DEBUG   [EpubParser] 灏濊瘯浣跨敤archive鐩存帴瑙ｆ瀽EPUB...
[2026-04-15 20:43:56.368] VERBOSE [EpubParser] extractCover 寮€濮嬫墽琛? filePath: test/Vibe Coding AI Bian Cheng Wan Q - Tan Xing Xing.epub
00:00 +0: D:/Projects/zhidu/test/integration/pdf_integration_test.dart: PDF Integration Tests parse鏂规硶娴嬭瘯 瑙ｆ瀽鐪熷疄PDF鏂囦欢搴旇繑鍥炴纭殑鍏冩暟鎹?[2026-04-15 20:43:56.392] VERBOSE [PdfParser] parse 寮€濮嬫墽琛? filePath: D:\Projects\zhidu\test\Building Generative AI Agents_ - Tom Taulli, Gaurav Deshmukh.pdf
[2026-04-15 20:43:56.527] ERROR   [PdfParser] 瑙ｆ瀽PDF澶辫触
Error: Invalid argument(s): Failed to lookup symbol 'FPDF_InitLibraryWithConfig': None of the loaded modules contained the requested symbol 'FPDF_InitLibraryWithConfig'.
StackTrace:
#0      DynamicLibrary.lookup (dart:ffi-patch/ffi_dynamic_library_patch.dart:33:70)
#1      pdfium._FPDF_InitLibraryWithConfigPtr (package:pdfrx/src/pdfium/pdfium_bindings.dart:43:80)
#2      pdfium._FPDF_InitLibraryWithConfigPtr (package:pdfrx/src/pdfium/pdfium_bindings.dart)
#3      pdfium._FPDF_InitLibraryWithConfig (package:pdfrx/src/pdfium/pdfium_bindings.dart:45:44)
#4      pdfium._FPDF_InitLibraryWithConfig (package:pdfrx/src/pdfium/pdfium_bindings.dart)
#5      pdfium.FPDF_InitLibraryWithConfig (package:pdfrx/src/pdfium/pdfium_bindings.dart:36:12)
#6      _init.<anonymous closure> (package:pdfrx/src/pdfium/pdfrx_pdfium.dart:73:12)
#7      using (package:ffi/src/arena.dart:127:31)
#8      _init (package:pdfrx/src/pdfium/pdfrx_pdfium.dart:56:3)
#9      _PdfDocumentFactoryImpl.openFile (package:pdfrx/src/pdfium/pdfrx_pdfium.dart:126:5)
#10     PdfDocument.openFile (package:pdfrx/src/pdf_api.dart:191:37)
#11     PdfParser.parse (package:zhidu/services/parsers/pdf_parser.dart:92:42)
<asynchronous suspension>
#12     main.<anonymous closure>.<anonymous closure>.<anonymous closure> (file:///D:/Projects/zhidu/test/integration/pdf_integration_test.dart:38:28)
<asynchronous suspension>
#13     Declarer.test.<anonymous closure>.<anonymous closure> (package:test_api/src/backend/declarer.dart:253:15)
<asynchronous suspension>
#14     Declarer.test.<anonymous closure> (package:test_api/src/backend/declarer.dart:250:11)
<asynchronous suspension>
#15     Invoker._waitForOutstandingCallbacks.<anonymous closure> (package:test_api/src/backend/invoker.dart:318:9)
<asynchronous suspension>

  pdfium FFI搴撴湭鍔犺浇锛岄渶瑕佸湪骞冲彴娴嬭瘯鐜杩愯
00:00 +0 ~1: D:/Projects/zhidu/test/integration/epub_integration_test.dart: EPUB Integration Tests parse - Vibe Coding book (single-level structure) extracts title and author correctly
[2026-04-15 20:43:56.543] ERROR   [EpubParser] 浣跨敤EpubReader鎻愬彇灏侀潰澶辫触
Error: Exception: Incorrect EPUB manifest: item with href = "cover.jpg" is missing.
00:00 +0 ~1: D:/Projects/zhidu/test/integration/pdf_integration_test.dart: PDF Integration Tests parse鏂规硶娴嬭瘯 搴旀纭彁鍙朠DF鎬婚〉鏁?[2026-04-15 20:43:56.562] VERBOSE [PdfParser] parse 寮€濮嬫墽琛? filePath: D:\Projects\zhidu\test\Building Generative AI Agents_ - Tom Taulli, Gaurav Deshmukh.pdf
[2026-04-15 20:43:56.568] ERROR   [PdfParser] 瑙ｆ瀽PDF澶辫触
Error: Invalid argument(s): Failed to lookup symbol 'FPDF_InitLibraryWithConfig': None of the loaded modules contained the requested symbol 'FPDF_InitLibraryWithConfig'.
StackTrace:
#0      DynamicLibrary.lookup (dart:ffi-patch/ffi_dynamic_library_patch.dart:33:70)
#1      pdfium._FPDF_InitLibraryWithConfigPtr (package:pdfrx/src/pdfium/pdfium_bindings.dart:43:80)
#2      pdfium._FPDF_InitLibraryWithConfigPtr (package:pdfrx/src/pdfium/pdfium_bindings.dart)
#3      pdfium._FPDF_InitLibraryWithConfig (package:pdfrx/src/pdfium/pdfium_bindings.dart:45:44)
#4      pdfium._FPDF_InitLibraryWithConfig (package:pdfrx/src/pdfium/pdfium_bindings.dart)
#5      pdfium.FPDF_InitLibraryWithConfig (package:pdfrx/src/pdfium/pdfium_bindings.dart:36:12)
#6      _init.<anonymous closure> (package:pdfrx/src/pdfium/pdfrx_pdfium.dart:73:12)
#7      using (package:ffi/src/arena.dart:127:31)
#8      _init (package:pdfrx/src/pdfium/pdfrx_pdfium.dart:56:3)
#9      _PdfDocumentFactoryImpl.openFile (package:pdfrx/src/pdfium/pdfrx_pdfium.dart:126:5)
#10     PdfDocument.openFile (package:pdfrx/src/pdf_api.dart:191:37)
#11     PdfParser.parse (package:zhidu/services/parsers/pdf_parser.dart:92:42)
<asynchronous suspension>
#12     main.<anonymous closure>.<anonymous closure>.<anonymous closure> (file:///D:/Projects/zhidu/test/integration/pdf_integration_test.dart:54:28)
<asynchronous suspension>
#13     Declarer.test.<anonymous closure>.<anonymous closure> (package:test_api/src/backend/declarer.dart:253:15)
<asynchronous suspension>
#14     Declarer.test.<anonymous closure> (package:test_api/src/backend/declarer.dart:250:11)
<asynchronous suspension>
#15     Invoker._waitForOutstandingCallbacks.<anonymous closure> (package:test_api/src/backend/invoker.dart:318:9)
<asynchronous suspension>

  pdfium FFI搴撴湭鍔犺浇锛岄渶瑕佸湪骞冲彴娴嬭瘯鐜杩愯
00:00 +0 ~2: D:/Projects/zhidu/test/integration/epub_integration_test.dart: EPUB Integration Tests parse - Vibe Coding book (single-level structure) extracts title and author correctly
00:00 +0 ~2: D:/Projects/zhidu/test/integration/pdf_integration_test.dart: PDF Integration Tests parse鏂规硶娴嬭瘯 搴斾粠鏂囦欢鍚嶆纭彁鍙栨爣棰?[2026-04-15 20:43:56.591] VERBOSE [PdfParser] parse 寮€濮嬫墽琛? filePath: D:\Projects\zhidu\test\Building Generative AI Agents_ - Tom Taulli, Gaurav Deshmukh.pdf
[2026-04-15 20:43:56.594] ERROR   [PdfParser] 瑙ｆ瀽PDF澶辫触
Error: Invalid argument(s): Failed to lookup symbol 'FPDF_InitLibraryWithConfig': None of the loaded modules contained the requested symbol 'FPDF_InitLibraryWithConfig'.
StackTrace:
#0      DynamicLibrary.lookup (dart:ffi-patch/ffi_dynamic_library_patch.dart:33:70)
#1      pdfium._FPDF_InitLibraryWithConfigPtr (package:pdfrx/src/pdfium/pdfium_bindings.dart:43:80)
#2      pdfium._FPDF_InitLibraryWithConfigPtr (package:pdfrx/src/pdfium/pdfium_bindings.dart)
#3      pdfium._FPDF_InitLibraryWithConfig (package:pdfrx/src/pdfium/pdfium_bindings.dart:45:44)
#4      pdfium._FPDF_InitLibraryWithConfig (package:pdfrx/src/pdfium/pdfium_bindings.dart)
#5      pdfium.FPDF_InitLibraryWithConfig (package:pdfrx/src/pdfium/pdfium_bindings.dart:36:12)
#6      _init.<anonymous closure> (package:pdfrx/src/pdfium/pdfrx_pdfium.dart:73:12)
#7      using (package:ffi/src/arena.dart:127:31)
#8      _init (package:pdfrx/src/pdfium/pdfrx_pdfium.dart:56:3)
#9      _PdfDocumentFactoryImpl.openFile (package:pdfrx/src/pdfium/pdfrx_pdfium.dart:126:5)
#10     PdfDocument.openFile (package:pdfrx/src/pdf_api.dart:191:37)
#11     PdfParser.parse (package:zhidu/services/parsers/pdf_parser.dart:92:42)
<asynchronous suspension>
#12     main.<anonymous closure>.<anonymous closure>.<anonymous closure> (file:///D:/Projects/zhidu/test/integration/pdf_integration_test.dart:68:28)
<asynchronous suspension>
#13     Declarer.test.<anonymous closure>.<anonymous closure> (package:test_api/src/backend/declarer.dart:253:15)
<asynchronous suspension>
#14     Declarer.test.<anonymous closure> (package:test_api/src/backend/declarer.dart:250:11)
<asynchronous suspension>
#15     Invoker._waitForOutstandingCallbacks.<anonymous closure> (package:test_api/src/backend/invoker.dart:318:9)
<asynchronous suspension>

  pdfium FFI搴撴湭鍔犺浇锛岄渶瑕佸湪骞冲彴娴嬭瘯鐜杩愯
00:01 +0 ~2: D:/Projects/zhidu/test/integration/epub_integration_test.dart: EPUB Integration Tests parse - Vibe Coding book (single-level structure) extracts title and author correctly
[2026-04-15 20:43:56.570] ERROR   [EpubParser] 淇濆瓨灏侀潰鍥剧墖澶辫触
Error: MissingPluginException(No implementation found for method getApplicationDocumentsDirectory on channel plugins.flutter.io/path_provider)
00:01 +0 ~3: D:/Projects/zhidu/test/integration/epub_integration_test.dart: EPUB Integration Tests parse - Vibe Coding book (single-level structure) extracts title and author correctly
[2026-04-15 20:43:56.574] DEBUG   [EpubParser] 鏈€缁堜功鍚? Vibe Coding AI 缂栫▼瀹屽叏鎵嬪唽
[2026-04-15 20:43:56.576] DEBUG   [EpubParser] 鏈€缁堜綔鑰? 璋槦鏄?钁?[2026-04-15 20:43:56.576] DEBUG   [EpubParser] 绔犺妭鏁? 0
00:01 +1 ~3: D:/Projects/zhidu/test/integration/pdf_integration_test.dart: PDF Integration Tests parse鏂规硶娴嬭瘯 鏂囦欢涓嶅瓨鍦ㄦ椂搴旀姏鍑哄紓甯?00:01 +1 ~3: D:/Projects/zhidu/test/integration/epub_integration_test.dart: EPUB Integration Tests parse - Vibe Coding book (single-level structure) extracts chapters via getChapters (fallback works)
[2026-04-15 20:43:56.628] VERBOSE [EpubParser] getChapters 寮€濮嬫墽琛? filePath: test/Vibe Coding AI Bian Cheng Wan Q - Tan Xing Xing.epub
00:01 +1 ~3: D:/Projects/zhidu/test/integration/pdf_integration_test.dart: PDF Integration Tests parse鏂规硶娴嬭瘯 鏂囦欢涓嶅瓨鍦ㄦ椂搴旀姏鍑哄紓甯?[2026-04-15 20:43:56.634] VERBOSE [PdfParser] parse 寮€濮嬫墽琛? filePath: non_existent_file.pdf
[2026-04-15 20:43:56.655] WARNING [PdfParser] 鏂囦欢涓嶅瓨鍦? non_existent_file.pdf
00:01 +2 ~3: D:/Projects/zhidu/test/integration/epub_integration_test.dart: EPUB Integration Tests parse - Vibe Coding book (single-level structure) extracts chapters via getChapters (fallback works)
00:01 +2 ~3: D:/Projects/zhidu/test/integration/pdf_integration_test.dart: PDF Integration Tests getChapters鏂规硶娴嬭瘯 搴旇繑鍥炵珷鑺傚垪琛?[2026-04-15 20:43:56.684] VERBOSE [PdfParser] getChapters 寮€濮嬫墽琛? filePath: D:\Projects\zhidu\test\Building Generative AI Agents_ - Tom Taulli, Gaurav Deshmukh.pdf
[2026-04-15 20:43:56.688] ERROR   [PdfParser] 鑾峰彇绔犺妭鍒楄〃澶辫触
Error: Invalid argument(s): Failed to lookup symbol 'FPDF_InitLibraryWithConfig': None of the loaded modules contained the requested symbol 'FPDF_InitLibraryWithConfig'.
StackTrace:
#0      DynamicLibrary.lookup (dart:ffi-patch/ffi_dynamic_library_patch.dart:33:70)
#1      pdfium._FPDF_InitLibraryWithConfigPtr (package:pdfrx/src/pdfium/pdfium_bindings.dart:43:80)
#2      pdfium._FPDF_InitLibraryWithConfigPtr (package:pdfrx/src/pdfium/pdfium_bindings.dart)
#3      pdfium._FPDF_InitLibraryWithConfig (package:pdfrx/src/pdfium/pdfium_bindings.dart:45:44)
#4      pdfium._FPDF_InitLibraryWithConfig (package:pdfrx/src/pdfium/pdfium_bindings.dart)
#5      pdfium.FPDF_InitLibraryWithConfig (package:pdfrx/src/pdfium/pdfium_bindings.dart:36:12)
#6      _init.<anonymous closure> (package:pdfrx/src/pdfium/pdfrx_pdfium.dart:73:12)
#7      using (package:ffi/src/arena.dart:127:31)
#8      _init (package:pdfrx/src/pdfium/pdfrx_pdfium.dart:56:3)
#9      _PdfDocumentFactoryImpl.openFile (package:pdfrx/src/pdfium/pdfrx_pdfium.dart:126:5)
#10     PdfDocument.openFile (package:pdfrx/src/pdf_api.dart:191:37)
#11     PdfParser.getChapters (package:zhidu/services/parsers/pdf_parser.dart:175:42)
<asynchronous suspension>
#12     main.<anonymous closure>.<anonymous closure>.<anonymous closure> (file:///D:/Projects/zhidu/test/integration/pdf_integration_test.dart:94:28)
<asynchronous suspension>
#13     Declarer.test.<anonymous closure>.<anonymous closure> (package:test_api/src/backend/declarer.dart:253:15)
<asynchronous suspension>
#14     Declarer.test.<anonymous closure> (package:test_api/src/backend/declarer.dart:250:11)
<asynchronous suspension>
#15     Invoker._waitForOutstandingCallbacks.<anonymous closure> (package:test_api/src/backend/invoker.dart:318:9)
<asynchronous suspension>

00:01 +2 ~3 -1: D:/Projects/zhidu/test/integration/epub_integration_test.dart: EPUB Integration Tests parse - Vibe Coding book (single-level structure) extracts chapters via getChapters (fallback works)
00:01 +2 ~3 -1: D:/Projects/zhidu/test/integration/pdf_integration_test.dart: PDF Integration Tests getChapters鏂规硶娴嬭瘯 搴旇繑鍥炵珷鑺傚垪琛?[E]
  Expected: a value greater than <0>
    Actual: <0>
     Which: is not a value greater than <0>
  
  test\integration\pdf_integration_test.dart 103:13  main.<fn>.<fn>.<fn>
  
00:01 +2 ~3 -1: D:/Projects/zhidu/test/integration/epub_integration_test.dart: EPUB Integration Tests parse - Vibe Coding book (single-level structure) extracts chapters via getChapters (fallback works)
[2026-04-15 20:43:56.869] ERROR   [EpubParser] EpubReader瑙ｆ瀽澶辫触锛屼娇鐢╝rchive鍥為€€鏂规
Error: Exception: Incorrect EPUB manifest: item with href = "cover.jpg" is missing.
00:01 +3 ~3 -1: D:/Projects/zhidu/test/integration/pdf_integration_test.dart: PDF Integration Tests getChapters鏂规硶娴嬭瘯 绔犺妭搴斿寘鍚纭殑ChapterLocation淇℃伅
00:01 +3 ~3 -1: D:/Projects/zhidu/test/integration/epub_integration_test.dart: EPUB Integration Tests parse - Java to Kotlin book (multi-level structure) extracts title and author correctly
[2026-04-15 20:43:56.974] VERBOSE [EpubParser] parse 寮€濮嬫墽琛? filePath: test/Java to Kotlin_ A Refactoring G - Duncan McGregor, Nat Pryce.epub
00:01 +3 ~3 -1: D:/Projects/zhidu/test/integration/pdf_integration_test.dart: PDF Integration Tests getChapters鏂规硶娴嬭瘯 绔犺妭搴斿寘鍚纭殑ChapterLocation淇℃伅
[2026-04-15 20:43:56.968] VERBOSE [PdfParser] getChapters 寮€濮嬫墽琛? filePath: D:\Projects\zhidu\test\Building Generative AI Agents_ - Tom Taulli, Gaurav Deshmukh.pdf
[2026-04-15 20:43:56.974] ERROR   [PdfParser] 鑾峰彇绔犺妭鍒楄〃澶辫触
Error: Invalid argument(s): Failed to lookup symbol 'FPDF_InitLibraryWithConfig': None of the loaded modules contained the requested symbol 'FPDF_InitLibraryWithConfig'.
StackTrace:
#0      DynamicLibrary.lookup (dart:ffi-patch/ffi_dynamic_library_patch.dart:33:70)
#1      pdfium._FPDF_InitLibraryWithConfigPtr (package:pdfrx/src/pdfium/pdfium_bindings.dart:43:80)
#2      pdfium._FPDF_InitLibraryWithConfigPtr (package:pdfrx/src/pdfium/pdfium_bindings.dart)
#3      pdfium._FPDF_InitLibraryWithConfig (package:pdfrx/src/pdfium/pdfium_bindings.dart:45:44)
#4      pdfium._FPDF_InitLibraryWithConfig (package:pdfrx/src/pdfium/pdfium_bindings.dart)
#5      pdfium.FPDF_InitLibraryWithConfig (package:pdfrx/src/pdfium/pdfium_bindings.dart:36:12)
#6      _init.<anonymous closure> (package:pdfrx/src/pdfium/pdfrx_pdfium.dart:73:12)
#7      using (package:ffi/src/arena.dart:127:31)
#8      _init (package:pdfrx/src/pdfium/pdfrx_pdfium.dart:56:3)
#9      _PdfDocumentFactoryImpl.openFile (package:pdfrx/src/pdfium/pdfrx_pdfium.dart:126:5)
#10     PdfDocument.openFile (package:pdfrx/src/pdf_api.dart:191:37)
#11     PdfParser.getChapters (package:zhidu/services/parsers/pdf_parser.dart:175:42)
<asynchronous suspension>
#12     main.<anonymous closure>.<anonymous closure>.<anonymous closure> (file:///D:/Projects/zhidu/test/integration/pdf_integration_test.dart:110:28)
<asynchronous suspension>
#13     Declarer.test.<anonymous closure>.<anonymous closure> (package:test_api/src/backend/declarer.dart:253:15)
<asynchronous suspension>
#14     Declarer.test.<anonymous closure> (package:test_api/src/backend/declarer.dart:250:11)
<asynchronous suspension>
#15     Invoker._waitForOutstandingCallbacks.<anonymous closure> (package:test_api/src/backend/invoker.dart:318:9)
<asynchronous suspension>

00:01 +4 ~3 -1: D:/Projects/zhidu/test/integration/epub_integration_test.dart: EPUB Integration Tests parse - Java to Kotlin book (multi-level structure) extracts title and author correctly
00:01 +4 ~3 -1: D:/Projects/zhidu/test/integration/pdf_integration_test.dart: PDF Integration Tests getChapters鏂规硶娴嬭瘯 绔犺妭绱㈠紩搴斾粠0寮€濮嬭繛缁€掑
[2026-04-15 20:43:56.996] VERBOSE [PdfParser] getChapters 寮€濮嬫墽琛? filePath: D:\Projects\zhidu\test\Building Generative AI Agents_ - Tom Taulli, Gaurav Deshmukh.pdf
[2026-04-15 20:43:56.998] ERROR   [PdfParser] 鑾峰彇绔犺妭鍒楄〃澶辫触
Error: Invalid argument(s): Failed to lookup symbol 'FPDF_InitLibraryWithConfig': None of the loaded modules contained the requested symbol 'FPDF_InitLibraryWithConfig'.
StackTrace:
#0      DynamicLibrary.lookup (dart:ffi-patch/ffi_dynamic_library_patch.dart:33:70)
#1      pdfium._FPDF_InitLibraryWithConfigPtr (package:pdfrx/src/pdfium/pdfium_bindings.dart:43:80)
#2      pdfium._FPDF_InitLibraryWithConfigPtr (package:pdfrx/src/pdfium/pdfium_bindings.dart)
#3      pdfium._FPDF_InitLibraryWithConfig (package:pdfrx/src/pdfium/pdfium_bindings.dart:45:44)
#4      pdfium._FPDF_InitLibraryWithConfig (package:pdfrx/src/pdfium/pdfium_bindings.dart)
#5      pdfium.FPDF_InitLibraryWithConfig (package:pdfrx/src/pdfium/pdfium_bindings.dart:36:12)
#6      _init.<anonymous closure> (package:pdfrx/src/pdfium/pdfrx_pdfium.dart:73:12)
#7      using (package:ffi/src/arena.dart:127:31)
#8      _init (package:pdfrx/src/pdfium/pdfrx_pdfium.dart:56:3)
#9      _PdfDocumentFactoryImpl.openFile (package:pdfrx/src/pdfium/pdfrx_pdfium.dart:126:5)
#10     PdfDocument.openFile (package:pdfrx/src/pdf_api.dart:191:37)
#11     PdfParser.getChapters (package:zhidu/services/parsers/pdf_parser.dart:175:42)
<asynchronous suspension>
#12     main.<anonymous closure>.<anonymous closure>.<anonymous closure> (file:///D:/Projects/zhidu/test/integration/pdf_integration_test.dart:133:28)
<asynchronous suspension>
#13     Declarer.test.<anonymous closure>.<anonymous closure> (package:test_api/src/backend/declarer.dart:253:15)
<asynchronous suspension>
#14     Declarer.test.<anonymous closure> (package:test_api/src/backend/declarer.dart:250:11)
<asynchronous suspension>
#15     Invoker._waitForOutstandingCallbacks.<anonymous closure> (package:test_api/src/backend/invoker.dart:318:9)
<asynchronous suspension>

00:01 +5 ~3 -1: D:/Projects/zhidu/test/integration/epub_integration_test.dart: EPUB Integration Tests parse - Java to Kotlin book (multi-level structure) extracts title and author correctly
00:01 +5 ~3 -1: D:/Projects/zhidu/test/integration/pdf_integration_test.dart: PDF Integration Tests getChapters鏂规硶娴嬭瘯 姣忎釜绔犺妭搴旀湁鏈夋晥鐨処D鍜屾爣棰?[2026-04-15 20:43:57.047] VERBOSE [PdfParser] getChapters 寮€濮嬫墽琛? filePath: D:\Projects\zhidu\test\Building Generative AI Agents_ - Tom Taulli, Gaurav Deshmukh.pdf
[2026-04-15 20:43:57.051] ERROR   [PdfParser] 鑾峰彇绔犺妭鍒楄〃澶辫触
Error: Invalid argument(s): Failed to lookup symbol 'FPDF_InitLibraryWithConfig': None of the loaded modules contained the requested symbol 'FPDF_InitLibraryWithConfig'.
StackTrace:
#0      DynamicLibrary.lookup (dart:ffi-patch/ffi_dynamic_library_patch.dart:33:70)
#1      pdfium._FPDF_InitLibraryWithConfigPtr (package:pdfrx/src/pdfium/pdfium_bindings.dart:43:80)
#2      pdfium._FPDF_InitLibraryWithConfigPtr (package:pdfrx/src/pdfium/pdfium_bindings.dart)
#3      pdfium._FPDF_InitLibraryWithConfig (package:pdfrx/src/pdfium/pdfium_bindings.dart:45:44)
#4      pdfium._FPDF_InitLibraryWithConfig (package:pdfrx/src/pdfium/pdfium_bindings.dart)
#5      pdfium.FPDF_InitLibraryWithConfig (package:pdfrx/src/pdfium/pdfium_bindings.dart:36:12)
#6      _init.<anonymous closure> (package:pdfrx/src/pdfium/pdfrx_pdfium.dart:73:12)
#7      using (package:ffi/src/arena.dart:127:31)
#8      _init (package:pdfrx/src/pdfium/pdfrx_pdfium.dart:56:3)
#9      _PdfDocumentFactoryImpl.openFile (package:pdfrx/src/pdfium/pdfrx_pdfium.dart:126:5)
#10     PdfDocument.openFile (package:pdfrx/src/pdf_api.dart:191:37)
#11     PdfParser.getChapters (package:zhidu/services/parsers/pdf_parser.dart:175:42)
<asynchronous suspension>
#12     main.<anonymous closure>.<anonymous closure>.<anonymous closure> (file:///D:/Projects/zhidu/test/integration/pdf_integration_test.dart:149:28)
<asynchronous suspension>
#13     Declarer.test.<anonymous closure>.<anonymous closure> (package:test_api/src/backend/declarer.dart:253:15)
<asynchronous suspension>
#14     Declarer.test.<anonymous closure> (package:test_api/src/backend/declarer.dart:250:11)
<asynchronous suspension>
#15     Invoker._waitForOutstandingCallbacks.<anonymous closure> (package:test_api/src/backend/invoker.dart:318:9)
<asynchronous suspension>

00:01 +6 ~3 -1: D:/Projects/zhidu/test/integration/epub_integration_test.dart: EPUB Integration Tests parse - Java to Kotlin book (multi-level structure) extracts title and author correctly
00:01 +6 ~3 -1: D:/Projects/zhidu/test/integration/pdf_integration_test.dart: PDF Integration Tests getChapters鏂规硶娴嬭瘯 灏侀潰璺宠繃閫昏緫锛氶椤垫枃瀛楀皯浜?0瀛楃鏃惰烦杩?[2026-04-15 20:43:57.067] VERBOSE [PdfParser] getChapters 寮€濮嬫墽琛? filePath: D:\Projects\zhidu\test\Building Generative AI Agents_ - Tom Taulli, Gaurav Deshmukh.pdf
[2026-04-15 20:43:57.070] ERROR   [PdfParser] 鑾峰彇绔犺妭鍒楄〃澶辫触
Error: Invalid argument(s): Failed to lookup symbol 'FPDF_InitLibraryWithConfig': None of the loaded modules contained the requested symbol 'FPDF_InitLibraryWithConfig'.
StackTrace:
#0      DynamicLibrary.lookup (dart:ffi-patch/ffi_dynamic_library_patch.dart:33:70)
#1      pdfium._FPDF_InitLibraryWithConfigPtr (package:pdfrx/src/pdfium/pdfium_bindings.dart:43:80)
#2      pdfium._FPDF_InitLibraryWithConfigPtr (package:pdfrx/src/pdfium/pdfium_bindings.dart)
#3      pdfium._FPDF_InitLibraryWithConfig (package:pdfrx/src/pdfium/pdfium_bindings.dart:45:44)
#4      pdfium._FPDF_InitLibraryWithConfig (package:pdfrx/src/pdfium/pdfium_bindings.dart)
#5      pdfium.FPDF_InitLibraryWithConfig (package:pdfrx/src/pdfium/pdfium_bindings.dart:36:12)
#6      _init.<anonymous closure> (package:pdfrx/src/pdfium/pdfrx_pdfium.dart:73:12)
#7      using (package:ffi/src/arena.dart:127:31)
#8      _init (package:pdfrx/src/pdfium/pdfrx_pdfium.dart:56:3)
#9      _PdfDocumentFactoryImpl.openFile (package:pdfrx/src/pdfium/pdfrx_pdfium.dart:126:5)
#10     PdfDocument.openFile (package:pdfrx/src/pdf_api.dart:191:37)
#11     PdfParser.getChapters (package:zhidu/services/parsers/pdf_parser.dart:175:42)
<asynchronous suspension>
#12     main.<anonymous closure>.<anonymous closure>.<anonymous closure> (file:///D:/Projects/zhidu/test/integration/pdf_integration_test.dart:167:28)
<asynchronous suspension>
#13     Declarer.test.<anonymous closure>.<anonymous closure> (package:test_api/src/backend/declarer.dart:253:15)
<asynchronous suspension>
#14     Declarer.test.<anonymous closure> (package:test_api/src/backend/declarer.dart:250:11)
<asynchronous suspension>
#15     Invoker._waitForOutstandingCallbacks.<anonymous closure> (package:test_api/src/backend/invoker.dart:318:9)
<asynchronous suspension>

00:01 +7 ~3 -1: D:/Projects/zhidu/test/integration/epub_integration_test.dart: EPUB Integration Tests parse - Java to Kotlin book (multi-level structure) extracts title and author correctly
00:01 +7 ~3 -1: D:/Projects/zhidu/test/integration/pdf_integration_test.dart: PDF Integration Tests getChapters鏂规硶娴嬭瘯 鏂囦欢涓嶅瓨鍦ㄦ椂搴旇繑鍥炵┖鍒楄〃
[2026-04-15 20:43:57.085] VERBOSE [PdfParser] getChapters 寮€濮嬫墽琛? filePath: non_existent_file.pdf
[2026-04-15 20:43:57.089] WARNING [PdfParser] 鏂囦欢涓嶅瓨鍦? non_existent_file.pdf
00:01 +8 ~3 -1: D:/Projects/zhidu/test/integration/epub_integration_test.dart: EPUB Integration Tests parse - Java to Kotlin book (multi-level structure) extracts title and author correctly
00:01 +8 ~3 -1: D:/Projects/zhidu/test/integration/pdf_integration_test.dart: PDF Integration Tests getChapterContent鏂规硶娴嬭瘯 搴旀彁鍙栫珷鑺傚唴瀹?[2026-04-15 20:43:57.100] VERBOSE [PdfParser] getChapters 寮€濮嬫墽琛? filePath: D:\Projects\zhidu\test\Building Generative AI Agents_ - Tom Taulli, Gaurav Deshmukh.pdf
[2026-04-15 20:43:57.106] ERROR   [PdfParser] 鑾峰彇绔犺妭鍒楄〃澶辫触
Error: Invalid argument(s): Failed to lookup symbol 'FPDF_InitLibraryWithConfig': None of the loaded modules contained the requested symbol 'FPDF_InitLibraryWithConfig'.
StackTrace:
#0      DynamicLibrary.lookup (dart:ffi-patch/ffi_dynamic_library_patch.dart:33:70)
#1      pdfium._FPDF_InitLibraryWithConfigPtr (package:pdfrx/src/pdfium/pdfium_bindings.dart:43:80)
#2      pdfium._FPDF_InitLibraryWithConfigPtr (package:pdfrx/src/pdfium/pdfium_bindings.dart)
#3      pdfium._FPDF_InitLibraryWithConfig (package:pdfrx/src/pdfium/pdfium_bindings.dart:45:44)
#4      pdfium._FPDF_InitLibraryWithConfig (package:pdfrx/src/pdfium/pdfium_bindings.dart)
#5      pdfium.FPDF_InitLibraryWithConfig (package:pdfrx/src/pdfium/pdfium_bindings.dart:36:12)
#6      _init.<anonymous closure> (package:pdfrx/src/pdfium/pdfrx_pdfium.dart:73:12)
#7      using (package:ffi/src/arena.dart:127:31)
#8      _init (package:pdfrx/src/pdfium/pdfrx_pdfium.dart:56:3)
#9      _PdfDocumentFactoryImpl.openFile (package:pdfrx/src/pdfium/pdfrx_pdfium.dart:126:5)
#10     PdfDocument.openFile (package:pdfrx/src/pdf_api.dart:191:37)
#11     PdfParser.getChapters (package:zhidu/services/parsers/pdf_parser.dart:175:42)
<asynchronous suspension>
#12     main.<anonymous closure>.<anonymous closure>.<anonymous closure> (file:///D:/Projects/zhidu/test/integration/pdf_integration_test.dart:195:28)
<asynchronous suspension>
#13     Declarer.test.<anonymous closure>.<anonymous closure> (package:test_api/src/backend/declarer.dart:253:15)
<asynchronous suspension>
#14     Declarer.test.<anonymous closure> (package:test_api/src/backend/declarer.dart:250:11)
<asynchronous suspension>
#15     Invoker._waitForOutstandingCallbacks.<anonymous closure> (package:test_api/src/backend/invoker.dart:318:9)
<asynchronous suspension>

00:01 +9 ~3 -1: D:/Projects/zhidu/test/integration/epub_integration_test.dart: EPUB Integration Tests parse - Java to Kotlin book (multi-level structure) extracts title and author correctly
00:01 +9 ~3 -1: D:/Projects/zhidu/test/integration/pdf_integration_test.dart: PDF Integration Tests getChapterContent鏂规硶娴嬭瘯 搴旀纭彁鍙栫函鏂囨湰鍐呭
[2026-04-15 20:43:57.130] VERBOSE [PdfParser] getChapters 寮€濮嬫墽琛? filePath: D:\Projects\zhidu\test\Building Generative AI Agents_ - Tom Taulli, Gaurav Deshmukh.pdf
[2026-04-15 20:43:57.134] ERROR   [PdfParser] 鑾峰彇绔犺妭鍒楄〃澶辫触
Error: Invalid argument(s): Failed to lookup symbol 'FPDF_InitLibraryWithConfig': None of the loaded modules contained the requested symbol 'FPDF_InitLibraryWithConfig'.
StackTrace:
#0      DynamicLibrary.lookup (dart:ffi-patch/ffi_dynamic_library_patch.dart:33:70)
#1      pdfium._FPDF_InitLibraryWithConfigPtr (package:pdfrx/src/pdfium/pdfium_bindings.dart:43:80)
#2      pdfium._FPDF_InitLibraryWithConfigPtr (package:pdfrx/src/pdfium/pdfium_bindings.dart)
#3      pdfium._FPDF_InitLibraryWithConfig (package:pdfrx/src/pdfium/pdfium_bindings.dart:45:44)
#4      pdfium._FPDF_InitLibraryWithConfig (package:pdfrx/src/pdfium/pdfium_bindings.dart)
#5      pdfium.FPDF_InitLibraryWithConfig (package:pdfrx/src/pdfium/pdfium_bindings.dart:36:12)
#6      _init.<anonymous closure> (package:pdfrx/src/pdfium/pdfrx_pdfium.dart:73:12)
#7      using (package:ffi/src/arena.dart:127:31)
#8      _init (package:pdfrx/src/pdfium/pdfrx_pdfium.dart:56:3)
#9      _PdfDocumentFactoryImpl.openFile (package:pdfrx/src/pdfium/pdfrx_pdfium.dart:126:5)
#10     PdfDocument.openFile (package:pdfrx/src/pdf_api.dart:191:37)
#11     PdfParser.getChapters (package:zhidu/services/parsers/pdf_parser.dart:175:42)
<asynchronous suspension>
#12     main.<anonymous closure>.<anonymous closure>.<anonymous closure> (file:///D:/Projects/zhidu/test/integration/pdf_integration_test.dart:216:28)
<asynchronous suspension>
#13     Declarer.test.<anonymous closure>.<anonymous closure> (package:test_api/src/backend/declarer.dart:253:15)
<asynchronous suspension>
#14     Declarer.test.<anonymous closure> (package:test_api/src/backend/declarer.dart:250:11)
<asynchronous suspension>
#15     Invoker._waitForOutstandingCallbacks.<anonymous closure> (package:test_api/src/backend/invoker.dart:318:9)
<asynchronous suspension>

00:01 +10 ~3 -1: D:/Projects/zhidu/test/integration/epub_integration_test.dart: EPUB Integration Tests parse - Java to Kotlin book (multi-level structure) extracts title and author correctly
00:01 +10 ~3 -1: D:/Projects/zhidu/test/integration/pdf_integration_test.dart: PDF Integration Tests getChapterContent鏂规硶娴嬭瘯 搴旀纭浆鎹负HTML鍐呭
[2026-04-15 20:43:57.152] VERBOSE [PdfParser] getChapters 寮€濮嬫墽琛? filePath: D:\Projects\zhidu\test\Building Generative AI Agents_ - Tom Taulli, Gaurav Deshmukh.pdf
[2026-04-15 20:43:57.158] ERROR   [PdfParser] 鑾峰彇绔犺妭鍒楄〃澶辫触
Error: Invalid argument(s): Failed to lookup symbol 'FPDF_InitLibraryWithConfig': None of the loaded modules contained the requested symbol 'FPDF_InitLibraryWithConfig'.
StackTrace:
#0      DynamicLibrary.lookup (dart:ffi-patch/ffi_dynamic_library_patch.dart:33:70)
#1      pdfium._FPDF_InitLibraryWithConfigPtr (package:pdfrx/src/pdfium/pdfium_bindings.dart:43:80)
#2      pdfium._FPDF_InitLibraryWithConfigPtr (package:pdfrx/src/pdfium/pdfium_bindings.dart)
#3      pdfium._FPDF_InitLibraryWithConfig (package:pdfrx/src/pdfium/pdfium_bindings.dart:45:44)
#4      pdfium._FPDF_InitLibraryWithConfig (package:pdfrx/src/pdfium/pdfium_bindings.dart)
#5      pdfium.FPDF_InitLibraryWithConfig (package:pdfrx/src/pdfium/pdfium_bindings.dart:36:12)
#6      _init.<anonymous closure> (package:pdfrx/src/pdfium/pdfrx_pdfium.dart:73:12)
#7      using (package:ffi/src/arena.dart:127:31)
#8      _init (package:pdfrx/src/pdfium/pdfrx_pdfium.dart:56:3)
#9      _PdfDocumentFactoryImpl.openFile (package:pdfrx/src/pdfium/pdfrx_pdfium.dart:126:5)
#10     PdfDocument.openFile (package:pdfrx/src/pdf_api.dart:191:37)
#11     PdfParser.getChapters (package:zhidu/services/parsers/pdf_parser.dart:175:42)
<asynchronous suspension>
#12     main.<anonymous closure>.<anonymous closure>.<anonymous closure> (file:///D:/Projects/zhidu/test/integration/pdf_integration_test.dart:236:28)
<asynchronous suspension>
#13     Declarer.test.<anonymous closure>.<anonymous closure> (package:test_api/src/backend/declarer.dart:253:15)
<asynchronous suspension>
#14     Declarer.test.<anonymous closure> (package:test_api/src/backend/declarer.dart:250:11)
<asynchronous suspension>
#15     Invoker._waitForOutstandingCallbacks.<anonymous closure> (package:test_api/src/backend/invoker.dart:318:9)
<asynchronous suspension>

00:01 +11 ~3 -1: D:/Projects/zhidu/test/integration/epub_integration_test.dart: EPUB Integration Tests parse - Java to Kotlin book (multi-level structure) extracts title and author correctly
00:01 +11 ~3 -1: D:/Projects/zhidu/test/integration/pdf_integration_test.dart: PDF Integration Tests getChapterContent鏂规硶娴嬭瘯 HTML娈佃惤搴斾笌绾枃鏈钀藉搴?[2026-04-15 20:43:57.177] VERBOSE [PdfParser] getChapters 寮€濮嬫墽琛? filePath: D:\Projects\zhidu\test\Building Generative AI Agents_ - Tom Taulli, Gaurav Deshmukh.pdf
[2026-04-15 20:43:57.182] ERROR   [PdfParser] 鑾峰彇绔犺妭鍒楄〃澶辫触
Error: Invalid argument(s): Failed to lookup symbol 'FPDF_InitLibraryWithConfig': None of the loaded modules contained the requested symbol 'FPDF_InitLibraryWithConfig'.
StackTrace:
#0      DynamicLibrary.lookup (dart:ffi-patch/ffi_dynamic_library_patch.dart:33:70)
#1      pdfium._FPDF_InitLibraryWithConfigPtr (package:pdfrx/src/pdfium/pdfium_bindings.dart:43:80)
#2      pdfium._FPDF_InitLibraryWithConfigPtr (package:pdfrx/src/pdfium/pdfium_bindings.dart)
#3      pdfium._FPDF_InitLibraryWithConfig (package:pdfrx/src/pdfium/pdfium_bindings.dart:45:44)
#4      pdfium._FPDF_InitLibraryWithConfig (package:pdfrx/src/pdfium/pdfium_bindings.dart)
#5      pdfium.FPDF_InitLibraryWithConfig (package:pdfrx/src/pdfium/pdfium_bindings.dart:36:12)
#6      _init.<anonymous closure> (package:pdfrx/src/pdfium/pdfrx_pdfium.dart:73:12)
#7      using (package:ffi/src/arena.dart:127:31)
#8      _init (package:pdfrx/src/pdfium/pdfrx_pdfium.dart:56:3)
#9      _PdfDocumentFactoryImpl.openFile (package:pdfrx/src/pdfium/pdfrx_pdfium.dart:126:5)
#10     PdfDocument.openFile (package:pdfrx/src/pdf_api.dart:191:37)
#11     PdfParser.getChapters (package:zhidu/services/parsers/pdf_parser.dart:175:42)
<asynchronous suspension>
#12     main.<anonymous closure>.<anonymous closure>.<anonymous closure> (file:///D:/Projects/zhidu/test/integration/pdf_integration_test.dart:257:28)
<asynchronous suspension>
#13     Declarer.test.<anonymous closure>.<anonymous closure> (package:test_api/src/backend/declarer.dart:253:15)
<asynchronous suspension>
#14     Declarer.test.<anonymous closure> (package:test_api/src/backend/declarer.dart:250:11)
<asynchronous suspension>
#15     Invoker._waitForOutstandingCallbacks.<anonymous closure> (package:test_api/src/backend/invoker.dart:318:9)
<asynchronous suspension>

00:01 +12 ~3 -1: D:/Projects/zhidu/test/integration/epub_integration_test.dart: EPUB Integration Tests parse - Java to Kotlin book (multi-level structure) extracts title and author correctly
00:01 +12 ~3 -1: D:/Projects/zhidu/test/integration/pdf_integration_test.dart: PDF Integration Tests getChapterContent鏂规硶娴嬭瘯 鏂囦欢涓嶅瓨鍦ㄦ椂搴旀姏鍑哄紓甯?[2026-04-15 20:43:57.201] VERBOSE [PdfParser] getChapterContent 寮€濮嬫墽琛? filePath: non_existent_file.pdf, chapter: Test
[2026-04-15 20:43:57.208] WARNING [PdfParser] 鏂囦欢涓嶅瓨鍦? non_existent_file.pdf
00:01 +13 ~3 -1: D:/Projects/zhidu/test/integration/epub_integration_test.dart: EPUB Integration Tests parse - Java to Kotlin book (multi-level structure) extracts title and author correctly
00:01 +13 ~3 -1: D:/Projects/zhidu/test/integration/pdf_integration_test.dart: PDF Integration Tests 椤甸潰鑼冨洿娴嬭瘯 ChapterLocation鐨剆tartPage鍜宔ndPage搴旀纭缃?[2026-04-15 20:43:57.229] VERBOSE [PdfParser] getChapters 寮€濮嬫墽琛? filePath: D:\Projects\zhidu\test\Building Generative AI Agents_ - Tom Taulli, Gaurav Deshmukh.pdf
[2026-04-15 20:43:57.232] ERROR   [PdfParser] 鑾峰彇绔犺妭鍒楄〃澶辫触
Error: Invalid argument(s): Failed to lookup symbol 'FPDF_InitLibraryWithConfig': None of the loaded modules contained the requested symbol 'FPDF_InitLibraryWithConfig'.
StackTrace:
#0      DynamicLibrary.lookup (dart:ffi-patch/ffi_dynamic_library_patch.dart:33:70)
#1      pdfium._FPDF_InitLibraryWithConfigPtr (package:pdfrx/src/pdfium/pdfium_bindings.dart:43:80)
#2      pdfium._FPDF_InitLibraryWithConfigPtr (package:pdfrx/src/pdfium/pdfium_bindings.dart)
#3      pdfium._FPDF_InitLibraryWithConfig (package:pdfrx/src/pdfium/pdfium_bindings.dart:45:44)
#4      pdfium._FPDF_InitLibraryWithConfig (package:pdfrx/src/pdfium/pdfium_bindings.dart)
#5      pdfium.FPDF_InitLibraryWithConfig (package:pdfrx/src/pdfium/pdfium_bindings.dart:36:12)
#6      _init.<anonymous closure> (package:pdfrx/src/pdfium/pdfrx_pdfium.dart:73:12)
#7      using (package:ffi/src/arena.dart:127:31)
#8      _init (package:pdfrx/src/pdfium/pdfrx_pdfium.dart:56:3)
#9      _PdfDocumentFactoryImpl.openFile (package:pdfrx/src/pdfium/pdfrx_pdfium.dart:126:5)
#10     PdfDocument.openFile (package:pdfrx/src/pdf_api.dart:191:37)
#11     PdfParser.getChapters (package:zhidu/services/parsers/pdf_parser.dart:175:42)
<asynchronous suspension>
#12     main.<anonymous closure>.<anonymous closure>.<anonymous closure> (file:///D:/Projects/zhidu/test/integration/pdf_integration_test.dart:300:28)
<asynchronous suspension>
#13     Declarer.test.<anonymous closure>.<anonymous closure> (package:test_api/src/backend/declarer.dart:253:15)
<asynchronous suspension>
#14     Declarer.test.<anonymous closure> (package:test_api/src/backend/declarer.dart:250:11)
<asynchronous suspension>
#15     Invoker._waitForOutstandingCallbacks.<anonymous closure> (package:test_api/src/backend/invoker.dart:318:9)
<asynchronous suspension>

00:01 +14 ~3 -1: D:/Projects/zhidu/test/integration/epub_integration_test.dart: EPUB Integration Tests parse - Java to Kotlin book (multi-level structure) extracts title and author correctly
00:01 +14 ~3 -1: D:/Projects/zhidu/test/integration/pdf_integration_test.dart: PDF Integration Tests 椤甸潰鑼冨洿娴嬭瘯 绔犺妭椤甸潰鑼冨洿涓嶅簲閲嶅彔
[2026-04-15 20:43:57.260] VERBOSE [PdfParser] getChapters 寮€濮嬫墽琛? filePath: D:\Projects\zhidu\test\Building Generative AI Agents_ - Tom Taulli, Gaurav Deshmukh.pdf
[2026-04-15 20:43:57.265] ERROR   [PdfParser] 鑾峰彇绔犺妭鍒楄〃澶辫触
Error: Invalid argument(s): Failed to lookup symbol 'FPDF_InitLibraryWithConfig': None of the loaded modules contained the requested symbol 'FPDF_InitLibraryWithConfig'.
StackTrace:
#0      DynamicLibrary.lookup (dart:ffi-patch/ffi_dynamic_library_patch.dart:33:70)
#1      pdfium._FPDF_InitLibraryWithConfigPtr (package:pdfrx/src/pdfium/pdfium_bindings.dart:43:80)
#2      pdfium._FPDF_InitLibraryWithConfigPtr (package:pdfrx/src/pdfium/pdfium_bindings.dart)
#3      pdfium._FPDF_InitLibraryWithConfig (package:pdfrx/src/pdfium/pdfium_bindings.dart:45:44)
#4      pdfium._FPDF_InitLibraryWithConfig (package:pdfrx/src/pdfium/pdfium_bindings.dart)
#5      pdfium.FPDF_InitLibraryWithConfig (package:pdfrx/src/pdfium/pdfium_bindings.dart:36:12)
#6      _init.<anonymous closure> (package:pdfrx/src/pdfium/pdfrx_pdfium.dart:73:12)
#7      using (package:ffi/src/arena.dart:127:31)
#8      _init (package:pdfrx/src/pdfium/pdfrx_pdfium.dart:56:3)
#9      _PdfDocumentFactoryImpl.openFile (package:pdfrx/src/pdfium/pdfrx_pdfium.dart:126:5)
#10     PdfDocument.openFile (package:pdfrx/src/pdf_api.dart:191:37)
#11     PdfParser.getChapters (package:zhidu/services/parsers/pdf_parser.dart:175:42)
<asynchronous suspension>
#12     main.<anonymous closure>.<anonymous closure>.<anonymous closure> (file:///D:/Projects/zhidu/test/integration/pdf_integration_test.dart:329:28)
<asynchronous suspension>
#13     Declarer.test.<anonymous closure>.<anonymous closure> (package:test_api/src/backend/declarer.dart:253:15)
<asynchronous suspension>
#14     Declarer.test.<anonymous closure> (package:test_api/src/backend/declarer.dart:250:11)
<asynchronous suspension>
#15     Invoker._waitForOutstandingCallbacks.<anonymous closure> (package:test_api/src/backend/invoker.dart:318:9)
<asynchronous suspension>

00:01 +15 ~3 -1: D:/Projects/zhidu/test/integration/epub_integration_test.dart: EPUB Integration Tests parse - Java to Kotlin book (multi-level structure) extracts title and author correctly
00:01 +15 ~3 -1: D:/Projects/zhidu/test/integration/pdf_integration_test.dart: PDF Integration Tests 椤甸潰鑼冨洿娴嬭瘯 绗竴涓珷鑺傜殑璧峰椤靛簲>=1
[2026-04-15 20:43:57.362] VERBOSE [PdfParser] getChapters 寮€濮嬫墽琛? filePath: D:\Projects\zhidu\test\Building Generative AI Agents_ - Tom Taulli, Gaurav Deshmukh.pdf
[2026-04-15 20:43:57.366] ERROR   [PdfParser] 鑾峰彇绔犺妭鍒楄〃澶辫触
Error: Invalid argument(s): Failed to lookup symbol 'FPDF_InitLibraryWithConfig': None of the loaded modules contained the requested symbol 'FPDF_InitLibraryWithConfig'.
StackTrace:
#0      DynamicLibrary.lookup (dart:ffi-patch/ffi_dynamic_library_patch.dart:33:70)
#1      pdfium._FPDF_InitLibraryWithConfigPtr (package:pdfrx/src/pdfium/pdfium_bindings.dart:43:80)
#2      pdfium._FPDF_InitLibraryWithConfigPtr (package:pdfrx/src/pdfium/pdfium_bindings.dart)
#3      pdfium._FPDF_InitLibraryWithConfig (package:pdfrx/src/pdfium/pdfium_bindings.dart:45:44)
#4      pdfium._FPDF_InitLibraryWithConfig (package:pdfrx/src/pdfium/pdfium_bindings.dart)
#5      pdfium.FPDF_InitLibraryWithConfig (package:pdfrx/src/pdfium/pdfium_bindings.dart:36:12)
#6      _init.<anonymous closure> (package:pdfrx/src/pdfium/pdfrx_pdfium.dart:73:12)
#7      using (package:ffi/src/arena.dart:127:31)
#8      _init (package:pdfrx/src/pdfium/pdfrx_pdfium.dart:56:3)
#9      _PdfDocumentFactoryImpl.openFile (package:pdfrx/src/pdfium/pdfrx_pdfium.dart:126:5)
#10     PdfDocument.openFile (package:pdfrx/src/pdf_api.dart:191:37)
#11     PdfParser.getChapters (package:zhidu/services/parsers/pdf_parser.dart:175:42)
<asynchronous suspension>
#12     main.<anonymous closure>.<anonymous closure>.<anonymous closure> (file:///D:/Projects/zhidu/test/integration/pdf_integration_test.dart:352:28)
<asynchronous suspension>
#13     Declarer.test.<anonymous closure>.<anonymous closure> (package:test_api/src/backend/declarer.dart:253:15)
<asynchronous suspension>
#14     Declarer.test.<anonymous closure> (package:test_api/src/backend/declarer.dart:250:11)
<asynchronous suspension>
#15     Invoker._waitForOutstandingCallbacks.<anonymous closure> (package:test_api/src/backend/invoker.dart:318:9)
<asynchronous suspension>

00:01 +16 ~3 -1: D:/Projects/zhidu/test/integration/epub_integration_test.dart: EPUB Integration Tests parse - Java to Kotlin book (multi-level structure) extracts title and author correctly
00:01 +16 ~3 -1: D:/Projects/zhidu/test/integration/pdf_integration_test.dart: PDF Integration Tests 椤甸潰鑼冨洿娴嬭瘯 鏈€鍚庝竴涓珷鑺傜殑缁撴潫椤靛簲<=鎬婚〉鏁?[2026-04-15 20:43:57.399] VERBOSE [PdfParser] getChapters 寮€濮嬫墽琛? filePath: D:\Projects\zhidu\test\Building Generative AI Agents_ - Tom Taulli, Gaurav Deshmukh.pdf
[2026-04-15 20:43:57.402] ERROR   [PdfParser] 鑾峰彇绔犺妭鍒楄〃澶辫触
Error: Invalid argument(s): Failed to lookup symbol 'FPDF_InitLibraryWithConfig': None of the loaded modules contained the requested symbol 'FPDF_InitLibraryWithConfig'.
StackTrace:
#0      DynamicLibrary.lookup (dart:ffi-patch/ffi_dynamic_library_patch.dart:33:70)
#1      pdfium._FPDF_InitLibraryWithConfigPtr (package:pdfrx/src/pdfium/pdfium_bindings.dart:43:80)
#2      pdfium._FPDF_InitLibraryWithConfigPtr (package:pdfrx/src/pdfium/pdfium_bindings.dart)
#3      pdfium._FPDF_InitLibraryWithConfig (package:pdfrx/src/pdfium/pdfium_bindings.dart:45:44)
#4      pdfium._FPDF_InitLibraryWithConfig (package:pdfrx/src/pdfium/pdfium_bindings.dart)
#5      pdfium.FPDF_InitLibraryWithConfig (package:pdfrx/src/pdfium/pdfium_bindings.dart:36:12)
#6      _init.<anonymous closure> (package:pdfrx/src/pdfium/pdfrx_pdfium.dart:73:12)
#7      using (package:ffi/src/arena.dart:127:31)
#8      _init (package:pdfrx/src/pdfium/pdfrx_pdfium.dart:56:3)
#9      _PdfDocumentFactoryImpl.openFile (package:pdfrx/src/pdfium/pdfrx_pdfium.dart:126:5)
#10     PdfDocument.openFile (package:pdfrx/src/pdf_api.dart:191:37)
#11     PdfParser.getChapters (package:zhidu/services/parsers/pdf_parser.dart:175:42)
<asynchronous suspension>
#12     main.<anonymous closure>.<anonymous closure>.<anonymous closure> (file:///D:/Projects/zhidu/test/integration/pdf_integration_test.dart:371:28)
<asynchronous suspension>
#13     Declarer.test.<anonymous closure>.<anonymous closure> (package:test_api/src/backend/declarer.dart:253:15)
<asynchronous suspension>
#14     Declarer.test.<anonymous closure> (package:test_api/src/backend/declarer.dart:250:11)
<asynchronous suspension>
#15     Invoker._waitForOutstandingCallbacks.<anonymous closure> (package:test_api/src/backend/invoker.dart:318:9)
<asynchronous suspension>

00:01 +17 ~3 -1: D:/Projects/zhidu/test/integration/epub_integration_test.dart: EPUB Integration Tests parse - Java to Kotlin book (multi-level structure) extracts title and author correctly
00:01 +17 ~3 -1: D:/Projects/zhidu/test/integration/pdf_integration_test.dart: PDF Integration Tests extractCover鏂规硶娴嬭瘯 PDF搴旇繑鍥瀗ull灏侀潰锛堜笉鏀寔灏侀潰鎻愬彇锛?[2026-04-15 20:43:57.436] VERBOSE [PdfParser] extractCover 寮€濮嬫墽琛? filePath: D:\Projects\zhidu\test\Building Generative AI Agents_ - Tom Taulli, Gaurav Deshmukh.pdf
[2026-04-15 20:43:57.438] DEBUG   [PdfParser] PDF涓嶆敮鎸佸皝闈㈡彁鍙栵紝杩斿洖null
00:01 +18 ~3 -1: D:/Projects/zhidu/test/integration/epub_integration_test.dart: EPUB Integration Tests parse - Java to Kotlin book (multi-level structure) extracts title and author correctly
00:01 +18 ~3 -1: D:/Projects/zhidu/test/integration/pdf_integration_test.dart: PDF Integration Tests extractCover鏂规硶娴嬭瘯 鏂囦欢涓嶅瓨鍦ㄦ椂搴旇繑鍥瀗ull
[2026-04-15 20:43:57.457] VERBOSE [PdfParser] extractCover 寮€濮嬫墽琛? filePath: non_existent_file.pdf
[2026-04-15 20:43:57.459] WARNING [PdfParser] 鏂囦欢涓嶅瓨鍦? non_existent_file.pdf
00:01 +19 ~3 -1: D:/Projects/zhidu/test/integration/epub_integration_test.dart: EPUB Integration Tests parse - Java to Kotlin book (multi-level structure) extracts title and author correctly
[2026-04-15 20:43:56.988] DEBUG   [EpubParser] 鏂囦欢澶у皬: 1638925 bytes
[2026-04-15 20:43:57.463] ERROR   [EpubParser] 浣跨敤EpubReader瑙ｆ瀽澶辫触
Error: Exception: Incorrect EPUB manifest: item with ID = "Images/cover.png" is missing.
[2026-04-15 20:43:57.464] DEBUG   [EpubParser] 灏濊瘯浣跨敤archive鐩存帴瑙ｆ瀽EPUB...
00:02 +20 ~3 -1: D:/Projects/zhidu/test/integration/epub_integration_test.dart: EPUB Integration Tests parse - Java to Kotlin book (multi-level structure) extracts title and author correctly
00:02 +21 ~3 -1: D:/Projects/zhidu/test/integration/epub_integration_test.dart: EPUB Integration Tests parse - Java to Kotlin book (multi-level structure) extracts title and author correctly
00:02 +22 ~3 -1: D:/Projects/zhidu/test/integration/epub_integration_test.dart: EPUB Integration Tests parse - Java to Kotlin book (multi-level structure) extracts title and author correctly
00:02 +23 ~3 -1: D:/Projects/zhidu/test/integration/epub_integration_test.dart: EPUB Integration Tests parse - Java to Kotlin book (multi-level structure) extracts title and author correctly
00:02 +24 ~3 -1: D:/Projects/zhidu/test/integration/epub_integration_test.dart: EPUB Integration Tests parse - Java to Kotlin book (multi-level structure) extracts title and author correctly
Package file_picker:linux references file_picker:linux as the default plugin, but it does not provide an inline impleme
ntation.
Ask the maintainers of file_picker to either avoid referencing a default implementation via `platforms: linux: default_
package: file_picker` or add an inline implementation to file_picker via `platforms: linux:` `pluginClass` or `dartPlug
inClass`.

Package file_picker:macos references file_picker:macos as the default plugin, but it does not provide an inline impleme
ntation.
Ask the maintainers of file_picker to either avoid referencing a default implementation via `platforms: macos: default_
package: file_picker` or add an inline implementation to file_picker via `platforms: macos:` `pluginClass` or `dartPlug
inClass`.

Package file_picker:windows references file_picker:windows as the default plugin, but it does not provide an inline imp
lementation.
Ask the maintainers of file_picker to either avoid referencing a default implementation via `platforms: windows: defaul
t_package: file_picker` or add an inline implementation to file_picker via `platforms: windows:` `pluginClass` or `dart
PluginClass`.

00:02 +25 ~3 -1: D:/Projects/zhidu/test/integration/epub_integration_test.dart: EPUB Integration Tests parse - Java to Kotlin book (multi-level structure) extracts title and author correctly
00:02 +26 ~3 -1: D:/Projects/zhidu/test/integration/epub_integration_test.dart: EPUB Integration Tests parse - Java to Kotlin book (multi-level structure) extracts title and author correctly
00:02 +27 ~3 -1: D:/Projects/zhidu/test/integration/epub_integration_test.dart: EPUB Integration Tests parse - Java to Kotlin book (multi-level structure) extracts title and author correctly
00:02 +28 ~3 -1: D:/Projects/zhidu/test/integration/epub_integration_test.dart: EPUB Integration Tests parse - Java to Kotlin book (multi-level structure) extracts title and author correctly
00:02 +29 ~3 -1: D:/Projects/zhidu/test/integration/epub_integration_test.dart: EPUB Integration Tests parse - Java to Kotlin book (multi-level structure) extracts title and author correctly
00:02 +30 ~3 -1: D:/Projects/zhidu/test/integration/epub_integration_test.dart: EPUB Integration Tests parse - Java to Kotlin book (multi-level structure) extracts title and author correctly
00:02 +31 ~3 -1: D:/Projects/zhidu/test/integration/epub_integration_test.dart: EPUB Integration Tests parse - Java to Kotlin book (multi-level structure) extracts title and author correctly
00:02 +32 ~3 -1: D:/Projects/zhidu/test/integration/epub_integration_test.dart: EPUB Integration Tests parse - Java to Kotlin book (multi-level structure) extracts title and author correctly
00:02 +33 ~3 -1: D:/Projects/zhidu/test/integration/epub_integration_test.dart: EPUB Integration Tests parse - Java to Kotlin book (multi-level structure) extracts title and author correctly
00:02 +34 ~3 -1: D:/Projects/zhidu/test/integration/epub_integration_test.dart: EPUB Integration Tests parse - Java to Kotlin book (multi-level structure) extracts title and author correctly
00:02 +35 ~3 -1: D:/Projects/zhidu/test/integration/epub_integration_test.dart: EPUB Integration Tests parse - Java to Kotlin book (multi-level structure) extracts title and author correctly
00:02 +36 ~3 -1: D:/Projects/zhidu/test/integration/epub_integration_test.dart: EPUB Integration Tests parse - Java to Kotlin book (multi-level structure) extracts title and author correctly
00:02 +37 ~3 -1: D:/Projects/zhidu/test/integration/epub_integration_test.dart: EPUB Integration Tests parse - Java to Kotlin book (multi-level structure) extracts title and author correctly
[2026-04-15 20:43:57.559] VERBOSE [EpubParser] extractCover 寮€濮嬫墽琛? filePath: test/Java to Kotlin_ A Refactoring G - Duncan McGregor, Nat Pryce.epub
[2026-04-15 20:43:57.928] ERROR   [EpubParser] 浣跨敤EpubReader鎻愬彇灏侀潰澶辫触
Error: Exception: Incorrect EPUB manifest: item with ID = "Images/cover.png" is missing.
00:02 +38 ~3 -1: D:/Projects/zhidu/test/integration/epub_integration_test.dart: EPUB Integration Tests parse - Java to Kotlin book (multi-level structure) extracts title and author correctly
[2026-04-15 20:43:57.959] ERROR   [EpubParser] 淇濆瓨灏侀潰鍥剧墖澶辫触
Error: MissingPluginException(No implementation found for method getApplicationDocumentsDirectory on channel plugins.flutter.io/path_provider)
[2026-04-15 20:43:57.961] DEBUG   [EpubParser] 鏈€缁堜功鍚? Java to Kotlin
[2026-04-15 20:43:57.962] DEBUG   [EpubParser] 鏈€缁堜綔鑰? Duncan McGregor, Nat Pryce
[2026-04-15 20:43:57.963] DEBUG   [EpubParser] 绔犺妭鏁? 0
00:02 +39 ~3 -1: D:/Projects/zhidu/test/models/app_settings_test.dart: AiSettings copyWith should create copy with updated baseUrl
00:02 +40 ~3 -1: D:/Projects/zhidu/test/integration/epub_integration_test.dart: EPUB Integration Tests parse - Java to Kotlin book (multi-level structure) extracts chapters via getChapters (fallback works)
00:02 +41 ~3 -1: D:/Projects/zhidu/test/integration/epub_integration_test.dart: EPUB Integration Tests parse - Java to Kotlin book (multi-level structure) extracts chapters via getChapters (fallback works)
[2026-04-15 20:43:57.991] VERBOSE [EpubParser] getChapters 寮€濮嬫墽琛? filePath: test/Java to Kotlin_ A Refactoring G - Duncan McGregor, Nat Pryce.epub
00:02 +42 ~3 -1: D:/Projects/zhidu/test/integration/epub_integration_test.dart: EPUB Integration Tests parse - Java to Kotlin book (multi-level structure) extracts chapters via getChapters (fallback works)
00:02 +43 ~3 -1: D:/Projects/zhidu/test/integration/epub_integration_test.dart: EPUB Integration Tests parse - Java to Kotlin book (multi-level structure) extracts chapters via getChapters (fallback works)
00:02 +44 ~3 -1: D:/Projects/zhidu/test/integration/epub_integration_test.dart: EPUB Integration Tests parse - Java to Kotlin book (multi-level structure) extracts chapters via getChapters (fallback works)
00:02 +45 ~3 -1: D:/Projects/zhidu/test/integration/epub_integration_test.dart: EPUB Integration Tests parse - Java to Kotlin book (multi-level structure) extracts chapters via getChapters (fallback works)
00:02 +46 ~3 -1: D:/Projects/zhidu/test/integration/epub_integration_test.dart: EPUB Integration Tests parse - Java to Kotlin book (multi-level structure) extracts chapters via getChapters (fallback works)
00:02 +47 ~3 -1: D:/Projects/zhidu/test/integration/epub_integration_test.dart: EPUB Integration Tests parse - Java to Kotlin book (multi-level structure) extracts chapters via getChapters (fallback works)
00:02 +48 ~3 -1: D:/Projects/zhidu/test/integration/epub_integration_test.dart: EPUB Integration Tests parse - Java to Kotlin book (multi-level structure) extracts chapters via getChapters (fallback works)
00:02 +49 ~3 -1: D:/Projects/zhidu/test/integration/epub_integration_test.dart: EPUB Integration Tests parse - Java to Kotlin book (multi-level structure) extracts chapters via getChapters (fallback works)
00:02 +50 ~3 -1: D:/Projects/zhidu/test/integration/epub_integration_test.dart: EPUB Integration Tests parse - Java to Kotlin book (multi-level structure) extracts chapters via getChapters (fallback works)
00:02 +51 ~3 -1: D:/Projects/zhidu/test/integration/epub_integration_test.dart: EPUB Integration Tests parse - Java to Kotlin book (multi-level structure) extracts chapters via getChapters (fallback works)
00:02 +52 ~3 -1: D:/Projects/zhidu/test/integration/epub_integration_test.dart: EPUB Integration Tests parse - Java to Kotlin book (multi-level structure) extracts chapters via getChapters (fallback works)
00:02 +53 ~3 -1: D:/Projects/zhidu/test/integration/epub_integration_test.dart: EPUB Integration Tests parse - Java to Kotlin book (multi-level structure) extracts chapters via getChapters (fallback works)
00:02 +54 ~3 -1: D:/Projects/zhidu/test/integration/epub_integration_test.dart: EPUB Integration Tests parse - Java to Kotlin book (multi-level structure) extracts chapters via getChapters (fallback works)
00:02 +55 ~3 -1: D:/Projects/zhidu/test/integration/epub_integration_test.dart: EPUB Integration Tests parse - Java to Kotlin book (multi-level structure) extracts chapters via getChapters (fallback works)
00:02 +56 ~3 -1: D:/Projects/zhidu/test/integration/epub_integration_test.dart: EPUB Integration Tests parse - Java to Kotlin book (multi-level structure) extracts chapters via getChapters (fallback works)
00:02 +57 ~3 -1: D:/Projects/zhidu/test/integration/epub_integration_test.dart: EPUB Integration Tests parse - Java to Kotlin book (multi-level structure) extracts chapters via getChapters (fallback works)
00:02 +58 ~3 -1: D:/Projects/zhidu/test/integration/epub_integration_test.dart: EPUB Integration Tests parse - Java to Kotlin book (multi-level structure) extracts chapters via getChapters (fallback works)
00:02 +59 ~3 -1: D:/Projects/zhidu/test/integration/epub_integration_test.dart: EPUB Integration Tests parse - Java to Kotlin book (multi-level structure) extracts chapters via getChapters (fallback works)
00:02 +60 ~3 -1: D:/Projects/zhidu/test/integration/epub_integration_test.dart: EPUB Integration Tests parse - Java to Kotlin book (multi-level structure) extracts chapters via getChapters (fallback works)
00:02 +61 ~3 -1: D:/Projects/zhidu/test/integration/epub_integration_test.dart: EPUB Integration Tests parse - Java to Kotlin book (multi-level structure) extracts chapters via getChapters (fallback works)
[2026-04-15 20:43:58.346] ERROR   [EpubParser] EpubReader瑙ｆ瀽澶辫触锛屼娇鐢╝rchive鍥為€€鏂规
Error: Exception: Incorrect EPUB manifest: item with ID = "Images/cover.png" is missing.
00:02 +62 ~3 -1: D:/Projects/zhidu/test/models/app_settings_test.dart: StorageSettings constructor should create StorageSettings with custom values
00:02 +63 ~3 -1: D:/Projects/zhidu/test/models/book_metadata_test.dart: BookMetadata constructor should create BookMetadata with required parameters
00:02 +63 ~3 -1: D:/Projects/zhidu/test/integration/epub_integration_test.dart: EPUB Integration Tests getChapters - Vibe Coding book (single-level structure) (setUpAll)
[2026-04-15 20:43:58.503] VERBOSE [EpubParser] getChapters 寮€濮嬫墽琛? filePath: test/Vibe Coding AI Bian Cheng Wan Q - Tan Xing Xing.epub
00:02 +64 ~3 -1: D:/Projects/zhidu/test/models/book_metadata_test.dart: BookMetadata constructor should create BookMetadata with required parameters
00:02 +65 ~3 -1: D:/Projects/zhidu/test/models/book_metadata_test.dart: BookMetadata constructor should create BookMetadata with required parameters
00:02 +66 ~3 -1: D:/Projects/zhidu/test/models/book_metadata_test.dart: BookMetadata constructor should create BookMetadata with required parameters
00:02 +67 ~3 -1: D:/Projects/zhidu/test/integration/epub_integration_test.dart: EPUB Integration Tests getChapters - Vibe Coding book (single-level structure) (setUpAll)
00:02 +68 ~3 -1: D:/Projects/zhidu/test/integration/epub_integration_test.dart: EPUB Integration Tests getChapters - Vibe Coding book (single-level structure) (setUpAll)
00:02 +69 ~3 -1: D:/Projects/zhidu/test/integration/epub_integration_test.dart: EPUB Integration Tests getChapters - Vibe Coding book (single-level structure) (setUpAll)
00:03 +70 ~3 -1: D:/Projects/zhidu/test/integration/epub_integration_test.dart: EPUB Integration Tests getChapters - Vibe Coding book (single-level structure) (setUpAll)
00:03 +71 ~3 -1: D:/Projects/zhidu/test/integration/epub_integration_test.dart: EPUB Integration Tests getChapters - Vibe Coding book (single-level structure) (setUpAll)
00:03 +72 ~3 -1: D:/Projects/zhidu/test/integration/epub_integration_test.dart: EPUB Integration Tests getChapters - Vibe Coding book (single-level structure) (setUpAll)
00:03 +73 ~3 -1: D:/Projects/zhidu/test/integration/epub_integration_test.dart: EPUB Integration Tests getChapters - Vibe Coding book (single-level structure) (setUpAll)
00:03 +74 ~3 -1: D:/Projects/zhidu/test/integration/epub_integration_test.dart: EPUB Integration Tests getChapters - Vibe Coding book (single-level structure) (setUpAll)
00:03 +75 ~3 -1: D:/Projects/zhidu/test/integration/epub_integration_test.dart: EPUB Integration Tests getChapters - Vibe Coding book (single-level structure) (setUpAll)
00:03 +76 ~3 -1: D:/Projects/zhidu/test/integration/epub_integration_test.dart: EPUB Integration Tests getChapters - Vibe Coding book (single-level structure) (setUpAll)
00:03 +77 ~3 -1: D:/Projects/zhidu/test/integration/epub_integration_test.dart: EPUB Integration Tests getChapters - Vibe Coding book (single-level structure) (setUpAll)
00:03 +78 ~3 -1: D:/Projects/zhidu/test/integration/epub_integration_test.dart: EPUB Integration Tests getChapters - Vibe Coding book (single-level structure) (setUpAll)
00:03 +79 ~3 -1: D:/Projects/zhidu/test/integration/epub_integration_test.dart: EPUB Integration Tests getChapters - Vibe Coding book (single-level structure) (setUpAll)
[2026-04-15 20:43:58.684] ERROR   [EpubParser] EpubReader瑙ｆ瀽澶辫触锛屼娇鐢╝rchive鍥為€€鏂规
Error: Exception: Incorrect EPUB manifest: item with href = "cover.jpg" is missing.
00:03 +80 ~3 -1: D:/Projects/zhidu/test/integration/epub_integration_test.dart: EPUB Integration Tests getChapters - Vibe Coding book (single-level structure) (setUpAll)
00:03 +80 ~3 -1: D:/Projects/zhidu/test/models/app_settings_test.dart: StorageSettings fromJson should deserialize all fields correctly
00:03 +81 ~3 -1: D:/Projects/zhidu/test/models/book_metadata_test.dart: BookMetadata constructor should create BookMetadata with large chapter count
00:03 +82 ~3 -1: D:/Projects/zhidu/test/integration/epub_integration_test.dart: EPUB Integration Tests getChapters - Vibe Coding book (single-level structure) returns non-empty chapter list
00:03 +83 ~3 -1: D:/Projects/zhidu/test/integration/epub_integration_test.dart: EPUB Integration Tests getChapters - Vibe Coding book (single-level structure) returns non-empty chapter list
00:03 +84 ~3 -1: D:/Projects/zhidu/test/models/book_metadata_test.dart: BookMetadata constructor should create BookMetadata with PNG cover
00:03 +85 ~3 -1: D:/Projects/zhidu/test/models/app_settings_test.dart: StorageSettings fromJson should use defaults for null values
00:03 +86 ~3 -1: D:/Projects/zhidu/test/integration/epub_integration_test.dart: EPUB Integration Tests getChapters - Vibe Coding book (single-level structure) all chapters have valid titles
00:03 +87 ~3 -1: D:/Projects/zhidu/test/models/book_metadata_test.dart: BookMetadata field types title should be String
00:03 +88 ~3 -1: D:/Projects/zhidu/test/models/app_settings_test.dart: StorageSettings fromJson should handle partial json
00:03 +89 ~3 -1: D:/Projects/zhidu/test/integration/epub_integration_test.dart: EPUB Integration Tests getChapters - Vibe Coding book (single-level structure) all chapters have level 0 (flat structure)
00:03 +90 ~3 -1: D:/Projects/zhidu/test/models/book_metadata_test.dart: BookMetadata field types author should be String
00:03 +91 ~3 -1: D:/Projects/zhidu/test/models/app_settings_test.dart: StorageSettings toJson and fromJson round trip should maintain data integrity through serialization cycle
00:03 +92 ~3 -1: D:/Projects/zhidu/test/integration/epub_integration_test.dart: EPUB Integration Tests getChapters - Vibe Coding book (single-level structure) top-level chapters have sequential index
00:03 +93 ~3 -1: D:/Projects/zhidu/test/models/book_metadata_test.dart: BookMetadata field types coverPath should be nullable String
00:03 +94 ~3 -1: D:/Projects/zhidu/test/models/app_settings_test.dart: StorageSettings toJson and fromJson round trip should handle null lastBackupTime in round trip
00:03 +95 ~3 -1: D:/Projects/zhidu/test/integration/epub_integration_test.dart: EPUB Integration Tests getChapters - Vibe Coding book (single-level structure) chapters have valid href locations
00:03 +96 ~3 -1: D:/Projects/zhidu/test/models/book_metadata_test.dart: BookMetadata field types totalChapters should be int
00:03 +97 ~3 -1: D:/Projects/zhidu/test/models/app_settings_test.dart: LanguageSettings constructor should create LanguageSettings with default values
00:03 +98 ~3 -1: D:/Projects/zhidu/test/integration/epub_integration_test.dart: EPUB Integration Tests getChapters - Vibe Coding book (single-level structure) (tearDownAll)
00:03 +98 ~3 -1: D:/Projects/zhidu/test/models/book_metadata_test.dart: BookMetadata field types format should be BookFormat enum
00:03 +99 ~3 -1: D:/Projects/zhidu/test/models/app_settings_test.dart: LanguageSettings constructor should create LanguageSettings with custom values
00:03 +100 ~3 -1: D:/Projects/zhidu/test/integration/epub_integration_test.dart: EPUB Integration Tests getChapters - Java to Kotlin book (multi-level structure) (setUpAll)
[2026-04-15 20:43:58.861] VERBOSE [EpubParser] getChapters 寮€濮嬫墽琛? filePath: test/Java to Kotlin_ A Refactoring G - Duncan McGregor, Nat Pryce.epub
00:03 +101 ~3 -1: D:/Projects/zhidu/test/integration/epub_integration_test.dart: EPUB Integration Tests getChapters - Java to Kotlin book (multi-level structure) (setUpAll)
00:03 +102 ~3 -1: D:/Projects/zhidu/test/integration/epub_integration_test.dart: EPUB Integration Tests getChapters - Java to Kotlin book (multi-level structure) (setUpAll)
00:03 +103 ~3 -1: D:/Projects/zhidu/test/integration/epub_integration_test.dart: EPUB Integration Tests getChapters - Java to Kotlin book (multi-level structure) (setUpAll)
00:03 +104 ~3 -1: D:/Projects/zhidu/test/integration/epub_integration_test.dart: EPUB Integration Tests getChapters - Java to Kotlin book (multi-level structure) (setUpAll)
00:03 +105 ~3 -1: D:/Projects/zhidu/test/integration/epub_integration_test.dart: EPUB Integration Tests getChapters - Java to Kotlin book (multi-level structure) (setUpAll)
00:03 +106 ~3 -1: D:/Projects/zhidu/test/integration/epub_integration_test.dart: EPUB Integration Tests getChapters - Java to Kotlin book (multi-level structure) (setUpAll)
00:03 +107 ~3 -1: D:/Projects/zhidu/test/integration/epub_integration_test.dart: EPUB Integration Tests getChapters - Java to Kotlin book (multi-level structure) (setUpAll)
00:03 +108 ~3 -1: D:/Projects/zhidu/test/integration/epub_integration_test.dart: EPUB Integration Tests getChapters - Java to Kotlin book (multi-level structure) (setUpAll)
00:03 +109 ~3 -1: D:/Projects/zhidu/test/integration/epub_integration_test.dart: EPUB Integration Tests getChapters - Java to Kotlin book (multi-level structure) (setUpAll)
00:03 +110 ~3 -1: D:/Projects/zhidu/test/integration/epub_integration_test.dart: EPUB Integration Tests getChapters - Java to Kotlin book (multi-level structure) (setUpAll)
00:03 +111 ~3 -1: D:/Projects/zhidu/test/integration/epub_integration_test.dart: EPUB Integration Tests getChapters - Java to Kotlin book (multi-level structure) (setUpAll)
00:03 +112 ~3 -1: D:/Projects/zhidu/test/integration/epub_integration_test.dart: EPUB Integration Tests getChapters - Java to Kotlin book (multi-level structure) (setUpAll)
00:03 +113 ~3 -1: D:/Projects/zhidu/test/integration/epub_integration_test.dart: EPUB Integration Tests getChapters - Java to Kotlin book (multi-level structure) (setUpAll)
00:03 +114 ~3 -1: D:/Projects/zhidu/test/integration/epub_integration_test.dart: EPUB Integration Tests getChapters - Java to Kotlin book (multi-level structure) (setUpAll)
00:03 +115 ~3 -1: D:/Projects/zhidu/test/integration/epub_integration_test.dart: EPUB Integration Tests getChapters - Java to Kotlin book (multi-level structure) (setUpAll)
00:03 +116 ~3 -1: D:/Projects/zhidu/test/integration/epub_integration_test.dart: EPUB Integration Tests getChapters - Java to Kotlin book (multi-level structure) (setUpAll)
00:03 +117 ~3 -1: D:/Projects/zhidu/test/integration/epub_integration_test.dart: EPUB Integration Tests getChapters - Java to Kotlin book (multi-level structure) (setUpAll)
00:03 +118 ~3 -1: D:/Projects/zhidu/test/integration/epub_integration_test.dart: EPUB Integration Tests getChapters - Java to Kotlin book (multi-level structure) (setUpAll)
00:03 +119 ~3 -1: D:/Projects/zhidu/test/integration/epub_integration_test.dart: EPUB Integration Tests getChapters - Java to Kotlin book (multi-level structure) (setUpAll)
00:03 +120 ~3 -1: D:/Projects/zhidu/test/integration/epub_integration_test.dart: EPUB Integration Tests getChapters - Java to Kotlin book (multi-level structure) (setUpAll)
00:03 +121 ~3 -1: D:/Projects/zhidu/test/integration/epub_integration_test.dart: EPUB Integration Tests getChapters - Java to Kotlin book (multi-level structure) (setUpAll)
00:03 +122 ~3 -1: D:/Projects/zhidu/test/integration/epub_integration_test.dart: EPUB Integration Tests getChapters - Java to Kotlin book (multi-level structure) (setUpAll)
[2026-04-15 20:43:59.247] ERROR   [EpubParser] EpubReader瑙ｆ瀽澶辫触锛屼娇鐢╝rchive鍥為€€鏂规
Error: Exception: Incorrect EPUB manifest: item with ID = "Images/cover.png" is missing.
00:03 +123 ~3 -1: D:/Projects/zhidu/test/integration/epub_integration_test.dart: EPUB Integration Tests getChapters - Java to Kotlin book (multi-level structure) (setUpAll)
00:03 +124 ~3 -1: D:/Projects/zhidu/test/integration/epub_integration_test.dart: EPUB Integration Tests getChapters - Java to Kotlin book (multi-level structure) (setUpAll)
00:03 +125 ~3 -1: D:/Projects/zhidu/test/integration/epub_integration_test.dart: EPUB Integration Tests getChapters - Java to Kotlin book (multi-level structure) (setUpAll)
00:03 +125 ~3 -1: D:/Projects/zhidu/test/integration/epub_integration_test.dart: EPUB Integration Tests getChapters - Java to Kotlin book (multi-level structure) returns non-empty chapter list
00:03 +126 ~3 -1: D:/Projects/zhidu/test/integration/epub_integration_test.dart: EPUB Integration Tests getChapters - Java to Kotlin book (multi-level structure) returns non-empty chapter list
00:03 +127 ~3 -1: D:/Projects/zhidu/test/models/app_settings_test.dart: AppSettings toJson should serialize default settings correctly
00:03 +128 ~3 -1: D:/Projects/zhidu/test/integration/epub_integration_test.dart: EPUB Integration Tests getChapters - Java to Kotlin book (multi-level structure) all chapters have valid titles
00:03 +129 ~3 -1: D:/Projects/zhidu/test/models/app_settings_test.dart: AppSettings fromJson should deserialize all nested settings correctly
00:03 +130 ~3 -1: D:/Projects/zhidu/test/integration/epub_integration_test.dart: EPUB Integration Tests getChapters - Java to Kotlin book (multi-level structure) has multi-level structure (chapters with level > 0)
00:03 +131 ~3 -1: D:/Projects/zhidu/test/models/app_settings_test.dart: AppSettings fromJson should create default nested settings when fields are null
00:03 +132 ~3 -1: D:/Projects/zhidu/test/integration/epub_integration_test.dart: EPUB Integration Tests getChapters - Java to Kotlin book (multi-level structure) has both level 0 and level > 0 chapters
00:03 +133 ~3 -1: D:/Projects/zhidu/test/models/app_settings_test.dart: AppSettings fromJson should create default nested settings when fields are missing
00:03 +134 ~3 -1: D:/Projects/zhidu/test/integration/epub_integration_test.dart: EPUB Integration Tests getChapters - Java to Kotlin book (multi-level structure) only top-level chapters have valid index (sub-chapters have -1)
00:03 +135 ~3 -1: D:/Projects/zhidu/test/models/app_settings_test.dart: AppSettings fromJson should handle partial json with some missing nested settings
00:03 +136 ~3 -1: D:/Projects/zhidu/test/integration/epub_integration_test.dart: EPUB Integration Tests getChapters - Java to Kotlin book (multi-level structure) top-level chapter indexes are sequential
00:03 +137 ~3 -1: D:/Projects/zhidu/test/models/app_settings_test.dart: AppSettings toJson and fromJson round trip should maintain data integrity through serialization cycle
Package file_picker:linux references file_picker:linux as the default plugin, but it does not provide an inline impleme
ntation.
Ask the maintainers of file_picker to either avoid referencing a default implementation via `platforms: linux: default_
package: file_picker` or add an inline implementation to file_picker via `platforms: linux:` `pluginClass` or `dartPlug
inClass`.

Package file_picker:macos references file_picker:macos as the default plugin, but it does not provide an inline impleme
ntation.
Ask the maintainers of file_picker to either avoid referencing a default implementation via `platforms: macos: default_
package: file_picker` or add an inline implementation to file_picker via `platforms: macos:` `pluginClass` or `dartPlug
inClass`.

Package file_picker:windows references file_picker:windows as the default plugin, but it does not provide an inline imp
lementation.
Ask the maintainers of file_picker to either avoid referencing a default implementation via `platforms: windows: defaul
t_package: file_picker` or add an inline implementation to file_picker via `platforms: windows:` `pluginClass` or `dart
PluginClass`.

00:03 +138 ~3 -1: D:/Projects/zhidu/test/integration/epub_integration_test.dart: EPUB Integration Tests getChapters - Java to Kotlin book (multi-level structure) chapters have valid href locations
00:03 +139 ~3 -1: D:/Projects/zhidu/test/models/app_settings_test.dart: AppSettings toJson and fromJson round trip should handle null values in round trip
00:03 +140 ~3 -1: D:/Projects/zhidu/test/integration/epub_integration_test.dart: EPUB Integration Tests getChapters - Java to Kotlin book (multi-level structure) (tearDownAll)
00:03 +140 ~3 -1: D:/Projects/zhidu/test/models/app_settings_test.dart: AppSettings nested settings access should access aiSettings.isValid correctly
00:03 +141 ~3 -1: D:/Projects/zhidu/test/integration/epub_integration_test.dart: EPUB Integration Tests getChapterContent - Vibe Coding book (setUpAll)
[2026-04-15 20:43:59.431] VERBOSE [EpubParser] getChapters 寮€濮嬫墽琛? filePath: test/Vibe Coding AI Bian Cheng Wan Q - Tan Xing Xing.epub
00:03 +142 ~3 -1: D:/Projects/zhidu/test/integration/epub_integration_test.dart: EPUB Integration Tests getChapterContent - Vibe Coding book (setUpAll)
00:03 +143 ~3 -1: D:/Projects/zhidu/test/integration/epub_integration_test.dart: EPUB Integration Tests getChapterContent - Vibe Coding book (setUpAll)
00:03 +144 ~3 -1: D:/Projects/zhidu/test/integration/epub_integration_test.dart: EPUB Integration Tests getChapterContent - Vibe Coding book (setUpAll)
[2026-04-15 20:43:59.581] ERROR   [EpubParser] EpubReader瑙ｆ瀽澶辫触锛屼娇鐢╝rchive鍥為€€鏂规
Error: Exception: Incorrect EPUB manifest: item with href = "cover.jpg" is missing.
00:03 +144 ~3 -1: D:/Projects/zhidu/test/integration/epub_integration_test.dart: EPUB Integration Tests getChapterContent - Vibe Coding book extracts content from first chapter
[2026-04-15 20:43:59.614] VERBOSE [EpubParser] getChapterContent 寮€濮嬫墽琛? filePath: test/Vibe Coding AI Bian Cheng Wan Q - Tan Xing Xing.epub, chapter: 鍓嶈█
[2026-04-15 20:43:59.765] ERROR   [EpubParser] 浣跨敤EpubReader鑾峰彇绔犺妭鍐呭澶辫触
Error: Exception: Incorrect EPUB manifest: item with href = "cover.jpg" is missing.
00:04 +145 ~3 -1: D:/Projects/zhidu/test/integration/epub_integration_test.dart: EPUB Integration Tests getChapterContent - Vibe Coding book extracts HTML content
[2026-04-15 20:43:59.834] VERBOSE [EpubParser] getChapterContent 寮€濮嬫墽琛? filePath: test/Vibe Coding AI Bian Cheng Wan Q - Tan Xing Xing.epub, chapter: 鍓嶈█
[2026-04-15 20:43:59.946] ERROR   [EpubParser] 浣跨敤EpubReader鑾峰彇绔犺妭鍐呭澶辫触
Error: Exception: Incorrect EPUB manifest: item with href = "cover.jpg" is missing.
00:04 +146 ~3 -1: D:/Projects/zhidu/test/integration/epub_integration_test.dart: EPUB Integration Tests getChapterContent - Vibe Coding book plain text is extracted from HTML
[2026-04-15 20:43:59.963] VERBOSE [EpubParser] getChapterContent 寮€濮嬫墽琛? filePath: test/Vibe Coding AI Bian Cheng Wan Q - Tan Xing Xing.epub, chapter: 鍓嶈█
00:04 +147 ~3 -1: D:/Projects/zhidu/test/integration/epub_integration_test.dart: EPUB Integration Tests getChapterContent - Vibe Coding book plain text is extracted from HTML
00:04 +148 ~3 -1: D:/Projects/zhidu/test/integration/epub_integration_test.dart: EPUB Integration Tests getChapterContent - Vibe Coding book plain text is extracted from HTML
00:04 +149 ~3 -1: D:/Projects/zhidu/test/integration/epub_integration_test.dart: EPUB Integration Tests getChapterContent - Vibe Coding book plain text is extracted from HTML
00:04 +150 ~3 -1: D:/Projects/zhidu/test/integration/epub_integration_test.dart: EPUB Integration Tests getChapterContent - Vibe Coding book plain text is extracted from HTML
[2026-04-15 20:44:00.193] ERROR   [EpubParser] 浣跨敤EpubReader鑾峰彇绔犺妭鍐呭澶辫触
Error: Exception: Incorrect EPUB manifest: item with href = "cover.jpg" is missing.
00:04 +151 ~3 -1: D:/Projects/zhidu/test/integration/epub_integration_test.dart: EPUB Integration Tests getChapterContent - Vibe Coding book extracts content from multiple chapters
[2026-04-15 20:44:00.221] VERBOSE [EpubParser] getChapterContent 寮€濮嬫墽琛? filePath: test/Vibe Coding AI Bian Cheng Wan Q - Tan Xing Xing.epub, chapter: 鍓嶈█
Package file_picker:linux references file_picker:linux as the default plugin, but it does not provide an inline impleme
ntation.
Ask the maintainers of file_picker to either avoid referencing a default implementation via `platforms: linux: default_
package: file_picker` or add an inline implementation to file_picker via `platforms: linux:` `pluginClass` or `dartPlug
inClass`.

Package file_picker:macos references file_picker:macos as the default plugin, but it does not provide an inline impleme
ntation.
Ask the maintainers of file_picker to either avoid referencing a default implementation via `platforms: macos: default_
package: file_picker` or add an inline implementation to file_picker via `platforms: macos:` `pluginClass` or `dartPlug
inClass`.

Package file_picker:windows references file_picker:windows as the default plugin, but it does not provide an inline imp
lementation.
Ask the maintainers of file_picker to either avoid referencing a default implementation via `platforms: windows: defaul
t_package: file_picker` or add an inline implementation to file_picker via `platforms: windows:` `pluginClass` or `dart
PluginClass`.

[2026-04-15 20:44:00.398] ERROR   [EpubParser] 浣跨敤EpubReader鑾峰彇绔犺妭鍐呭澶辫触
Error: Exception: Incorrect EPUB manifest: item with href = "cover.jpg" is missing.
[2026-04-15 20:44:00.419] VERBOSE [EpubParser] getChapterContent 寮€濮嬫墽琛? filePath: test/Vibe Coding AI Bian Cheng Wan Q - Tan Xing Xing.epub, chapter: 绗竴绔狅細鏍稿績鏂规硶璁?[2026-04-15 20:44:00.535] ERROR   [EpubParser] 浣跨敤EpubReader鑾峰彇绔犺妭鍐呭澶辫触
Error: Exception: Incorrect EPUB manifest: item with href = "cover.jpg" is missing.
[2026-04-15 20:44:00.544] VERBOSE [EpubParser] getChapterContent 寮€濮嬫墽琛? filePath: test/Vibe Coding AI Bian Cheng Wan Q - Tan Xing Xing.epub, chapter: 绗簩绔狅細瀹炴垬娴佺▼锛氫粠 0 鍒?1
[2026-04-15 20:44:00.636] ERROR   [EpubParser] 浣跨敤EpubReader鑾峰彇绔犺妭鍐呭澶辫触
Error: Exception: Incorrect EPUB manifest: item with href = "cover.jpg" is missing.
00:05 +152 ~3 -1: D:/Projects/zhidu/test/integration/epub_integration_test.dart: EPUB Integration Tests getChapterContent - Vibe Coding book (tearDownAll)
00:05 +152 ~3 -1: D:/Projects/zhidu/test/integration/epub_integration_test.dart: EPUB Integration Tests getChapterContent - Java to Kotlin book (setUpAll)
[2026-04-15 20:44:00.651] VERBOSE [EpubParser] getChapters 寮€濮嬫墽琛? filePath: test/Java to Kotlin_ A Refactoring G - Duncan McGregor, Nat Pryce.epub
[2026-04-15 20:44:01.096] ERROR   [EpubParser] EpubReader瑙ｆ瀽澶辫触锛屼娇鐢╝rchive鍥為€€鏂规
Error: Exception: Incorrect EPUB manifest: item with ID = "Images/cover.png" is missing.
00:05 +152 ~3 -1: D:/Projects/zhidu/test/integration/epub_integration_test.dart: EPUB Integration Tests getChapterContent - Java to Kotlin book extracts content from first top-level chapter
[2026-04-15 20:44:01.119] VERBOSE [EpubParser] getChapterContent 寮€濮嬫墽琛? filePath: test/Java to Kotlin_ A Refactoring G - Duncan McGregor, Nat Pryce.epub, chapter: Preface
Package file_picker:linux references file_picker:linux as the default plugin, but it does not provide an inline impleme
ntation.
Ask the maintainers of file_picker to either avoid referencing a default implementation via `platforms: linux: default_
package: file_picker` or add an inline implementation to file_picker via `platforms: linux:` `pluginClass` or `dartPlug
inClass`.

Package file_picker:macos references file_picker:macos as the default plugin, but it does not provide an inline impleme
ntation.
Ask the maintainers of file_picker to either avoid referencing a default implementation via `platforms: macos: default_
package: file_picker` or add an inline implementation to file_picker via `platforms: macos:` `pluginClass` or `dartPlug
inClass`.

Package file_picker:windows references file_picker:windows as the default plugin, but it does not provide an inline imp
lementation.
Ask the maintainers of file_picker to either avoid referencing a default implementation via `platforms: windows: defaul
t_package: file_picker` or add an inline implementation to file_picker via `platforms: windows:` `pluginClass` or `dart
PluginClass`.

00:05 +153 ~3 -1: D:/Projects/zhidu/test/integration/epub_integration_test.dart: EPUB Integration Tests getChapterContent - Java to Kotlin book extracts content from first top-level chapter
00:05 +154 ~3 -1: D:/Projects/zhidu/test/integration/epub_integration_test.dart: EPUB Integration Tests getChapterContent - Java to Kotlin book extracts content from first top-level chapter
00:05 +155 ~3 -1: D:/Projects/zhidu/test/integration/epub_integration_test.dart: EPUB Integration Tests getChapterContent - Java to Kotlin book extracts content from first top-level chapter
00:05 +156 ~3 -1: D:/Projects/zhidu/test/integration/epub_integration_test.dart: EPUB Integration Tests getChapterContent - Java to Kotlin book extracts content from first top-level chapter
00:05 +157 ~3 -1: D:/Projects/zhidu/test/integration/epub_integration_test.dart: EPUB Integration Tests getChapterContent - Java to Kotlin book extracts content from first top-level chapter
00:05 +158 ~3 -1: D:/Projects/zhidu/test/integration/epub_integration_test.dart: EPUB Integration Tests getChapterContent - Java to Kotlin book extracts content from first top-level chapter
00:05 +159 ~3 -1: D:/Projects/zhidu/test/integration/epub_integration_test.dart: EPUB Integration Tests getChapterContent - Java to Kotlin book extracts content from first top-level chapter
00:05 +160 ~3 -1: D:/Projects/zhidu/test/integration/epub_integration_test.dart: EPUB Integration Tests getChapterContent - Java to Kotlin book extracts content from first top-level chapter
00:05 +161 ~3 -1: D:/Projects/zhidu/test/integration/epub_integration_test.dart: EPUB Integration Tests getChapterContent - Java to Kotlin book extracts content from first top-level chapter
00:05 +162 ~3 -1: D:/Projects/zhidu/test/integration/epub_integration_test.dart: EPUB Integration Tests getChapterContent - Java to Kotlin book extracts content from first top-level chapter
00:05 +163 ~3 -1: D:/Projects/zhidu/test/integration/epub_integration_test.dart: EPUB Integration Tests getChapterContent - Java to Kotlin book extracts content from first top-level chapter
00:05 +164 ~3 -1: D:/Projects/zhidu/test/integration/epub_integration_test.dart: EPUB Integration Tests getChapterContent - Java to Kotlin book extracts content from first top-level chapter
[2026-04-15 20:44:01.382] ERROR   [EpubParser] 浣跨敤EpubReader鑾峰彇绔犺妭鍐呭澶辫触
Error: Exception: Incorrect EPUB manifest: item with ID = "Images/cover.png" is missing.
00:05 +165 ~3 -1: D:/Projects/zhidu/test/models/book_test.dart: Book toJson should handle null fields correctly
00:05 +166 ~3 -1: D:/Projects/zhidu/test/integration/epub_integration_test.dart: EPUB Integration Tests getChapterContent - Java to Kotlin book extracts HTML content
[2026-04-15 20:44:01.400] VERBOSE [EpubParser] getChapterContent 寮€濮嬫墽琛? filePath: test/Java to Kotlin_ A Refactoring G - Duncan McGregor, Nat Pryce.epub, chapter: Preface
00:05 +167 ~3 -1: D:/Projects/zhidu/test/integration/epub_integration_test.dart: EPUB Integration Tests getChapterContent - Java to Kotlin book extracts HTML content
00:05 +168 ~3 -1: D:/Projects/zhidu/test/integration/epub_integration_test.dart: EPUB Integration Tests getChapterContent - Java to Kotlin book extracts HTML content
00:05 +169 ~3 -1: D:/Projects/zhidu/test/integration/epub_integration_test.dart: EPUB Integration Tests getChapterContent - Java to Kotlin book extracts HTML content
00:05 +170 ~3 -1: D:/Projects/zhidu/test/integration/epub_integration_test.dart: EPUB Integration Tests getChapterContent - Java to Kotlin book extracts HTML content
00:05 +171 ~3 -1: D:/Projects/zhidu/test/integration/epub_integration_test.dart: EPUB Integration Tests getChapterContent - Java to Kotlin book extracts HTML content
00:05 +172 ~3 -1: D:/Projects/zhidu/test/integration/epub_integration_test.dart: EPUB Integration Tests getChapterContent - Java to Kotlin book extracts HTML content
00:05 +173 ~3 -1: D:/Projects/zhidu/test/integration/epub_integration_test.dart: EPUB Integration Tests getChapterContent - Java to Kotlin book extracts HTML content
00:05 +174 ~3 -1: D:/Projects/zhidu/test/integration/epub_integration_test.dart: EPUB Integration Tests getChapterContent - Java to Kotlin book extracts HTML content
00:05 +175 ~3 -1: D:/Projects/zhidu/test/integration/epub_integration_test.dart: EPUB Integration Tests getChapterContent - Java to Kotlin book extracts HTML content
[2026-04-15 20:44:01.745] ERROR   [EpubParser] 浣跨敤EpubReader鑾峰彇绔犺妭鍐呭澶辫触
Error: Exception: Incorrect EPUB manifest: item with ID = "Images/cover.png" is missing.
00:06 +176 ~3 -1: D:/Projects/zhidu/test/integration/epub_integration_test.dart: EPUB Integration Tests getChapterContent - Java to Kotlin book (tearDownAll)
00:06 +176 ~3 -1: D:/Projects/zhidu/test/integration/epub_integration_test.dart: EPUB Integration Tests extractCover - Real EPUB files extracts cover bytes from Vibe Coding book (no file saving)
00:06 +177 ~3 -1: D:/Projects/zhidu/test/integration/epub_integration_test.dart: EPUB Integration Tests extractCover - Real EPUB files extracts cover bytes from Java to Kotlin book (no file saving)
00:06 +178 ~3 -1: D:/Projects/zhidu/test/integration/epub_integration_test.dart: EPUB Integration Tests Hierarchy structure verification Vibe Coding: verifies single-level structure
[2026-04-15 20:44:01.827] VERBOSE [EpubParser] getChapters 寮€濮嬫墽琛? filePath: test/Vibe Coding AI Bian Cheng Wan Q - Tan Xing Xing.epub
[2026-04-15 20:44:01.963] ERROR   [EpubParser] EpubReader瑙ｆ瀽澶辫触锛屼娇鐢╝rchive鍥為€€鏂规
Error: Exception: Incorrect EPUB manifest: item with href = "cover.jpg" is missing.
00:06 +179 ~3 -1: D:/Projects/zhidu/test/integration/epub_integration_test.dart: EPUB Integration Tests Hierarchy structure verification Java to Kotlin: verifies multi-level structure
[2026-04-15 20:44:01.996] VERBOSE [EpubParser] getChapters 寮€濮嬫墽琛? filePath: test/Java to Kotlin_ A Refactoring G - Duncan McGregor, Nat Pryce.epub
Package file_picker:linux references file_picker:linux as the default plugin, but it does not provide an inline impleme
ntation.
Ask the maintainers of file_picker to either avoid referencing a default implementation via `platforms: linux: default_
package: file_picker` or add an inline implementation to file_picker via `platforms: linux:` `pluginClass` or `dartPlug
inClass`.

Package file_picker:macos references file_picker:macos as the default plugin, but it does not provide an inline impleme
ntation.
Ask the maintainers of file_picker to either avoid referencing a default implementation via `platforms: macos: default_
package: file_picker` or add an inline implementation to file_picker via `platforms: macos:` `pluginClass` or `dartPlug
inClass`.

Package file_picker:windows references file_picker:windows as the default plugin, but it does not provide an inline imp
lementation.
Ask the maintainers of file_picker to either avoid referencing a default implementation via `platforms: windows: defaul
t_package: file_picker` or add an inline implementation to file_picker via `platforms: windows:` `pluginClass` or `dart
PluginClass`.

00:06 +180 ~3 -1: D:/Projects/zhidu/test/integration/epub_integration_test.dart: EPUB Integration Tests Hierarchy structure verification Java to Kotlin: verifies multi-level structure
00:06 +181 ~3 -1: D:/Projects/zhidu/test/integration/epub_integration_test.dart: EPUB Integration Tests Hierarchy structure verification Java to Kotlin: verifies multi-level structure
00:06 +182 ~3 -1: D:/Projects/zhidu/test/integration/epub_integration_test.dart: EPUB Integration Tests Hierarchy structure verification Java to Kotlin: verifies multi-level structure
00:06 +183 ~3 -1: D:/Projects/zhidu/test/integration/epub_integration_test.dart: EPUB Integration Tests Hierarchy structure verification Java to Kotlin: verifies multi-level structure
00:06 +184 ~3 -1: D:/Projects/zhidu/test/integration/epub_integration_test.dart: EPUB Integration Tests Hierarchy structure verification Java to Kotlin: verifies multi-level structure
00:06 +185 ~3 -1: D:/Projects/zhidu/test/integration/epub_integration_test.dart: EPUB Integration Tests Hierarchy structure verification Java to Kotlin: verifies multi-level structure
00:06 +186 ~3 -1: D:/Projects/zhidu/test/integration/epub_integration_test.dart: EPUB Integration Tests Hierarchy structure verification Java to Kotlin: verifies multi-level structure
00:06 +187 ~3 -1: D:/Projects/zhidu/test/integration/epub_integration_test.dart: EPUB Integration Tests Hierarchy structure verification Java to Kotlin: verifies multi-level structure
00:06 +188 ~3 -1: D:/Projects/zhidu/test/integration/epub_integration_test.dart: EPUB Integration Tests Hierarchy structure verification Java to Kotlin: verifies multi-level structure
00:06 +189 ~3 -1: D:/Projects/zhidu/test/integration/epub_integration_test.dart: EPUB Integration Tests Hierarchy structure verification Java to Kotlin: verifies multi-level structure
00:06 +190 ~3 -1: D:/Projects/zhidu/test/integration/epub_integration_test.dart: EPUB Integration Tests Hierarchy structure verification Java to Kotlin: verifies multi-level structure
00:06 +191 ~3 -1: D:/Projects/zhidu/test/integration/epub_integration_test.dart: EPUB Integration Tests Hierarchy structure verification Java to Kotlin: verifies multi-level structure
00:06 +192 ~3 -1: D:/Projects/zhidu/test/integration/epub_integration_test.dart: EPUB Integration Tests Hierarchy structure verification Java to Kotlin: verifies multi-level structure
00:06 +193 ~3 -1: D:/Projects/zhidu/test/integration/epub_integration_test.dart: EPUB Integration Tests Hierarchy structure verification Java to Kotlin: verifies multi-level structure
00:06 +194 ~3 -1: D:/Projects/zhidu/test/integration/epub_integration_test.dart: EPUB Integration Tests Hierarchy structure verification Java to Kotlin: verifies multi-level structure
00:06 +195 ~3 -1: D:/Projects/zhidu/test/integration/epub_integration_test.dart: EPUB Integration Tests Hierarchy structure verification Java to Kotlin: verifies multi-level structure
[2026-04-15 20:44:02.225] ERROR   [EpubParser] EpubReader瑙ｆ瀽澶辫触锛屼娇鐢╝rchive鍥為€€鏂规
Error: Exception: Incorrect EPUB manifest: item with ID = "Images/cover.png" is missing.
00:06 +196 ~3 -1: D:/Projects/zhidu/test/integration/epub_integration_test.dart: EPUB Integration Tests Hierarchy structure verification Java to Kotlin: verifies multi-level structure
00:06 +197 ~3 -1: D:/Projects/zhidu/test/models/chapter_content_test.dart: ChapterContent toJson and fromJson round trip should maintain data integrity with plainText only
00:06 +198 ~3 -1: D:/Projects/zhidu/test/integration/epub_integration_test.dart: EPUB Integration Tests Hierarchy structure verification index assignment is correct for both books
[2026-04-15 20:44:02.263] VERBOSE [EpubParser] getChapters 寮€濮嬫墽琛? filePath: test/Vibe Coding AI Bian Cheng Wan Q - Tan Xing Xing.epub
00:06 +199 ~3 -1: D:/Projects/zhidu/test/integration/epub_integration_test.dart: EPUB Integration Tests Hierarchy structure verification index assignment is correct for both books
00:06 +200 ~3 -1: D:/Projects/zhidu/test/integration/epub_integration_test.dart: EPUB Integration Tests Hierarchy structure verification index assignment is correct for both books
00:06 +201 ~3 -1: D:/Projects/zhidu/test/integration/epub_integration_test.dart: EPUB Integration Tests Hierarchy structure verification index assignment is correct for both books
[2026-04-15 20:44:02.414] ERROR   [EpubParser] EpubReader瑙ｆ瀽澶辫触锛屼娇鐢╝rchive鍥為€€鏂规
Error: Exception: Incorrect EPUB manifest: item with href = "cover.jpg" is missing.
[2026-04-15 20:44:02.417] VERBOSE [EpubParser] getChapters 寮€濮嬫墽琛? filePath: test/Java to Kotlin_ A Refactoring G - Duncan McGregor, Nat Pryce.epub
Package file_picker:linux references file_picker:linux as the default plugin, but it does not provide an inline impleme
ntation.
Ask the maintainers of file_picker to either avoid referencing a default implementation via `platforms: linux: default_
package: file_picker` or add an inline implementation to file_picker via `platforms: linux:` `pluginClass` or `dartPlug
inClass`.

Package file_picker:macos references file_picker:macos as the default plugin, but it does not provide an inline impleme
ntation.
Ask the maintainers of file_picker to either avoid referencing a default implementation via `platforms: macos: default_
package: file_picker` or add an inline implementation to file_picker via `platforms: macos:` `pluginClass` or `dartPlug
inClass`.

Package file_picker:windows references file_picker:windows as the default plugin, but it does not provide an inline imp
lementation.
Ask the maintainers of file_picker to either avoid referencing a default implementation via `platforms: windows: defaul
t_package: file_picker` or add an inline implementation to file_picker via `platforms: windows:` `pluginClass` or `dart
PluginClass`.

[2026-04-15 20:44:02.690] ERROR   [EpubParser] EpubReader瑙ｆ瀽澶辫触锛屼娇鐢╝rchive鍥為€€鏂规
Error: Exception: Incorrect EPUB manifest: item with ID = "Images/cover.png" is missing.
00:07 +202 ~3 -1: D:/Projects/zhidu/test/models/chapter_location_test.dart: ChapterLocation constructor should create ChapterLocation with href for EPUB
00:07 +203 ~3 -1: D:/Projects/zhidu/test/models/chapter_location_test.dart: ChapterLocation constructor should create ChapterLocation with page range for PDF
00:07 +204 ~3 -1: D:/Projects/zhidu/test/models/chapter_location_test.dart: ChapterLocation constructor should create ChapterLocation with all fields
00:07 +205 ~3 -1: D:/Projects/zhidu/test/models/chapter_location_test.dart: ChapterLocation constructor should create empty ChapterLocation
00:07 +206 ~3 -1: D:/Projects/zhidu/test/models/chapter_location_test.dart: ChapterLocation constructor should create ChapterLocation with href containing path
00:07 +207 ~3 -1: D:/Projects/zhidu/test/models/chapter_location_test.dart: ChapterLocation constructor should create ChapterLocation with href containing anchor
00:07 +208 ~3 -1: D:/Projects/zhidu/test/models/chapter_location_test.dart: ChapterLocation toJson should serialize href correctly
00:07 +209 ~3 -1: D:/Projects/zhidu/test/models/chapter_location_test.dart: ChapterLocation toJson should serialize page range correctly
00:07 +210 ~3 -1: D:/Projects/zhidu/test/models/chapter_location_test.dart: ChapterLocation toJson should serialize all fields
00:07 +211 ~3 -1: D:/Projects/zhidu/test/models/chapter_location_test.dart: ChapterLocation toJson should serialize null fields
00:07 +212 ~3 -1: D:/Projects/zhidu/test/models/chapter_location_test.dart: ChapterLocation toJson should serialize with only startPage
00:07 +213 ~3 -1: D:/Projects/zhidu/test/models/chapter_location_test.dart: ChapterLocation toJson should serialize with only endPage
00:07 +214 ~3 -1: D:/Projects/zhidu/test/models/chapter_location_test.dart: ChapterLocation fromJson should deserialize href correctly
00:07 +215 ~3 -1: D:/Projects/zhidu/test/models/chapter_location_test.dart: ChapterLocation fromJson should deserialize page range correctly
00:07 +216 ~3 -1: D:/Projects/zhidu/test/models/chapter_location_test.dart: ChapterLocation fromJson should deserialize all fields
00:07 +217 ~3 -1: D:/Projects/zhidu/test/models/chapter_location_test.dart: ChapterLocation fromJson should handle missing fields with null
00:07 +218 ~3 -1: D:/Projects/zhidu/test/models/chapter_location_test.dart: ChapterLocation fromJson should handle partial JSON with only href
00:07 +219 ~3 -1: D:/Projects/zhidu/test/models/chapter_location_test.dart: ChapterLocation fromJson should handle partial JSON with only startPage
00:07 +220 ~3 -1: D:/Projects/zhidu/test/models/chapter_location_test.dart: ChapterLocation fromJson should handle complex href path
00:07 +221 ~3 -1: D:/Projects/zhidu/test/models/chapter_location_test.dart: ChapterLocation fromJson should handle href with anchor
00:07 +222 ~3 -1: D:/Projects/zhidu/test/models/chapter_location_test.dart: ChapterLocation toJson and fromJson round trip should maintain data integrity for EPUB location
00:07 +223 ~3 -1: D:/Projects/zhidu/test/models/chapter_location_test.dart: ChapterLocation toJson and fromJson round trip should maintain data integrity for PDF location
00:07 +224 ~3 -1: D:/Projects/zhidu/test/models/chapter_location_test.dart: ChapterLocation toJson and fromJson round trip should maintain data integrity for empty location
00:07 +225 ~3 -1: D:/Projects/zhidu/test/models/chapter_location_test.dart: ChapterLocation toJson and fromJson round trip should maintain data integrity for mixed location
Package file_picker:linux references file_picker:linux as the default plugin, but it does not provide an inline impleme
ntation.
Ask the maintainers of file_picker to either avoid referencing a default implementation via `platforms: linux: default_
package: file_picker` or add an inline implementation to file_picker via `platforms: linux:` `pluginClass` or `dartPlug
inClass`.

Package file_picker:macos references file_picker:macos as the default plugin, but it does not provide an inline impleme
ntation.
Ask the maintainers of file_picker to either avoid referencing a default implementation via `platforms: macos: default_
package: file_picker` or add an inline implementation to file_picker via `platforms: macos:` `pluginClass` or `dartPlug
inClass`.

Package file_picker:windows references file_picker:windows as the default plugin, but it does not provide an inline imp
lementation.
Ask the maintainers of file_picker to either avoid referencing a default implementation via `platforms: windows: defaul
t_package: file_picker` or add an inline implementation to file_picker via `platforms: windows:` `pluginClass` or `dart
PluginClass`.

00:07 +226 ~3 -1: D:/Projects/zhidu/test/models/chapter_summary_test.dart: ChapterSummary constructor should create ChapterSummary with all required parameters
00:07 +227 ~3 -1: D:/Projects/zhidu/test/models/chapter_summary_test.dart: ChapterSummary constructor should create ChapterSummary with empty keyPoints
00:07 +228 ~3 -1: D:/Projects/zhidu/test/models/chapter_summary_test.dart: ChapterSummary constructor should create ChapterSummary with multiple keyPoints
00:07 +229 ~3 -1: D:/Projects/zhidu/test/models/chapter_summary_test.dart: ChapterSummary toJson should serialize all fields correctly
00:07 +230 ~3 -1: D:/Projects/zhidu/test/models/chapter_summary_test.dart: ChapterSummary toJson should serialize empty keyPoints list
00:07 +231 ~3 -1: D:/Projects/zhidu/test/models/chapter_summary_test.dart: ChapterSummary toJson should serialize createdAt to ISO 8601 string
00:07 +232 ~3 -1: D:/Projects/zhidu/test/models/chapter_summary_test.dart: ChapterSummary fromJson should deserialize all fields correctly
00:07 +233 ~3 -1: D:/Projects/zhidu/test/models/chapter_summary_test.dart: ChapterSummary fromJson should handle missing bookId with default
00:07 +234 ~3 -1: D:/Projects/zhidu/test/models/chapter_summary_test.dart: ChapterSummary fromJson should handle missing chapterIndex with default
00:07 +235 ~3 -1: D:/Projects/zhidu/test/models/chapter_summary_test.dart: ChapterSummary fromJson should handle missing chapterTitle with default
00:07 +236 ~3 -1: D:/Projects/zhidu/test/models/chapter_summary_test.dart: ChapterSummary fromJson should handle missing objectiveSummary with default
00:07 +237 ~3 -1: D:/Projects/zhidu/test/models/chapter_summary_test.dart: ChapterSummary fromJson should handle missing aiInsight with default
00:07 +238 ~3 -1: D:/Projects/zhidu/test/models/chapter_summary_test.dart: ChapterSummary fromJson should handle missing keyPoints with default
00:07 +239 ~3 -1: D:/Projects/zhidu/test/models/chapter_summary_test.dart: ChapterSummary fromJson should convert keyPoints to List<String>
00:07 +240 ~3 -1: D:/Projects/zhidu/test/models/chapter_summary_test.dart: ChapterSummary fromJson should parse createdAt from ISO 8601 string
00:07 +241 ~3 -1: D:/Projects/zhidu/test/models/chapter_summary_test.dart: ChapterSummary toJson and fromJson round trip should maintain data integrity through serialization cycle
00:07 +242 ~3 -1: D:/Projects/zhidu/test/models/chapter_summary_test.dart: ChapterSummary toJson and fromJson round trip should handle empty strings correctly
Package file_picker:linux references file_picker:linux as the default plugin, but it does not provide an inline impleme
ntation.
Ask the maintainers of file_picker to either avoid referencing a default implementation via `platforms: linux: default_
package: file_picker` or add an inline implementation to file_picker via `platforms: linux:` `pluginClass` or `dartPlug
inClass`.

Package file_picker:macos references file_picker:macos as the default plugin, but it does not provide an inline impleme
ntation.
Ask the maintainers of file_picker to either avoid referencing a default implementation via `platforms: macos: default_
package: file_picker` or add an inline implementation to file_picker via `platforms: macos:` `pluginClass` or `dartPlug
inClass`.

Package file_picker:windows references file_picker:windows as the default plugin, but it does not provide an inline imp
lementation.
Ask the maintainers of file_picker to either avoid referencing a default implementation via `platforms: windows: defaul
t_package: file_picker` or add an inline implementation to file_picker via `platforms: windows:` `pluginClass` or `dart
PluginClass`.

00:08 +243 ~3 -1: D:/Projects/zhidu/test/models/chapter_test.dart: Chapter constructor should create Chapter with required parameters
00:08 +244 ~3 -1: D:/Projects/zhidu/test/models/chapter_test.dart: Chapter constructor should create Chapter with default level
00:08 +245 ~3 -1: D:/Projects/zhidu/test/models/chapter_test.dart: Chapter constructor should create Chapter with custom level
00:08 +246 ~3 -1: D:/Projects/zhidu/test/models/chapter_test.dart: Chapter constructor should create Chapter with PDF location
00:08 +247 ~3 -1: D:/Projects/zhidu/test/models/chapter_test.dart: Chapter toJson should serialize all fields correctly
00:08 +248 ~3 -1: D:/Projects/zhidu/test/models/chapter_test.dart: Chapter toJson should serialize PDF location correctly
00:08 +249 ~3 -1: D:/Projects/zhidu/test/models/chapter_test.dart: Chapter toJson should serialize with default level
00:08 +250 ~3 -1: D:/Projects/zhidu/test/models/chapter_test.dart: Chapter fromJson should deserialize all fields correctly
00:08 +251 ~3 -1: D:/Projects/zhidu/test/models/chapter_test.dart: Chapter fromJson should handle missing level with default
00:08 +252 ~3 -1: D:/Projects/zhidu/test/models/chapter_test.dart: Chapter fromJson should deserialize PDF location correctly
00:08 +253 ~3 -1: D:/Projects/zhidu/test/models/chapter_test.dart: Chapter fromJson should handle EPUB location with anchor
00:08 +254 ~3 -1: D:/Projects/zhidu/test/models/chapter_test.dart: Chapter toJson and fromJson round trip should maintain data integrity through serialization cycle
00:08 +255 ~3 -1: D:/Projects/zhidu/test/models/chapter_test.dart: Chapter toJson and fromJson round trip should maintain data integrity for PDF chapters
Package file_picker:linux references file_picker:linux as the default plugin, but it does not provide an inline impleme
ntation.
Ask the maintainers of file_picker to either avoid referencing a default implementation via `platforms: linux: default_
package: file_picker` or add an inline implementation to file_picker via `platforms: linux:` `pluginClass` or `dartPlug
inClass`.

Package file_picker:macos references file_picker:macos as the default plugin, but it does not provide an inline impleme
ntation.
Ask the maintainers of file_picker to either avoid referencing a default implementation via `platforms: macos: default_
package: file_picker` or add an inline implementation to file_picker via `platforms: macos:` `pluginClass` or `dartPlug
inClass`.

Package file_picker:windows references file_picker:windows as the default plugin, but it does not provide an inline imp
lementation.
Ask the maintainers of file_picker to either avoid referencing a default implementation via `platforms: windows: defaul
t_package: file_picker` or add an inline implementation to file_picker via `platforms: windows:` `pluginClass` or `dart
PluginClass`.

00:09 +256 ~3 -1: D:/Projects/zhidu/test/screens/ai_config_screen_test.dart: AiConfigScreen Widget Tests rendering tests renders AppBar with correct title
Package file_picker:linux references file_picker:linux as the default plugin, but it does not provide an inline impleme
ntation.
Ask the maintainers of file_picker to either avoid referencing a default implementation via `platforms: linux: default_
package: file_picker` or add an inline implementation to file_picker via `platforms: linux:` `pluginClass` or `dartPlug
inClass`.

Package file_picker:macos references file_picker:macos as the default plugin, but it does not provide an inline impleme
ntation.
Ask the maintainers of file_picker to either avoid referencing a default implementation via `platforms: macos: default_
package: file_picker` or add an inline implementation to file_picker via `platforms: macos:` `pluginClass` or `dartPlug
inClass`.

Package file_picker:windows references file_picker:windows as the default plugin, but it does not provide an inline imp
lementation.
Ask the maintainers of file_picker to either avoid referencing a default implementation via `platforms: windows: defaul
t_package: file_picker` or add an inline implementation to file_picker via `platforms: windows:` `pluginClass` or `dart
PluginClass`.

Package file_picker:linux references file_picker:linux as the default plugin, but it does not provide an inline impleme
ntation.
Ask the maintainers of file_picker to either avoid referencing a default implementation via `platforms: linux: default_
package: file_picker` or add an inline implementation to file_picker via `platforms: linux:` `pluginClass` or `dartPlug
inClass`.

Package file_picker:macos references file_picker:macos as the default plugin, but it does not provide an inline impleme
ntation.
Ask the maintainers of file_picker to either avoid referencing a default implementation via `platforms: macos: default_
package: file_picker` or add an inline implementation to file_picker via `platforms: macos:` `pluginClass` or `dartPlug
inClass`.

Package file_picker:windows references file_picker:windows as the default plugin, but it does not provide an inline imp
lementation.
Ask the maintainers of file_picker to either avoid referencing a default implementation via `platforms: windows: defaul
t_package: file_picker` or add an inline implementation to file_picker via `platforms: windows:` `pluginClass` or `dart
PluginClass`.

Package file_picker:linux references file_picker:linux as the default plugin, but it does not provide an inline impleme
ntation.
Ask the maintainers of file_picker to either avoid referencing a default implementation via `platforms: linux: default_
package: file_picker` or add an inline implementation to file_picker via `platforms: linux:` `pluginClass` or `dartPlug
inClass`.

Package file_picker:macos references file_picker:macos as the default plugin, but it does not provide an inline impleme
ntation.
Ask the maintainers of file_picker to either avoid referencing a default implementation via `platforms: macos: default_
package: file_picker` or add an inline implementation to file_picker via `platforms: macos:` `pluginClass` or `dartPlug
inClass`.

Package file_picker:windows references file_picker:windows as the default plugin, but it does not provide an inline imp
lementation.
Ask the maintainers of file_picker to either avoid referencing a default implementation via `platforms: windows: defaul
t_package: file_picker` or add an inline implementation to file_picker via `platforms: windows:` `pluginClass` or `dart
PluginClass`.

00:12 +257 ~3 -1: D:/Projects/zhidu/test/screens/backup_settings_screen_test.dart: BackupSettingsScreen Widget Tests rendering tests renders AppBar with correct title
00:12 +258 ~3 -1: D:/Projects/zhidu/test/screens/backup_settings_screen_test.dart: BackupSettingsScreen Widget Tests rendering tests renders AppBar with correct title
00:13 +259 ~3 -1: D:/Projects/zhidu/test/screens/book_detail_screen_test.dart: BookDetailScreen renders AppBar with correct title
00:13 +260 ~3 -1: D:/Projects/zhidu/test/screens/book_detail_screen_test.dart: BookDetailScreen renders AppBar with correct title
Package file_picker:linux references file_picker:linux as the default plugin, but it does not provide an inline impleme
ntation.
Ask the maintainers of file_picker to either avoid referencing a default implementation via `platforms: linux: default_
package: file_picker` or add an inline implementation to file_picker via `platforms: linux:` `pluginClass` or `dartPlug
inClass`.

Package file_picker:macos references file_picker:macos as the default plugin, but it does not provide an inline impleme
ntation.
Ask the maintainers of file_picker to either avoid referencing a default implementation via `platforms: macos: default_
package: file_picker` or add an inline implementation to file_picker via `platforms: macos:` `pluginClass` or `dartPlug
inClass`.

Package file_picker:windows references file_picker:windows as the default plugin, but it does not provide an inline imp
lementation.
Ask the maintainers of file_picker to either avoid referencing a default implementation via `platforms: windows: defaul
t_package: file_picker` or add an inline implementation to file_picker via `platforms: windows:` `pluginClass` or `dart
PluginClass`.

00:13 +261 ~3 -1: D:/Projects/zhidu/test/screens/book_detail_screen_test.dart: BookDetailScreen renders AppBar with correct title
00:13 +262 ~3 -1: D:/Projects/zhidu/test/screens/book_detail_screen_test.dart: BookDetailScreen renders AppBar with correct title
00:13 +263 ~3 -1: D:/Projects/zhidu/test/screens/book_detail_screen_test.dart: BookDetailScreen renders AppBar with correct title
00:13 +264 ~3 -1: D:/Projects/zhidu/test/screens/book_detail_screen_test.dart: BookDetailScreen renders AppBar with correct title
00:13 +265 ~3 -1: D:/Projects/zhidu/test/screens/book_detail_screen_test.dart: BookDetailScreen renders AppBar with correct title
00:13 +266 ~3 -1: D:/Projects/zhidu/test/screens/book_detail_screen_test.dart: BookDetailScreen renders AppBar with correct title
00:13 +267 ~3 -1: D:/Projects/zhidu/test/screens/book_detail_screen_test.dart: BookDetailScreen renders AppBar with correct title
[2026-04-15 20:44:08.418] VERBOSE [BookDetailScreen] _loadChapters 寮€濮嬫墽琛?[2026-04-15 20:44:08.453] DEBUG   [BookDetailScreen] AI鏈嶅姟鏈厤缃紝璺宠繃棰勭敓鎴?[2026-04-15 20:44:09.331] DEBUG   [BookDetailScreen] 绔犺妭鍔犺浇瀹屾垚: 0 涓珷鑺?00:13 +268 ~3 -1: D:/Projects/zhidu/test/screens/home_screen_test.dart: HomeScreen renders BookshelfScreen as body
00:14 +268 ~3 -1: D:/Projects/zhidu/test/screens/book_detail_screen_test.dart: BookDetailScreen shows book title in header
[2026-04-15 20:44:09.622] VERBOSE [BookDetailScreen] _loadChapters 寮€濮嬫墽琛?[2026-04-15 20:44:09.624] DEBUG   [BookDetailScreen] AI鏈嶅姟鏈厤缃紝璺宠繃棰勭敓鎴?[2026-04-15 20:44:09.781] DEBUG   [BookDetailScreen] 绔犺妭鍔犺浇瀹屾垚: 0 涓珷鑺?00:14 +269 ~3 -1: D:/Projects/zhidu/test/screens/home_screen_test.dart: HomeScreen renders BookshelfScreen as body
00:14 +270 ~3 -1: D:/Projects/zhidu/test/screens/home_screen_test.dart: HomeScreen renders BookshelfScreen as body
Package file_picker:linux references file_picker:linux as the default plugin, but it does not provide an inline impleme
ntation.
Ask the maintainers of file_picker to either avoid referencing a default implementation via `platforms: linux: default_
package: file_picker` or add an inline implementation to file_picker via `platforms: linux:` `pluginClass` or `dartPlug
inClass`.

Package file_picker:macos references file_picker:macos as the default plugin, but it does not provide an inline impleme
ntation.
Ask the maintainers of file_picker to either avoid referencing a default implementation via `platforms: macos: default_
package: file_picker` or add an inline implementation to file_picker via `platforms: macos:` `pluginClass` or `dartPlug
inClass`.

Package file_picker:windows references file_picker:windows as the default plugin, but it does not provide an inline imp
lementation.
Ask the maintainers of file_picker to either avoid referencing a default implementation via `platforms: windows: defaul
t_package: file_picker` or add an inline implementation to file_picker via `platforms: windows:` `pluginClass` or `dart
PluginClass`.

00:14 +271 ~3 -1: D:/Projects/zhidu/test/screens/home_screen_test.dart: HomeScreen renders BookshelfScreen as body
00:14 +271 ~3 -1: D:/Projects/zhidu/test/screens/book_detail_screen_test.dart: BookDetailScreen shows book author in header
[2026-04-15 20:44:09.920] VERBOSE [BookDetailScreen] _loadChapters 寮€濮嬫墽琛?[2026-04-15 20:44:09.921] DEBUG   [BookDetailScreen] AI鏈嶅姟鏈厤缃紝璺宠繃棰勭敓鎴?[2026-04-15 20:44:10.037] DEBUG   [BookDetailScreen] 绔犺妭鍔犺浇瀹屾垚: 0 涓珷鑺?00:14 +272 ~3 -1: D:/Projects/zhidu/test/screens/home_screen_test.dart: HomeScreen renders BookshelfScreen as body
00:14 +273 ~3 -1: D:/Projects/zhidu/test/screens/home_screen_test.dart: HomeScreen renders BookshelfScreen as body
00:14 +273 ~3 -1: D:/Projects/zhidu/test/screens/book_detail_screen_test.dart: BookDetailScreen shows default cover icon when no coverPath
[2026-04-15 20:44:10.153] VERBOSE [BookDetailScreen] _loadChapters 寮€濮嬫墽琛?[2026-04-15 20:44:10.154] DEBUG   [BookDetailScreen] AI鏈嶅姟鏈厤缃紝璺宠繃棰勭敓鎴?[2026-04-15 20:44:10.291] DEBUG   [BookDetailScreen] 绔犺妭鍔犺浇瀹屾垚: 0 涓珷鑺?00:14 +274 ~3 -1: D:/Projects/zhidu/test/screens/home_screen_test.dart: HomeScreen renders BookshelfScreen as body
00:15 +274 ~3 -1: D:/Projects/zhidu/test/screens/book_detail_screen_test.dart: BookDetailScreen shows added date in info chip
[2026-04-15 20:44:10.453] VERBOSE [BookDetailScreen] _loadChapters 寮€濮嬫墽琛?[2026-04-15 20:44:10.455] DEBUG   [BookDetailScreen] AI鏈嶅姟鏈厤缃紝璺宠繃棰勭敓鎴?[2026-04-15 20:44:10.587] DEBUG   [BookDetailScreen] 绔犺妭鍔犺浇瀹屾垚: 0 涓珷鑺?00:15 +275 ~3 -1: D:/Projects/zhidu/test/screens/home_screen_test.dart: HomeScreen renders BookshelfScreen as body
Package file_picker:linux references file_picker:linux as the default plugin, but it does not provide an inline impleme
ntation.
Ask the maintainers of file_picker to either avoid referencing a default implementation via `platforms: linux: default_
package: file_picker` or add an inline implementation to file_picker via `platforms: linux:` `pluginClass` or `dartPlug
inClass`.

Package file_picker:macos references file_picker:macos as the default plugin, but it does not provide an inline impleme
ntation.
Ask the maintainers of file_picker to either avoid referencing a default implementation via `platforms: macos: default_
package: file_picker` or add an inline implementation to file_picker via `platforms: macos:` `pluginClass` or `dartPlug
inClass`.

Package file_picker:windows references file_picker:windows as the default plugin, but it does not provide an inline imp
lementation.
Ask the maintainers of file_picker to either avoid referencing a default implementation via `platforms: windows: defaul
t_package: file_picker` or add an inline implementation to file_picker via `platforms: windows:` `pluginClass` or `dart
PluginClass`.

00:15 +276 ~3 -1: D:/Projects/zhidu/test/screens/home_screen_test.dart: HomeScreen renders BookshelfScreen as body
00:15 +276 ~3 -1: D:/Projects/zhidu/test/screens/book_detail_screen_test.dart: BookDetailScreen shows chapters count after loading
[2026-04-15 20:44:10.804] VERBOSE [BookDetailScreen] _loadChapters 寮€濮嬫墽琛?[2026-04-15 20:44:10.806] DEBUG   [BookDetailScreen] AI鏈嶅姟鏈厤缃紝璺宠繃棰勭敓鎴?[2026-04-15 20:44:11.035] DEBUG   [BookDetailScreen] 绔犺妭鍔犺浇瀹屾垚: 5 涓珷鑺?00:15 +277 ~3 -1: D:/Projects/zhidu/test/screens/home_screen_test.dart: HomeScreen renders BookshelfScreen as body
00:15 +278 ~3 -1: D:/Projects/zhidu/test/screens/home_screen_test.dart: HomeScreen renders BookshelfScreen as body
00:15 +279 ~3 -1: D:/Projects/zhidu/test/screens/home_screen_test.dart: HomeScreen renders BookshelfScreen as body
00:15 +279 ~3 -1: D:/Projects/zhidu/test/screens/book_detail_screen_test.dart: BookDetailScreen shows Scaffold structure
[2026-04-15 20:44:11.322] VERBOSE [BookDetailScreen] _loadChapters 寮€濮嬫墽琛?[2026-04-15 20:44:11.323] DEBUG   [BookDetailScreen] AI鏈嶅姟鏈厤缃紝璺宠繃棰勭敓鎴?[2026-04-15 20:44:11.421] DEBUG   [BookDetailScreen] 绔犺妭鍔犺浇瀹屾垚: 0 涓珷鑺?00:15 +280 ~3 -1: D:/Projects/zhidu/test/screens/home_screen_test.dart: HomeScreen renders BookshelfScreen as body
[2026-04-15 20:44:09.750] VERBOSE [HomeScreen] _HomeScreenState initState 寮€濮嬫墽琛?[2026-04-15 20:44:09.790] VERBOSE [HomeScreen] build 寮€濮嬫墽琛?[2026-04-15 20:44:09.971] VERBOSE [BookshelfScreen] build 寮€濮嬫墽琛? searchQuery: 
[2026-04-15 20:44:09.972] VERBOSE [BookshelfScreen] build 鎵惧埌涔︾睄鏁伴噺: 0
[2026-04-15 20:44:11.567] VERBOSE [BookshelfScreen] dispose 寮€濮嬫墽琛?[2026-04-15 20:44:11.568] VERBOSE [BookshelfScreen] dispose 鎵ц瀹屾垚
00:16 +281 ~3 -1: D:/Projects/zhidu/test/screens/settings_screen_test.dart: SettingsScreen Widget Tests rendering tests renders AppBar with correct title
00:16 +282 ~3 -1: D:/Projects/zhidu/test/screens/settings_screen_test.dart: SettingsScreen Widget Tests rendering tests renders AppBar with correct title
00:16 +282 ~3 -1: D:/Projects/zhidu/test/screens/book_detail_screen_test.dart: BookDetailScreen shows summary view by default
[2026-04-15 20:44:11.520] VERBOSE [BookDetailScreen] _loadChapters 寮€濮嬫墽琛?[2026-04-15 20:44:11.521] DEBUG   [BookDetailScreen] AI鏈嶅姟鏈厤缃紝璺宠繃棰勭敓鎴?[2026-04-15 20:44:11.632] DEBUG   [BookDetailScreen] 绔犺妭鍔犺浇瀹屾垚: 0 涓珷鑺?00:16 +283 ~3 -1: D:/Projects/zhidu/test/screens/settings_screen_test.dart: SettingsScreen Widget Tests rendering tests renders AppBar with correct title
00:16 +284 ~3 -1: D:/Projects/zhidu/test/screens/settings_screen_test.dart: SettingsScreen Widget Tests rendering tests renders AppBar with correct title
00:16 +285 ~3 -1: D:/Projects/zhidu/test/screens/settings_screen_test.dart: SettingsScreen Widget Tests rendering tests renders AppBar with correct title
00:16 +286 ~3 -1: D:/Projects/zhidu/test/screens/settings_screen_test.dart: SettingsScreen Widget Tests rendering tests renders AppBar with correct title
00:16 +287 ~3 -1: D:/Projects/zhidu/test/screens/settings_screen_test.dart: SettingsScreen Widget Tests rendering tests renders AppBar with correct title
00:16 +288 ~3 -1: D:/Projects/zhidu/test/screens/settings_screen_test.dart: SettingsScreen Widget Tests rendering tests renders AppBar with correct title
00:16 +289 ~3 -1: D:/Projects/zhidu/test/screens/settings_screen_test.dart: SettingsScreen Widget Tests rendering tests renders AppBar with correct title
00:16 +290 ~3 -1: D:/Projects/zhidu/test/screens/settings_screen_test.dart: SettingsScreen Widget Tests rendering tests renders AppBar with correct title
00:16 +291 ~3 -1: D:/Projects/zhidu/test/screens/settings_screen_test.dart: SettingsScreen Widget Tests rendering tests renders AppBar with correct title
00:16 +292 ~3 -1: D:/Projects/zhidu/test/screens/settings_screen_test.dart: SettingsScreen Widget Tests rendering tests renders AppBar with correct title
00:16 +293 ~3 -1: D:/Projects/zhidu/test/screens/settings_screen_test.dart: SettingsScreen Widget Tests rendering tests renders AppBar with correct title
00:16 +293 ~3 -1: D:/Projects/zhidu/test/screens/book_detail_screen_test.dart: BookDetailScreen shows placeholder when no aiIntroduction
[2026-04-15 20:44:11.743] VERBOSE [BookDetailScreen] _loadChapters 寮€濮嬫墽琛?[2026-04-15 20:44:11.746] DEBUG   [BookDetailScreen] AI鏈嶅姟鏈厤缃紝璺宠繃棰勭敓鎴?[2026-04-15 20:44:11.869] DEBUG   [BookDetailScreen] 绔犺妭鍔犺浇瀹屾垚: 0 涓珷鑺?00:16 +294 ~3 -1: D:/Projects/zhidu/test/screens/settings_screen_test.dart: SettingsScreen Widget Tests rendering tests renders AppBar with correct title
00:16 +295 ~3 -1: D:/Projects/zhidu/test/screens/settings_screen_test.dart: SettingsScreen Widget Tests rendering tests renders AppBar with correct title
00:16 +296 ~3 -1: D:/Projects/zhidu/test/screens/settings_screen_test.dart: SettingsScreen Widget Tests rendering tests renders AppBar with correct title
00:16 +297 ~3 -1: D:/Projects/zhidu/test/screens/settings_screen_test.dart: SettingsScreen Widget Tests rendering tests renders AppBar with correct title
00:16 +298 ~3 -1: D:/Projects/zhidu/test/screens/settings_screen_test.dart: SettingsScreen Widget Tests rendering tests renders AppBar with correct title
00:16 +299 ~3 -1: D:/Projects/zhidu/test/screens/settings_screen_test.dart: SettingsScreen Widget Tests rendering tests renders AppBar with correct title
00:16 +300 ~3 -1: D:/Projects/zhidu/test/screens/settings_screen_test.dart: SettingsScreen Widget Tests rendering tests renders AppBar with correct title
00:16 +301 ~3 -1: D:/Projects/zhidu/test/screens/settings_screen_test.dart: SettingsScreen Widget Tests rendering tests renders AppBar with correct title
00:16 +302 ~3 -1: D:/Projects/zhidu/test/screens/settings_screen_test.dart: SettingsScreen Widget Tests rendering tests renders AppBar with correct title
00:16 +302 ~3 -1: D:/Projects/zhidu/test/screens/home_screen_test.dart: HomeScreen renders FloatingActionButton for adding books
[2026-04-15 20:44:11.786] VERBOSE [HomeScreen] _HomeScreenState initState 寮€濮嬫墽琛?[2026-04-15 20:44:11.788] VERBOSE [HomeScreen] build 寮€濮嬫墽琛?00:16 +303 ~3 -1: D:/Projects/zhidu/test/screens/settings_screen_test.dart: SettingsScreen Widget Tests rendering tests renders AppBar with correct title
00:16 +303 ~3 -1: D:/Projects/zhidu/test/screens/home_screen_test.dart: HomeScreen renders FloatingActionButton for adding books
[2026-04-15 20:44:11.804] VERBOSE [BookshelfScreen] build 寮€濮嬫墽琛? searchQuery: 
[2026-04-15 20:44:11.805] VERBOSE [BookshelfScreen] build 鎵惧埌涔︾睄鏁伴噺: 0
[2026-04-15 20:44:12.070] VERBOSE [BookshelfScreen] dispose 寮€濮嬫墽琛?[2026-04-15 20:44:12.071] VERBOSE [BookshelfScreen] dispose 鎵ц瀹屾垚
00:16 +304 ~3 -1: D:/Projects/zhidu/test/screens/settings_screen_test.dart: SettingsScreen Widget Tests rendering tests renders AppBar with correct title
00:16 +305 ~3 -1: D:/Projects/zhidu/test/screens/settings_screen_test.dart: SettingsScreen Widget Tests rendering tests renders AppBar with correct title
00:16 +306 ~3 -1: D:/Projects/zhidu/test/screens/settings_screen_test.dart: SettingsScreen Widget Tests rendering tests renders AppBar with correct title
00:16 +307 ~3 -1: D:/Projects/zhidu/test/screens/settings_screen_test.dart: SettingsScreen Widget Tests rendering tests renders AppBar with correct title
00:16 +308 ~3 -1: D:/Projects/zhidu/test/screens/settings_screen_test.dart: SettingsScreen Widget Tests rendering tests renders AppBar with correct title
00:16 +309 ~3 -1: D:/Projects/zhidu/test/screens/settings_screen_test.dart: SettingsScreen Widget Tests rendering tests renders AppBar with correct title
00:16 +309 ~3 -1: D:/Projects/zhidu/test/screens/backup_settings_screen_test.dart: BackupSettingsScreen Widget Tests rendering tests displays last backup time when available
[2026-04-15 20:44:11.709] INFO    [SettingsService] 瀛樺偍璁剧疆宸叉洿鏂?00:16 +310 ~3 -1: D:/Projects/zhidu/test/screens/settings_screen_test.dart: SettingsScreen Widget Tests rendering tests renders AppBar with correct title
00:16 +311 ~3 -1: D:/Projects/zhidu/test/screens/settings_screen_test.dart: SettingsScreen Widget Tests rendering tests renders AppBar with correct title
00:16 +312 ~3 -1: D:/Projects/zhidu/test/screens/settings_screen_test.dart: SettingsScreen Widget Tests rendering tests renders AppBar with correct title
00:16 +313 ~3 -1: D:/Projects/zhidu/test/screens/settings_screen_test.dart: SettingsScreen Widget Tests rendering tests renders AppBar with correct title
00:16 +314 ~3 -1: D:/Projects/zhidu/test/screens/settings_screen_test.dart: SettingsScreen Widget Tests rendering tests renders AppBar with correct title
00:16 +315 ~3 -1: D:/Projects/zhidu/test/screens/settings_screen_test.dart: SettingsScreen Widget Tests rendering tests renders AppBar with correct title
00:16 +316 ~3 -1: D:/Projects/zhidu/test/screens/settings_screen_test.dart: SettingsScreen Widget Tests rendering tests renders AppBar with correct title
00:16 +317 ~3 -1: D:/Projects/zhidu/test/screens/settings_screen_test.dart: SettingsScreen Widget Tests rendering tests renders AppBar with correct title
00:16 +318 ~3 -1: D:/Projects/zhidu/test/screens/settings_screen_test.dart: SettingsScreen Widget Tests rendering tests renders AppBar with correct title
00:16 +319 ~3 -1: D:/Projects/zhidu/test/screens/settings_screen_test.dart: SettingsScreen Widget Tests rendering tests renders AppBar with correct title
00:16 +320 ~3 -1: D:/Projects/zhidu/test/screens/settings_screen_test.dart: SettingsScreen Widget Tests rendering tests renders AppBar with correct title
00:16 +321 ~3 -1: D:/Projects/zhidu/test/screens/settings_screen_test.dart: SettingsScreen Widget Tests rendering tests renders AppBar with correct title
00:16 +322 ~3 -1: D:/Projects/zhidu/test/screens/settings_screen_test.dart: SettingsScreen Widget Tests rendering tests renders AppBar with correct title
00:16 +322 ~3 -1: D:/Projects/zhidu/test/screens/home_screen_test.dart: HomeScreen has correct AppBar title
[2026-04-15 20:44:12.336] VERBOSE [HomeScreen] _HomeScreenState initState 寮€濮嬫墽琛?[2026-04-15 20:44:12.336] VERBOSE [HomeScreen] build 寮€濮嬫墽琛?[2026-04-15 20:44:12.341] VERBOSE [BookshelfScreen] build 寮€濮嬫墽琛? searchQuery: 
[2026-04-15 20:44:12.342] VERBOSE [BookshelfScreen] build 鎵惧埌涔︾睄鏁伴噺: 0
[2026-04-15 20:44:12.544] VERBOSE [BookshelfScreen] dispose 寮€濮嬫墽琛?[2026-04-15 20:44:12.545] VERBOSE [BookshelfScreen] dispose 鎵ц瀹屾垚
00:16 +323 ~3 -1: D:/Projects/zhidu/test/screens/settings_screen_test.dart: SettingsScreen Widget Tests rendering tests renders AppBar with correct title
00:17 +324 ~3 -1: D:/Projects/zhidu/test/screens/settings_screen_test.dart: SettingsScreen Widget Tests rendering tests renders AppBar with correct title
00:17 +325 ~3 -1: D:/Projects/zhidu/test/screens/settings_screen_test.dart: SettingsScreen Widget Tests rendering tests renders AppBar with correct title
Package file_picker:linux references file_picker:linux as the default plugin, but it does not provide an inline impleme
ntation.
Ask the maintainers of file_picker to either avoid referencing a default implementation via `platforms: linux: default_
package: file_picker` or add an inline implementation to file_picker via `platforms: linux:` `pluginClass` or `dartPlug
inClass`.

Package file_picker:macos references file_picker:macos as the default plugin, but it does not provide an inline impleme
ntation.
Ask the maintainers of file_picker to either avoid referencing a default implementation via `platforms: macos: default_
package: file_picker` or add an inline implementation to file_picker via `platforms: macos:` `pluginClass` or `dartPlug
inClass`.

Package file_picker:windows references file_picker:windows as the default plugin, but it does not provide an inline imp
lementation.
Ask the maintainers of file_picker to either avoid referencing a default implementation via `platforms: windows: defaul
t_package: file_picker` or add an inline implementation to file_picker via `platforms: windows:` `pluginClass` or `dart
PluginClass`.

00:17 +325 ~3 -1: D:/Projects/zhidu/test/screens/home_screen_test.dart: BookshelfScreen shows empty state when no books
[2026-04-15 20:44:12.652] VERBOSE [BookshelfScreen] build 寮€濮嬫墽琛? searchQuery: 
[2026-04-15 20:44:12.653] VERBOSE [BookshelfScreen] build 鎵惧埌涔︾睄鏁伴噺: 0
[2026-04-15 20:44:12.841] VERBOSE [BookshelfScreen] dispose 寮€濮嬫墽琛?[2026-04-15 20:44:12.842] VERBOSE [BookshelfScreen] dispose 鎵ц瀹屾垚
00:17 +326 ~3 -1: D:/Projects/zhidu/test/screens/settings_screen_test.dart: SettingsScreen Widget Tests rendering tests renders AppBar with correct title
00:17 +327 ~3 -1: D:/Projects/zhidu/test/screens/settings_screen_test.dart: SettingsScreen Widget Tests rendering tests renders AppBar with correct title
00:17 +328 ~3 -1: D:/Projects/zhidu/test/screens/settings_screen_test.dart: SettingsScreen Widget Tests rendering tests renders AppBar with correct title
00:17 +329 ~3 -1: D:/Projects/zhidu/test/screens/settings_screen_test.dart: SettingsScreen Widget Tests rendering tests renders AppBar with correct title
00:17 +330 ~3 -1: D:/Projects/zhidu/test/screens/settings_screen_test.dart: SettingsScreen Widget Tests rendering tests renders AppBar with correct title
00:17 +330 ~3 -1: D:/Projects/zhidu/test/screens/home_screen_test.dart: BookshelfScreen shows search field in AppBar
[2026-04-15 20:44:12.951] VERBOSE [BookshelfScreen] build 寮€濮嬫墽琛? searchQuery: 
[2026-04-15 20:44:12.951] VERBOSE [BookshelfScreen] build 鎵惧埌涔︾睄鏁伴噺: 0
[2026-04-15 20:44:13.107] VERBOSE [BookshelfScreen] dispose 寮€濮嬫墽琛?[2026-04-15 20:44:13.108] VERBOSE [BookshelfScreen] dispose 鎵ц瀹屾垚
00:17 +331 ~3 -1: D:/Projects/zhidu/test/screens/settings_screen_test.dart: SettingsScreen Widget Tests rendering tests renders AppBar with correct title
00:17 +332 ~3 -1: D:/Projects/zhidu/test/screens/settings_screen_test.dart: SettingsScreen Widget Tests rendering tests renders AppBar with correct title
00:17 +333 ~3 -1: D:/Projects/zhidu/test/screens/settings_screen_test.dart: SettingsScreen Widget Tests rendering tests renders AppBar with correct title
00:17 +334 ~3 -1: D:/Projects/zhidu/test/screens/settings_screen_test.dart: SettingsScreen Widget Tests rendering tests renders AppBar with correct title
00:17 +335 ~3 -1: D:/Projects/zhidu/test/screens/settings_screen_test.dart: SettingsScreen Widget Tests rendering tests renders AppBar with correct title
00:17 +335 ~3 -1: D:/Projects/zhidu/test/screens/backup_settings_screen_test.dart: BackupSettingsScreen Widget Tests rendering tests frequency dropdown is visible when auto backup is enabled
[2026-04-15 20:44:12.686] INFO    [SettingsService] 瀛樺偍璁剧疆宸叉洿鏂?00:17 +336 ~3 -1: D:/Projects/zhidu/test/screens/settings_screen_test.dart: SettingsScreen Widget Tests rendering tests renders AppBar with correct title
00:17 +337 ~3 -1: D:/Projects/zhidu/test/screens/settings_screen_test.dart: SettingsScreen Widget Tests rendering tests renders AppBar with correct title
00:17 +338 ~3 -1: D:/Projects/zhidu/test/screens/settings_screen_test.dart: SettingsScreen Widget Tests rendering tests renders AppBar with correct title
00:17 +339 ~3 -1: D:/Projects/zhidu/test/screens/settings_screen_test.dart: SettingsScreen Widget Tests rendering tests renders AppBar with correct title
00:17 +339 ~3 -1: D:/Projects/zhidu/test/screens/book_detail_screen_test.dart: BookDetailScreen shows aiIntroduction content when available
[2026-04-15 20:44:12.039] VERBOSE [BookDetailScreen] _loadChapters 寮€濮嬫墽琛?[2026-04-15 20:44:12.042] DEBUG   [BookDetailScreen] AI鏈嶅姟鏈厤缃紝璺宠繃棰勭敓鎴?[2026-04-15 20:44:13.012] DEBUG   [BookDetailScreen] 绔犺妭鍔犺浇瀹屾垚: 0 涓珷鑺?00:17 +340 ~3 -1: D:/Projects/zhidu/test/screens/settings_screen_test.dart: SettingsScreen Widget Tests rendering tests renders AppBar with correct title
00:17 +341 ~3 -1: D:/Projects/zhidu/test/screens/settings_screen_test.dart: SettingsScreen Widget Tests rendering tests renders AppBar with correct title
00:17 +342 ~3 -1: D:/Projects/zhidu/test/screens/settings_screen_test.dart: SettingsScreen Widget Tests rendering tests renders AppBar with correct title
00:17 +343 ~3 -1: D:/Projects/zhidu/test/screens/settings_screen_test.dart: SettingsScreen Widget Tests rendering tests renders AppBar with correct title
00:17 +344 ~3 -1: D:/Projects/zhidu/test/screens/settings_screen_test.dart: SettingsScreen Widget Tests rendering tests renders AppBar with correct title
00:17 +344 ~3 -1: D:/Projects/zhidu/test/services/ai_service_test.dart: AIService init should load config from SettingsService
[2026-04-15 20:44:13.314] INFO    [SettingsService] 寮€濮嬪垵濮嬪寲璁剧疆鏈嶅姟
[2026-04-15 20:44:13.351] INFO    [SettingsService] 璁剧疆鏂囦欢涓嶅瓨鍦紝浣跨敤榛樿璁剧疆
[2026-04-15 20:44:13.356] INFO    [SettingsService] 璁剧疆鏈嶅姟鍒濆鍖栧畬鎴?[2026-04-15 20:44:13.391] DEBUG   [SettingsService] 璁剧疆宸蹭繚瀛樺埌: C:\Users\jjzha\AppData\Local\Temp/zhidu_ai_service_test/settings_init.json
[2026-04-15 20:44:13.398] INFO    [SettingsService] AI璁剧疆宸叉洿鏂? provider=qwen
[2026-04-15 20:44:13.401] DEBUG   [AIService] AI閰嶇疆鍔犺浇鎴愬姛: qwen, model: qwen-plus
00:17 +345 ~3 -1: D:/Projects/zhidu/test/screens/settings_screen_test.dart: SettingsScreen Widget Tests rendering tests renders AppBar with correct title
00:17 +345 ~3 -1: D:/Projects/zhidu/test/screens/home_screen_test.dart: BookshelfScreen shows settings button in AppBar
[2026-04-15 20:44:13.223] VERBOSE [BookshelfScreen] build 寮€濮嬫墽琛? searchQuery: 
[2026-04-15 20:44:13.224] VERBOSE [BookshelfScreen] build 鎵惧埌涔︾睄鏁伴噺: 0
[2026-04-15 20:44:13.394] VERBOSE [BookshelfScreen] dispose 寮€濮嬫墽琛?[2026-04-15 20:44:13.396] VERBOSE [BookshelfScreen] dispose 鎵ц瀹屾垚
00:17 +346 ~3 -1: D:/Projects/zhidu/test/screens/settings_screen_test.dart: SettingsScreen Widget Tests rendering tests renders AppBar with correct title
00:17 +346 ~3 -1: D:/Projects/zhidu/test/services/ai_service_test.dart: AIService init should handle missing configuration
[2026-04-15 20:44:13.426] INFO    [SettingsService] 寮€濮嬪垵濮嬪寲璁剧疆鏈嶅姟
[2026-04-15 20:44:13.432] INFO    [SettingsService] 璁剧疆鏂囦欢涓嶅瓨鍦紝浣跨敤榛樿璁剧疆
[2026-04-15 20:44:13.433] INFO    [SettingsService] 璁剧疆鏈嶅姟鍒濆鍖栧畬鎴?[2026-04-15 20:44:13.436] WARNING [AIService] AI閰嶇疆鏃犳晥锛岃妫€鏌ヨ缃?00:17 +347 ~3 -1: D:/Projects/zhidu/test/screens/settings_screen_test.dart: SettingsScreen Widget Tests rendering tests renders AppBar with correct title
00:17 +347 ~3 -1: D:/Projects/zhidu/test/services/ai_service_test.dart: AIService init should handle invalid apiKey in SettingsService
[2026-04-15 20:44:13.468] INFO    [SettingsService] 寮€濮嬪垵濮嬪寲璁剧疆鏈嶅姟
[2026-04-15 20:44:13.470] INFO    [SettingsService] 璁剧疆鏂囦欢涓嶅瓨鍦紝浣跨敤榛樿璁剧疆
[2026-04-15 20:44:13.471] INFO    [SettingsService] 璁剧疆鏈嶅姟鍒濆鍖栧畬鎴?00:17 +347 ~3 -1: D:/Projects/zhidu/test/screens/book_detail_screen_test.dart: BookDetailScreen shows toggle button for switching views
[2026-04-15 20:44:13.306] VERBOSE [BookDetailScreen] _loadChapters 寮€濮嬫墽琛?00:17 +347 ~3 -1: D:/Projects/zhidu/test/services/ai_service_test.dart: AIService init should handle invalid apiKey in SettingsService
[2026-04-15 20:44:13.476] DEBUG   [SettingsService] 璁剧疆宸蹭繚瀛樺埌: C:\Users\jjzha\AppData\Local\Temp/zhidu_ai_service_test/settings_invalid.json
[2026-04-15 20:44:13.478] INFO    [SettingsService] AI璁剧疆宸叉洿鏂? provider=qwen
[2026-04-15 20:44:13.482] WARNING [AIService] AI閰嶇疆鏃犳晥锛岃妫€鏌ヨ缃?00:17 +347 ~3 -1: D:/Projects/zhidu/test/screens/book_detail_screen_test.dart: BookDetailScreen shows toggle button for switching views
[2026-04-15 20:44:13.308] DEBUG   [BookDetailScreen] AI鏈嶅姟鏈厤缃紝璺宠繃棰勭敓鎴?00:17 +348 ~3 -1: D:/Projects/zhidu/test/screens/settings_screen_test.dart: SettingsScreen Widget Tests rendering tests renders AppBar with correct title
00:17 +348 ~3 -1: D:/Projects/zhidu/test/screens/book_detail_screen_test.dart: BookDetailScreen shows toggle button for switching views
[2026-04-15 20:44:13.425] DEBUG   [BookDetailScreen] 绔犺妭鍔犺浇瀹屾垚: 0 涓珷鑺?00:17 +349 ~3 -1: D:/Projects/zhidu/test/screens/settings_screen_test.dart: SettingsScreen Widget Tests rendering tests renders AppBar with correct title
00:17 +349 ~3 -1: D:/Projects/zhidu/test/services/ai_service_test.dart: AIService init should handle empty apiKey in SettingsService
[2026-04-15 20:44:13.522] INFO    [SettingsService] 寮€濮嬪垵濮嬪寲璁剧疆鏈嶅姟
[2026-04-15 20:44:13.525] INFO    [SettingsService] 璁剧疆鏂囦欢涓嶅瓨鍦紝浣跨敤榛樿璁剧疆
[2026-04-15 20:44:13.526] INFO    [SettingsService] 璁剧疆鏈嶅姟鍒濆鍖栧畬鎴?[2026-04-15 20:44:13.540] DEBUG   [SettingsService] 璁剧疆宸蹭繚瀛樺埌: C:\Users\jjzha\AppData\Local\Temp/zhidu_ai_service_test/settings_empty.json
[2026-04-15 20:44:13.541] INFO    [SettingsService] AI璁剧疆宸叉洿鏂? provider=qwen
[2026-04-15 20:44:13.541] WARNING [AIService] AI閰嶇疆鏃犳晥锛岃妫€鏌ヨ缃?00:17 +350 ~3 -1: D:/Projects/zhidu/test/screens/settings_screen_test.dart: SettingsScreen Widget Tests rendering tests renders AppBar with correct title
00:17 +351 ~3 -1: D:/Projects/zhidu/test/screens/settings_screen_test.dart: SettingsScreen Widget Tests rendering tests renders AppBar with correct title
00:17 +351 ~3 -1: D:/Projects/zhidu/test/services/ai_service_test.dart: AIService isConfigured should return true after init with valid config
[2026-04-15 20:44:13.592] INFO    [SettingsService] 寮€濮嬪垵濮嬪寲璁剧疆鏈嶅姟
[2026-04-15 20:44:13.597] INFO    [SettingsService] 璁剧疆鏂囦欢涓嶅瓨鍦紝浣跨敤榛樿璁剧疆
[2026-04-15 20:44:13.599] INFO    [SettingsService] 璁剧疆鏈嶅姟鍒濆鍖栧畬鎴?[2026-04-15 20:44:13.606] DEBUG   [SettingsService] 璁剧疆宸蹭繚瀛樺埌: C:\Users\jjzha\AppData\Local\Temp/zhidu_ai_service_test/settings_config.json
[2026-04-15 20:44:13.607] INFO    [SettingsService] AI璁剧疆宸叉洿鏂? provider=qwen
[2026-04-15 20:44:13.607] DEBUG   [AIService] AI閰嶇疆鍔犺浇鎴愬姛: qwen, model: qwen-plus
00:18 +352 ~3 -1: D:/Projects/zhidu/test/screens/settings_screen_test.dart: SettingsScreen Widget Tests rendering tests renders AppBar with correct title
00:18 +352 ~3 -1: D:/Projects/zhidu/test/services/ai_service_test.dart: AIService generateFullChapterSummary should return null when not configured
[2026-04-15 20:44:13.644] VERBOSE [AIService] generateFullChapterSummary 寮€濮嬫墽琛? content length: 15, chapterTitle: Chapter 1
[2026-04-15 20:44:13.647] WARNING [AIService] AI鏈嶅姟鏈厤缃垨API Key鏃犳晥
00:18 +353 ~3 -1: D:/Projects/zhidu/test/screens/settings_screen_test.dart: SettingsScreen Widget Tests rendering tests renders AppBar with correct title
00:18 +354 ~3 -1: D:/Projects/zhidu/test/screens/settings_screen_test.dart: SettingsScreen Widget Tests rendering tests renders AppBar with correct title
00:18 +354 ~3 -1: D:/Projects/zhidu/test/services/ai_service_test.dart: AIService generateFullChapterSummary should call AI API when configured
[2026-04-15 20:44:13.664] INFO    [SettingsService] 寮€濮嬪垵濮嬪寲璁剧疆鏈嶅姟
[2026-04-15 20:44:13.667] INFO    [SettingsService] 璁剧疆鏂囦欢涓嶅瓨鍦紝浣跨敤榛樿璁剧疆
[2026-04-15 20:44:13.671] INFO    [SettingsService] 璁剧疆鏈嶅姟鍒濆鍖栧畬鎴?00:18 +355 ~3 -1: D:/Projects/zhidu/test/screens/settings_screen_test.dart: SettingsScreen Widget Tests rendering tests renders AppBar with correct title
00:18 +355 ~3 -1: D:/Projects/zhidu/test/services/ai_service_test.dart: AIService generateFullChapterSummary should call AI API when configured
[2026-04-15 20:44:13.686] DEBUG   [SettingsService] 璁剧疆宸蹭繚瀛樺埌: C:\Users\jjzha\AppData\Local\Temp/zhidu_ai_service_test/settings_api.json
[2026-04-15 20:44:13.687] INFO    [SettingsService] AI璁剧疆宸叉洿鏂? provider=qwen
[2026-04-15 20:44:13.688] DEBUG   [AIService] AI閰嶇疆鍔犺浇鎴愬姛: qwen, model: qwen-plus
[2026-04-15 20:44:13.689] VERBOSE [AIService] generateFullChapterSummary 寮€濮嬫墽琛? content length: 15, chapterTitle: Chapter 1
00:18 +356 ~3 -1: D:/Projects/zhidu/test/screens/settings_screen_test.dart: SettingsScreen Widget Tests rendering tests renders AppBar with correct title
00:18 +356 ~3 -1: D:/Projects/zhidu/test/services/ai_service_test.dart: AIService generateFullChapterSummary should handle API error response
[2026-04-15 20:44:13.780] INFO    [SettingsService] 寮€濮嬪垵濮嬪寲璁剧疆鏈嶅姟
[2026-04-15 20:44:13.783] INFO    [SettingsService] 璁剧疆鏂囦欢涓嶅瓨鍦紝浣跨敤榛樿璁剧疆
[2026-04-15 20:44:13.785] INFO    [SettingsService] 璁剧疆鏈嶅姟鍒濆鍖栧畬鎴?[2026-04-15 20:44:13.789] DEBUG   [SettingsService] 璁剧疆宸蹭繚瀛樺埌: C:\Users\jjzha\AppData\Local\Temp/zhidu_ai_service_test/settings_error.json
[2026-04-15 20:44:13.789] INFO    [SettingsService] AI璁剧疆宸叉洿鏂? provider=qwen
[2026-04-15 20:44:13.789] DEBUG   [AIService] AI閰嶇疆鍔犺浇鎴愬姛: qwen, model: qwen-plus
[2026-04-15 20:44:13.791] VERBOSE [AIService] generateFullChapterSummary 寮€濮嬫墽琛? content length: 15, chapterTitle: Chapter 1
[2026-04-15 20:44:13.800] ERROR   [AIService] 鏅鸿氨API璋冪敤澶辫触: 500 - Error message
00:18 +357 ~3 -1: D:/Projects/zhidu/test/screens/settings_screen_test.dart: SettingsScreen Widget Tests rendering tests renders AppBar with correct title
00:18 +357 ~3 -1: D:/Projects/zhidu/test/services/ai_service_test.dart: AIService generateFullChapterSummary should work without chapterTitle
[2026-04-15 20:44:13.823] INFO    [SettingsService] 寮€濮嬪垵濮嬪寲璁剧疆鏈嶅姟
[2026-04-15 20:44:13.823] INFO    [SettingsService] 璁剧疆鏂囦欢涓嶅瓨鍦紝浣跨敤榛樿璁剧疆
[2026-04-15 20:44:13.824] INFO    [SettingsService] 璁剧疆鏈嶅姟鍒濆鍖栧畬鎴?[2026-04-15 20:44:13.832] DEBUG   [SettingsService] 璁剧疆宸蹭繚瀛樺埌: C:\Users\jjzha\AppData\Local\Temp/zhidu_ai_service_test/settings_notitle.json
[2026-04-15 20:44:13.833] INFO    [SettingsService] AI璁剧疆宸叉洿鏂? provider=qwen
[2026-04-15 20:44:13.835] DEBUG   [AIService] AI閰嶇疆鍔犺浇鎴愬姛: qwen, model: qwen-plus
[2026-04-15 20:44:13.837] VERBOSE [AIService] generateFullChapterSummary 寮€濮嬫墽琛? content length: 15, chapterTitle: null
00:18 +358 ~3 -1: D:/Projects/zhidu/test/screens/settings_screen_test.dart: SettingsScreen Widget Tests rendering tests renders AppBar with correct title
00:18 +358 ~3 -1: D:/Projects/zhidu/test/services/ai_service_test.dart: AIService generateFullChapterSummary should handle malformed response
[2026-04-15 20:44:13.859] INFO    [SettingsService] 寮€濮嬪垵濮嬪寲璁剧疆鏈嶅姟
[2026-04-15 20:44:13.862] INFO    [SettingsService] 璁剧疆鏂囦欢涓嶅瓨鍦紝浣跨敤榛樿璁剧疆
[2026-04-15 20:44:13.863] INFO    [SettingsService] 璁剧疆鏈嶅姟鍒濆鍖栧畬鎴?[2026-04-15 20:44:13.872] DEBUG   [SettingsService] 璁剧疆宸蹭繚瀛樺埌: C:\Users\jjzha\AppData\Local\Temp/zhidu_ai_service_test/settings_malformed.json
[2026-04-15 20:44:13.873] INFO    [SettingsService] AI璁剧疆宸叉洿鏂? provider=qwen
[2026-04-15 20:44:13.873] DEBUG   [AIService] AI閰嶇疆鍔犺浇鎴愬姛: qwen, model: qwen-plus
[2026-04-15 20:44:13.873] VERBOSE [AIService] generateFullChapterSummary 寮€濮嬫墽琛? content length: 7, chapterTitle: null
[2026-04-15 20:44:13.882] ERROR   [AIService] 鐢熸垚瀹屾暣绔犺妭鎽樿澶辫触
Error: RangeError (length): Invalid value: Valid value range is empty: 0
00:18 +359 ~3 -1: D:/Projects/zhidu/test/screens/settings_screen_test.dart: SettingsScreen Widget Tests rendering tests renders AppBar with correct title
00:18 +359 ~3 -1: D:/Projects/zhidu/test/services/ai_service_test.dart: AIService generateBookSummaryFromPreface should return null when not configured
[2026-04-15 20:44:13.906] VERBOSE [AIService] generateBookSummaryFromPreface 寮€濮嬫墽琛? title: Book Title, author: Author, prefaceContent length: 15
[2026-04-15 20:44:13.906] WARNING [AIService] AI鏈嶅姟鏈厤缃垨API Key鏃犳晥
00:18 +360 ~3 -1: D:/Projects/zhidu/test/screens/settings_screen_test.dart: SettingsScreen Widget Tests rendering tests renders AppBar with correct title
00:18 +360 ~3 -1: D:/Projects/zhidu/test/services/ai_service_test.dart: AIService generateBookSummaryFromPreface should call AI API with correct parameters
[2026-04-15 20:44:13.922] INFO    [SettingsService] 寮€濮嬪垵濮嬪寲璁剧疆鏈嶅姟
[2026-04-15 20:44:13.923] INFO    [SettingsService] 璁剧疆鏂囦欢涓嶅瓨鍦紝浣跨敤榛樿璁剧疆
[2026-04-15 20:44:13.923] INFO    [SettingsService] 璁剧疆鏈嶅姟鍒濆鍖栧畬鎴?[2026-04-15 20:44:13.940] DEBUG   [SettingsService] 璁剧疆宸蹭繚瀛樺埌: C:\Users\jjzha\AppData\Local\Temp/zhidu_ai_service_test/settings_preface.json
[2026-04-15 20:44:13.941] INFO    [SettingsService] AI璁剧疆宸叉洿鏂? provider=qwen
[2026-04-15 20:44:13.948] DEBUG   [AIService] AI閰嶇疆鍔犺浇鎴愬姛: qwen, model: qwen-plus
[2026-04-15 20:44:13.951] VERBOSE [AIService] generateBookSummaryFromPreface 寮€濮嬫墽琛? title: Book Title, author: Author, prefaceContent length: 15
00:18 +361 ~3 -1: D:/Projects/zhidu/test/screens/settings_screen_test.dart: SettingsScreen Widget Tests rendering tests renders AppBar with correct title
00:18 +361 ~3 -1: D:/Projects/zhidu/test/services/ai_service_test.dart: AIService generateBookSummaryFromPreface should work without totalChapters
[2026-04-15 20:44:14.004] INFO    [SettingsService] 寮€濮嬪垵濮嬪寲璁剧疆鏈嶅姟
[2026-04-15 20:44:14.006] INFO    [SettingsService] 璁剧疆鏂囦欢涓嶅瓨鍦紝浣跨敤榛樿璁剧疆
[2026-04-15 20:44:14.006] INFO    [SettingsService] 璁剧疆鏈嶅姟鍒濆鍖栧畬鎴?[2026-04-15 20:44:14.009] DEBUG   [SettingsService] 璁剧疆宸蹭繚瀛樺埌: C:\Users\jjzha\AppData\Local\Temp/zhidu_ai_service_test/settings_preface2.json
[2026-04-15 20:44:14.011] INFO    [SettingsService] AI璁剧疆宸叉洿鏂? provider=qwen
[2026-04-15 20:44:14.012] DEBUG   [AIService] AI閰嶇疆鍔犺浇鎴愬姛: qwen, model: qwen-plus
[2026-04-15 20:44:14.014] VERBOSE [AIService] generateBookSummaryFromPreface 寮€濮嬫墽琛? title: Book, author: Author, prefaceContent length: 7
00:18 +362 ~3 -1: D:/Projects/zhidu/test/screens/settings_screen_test.dart: SettingsScreen Widget Tests rendering tests renders AppBar with correct title
00:18 +362 ~3 -1: D:/Projects/zhidu/test/services/ai_service_test.dart: AIService generateBookSummaryFromPreface should handle API error
[2026-04-15 20:44:14.062] INFO    [SettingsService] 寮€濮嬪垵濮嬪寲璁剧疆鏈嶅姟
[2026-04-15 20:44:14.064] INFO    [SettingsService] 璁剧疆鏂囦欢涓嶅瓨鍦紝浣跨敤榛樿璁剧疆
[2026-04-15 20:44:14.065] INFO    [SettingsService] 璁剧疆鏈嶅姟鍒濆鍖栧畬鎴?00:18 +363 ~3 -1: D:/Projects/zhidu/test/screens/summary_screen_test.dart: SummaryScreen Widget Tests rendering tests renders AppBar with chapter title
00:18 +363 ~3 -1: D:/Projects/zhidu/test/services/ai_service_test.dart: AIService generateBookSummaryFromPreface should handle API error
[2026-04-15 20:44:14.071] DEBUG   [SettingsService] 璁剧疆宸蹭繚瀛樺埌: C:\Users\jjzha\AppData\Local\Temp/zhidu_ai_service_test/settings_preface3.json
[2026-04-15 20:44:14.071] INFO    [SettingsService] AI璁剧疆宸叉洿鏂? provider=qwen
[2026-04-15 20:44:14.071] DEBUG   [AIService] AI閰嶇疆鍔犺浇鎴愬姛: qwen, model: qwen-plus
[2026-04-15 20:44:14.072] VERBOSE [AIService] generateBookSummaryFromPreface 寮€濮嬫墽琛? title: Book, author: Author, prefaceContent length: 7
[2026-04-15 20:44:14.074] ERROR   [AIService] 鏅鸿氨API璋冪敤澶辫触: 401 - Error
00:18 +364 ~3 -1: D:/Projects/zhidu/test/screens/summary_screen_test.dart: SummaryScreen Widget Tests rendering tests renders AppBar with chapter title
00:18 +364 ~3 -1: D:/Projects/zhidu/test/services/ai_service_test.dart: AIService generateBookSummary should return null when not configured
[2026-04-15 20:44:14.102] VERBOSE [AIService] generateBookSummary 寮€濮嬫墽琛? title: Book Title, author: Author, chapterSummaries length: 17
[2026-04-15 20:44:14.103] WARNING [AIService] AI鏈嶅姟鏈厤缃垨API Key鏃犳晥
00:18 +365 ~3 -1: D:/Projects/zhidu/test/screens/summary_screen_test.dart: SummaryScreen Widget Tests rendering tests renders AppBar with chapter title
00:18 +365 ~3 -1: D:/Projects/zhidu/test/services/ai_service_test.dart: AIService generateBookSummary should call AI API with correct parameters
[2026-04-15 20:44:14.123] INFO    [SettingsService] 寮€濮嬪垵濮嬪寲璁剧疆鏈嶅姟
[2026-04-15 20:44:14.124] INFO    [SettingsService] 璁剧疆鏂囦欢涓嶅瓨鍦紝浣跨敤榛樿璁剧疆
[2026-04-15 20:44:14.125] INFO    [SettingsService] 璁剧疆鏈嶅姟鍒濆鍖栧畬鎴?[2026-04-15 20:44:14.134] DEBUG   [SettingsService] 璁剧疆宸蹭繚瀛樺埌: C:\Users\jjzha\AppData\Local\Temp/zhidu_ai_service_test/settings_book.json
00:18 +366 ~3 -1: D:/Projects/zhidu/test/screens/summary_screen_test.dart: SummaryScreen Widget Tests rendering tests renders AppBar with chapter title
00:18 +366 ~3 -1: D:/Projects/zhidu/test/services/ai_service_test.dart: AIService generateBookSummary should call AI API with correct parameters
[2026-04-15 20:44:14.134] INFO    [SettingsService] AI璁剧疆宸叉洿鏂? provider=qwen
[2026-04-15 20:44:14.134] DEBUG   [AIService] AI閰嶇疆鍔犺浇鎴愬姛: qwen, model: qwen-plus
[2026-04-15 20:44:14.154] VERBOSE [AIService] generateBookSummary 寮€濮嬫墽琛? title: Book Title, author: Author, chapterSummaries length: 17
00:18 +367 ~3 -1: D:/Projects/zhidu/test/screens/summary_screen_test.dart: SummaryScreen Widget Tests rendering tests renders AppBar with chapter title
00:18 +367 ~3 -1: D:/Projects/zhidu/test/services/ai_service_test.dart: AIService generateBookSummary should work without totalChapters
[2026-04-15 20:44:14.186] INFO    [SettingsService] 寮€濮嬪垵濮嬪寲璁剧疆鏈嶅姟
[2026-04-15 20:44:14.188] INFO    [SettingsService] 璁剧疆鏂囦欢涓嶅瓨鍦紝浣跨敤榛樿璁剧疆
[2026-04-15 20:44:14.188] INFO    [SettingsService] 璁剧疆鏈嶅姟鍒濆鍖栧畬鎴?[2026-04-15 20:44:14.194] DEBUG   [SettingsService] 璁剧疆宸蹭繚瀛樺埌: C:\Users\jjzha\AppData\Local\Temp/zhidu_ai_service_test/settings_book2.json
[2026-04-15 20:44:14.197] INFO    [SettingsService] AI璁剧疆宸叉洿鏂? provider=qwen
[2026-04-15 20:44:14.198] DEBUG   [AIService] AI閰嶇疆鍔犺浇鎴愬姛: qwen, model: qwen-plus
[2026-04-15 20:44:14.198] VERBOSE [AIService] generateBookSummary 寮€濮嬫墽琛? title: Book, author: Author, chapterSummaries length: 9
00:18 +368 ~3 -1: D:/Projects/zhidu/test/screens/summary_screen_test.dart: SummaryScreen Widget Tests rendering tests renders AppBar with chapter title
00:18 +368 ~3 -1: D:/Projects/zhidu/test/services/ai_service_test.dart: AIService generateBookSummary should handle API error
[2026-04-15 20:44:14.232] INFO    [SettingsService] 寮€濮嬪垵濮嬪寲璁剧疆鏈嶅姟
[2026-04-15 20:44:14.236] INFO    [SettingsService] 璁剧疆鏂囦欢涓嶅瓨鍦紝浣跨敤榛樿璁剧疆
[2026-04-15 20:44:14.237] INFO    [SettingsService] 璁剧疆鏈嶅姟鍒濆鍖栧畬鎴?[2026-04-15 20:44:14.243] DEBUG   [SettingsService] 璁剧疆宸蹭繚瀛樺埌: C:\Users\jjzha\AppData\Local\Temp/zhidu_ai_service_test/settings_book3.json
[2026-04-15 20:44:14.249] INFO    [SettingsService] AI璁剧疆宸叉洿鏂? provider=qwen
[2026-04-15 20:44:14.250] DEBUG   [AIService] AI閰嶇疆鍔犺浇鎴愬姛: qwen, model: qwen-plus
[2026-04-15 20:44:14.250] VERBOSE [AIService] generateBookSummary 寮€濮嬫墽琛? title: Book, author: Author, chapterSummaries length: 9
[2026-04-15 20:44:14.252] ERROR   [AIService] 鏅鸿氨API璋冪敤澶辫触: 503 - Error
00:18 +369 ~3 -1: D:/Projects/zhidu/test/screens/summary_screen_test.dart: SummaryScreen Widget Tests rendering tests renders AppBar with chapter title
00:18 +369 ~3 -1: D:/Projects/zhidu/test/services/ai_service_test.dart: AIService SettingsService Integration reloadConfig() loads from SettingsService
[2026-04-15 20:44:14.272] INFO    [SettingsService] 寮€濮嬪垵濮嬪寲璁剧疆鏈嶅姟
[2026-04-15 20:44:14.274] INFO    [SettingsService] 璁剧疆鏂囦欢涓嶅瓨鍦紝浣跨敤榛樿璁剧疆
[2026-04-15 20:44:14.274] INFO    [SettingsService] 璁剧疆鏈嶅姟鍒濆鍖栧畬鎴?[2026-04-15 20:44:14.287] DEBUG   [SettingsService] 璁剧疆宸蹭繚瀛樺埌: C:\Users\jjzha\AppData\Local\Temp/zhidu_ai_service_test/settings.json
[2026-04-15 20:44:14.288] INFO    [SettingsService] AI璁剧疆宸叉洿鏂? provider=qwen
[2026-04-15 20:44:14.288] DEBUG   [AIService] AI閰嶇疆鍔犺浇鎴愬姛: qwen, model: qwen-plus
00:18 +370 ~3 -1: D:/Projects/zhidu/test/screens/summary_screen_test.dart: SummaryScreen Widget Tests rendering tests renders AppBar with chapter title
00:18 +370 ~3 -1: D:/Projects/zhidu/test/services/ai_service_test.dart: AIService SettingsService Integration reloadConfig() handles missing configuration
[2026-04-15 20:44:14.307] INFO    [SettingsService] 寮€濮嬪垵濮嬪寲璁剧疆鏈嶅姟
[2026-04-15 20:44:14.309] INFO    [SettingsService] 璁剧疆鏂囦欢涓嶅瓨鍦紝浣跨敤榛樿璁剧疆
[2026-04-15 20:44:14.312] INFO    [SettingsService] 璁剧疆鏈嶅姟鍒濆鍖栧畬鎴?[2026-04-15 20:44:14.312] WARNING [AIService] AI閰嶇疆鏃犳晥锛岃妫€鏌ヨ缃?00:18 +371 ~3 -1: D:/Projects/zhidu/test/screens/summary_screen_test.dart: SummaryScreen Widget Tests rendering tests renders AppBar with chapter title
00:18 +372 ~3 -1: D:/Projects/zhidu/test/screens/summary_screen_test.dart: SummaryScreen Widget Tests rendering tests renders AppBar with chapter title
00:18 +372 ~3 -1: D:/Projects/zhidu/test/services/ai_service_test.dart: AIService SettingsService Integration isConfigured reflects SettingsService state
[2026-04-15 20:44:14.333] INFO    [SettingsService] 寮€濮嬪垵濮嬪寲璁剧疆鏈嶅姟
[2026-04-15 20:44:14.337] INFO    [SettingsService] 璁剧疆鏂囦欢涓嶅瓨鍦紝浣跨敤榛樿璁剧疆
[2026-04-15 20:44:14.338] INFO    [SettingsService] 璁剧疆鏈嶅姟鍒濆鍖栧畬鎴?[2026-04-15 20:44:14.339] WARNING [AIService] AI閰嶇疆鏃犳晥锛岃妫€鏌ヨ缃?[2026-04-15 20:44:14.345] DEBUG   [SettingsService] 璁剧疆宸蹭繚瀛樺埌: C:\Users\jjzha\AppData\Local\Temp/zhidu_ai_service_test/settings2.json
[2026-04-15 20:44:14.345] INFO    [SettingsService] AI璁剧疆宸叉洿鏂? provider=qwen
[2026-04-15 20:44:14.346] DEBUG   [AIService] AI閰嶇疆鍔犺浇鎴愬姛: qwen, model: qwen-plus
00:18 +373 ~3 -1: D:/Projects/zhidu/test/screens/summary_screen_test.dart: SummaryScreen Widget Tests rendering tests renders AppBar with chapter title
00:18 +373 ~3 -1: D:/Projects/zhidu/test/services/ai_service_test.dart: AIService SettingsService Integration Changes in SettingsService trigger reload
[2026-04-15 20:44:14.364] INFO    [SettingsService] 寮€濮嬪垵濮嬪寲璁剧疆鏈嶅姟
[2026-04-15 20:44:14.367] INFO    [SettingsService] 璁剧疆鏂囦欢涓嶅瓨鍦紝浣跨敤榛樿璁剧疆
[2026-04-15 20:44:14.368] INFO    [SettingsService] 璁剧疆鏈嶅姟鍒濆鍖栧畬鎴?[2026-04-15 20:44:14.377] DEBUG   [SettingsService] 璁剧疆宸蹭繚瀛樺埌: C:\Users\jjzha\AppData\Local\Temp/zhidu_ai_service_test/settings3.json
[2026-04-15 20:44:14.379] INFO    [SettingsService] AI璁剧疆宸叉洿鏂? provider=qwen
[2026-04-15 20:44:14.380] DEBUG   [AIService] AI閰嶇疆鍔犺浇鎴愬姛: qwen, model: qwen-plus
[2026-04-15 20:44:14.382] DEBUG   [AIService] AI璁剧疆鍙戠敓鍙樺寲锛岄噸鏂板姞杞介厤缃?[2026-04-15 20:44:14.383] WARNING [AIService] AI閰嶇疆鏃犳晥锛岃妫€鏌ヨ缃?[2026-04-15 20:44:14.386] DEBUG   [SettingsService] 璁剧疆宸蹭繚瀛樺埌: C:\Users\jjzha\AppData\Local\Temp/zhidu_ai_service_test/settings3.json
[2026-04-15 20:44:14.386] INFO    [SettingsService] AI璁剧疆宸叉洿鏂? provider=qwen
00:18 +374 ~3 -1: D:/Projects/zhidu/test/screens/summary_screen_test.dart: SummaryScreen Widget Tests rendering tests renders AppBar with chapter title
00:18 +374 ~3 -1: D:/Projects/zhidu/test/services/ai_service_test.dart: AIService SettingsService Integration updateConfig updates configuration directly
[2026-04-15 20:44:14.511] DEBUG   [AIService] 閰嶇疆宸叉洿鏂? provider=qwen, model=qwen-plus
00:18 +375 ~3 -1: D:/Projects/zhidu/test/screens/summary_screen_test.dart: SummaryScreen Widget Tests rendering tests renders AppBar with chapter title
00:18 +375 ~3 -1: D:/Projects/zhidu/test/screens/home_screen_test.dart: BookshelfScreen empty state shows search_off icon when searching
[2026-04-15 20:44:13.534] VERBOSE [BookshelfScreen] build 寮€濮嬫墽琛? searchQuery: 
[2026-04-15 20:44:13.537] VERBOSE [BookshelfScreen] build 鎵惧埌涔︾睄鏁伴噺: 0
[2026-04-15 20:44:14.280] VERBOSE [BookshelfScreen] build 寮€濮嬫墽琛? searchQuery: nonexistent
[2026-04-15 20:44:14.282] VERBOSE [BookshelfScreen] build 鎵惧埌涔︾睄鏁伴噺: 0
[2026-04-15 20:44:14.485] VERBOSE [BookshelfScreen] dispose 寮€濮嬫墽琛?[2026-04-15 20:44:14.486] VERBOSE [BookshelfScreen] dispose 鎵ц瀹屾垚
00:18 +376 ~3 -1: D:/Projects/zhidu/test/screens/summary_screen_test.dart: SummaryScreen Widget Tests rendering tests renders AppBar with chapter title
00:18 +377 ~3 -1: D:/Projects/zhidu/test/screens/summary_screen_test.dart: SummaryScreen Widget Tests rendering tests renders AppBar with chapter title
00:18 +378 ~3 -1: D:/Projects/zhidu/test/screens/summary_screen_test.dart: SummaryScreen Widget Tests rendering tests renders AppBar with chapter title
00:18 +379 ~3 -1: D:/Projects/zhidu/test/screens/summary_screen_test.dart: SummaryScreen Widget Tests rendering tests renders AppBar with chapter title
00:18 +380 ~3 -1: D:/Projects/zhidu/test/screens/summary_screen_test.dart: SummaryScreen Widget Tests rendering tests renders AppBar with chapter title
00:19 +381 ~3 -1: D:/Projects/zhidu/test/screens/summary_screen_test.dart: SummaryScreen Widget Tests rendering tests renders AppBar with chapter title
00:19 +382 ~3 -1: D:/Projects/zhidu/test/screens/summary_screen_test.dart: SummaryScreen Widget Tests rendering tests renders AppBar with chapter title
00:19 +383 ~3 -1: D:/Projects/zhidu/test/screens/summary_screen_test.dart: SummaryScreen Widget Tests rendering tests renders AppBar with chapter title
00:19 +384 ~3 -1: D:/Projects/zhidu/test/screens/summary_screen_test.dart: SummaryScreen Widget Tests rendering tests renders AppBar with chapter title
00:19 +384 ~3 -1: D:/Projects/zhidu/test/screens/book_detail_screen_test.dart: BookDetailScreen toggles to chapter structure view on button tap
[2026-04-15 20:44:13.580] VERBOSE [BookDetailScreen] _loadChapters 寮€濮嬫墽琛?00:19 +385 ~3 -1: D:/Projects/zhidu/test/screens/summary_screen_test.dart: SummaryScreen Widget Tests rendering tests renders AppBar with chapter title
00:19 +385 ~3 -1: D:/Projects/zhidu/test/screens/book_detail_screen_test.dart: BookDetailScreen toggles to chapter structure view on button tap
[2026-04-15 20:44:13.582] DEBUG   [BookDetailScreen] AI鏈嶅姟鏈厤缃紝璺宠繃棰勭敓鎴?[2026-04-15 20:44:13.722] DEBUG   [BookDetailScreen] 绔犺妭鍔犺浇瀹屾垚: 3 涓珷鑺?00:19 +386 ~3 -1: D:/Projects/zhidu/test/screens/summary_screen_test.dart: SummaryScreen Widget Tests rendering tests renders AppBar with chapter title
00:19 +387 ~3 -1: D:/Projects/zhidu/test/screens/summary_screen_test.dart: SummaryScreen Widget Tests rendering tests renders AppBar with chapter title
00:19 +388 ~3 -1: D:/Projects/zhidu/test/screens/summary_screen_test.dart: SummaryScreen Widget Tests rendering tests renders AppBar with chapter title
00:19 +389 ~3 -1: D:/Projects/zhidu/test/screens/summary_screen_test.dart: SummaryScreen Widget Tests rendering tests renders AppBar with chapter title
00:19 +390 ~3 -1: D:/Projects/zhidu/test/screens/summary_screen_test.dart: SummaryScreen Widget Tests rendering tests renders AppBar with chapter title
00:19 +391 ~3 -1: D:/Projects/zhidu/test/screens/summary_screen_test.dart: SummaryScreen Widget Tests rendering tests renders AppBar with chapter title
00:19 +392 ~3 -1: D:/Projects/zhidu/test/screens/summary_screen_test.dart: SummaryScreen Widget Tests rendering tests renders AppBar with chapter title
00:19 +393 ~3 -1: D:/Projects/zhidu/test/screens/summary_screen_test.dart: SummaryScreen Widget Tests rendering tests renders AppBar with chapter title
00:19 +394 ~3 -1: D:/Projects/zhidu/test/screens/summary_screen_test.dart: SummaryScreen Widget Tests rendering tests renders AppBar with chapter title
00:19 +395 ~3 -1: D:/Projects/zhidu/test/screens/summary_screen_test.dart: SummaryScreen Widget Tests rendering tests renders AppBar with chapter title
00:19 +396 ~3 -1: D:/Projects/zhidu/test/screens/summary_screen_test.dart: SummaryScreen Widget Tests rendering tests renders AppBar with chapter title
00:19 +397 ~3 -1: D:/Projects/zhidu/test/screens/summary_screen_test.dart: SummaryScreen Widget Tests rendering tests renders AppBar with chapter title
00:19 +398 ~3 -1: D:/Projects/zhidu/test/screens/summary_screen_test.dart: SummaryScreen Widget Tests rendering tests renders AppBar with chapter title
00:19 +398 ~3 -1: D:/Projects/zhidu/test/screens/book_detail_screen_test.dart: BookDetailScreen shows chapter list in structure view
[2026-04-15 20:44:14.751] VERBOSE [BookDetailScreen] _loadChapters 寮€濮嬫墽琛?[2026-04-15 20:44:14.754] DEBUG   [BookDetailScreen] AI鏈嶅姟鏈厤缃紝璺宠繃棰勭敓鎴?[2026-04-15 20:44:14.887] DEBUG   [BookDetailScreen] 绔犺妭鍔犺浇瀹屾垚: 5 涓珷鑺?00:19 +399 ~3 -1: D:/Projects/zhidu/test/screens/summary_screen_test.dart: SummaryScreen Widget Tests rendering tests renders AppBar with chapter title
00:19 +400 ~3 -1: D:/Projects/zhidu/test/screens/summary_screen_test.dart: SummaryScreen Widget Tests rendering tests renders AppBar with chapter title
00:19 +401 ~3 -1: D:/Projects/zhidu/test/screens/summary_screen_test.dart: SummaryScreen Widget Tests rendering tests renders AppBar with chapter title
Package file_picker:linux references file_picker:linux as the default plugin, but it does not provide an inline impleme
ntation.
Ask the maintainers of file_picker to either avoid referencing a default implementation via `platforms: linux: default_
package: file_picker` or add an inline implementation to file_picker via `platforms: linux:` `pluginClass` or `dartPlug
inClass`.

Package file_picker:macos references file_picker:macos as the default plugin, but it does not provide an inline impleme
ntation.
Ask the maintainers of file_picker to either avoid referencing a default implementation via `platforms: macos: default_
package: file_picker` or add an inline implementation to file_picker via `platforms: macos:` `pluginClass` or `dartPlug
inClass`.

Package file_picker:windows references file_picker:windows as the default plugin, but it does not provide an inline imp
lementation.
Ask the maintainers of file_picker to either avoid referencing a default implementation via `platforms: windows: defaul
t_package: file_picker` or add an inline implementation to file_picker via `platforms: windows:` `pluginClass` or `dart
PluginClass`.

00:19 +402 ~3 -1: D:/Projects/zhidu/test/screens/summary_screen_test.dart: SummaryScreen Widget Tests rendering tests renders AppBar with chapter title
00:19 +403 ~3 -1: D:/Projects/zhidu/test/screens/summary_screen_test.dart: SummaryScreen Widget Tests rendering tests renders AppBar with chapter title
[2026-04-15 20:44:15.143] VERBOSE [SummaryService] getSummary 寮€濮嬫墽琛? bookId: test-book-1, chapterIndex: 0
00:19 +404 ~3 -1: D:/Projects/zhidu/test/screens/backup_settings_screen_test.dart: BackupSettingsScreen Widget Tests interaction tests toggle enables auto backup when switched on
00:19 +404 ~3 -1: D:/Projects/zhidu/test/services/book_service_file_import_test.dart: BookService real file import importBookFromPath imports EPUB file successfully
[2026-04-15 20:44:15.536] VERBOSE [BookService] init 寮€濮嬫墽琛?[2026-04-15 20:44:15.596] VERBOSE [FileStorageService] 鏂囦欢涓嶅瓨鍦? C:\Users\jjzha\AppData\Local\Temp/zhidu_book_test_1776257055500\zhidu\books.json
00:20 +404 ~3 -1: D:/Projects/zhidu/test/screens/backup_settings_screen_test.dart: BackupSettingsScreen Widget Tests interaction tests toggle enables auto backup when switched on
[2026-04-15 20:44:15.634] INFO    [SettingsService] 瀛樺偍璁剧疆宸叉洿鏂?00:20 +404 ~3 -1: D:/Projects/zhidu/test/services/book_service_file_import_test.dart: BookService real file import importBookFromPath imports EPUB file successfully
[2026-04-15 20:44:15.601] VERBOSE [BookService] init 鎵ц瀹屾垚, 鍔犺浇涔︾睄鏁伴噺: 0
00:20 +405 ~3 -1: D:/Projects/zhidu/test/screens/backup_settings_screen_test.dart: BackupSettingsScreen Widget Tests interaction tests toggle enables auto backup when switched on
00:20 +405 ~3 -1: D:/Projects/zhidu/test/services/book_service_file_import_test.dart: BookService real file import importBookFromPath imports EPUB file successfully
[2026-04-15 20:44:15.605] VERBOSE [BookService] importBookFromPath 寮€濮嬫墽琛? D:\Projects\zhidu\test\Vibe Coding AI Bian Cheng Wan Q - Tan Xing Xing.epub
00:20 +405 ~3 -1: D:/Projects/zhidu/test/screens/book_detail_screen_test.dart: BookDetailScreen shows empty chapters message when no chapters
[2026-04-15 20:44:15.359] VERBOSE [BookDetailScreen] _loadChapters 寮€濮嬫墽琛?[2026-04-15 20:44:15.363] DEBUG   [BookDetailScreen] AI鏈嶅姟鏈厤缃紝璺宠繃棰勭敓鎴?[2026-04-15 20:44:15.461] DEBUG   [BookDetailScreen] 绔犺妭鍔犺浇瀹屾垚: 0 涓珷鑺?00:20 +406 ~3 -1: D:/Projects/zhidu/test/screens/backup_settings_screen_test.dart: BackupSettingsScreen Widget Tests interaction tests toggle enables auto backup when switched on
00:20 +407 ~3 -1: D:/Projects/zhidu/test/screens/backup_settings_screen_test.dart: BackupSettingsScreen Widget Tests interaction tests toggle enables auto backup when switched on
00:20 +408 ~3 -1: D:/Projects/zhidu/test/screens/backup_settings_screen_test.dart: BackupSettingsScreen Widget Tests interaction tests toggle enables auto backup when switched on
00:20 +409 ~3 -1: D:/Projects/zhidu/test/screens/backup_settings_screen_test.dart: BackupSettingsScreen Widget Tests interaction tests toggle enables auto backup when switched on
00:20 +410 ~3 -1: D:/Projects/zhidu/test/screens/ai_config_screen_test.dart: AiConfigScreen Widget Tests interaction tests changing provider updates model options
00:20 +410 ~3 -1: D:/Projects/zhidu/test/screens/summary_screen_test.dart: SummaryScreen Widget Tests rendering tests renders Scaffold with body
[2026-04-15 20:44:16.072] VERBOSE [SummaryService] getSummary 寮€濮嬫墽琛? bookId: test-book-1, chapterIndex: 0
00:20 +411 ~3 -1: D:/Projects/zhidu/test/screens/ai_config_screen_test.dart: AiConfigScreen Widget Tests interaction tests changing provider updates model options
00:20 +411 ~3 -1: D:/Projects/zhidu/test/screens/book_detail_screen_test.dart: BookDetailScreen shows chapter titles in list
[2026-04-15 20:44:15.792] VERBOSE [BookDetailScreen] _loadChapters 寮€濮嬫墽琛?[2026-04-15 20:44:15.837] DEBUG   [BookDetailScreen] AI鏈嶅姟鏈厤缃紝璺宠繃棰勭敓鎴?[2026-04-15 20:44:16.009] DEBUG   [BookDetailScreen] 绔犺妭鍔犺浇瀹屾垚: 2 涓珷鑺?00:20 +412 ~3 -1: D:/Projects/zhidu/test/screens/ai_config_screen_test.dart: AiConfigScreen Widget Tests interaction tests changing provider updates model options
00:21 +412 ~3 -1: D:/Projects/zhidu/test/services/book_service_file_import_test.dart: BookService real file import importBookFromPath imports EPUB file successfully
[2026-04-15 20:44:15.606] DEBUG   [BookService] 寮€濮嬪鍏ヤ功绫? D:\Projects\zhidu\test\Vibe Coding AI Bian Cheng Wan Q - Tan Xing Xing.epub
[2026-04-15 20:44:15.612] DEBUG   [BookService] 寮€濮嬭В鏋怑PUB...
[2026-04-15 20:44:15.619] VERBOSE [EpubService] parseEpubFile 寮€濮嬫墽琛? filePath: D:\Projects\zhidu\test\Vibe Coding AI Bian Cheng Wan Q - Tan Xing Xing.epub
[2026-04-15 20:44:15.621] DEBUG   [EpubService] 寮€濮嬭В鏋愭枃浠?D:\Projects\zhidu\test\Vibe Coding AI Bian Cheng Wan Q - Tan Xing Xing.epub
[2026-04-15 20:44:15.623] DEBUG   [EpubService] 璇诲彇鏂囦欢瀛楄妭...
[2026-04-15 20:44:15.657] DEBUG   [EpubService] 鏂囦欢澶у皬: 995199 bytes
[2026-04-15 20:44:15.658] DEBUG   [EpubService] 瑙ｆ瀽EPUB缁撴瀯...
[2026-04-15 20:44:16.457] ERROR   [EpubService] 浣跨敤EpubReader瑙ｆ瀽澶辫触
Error: Exception: Incorrect EPUB manifest: item with href = "cover.jpg" is missing.
[2026-04-15 20:44:16.458] ERROR   [EpubService] 鍫嗘爤
Error: #0      BookCoverReader.readBookCover (package:epub_plus/src/readers/book_cover_reader.dart:36:7)
#1      EpubBookRef.readCover (package:epub_plus/src/ref_entities/epub_book_ref.dart:56:34)
#2      EpubReader.readBook (package:epub_plus/src/epub_reader.dart:102:42)
<asynchronous suspension>
#3      EpubService.parseEpubFile (package:zhidu/services/epub_service.dart:104:26)
<asynchronous suspension>
#4      BookService.importBookFromPath (package:zhidu/services/book_service.dart:184:16)
<asynchronous suspension>
#5      main.<anonymous closure>.<anonymous closure>.<anonymous closure> (file:///D:/Projects/zhidu/test/services/book_service_file_import_test.dart:36:22)
<asynchronous suspension>
#6      Declarer.test.<anonymous closure>.<anonymous closure> (package:test_api/src/backend/declarer.dart:253:15)
<asynchronous suspension>
#7      Declarer.test.<anonymous closure> (package:test_api/src/backend/declarer.dart:250:11)
<asynchronous suspension>
#8      Invoker._waitForOutstandingCallbacks.<anonymous closure> (package:test_api/src/backend/invoker.dart:318:9)
<asynchronous suspension>

[2026-04-15 20:44:16.458] DEBUG   [EpubService] 灏濊瘯浣跨敤archive鐩存帴瑙ｆ瀽EPUB...
[2026-04-15 20:44:16.461] VERBOSE [EpubService] _parseContainerXml 寮€濮嬫墽琛? archive files count: 30
[2026-04-15 20:44:16.465] DEBUG   [EpubService] OPF 鏂囦欢璺緞: EPUB/content.opf
[2026-04-15 20:44:16.468] DEBUG   [EpubService] 浠巆ontainer.xml鑾峰彇鏍囬: null
[2026-04-15 20:44:16.469] DEBUG   [EpubService] 浠巆ontainer.xml鑾峰彇浣滆€? null
[2026-04-15 20:44:16.472] VERBOSE [EpubService] _parseOpfFile 寮€濮嬫墽琛? archive files count: 30
[2026-04-15 20:44:16.473] VERBOSE [EpubService] _parseContainerXml 寮€濮嬫墽琛? archive files count: 30
[2026-04-15 20:44:16.474] DEBUG   [EpubService] OPF 鏂囦欢璺緞: EPUB/content.opf
Package file_picker:linux references file_picker:linux as the default plugin, but it does not provide an inline impleme
ntation.
Ask the maintainers of file_picker to either avoid referencing a default implementation via `platforms: linux: default_
package: file_picker` or add an inline implementation to file_picker via `platforms: linux:` `pluginClass` or `dartPlug
inClass`.

Package file_picker:macos references file_picker:macos as the default plugin, but it does not provide an inline impleme
ntation.
Ask the maintainers of file_picker to either avoid referencing a default implementation via `platforms: macos: default_
package: file_picker` or add an inline implementation to file_picker via `platforms: macos:` `pluginClass` or `dartPlug
inClass`.

Package file_picker:windows references file_picker:windows as the default plugin, but it does not provide an inline imp
lementation.
Ask the maintainers of file_picker to either avoid referencing a default implementation via `platforms: windows: defaul
t_package: file_picker` or add an inline implementation to file_picker via `platforms: windows:` `pluginClass` or `dart
PluginClass`.

[2026-04-15 20:44:16.491] DEBUG   [EpubService] OPF 瑙ｆ瀽缁撴灉 - 鏍囬: Vibe Coding AI 缂栫▼瀹屽叏鎵嬪唽, 浣滆€? 璋槦鏄?钁?[2026-04-15 20:44:16.491] DEBUG   [EpubService] 浠嶰PF鑾峰彇鏍囬: Vibe Coding AI 缂栫▼瀹屽叏鎵嬪唽
[2026-04-15 20:44:16.492] DEBUG   [EpubService] 浠嶰PF鑾峰彇浣滆€? 璋槦鏄?钁?00:21 +412 ~3 -1: D:/Projects/zhidu/test/screens/summary_screen_test.dart: SummaryScreen Widget Tests rendering tests shows generate summary button when no summary
[2026-04-15 20:44:16.860] VERBOSE [SummaryService] getSummary 寮€濮嬫墽琛? bookId: test-book-1, chapterIndex: 0
00:21 +412 ~3 -1: D:/Projects/zhidu/test/services/book_service_file_import_test.dart: BookService real file import importBookFromPath imports EPUB file successfully
[2026-04-15 20:44:16.493] VERBOSE [EpubService] _parseNavigationFile 寮€濮嬫墽琛? archive files count: 30
00:21 +413 ~3 -1: D:/Projects/zhidu/test/screens/ai_config_screen_test.dart: AiConfigScreen Widget Tests interaction tests changing provider updates model options
00:21 +413 ~3 -1: D:/Projects/zhidu/test/services/book_service_file_import_test.dart: BookService real file import importBookFromPath imports EPUB file successfully
[2026-04-15 20:44:16.504] DEBUG   [EpubService] 浠庡鑸枃浠惰В鏋愬埌 0 涓珷鑺?[2026-04-15 20:44:16.506] DEBUG   [EpubService] 浠庡鑸枃浠惰幏鍙栫珷鑺傛暟: 0
[2026-04-15 20:44:16.507] DEBUG   [EpubService] 鏈€缁堜功鍚? Vibe Coding AI 缂栫▼瀹屽叏鎵嬪唽
[2026-04-15 20:44:16.509] DEBUG   [EpubService] 鏈€缁堜綔鑰? 璋槦鏄?钁?[2026-04-15 20:44:16.520] VERBOSE [EpubService] _extractCover 寮€濮嬫墽琛? bytes length: 995199, bookId: 55f4db87-e3dd-48d3-a509-48aa3dadeb74
[2026-04-15 20:44:16.521] DEBUG   [EpubService] 寮€濮嬫彁鍙栧皝闈?..
[2026-04-15 20:44:16.751] ERROR   [EpubService] 鎻愬彇灏侀潰澶辫触
Error: Exception: Incorrect EPUB manifest: item with href = "cover.jpg" is missing.
[2026-04-15 20:44:16.752] ERROR   [EpubService] 鍫嗘爤
Error: #0      BookCoverReader.readBookCover (package:epub_plus/src/readers/book_cover_reader.dart:36:7)
#1      EpubBookRef.readCover (package:epub_plus/src/ref_entities/epub_book_ref.dart:56:34)
#2      EpubReader.readBook (package:epub_plus/src/epub_reader.dart:102:42)
<asynchronous suspension>
#3      EpubService._extractCover (package:zhidu/services/epub_service.dart:561:24)
<asynchronous suspension>
#4      EpubService.parseEpubFile (package:zhidu/services/epub_service.dart:181:21)
<asynchronous suspension>
#5      BookService.importBookFromPath (package:zhidu/services/book_service.dart:184:16)
<asynchronous suspension>
#6      main.<anonymous closure>.<anonymous closure>.<anonymous closure> (file:///D:/Projects/zhidu/test/services/book_service_file_import_test.dart:36:22)
<asynchronous suspension>
#7      Declarer.test.<anonymous closure>.<anonymous closure> (package:test_api/src/backend/declarer.dart:253:15)
<asynchronous suspension>
#8      Declarer.test.<anonymous closure> (package:test_api/src/backend/declarer.dart:250:11)
<asynchronous suspension>
#9      Invoker._waitForOutstandingCallbacks.<anonymous closure> (package:test_api/src/backend/invoker.dart:318:9)
<asynchronous suspension>

[2026-04-15 20:44:16.753] DEBUG   [EpubService] 灏濊瘯浠巃rchive鏌ユ壘灏侀潰...
00:21 +413 ~3 -1: D:/Projects/zhidu/test/screens/backup_settings_screen_test.dart: BackupSettingsScreen Widget Tests interaction tests frequency dropdown shows current selection
[2026-04-15 20:44:16.533] INFO    [SettingsService] 瀛樺偍璁剧疆宸叉洿鏂?00:21 +413 ~3 -1: D:/Projects/zhidu/test/services/book_service_file_import_test.dart: BookService real file import importBookFromPath imports EPUB file successfully
[2026-04-15 20:44:16.754] VERBOSE [EpubService] _extractCoverFromArchive 寮€濮嬫墽琛? bytes length: 995199, bookId: 55f4db87-e3dd-48d3-a509-48aa3dadeb74
00:21 +414 ~3 -1: D:/Projects/zhidu/test/screens/ai_config_screen_test.dart: AiConfigScreen Widget Tests interaction tests changing provider updates model options
00:21 +414 ~3 -1: D:/Projects/zhidu/test/services/book_service_file_import_test.dart: BookService real file import importBookFromPath imports EPUB file successfully
[2026-04-15 20:44:16.813] DEBUG   [EpubService] 灏侀潰淇濆瓨鎴愬姛: C:\Users\jjzha\AppData\Local\Temp/zhidu_book_test_1776257055500\zhidu\books\55f4db87-e3dd-48d3-a509-48aa3dadeb74\cover.jpg
[2026-04-15 20:44:16.816] DEBUG   [EpubService] 灏侀潰璺緞: C:\Users\jjzha\AppData\Local\Temp/zhidu_book_test_1776257055500\zhidu\books\55f4db87-e3dd-48d3-a509-48aa3dadeb74\cover.jpg
[2026-04-15 20:44:16.818] DEBUG   [BookService] EPUB瑙ｆ瀽缁撴灉: Vibe Coding AI 缂栫▼瀹屽叏鎵嬪唽
[2026-04-15 20:44:16.872] INFO    [BookService] 涔︾睄瀵煎叆鎴愬姛: Vibe Coding AI 缂栫▼瀹屽叏鎵嬪唽
00:21 +415 ~3 -1: D:/Projects/zhidu/test/screens/ai_config_screen_test.dart: AiConfigScreen Widget Tests interaction tests changing provider updates model options
00:21 +415 ~3 -1: D:/Projects/zhidu/test/services/book_service_file_import_test.dart: BookService real file import importBookFromPath imports second EPUB file successfully
[2026-04-15 20:44:17.034] VERBOSE [BookService] init 寮€濮嬫墽琛?00:21 +415 ~3 -1: D:/Projects/zhidu/test/screens/book_detail_screen_test.dart: BookDetailScreen shows chapter titles from book.chapterTitles when available
[2026-04-15 20:44:16.575] VERBOSE [BookDetailScreen] _loadChapters 寮€濮嬫墽琛?[2026-04-15 20:44:16.576] DEBUG   [BookDetailScreen] AI鏈嶅姟鏈厤缃紝璺宠繃棰勭敓鎴?[2026-04-15 20:44:16.717] DEBUG   [BookDetailScreen] 绔犺妭鍔犺浇瀹屾垚: 1 涓珷鑺?00:21 +416 ~3 -1: D:/Projects/zhidu/test/screens/ai_config_screen_test.dart: AiConfigScreen Widget Tests interaction tests changing provider updates model options
00:21 +416 ~3 -1: D:/Projects/zhidu/test/services/book_service_file_import_test.dart: BookService real file import importBookFromPath imports second EPUB file successfully
[2026-04-15 20:44:17.051] VERBOSE [FileStorageService] 鏂囦欢涓嶅瓨鍦? C:\Users\jjzha\AppData\Local\Temp/zhidu_book_test_1776257057027\zhidu\books.json
[2026-04-15 20:44:17.053] VERBOSE [BookService] init 鎵ц瀹屾垚, 鍔犺浇涔︾睄鏁伴噺: 0
[2026-04-15 20:44:17.054] VERBOSE [BookService] importBookFromPath 寮€濮嬫墽琛? D:\Projects\zhidu\test\Java to Kotlin_ A Refactoring G - Duncan McGregor, Nat Pryce.epub
[2026-04-15 20:44:17.055] DEBUG   [BookService] 寮€濮嬪鍏ヤ功绫? D:\Projects\zhidu\test\Java to Kotlin_ A Refactoring G - Duncan McGregor, Nat Pryce.epub
[2026-04-15 20:44:17.056] DEBUG   [BookService] 寮€濮嬭В鏋怑PUB...
00:21 +417 ~3 -1: D:/Projects/zhidu/test/screens/settings_screen_test.dart: SettingsScreen Widget Tests rendering tests renders export section
00:21 +417 ~3 -1: D:/Projects/zhidu/test/screens/book_detail_screen_test.dart: BookDetailScreen shows Divider between header and content
[2026-04-15 20:44:17.109] VERBOSE [BookDetailScreen] _loadChapters 寮€濮嬫墽琛?[2026-04-15 20:44:17.111] DEBUG   [BookDetailScreen] AI鏈嶅姟鏈厤缃紝璺宠繃棰勭敓鎴?[2026-04-15 20:44:17.211] DEBUG   [BookDetailScreen] 绔犺妭鍔犺浇瀹屾垚: 0 涓珷鑺?00:21 +418 ~3 -1: D:/Projects/zhidu/test/screens/settings_screen_test.dart: SettingsScreen Widget Tests rendering tests renders export section
00:21 +418 ~3 -1: D:/Projects/zhidu/test/screens/summary_screen_test.dart: SummaryScreen Widget Tests chapter navigation tests shows navigation buttons when multiple chapters exist
[2026-04-15 20:44:17.240] VERBOSE [SummaryService] getSummary 寮€濮嬫墽琛? bookId: test-book-1, chapterIndex: 1
00:21 +419 ~3 -1: D:/Projects/zhidu/test/screens/settings_screen_test.dart: SettingsScreen Widget Tests rendering tests renders export section
00:21 +419 ~3 -1: D:/Projects/zhidu/test/screens/backup_settings_screen_test.dart: BackupSettingsScreen Widget Tests interaction tests frequency dropdown shows weekly when interval is 7
[2026-04-15 20:44:17.038] INFO    [SettingsService] 瀛樺偍璁剧疆宸叉洿鏂?00:21 +420 ~3 -1: D:/Projects/zhidu/test/screens/settings_screen_test.dart: SettingsScreen Widget Tests rendering tests renders export section
00:22 +420 ~3 -1: D:/Projects/zhidu/test/screens/book_detail_screen_test.dart: BookDetailScreen shows Card for content area
[2026-04-15 20:44:17.326] VERBOSE [BookDetailScreen] _loadChapters 寮€濮嬫墽琛?[2026-04-15 20:44:17.338] DEBUG   [BookDetailScreen] AI鏈嶅姟鏈厤缃紝璺宠繃棰勭敓鎴?[2026-04-15 20:44:17.486] DEBUG   [BookDetailScreen] 绔犺妭鍔犺浇瀹屾垚: 0 涓珷鑺?00:22 +421 ~3 -1: D:/Projects/zhidu/test/screens/settings_screen_test.dart: SettingsScreen Widget Tests rendering tests renders export section
00:22 +421 ~3 -1: D:/Projects/zhidu/test/screens/summary_screen_test.dart: SummaryScreen Widget Tests chapter navigation tests does not show navigation buttons for single chapter
[2026-04-15 20:44:17.626] VERBOSE [SummaryService] getSummary 寮€濮嬫墽琛? bookId: test-book-1, chapterIndex: 0
00:22 +422 ~3 -1: D:/Projects/zhidu/test/screens/settings_screen_test.dart: SettingsScreen Widget Tests rendering tests renders export section
00:22 +422 ~3 -1: D:/Projects/zhidu/test/screens/book_detail_screen_test.dart: BookDetailScreen shows Row layout for book header
[2026-04-15 20:44:17.708] VERBOSE [BookDetailScreen] _loadChapters 寮€濮嬫墽琛?[2026-04-15 20:44:17.710] DEBUG   [BookDetailScreen] AI鏈嶅姟鏈厤缃紝璺宠繃棰勭敓鎴?[2026-04-15 20:44:17.889] DEBUG   [BookDetailScreen] 绔犺妭鍔犺浇瀹屾垚: 0 涓珷鑺?00:22 +423 ~3 -1: D:/Projects/zhidu/test/screens/settings_screen_test.dart: SettingsScreen Widget Tests rendering tests renders export section
00:22 +424 ~3 -1: D:/Projects/zhidu/test/screens/settings_screen_test.dart: SettingsScreen Widget Tests rendering tests renders export section
鈺愨晲鈺?EXCEPTION CAUGHT BY FLUTTER TEST FRAMEWORK 鈺炩晲鈺愨晲鈺愨晲鈺愨晲鈺愨晲鈺愨晲鈺愨晲鈺愨晲鈺愨晲鈺愨晲鈺愨晲鈺愨晲鈺愨晲鈺愨晲鈺愨晲鈺愨晲鈺愨晲鈺愨晲鈺愨晲鈺愨晲鈺愨晲鈺愨晲鈺愨晲鈺愨晲鈺愨晲鈺愨晲鈺?The following TestFailure was thrown running a test:
Expected: exactly one matching candidate
  Actual: _TextWidgetFinder:<Found 0 widgets with text "鏁版嵁瀵煎嚭": []>
   Which: means none were found but one was expected

When the exception was thrown, this was the stack:
#4      main.<anonymous closure>.<anonymous closure>.<anonymous closure> (file:///D:/Projects/zhidu/test/screens/settings_screen_test.dart:63:9)
<asynchronous suspension>
#5      testWidgets.<anonymous closure>.<anonymous closure> (package:flutter_test/src/widget_tester.dart:192:15)
<asynchronous suspension>
#6      TestWidgetsFlutterBinding._runTestBody (package:flutter_test/src/binding.dart:1682:5)
<asynchronous suspension>
<asynchronous suspension>
(elided one frame from package:stack_trace)

This was caught by the test expectation on the following line:
  file:///D:/Projects/zhidu/test/screens/settings_screen_test.dart line 63
The test description was:
  renders export section
鈺愨晲鈺愨晲鈺愨晲鈺愨晲鈺愨晲鈺愨晲鈺愨晲鈺愨晲鈺愨晲鈺愨晲鈺愨晲鈺愨晲鈺愨晲鈺愨晲鈺愨晲鈺愨晲鈺愨晲鈺愨晲鈺愨晲鈺愨晲鈺愨晲鈺愨晲鈺愨晲鈺愨晲鈺愨晲鈺愨晲鈺愨晲鈺愨晲鈺愨晲鈺愨晲鈺愨晲鈺愨晲鈺愨晲鈺愨晲鈺愨晲鈺愨晲鈺愨晲鈺愨晲鈺愨晲鈺愨晲鈺愨晲鈺愨晲鈺愨晲鈺愨晲鈺愨晲鈺愨晲鈺愨晲鈺愨晲鈺愨晲鈺愨晲
00:22 +424 ~3 -2: D:/Projects/zhidu/test/services/book_service_file_import_test.dart: BookService real file import importBookFromPath imports second EPUB file successfully
00:22 +424 ~3 -2: D:/Projects/zhidu/test/screens/settings_screen_test.dart: SettingsScreen Widget Tests rendering tests renders export section [E]
  Test failed. See exception logs above.
  The test description was: renders export section
  
00:22 +425 ~3 -2: D:/Projects/zhidu/test/services/book_service_file_import_test.dart: BookService real file import importBookFromPath imports second EPUB file successfully
00:22 +425 ~3 -2: D:/Projects/zhidu/test/screens/summary_screen_test.dart: SummaryScreen Widget Tests chapter navigation tests shows correct chapter title from book chapterTitles
[2026-04-15 20:44:18.112] VERBOSE [SummaryService] getSummary 寮€濮嬫墽琛? bookId: test-book-1, chapterIndex: 0
00:22 +426 ~3 -2: D:/Projects/zhidu/test/services/book_service_file_import_test.dart: BookService real file import importBookFromPath imports second EPUB file successfully
00:22 +426 ~3 -2: D:/Projects/zhidu/test/screens/book_detail_screen_test.dart: BookDetailScreen shows Column layout in header
[2026-04-15 20:44:18.012] VERBOSE [BookDetailScreen] _loadChapters 寮€濮嬫墽琛?[2026-04-15 20:44:18.015] DEBUG   [BookDetailScreen] AI鏈嶅姟鏈厤缃紝璺宠繃棰勭敓鎴?[2026-04-15 20:44:18.151] DEBUG   [BookDetailScreen] 绔犺妭鍔犺浇瀹屾垚: 0 涓珷鑺?00:22 +427 ~3 -2: D:/Projects/zhidu/test/services/book_service_file_import_test.dart: BookService real file import importBookFromPath imports second EPUB file successfully
[2026-04-15 20:44:17.056] VERBOSE [EpubService] parseEpubFile 寮€濮嬫墽琛? filePath: D:\Projects\zhidu\test\Java to Kotlin_ A Refactoring G - Duncan McGregor, Nat Pryce.epub
[2026-04-15 20:44:17.056] DEBUG   [EpubService] 寮€濮嬭В鏋愭枃浠?D:\Projects\zhidu\test\Java to Kotlin_ A Refactoring G - Duncan McGregor, Nat Pryce.epub
00:22 +428 ~3 -2: D:/Projects/zhidu/test/services/book_service_file_import_test.dart: BookService real file import importBookFromPath imports second EPUB file successfully
[2026-04-15 20:44:17.058] DEBUG   [EpubService] 璇诲彇鏂囦欢瀛楄妭...
[2026-04-15 20:44:17.073] DEBUG   [EpubService] 鏂囦欢澶у皬: 1638925 bytes
00:22 +428 ~3 -2: D:/Projects/zhidu/test/screens/summary_screen_test.dart: SummaryScreen Widget Tests error handling tests shows error view when no content and no file path
[2026-04-15 20:44:18.401] VERBOSE [SummaryService] getSummary 寮€濮嬫墽琛? bookId: test-book-1, chapterIndex: 0
00:22 +428 ~3 -2: D:/Projects/zhidu/test/services/book_service_file_import_test.dart: BookService real file import importBookFromPath imports second EPUB file successfully
[2026-04-15 20:44:17.074] DEBUG   [EpubService] 瑙ｆ瀽EPUB缁撴瀯...
00:22 +429 ~3 -2: D:/Projects/zhidu/test/services/book_service_file_import_test.dart: BookService real file import importBookFromPath imports second EPUB file successfully
[2026-04-15 20:44:17.686] ERROR   [EpubService] 浣跨敤EpubReader瑙ｆ瀽澶辫触
Error: Exception: Incorrect EPUB manifest: item with ID = "Images/cover.png" is missing.
[2026-04-15 20:44:17.687] ERROR   [EpubService] 鍫嗘爤
Error: #0      BookCoverReader.readBookCover (package:epub_plus/src/readers/book_cover_reader.dart:29:7)
#1      EpubBookRef.readCover (package:epub_plus/src/ref_entities/epub_book_ref.dart:56:34)
#2      EpubReader.readBook (package:epub_plus/src/epub_reader.dart:102:42)
<asynchronous suspension>
#3      EpubService.parseEpubFile (package:zhidu/services/epub_service.dart:104:26)
<asynchronous suspension>
#4      BookService.importBookFromPath (package:zhidu/services/book_service.dart:184:16)
<asynchronous suspension>
#5      main.<anonymous closure>.<anonymous closure>.<anonymous closure> (file:///D:/Projects/zhidu/test/services/book_service_file_import_test.dart:46:22)
<asynchronous suspension>
#6      Declarer.test.<anonymous closure>.<anonymous closure> (package:test_api/src/backend/declarer.dart:253:15)
<asynchronous suspension>
#7      Declarer.test.<anonymous closure> (package:test_api/src/backend/declarer.dart:250:11)
<asynchronous suspension>
#8      Invoker._waitForOutstandingCallbacks.<anonymous closure> (package:test_api/src/backend/invoker.dart:318:9)
<asynchronous suspension>

[2026-04-15 20:44:17.689] DEBUG   [EpubService] 灏濊瘯浣跨敤archive鐩存帴瑙ｆ瀽EPUB...
[2026-04-15 20:44:17.704] VERBOSE [EpubService] _parseContainerXml 寮€濮嬫墽琛? archive files count: 50
[2026-04-15 20:44:17.710] DEBUG   [EpubService] OPF 鏂囦欢璺緞: OEBPS/content.opf
[2026-04-15 20:44:17.712] DEBUG   [EpubService] 浠巆ontainer.xml鑾峰彇鏍囬: null
[2026-04-15 20:44:17.713] DEBUG   [EpubService] 浠巆ontainer.xml鑾峰彇浣滆€? null
[2026-04-15 20:44:17.714] VERBOSE [EpubService] _parseOpfFile 寮€濮嬫墽琛? archive files count: 50
[2026-04-15 20:44:17.715] VERBOSE [EpubService] _parseContainerXml 寮€濮嬫墽琛? archive files count: 50
00:22 +430 ~3 -2: D:/Projects/zhidu/test/services/book_service_file_import_test.dart: BookService real file import importBookFromPath imports second EPUB file successfully
[2026-04-15 20:44:17.718] DEBUG   [EpubService] OPF 鏂囦欢璺緞: OEBPS/content.opf
[2026-04-15 20:44:17.869] DEBUG   [EpubService] OPF 瑙ｆ瀽缁撴灉 - 鏍囬: Java to Kotlin, 浣滆€? Duncan McGregor, Nat Pryce
[2026-04-15 20:44:17.870] DEBUG   [EpubService] 浠嶰PF鑾峰彇鏍囬: Java to Kotlin
[2026-04-15 20:44:17.871] DEBUG   [EpubService] 浠嶰PF鑾峰彇浣滆€? Duncan McGregor, Nat Pryce
[2026-04-15 20:44:17.871] VERBOSE [EpubService] _parseNavigationFile 寮€濮嬫墽琛? archive files count: 50
[2026-04-15 20:44:17.949] DEBUG   [EpubService] 浠庡鑸枃浠惰В鏋愬埌 0 涓珷鑺?[2026-04-15 20:44:17.952] DEBUG   [EpubService] 浠庡鑸枃浠惰幏鍙栫珷鑺傛暟: 0
[2026-04-15 20:44:17.954] DEBUG   [EpubService] 鏈€缁堜功鍚? Java to Kotlin
[2026-04-15 20:44:17.954] DEBUG   [EpubService] 鏈€缁堜綔鑰? Duncan McGregor, Nat Pryce
[2026-04-15 20:44:17.955] VERBOSE [EpubService] _extractCover 寮€濮嬫墽琛? bytes length: 1638925, bookId: 33e53575-f4bd-4d02-82d1-4cb3c415d2b1
[2026-04-15 20:44:17.956] DEBUG   [EpubService] 寮€濮嬫彁鍙栧皝闈?..
[2026-04-15 20:44:18.450] ERROR   [EpubService] 鎻愬彇灏侀潰澶辫触
Error: Exception: Incorrect EPUB manifest: item with ID = "Images/cover.png" is missing.
00:22 +431 ~3 -2: D:/Projects/zhidu/test/services/book_service_file_import_test.dart: BookService real file import importBookFromPath imports second EPUB file successfully
[2026-04-15 20:44:18.452] ERROR   [EpubService] 鍫嗘爤
Error: #0      BookCoverReader.readBookCover (package:epub_plus/src/readers/book_cover_reader.dart:29:7)
#1      EpubBookRef.readCover (package:epub_plus/src/ref_entities/epub_book_ref.dart:56:34)
#2      EpubReader.readBook (package:epub_plus/src/epub_reader.dart:102:42)
<asynchronous suspension>
#3      EpubService._extractCover (package:zhidu/services/epub_service.dart:561:24)
<asynchronous suspension>
#4      EpubService.parseEpubFile (package:zhidu/services/epub_service.dart:181:21)
<asynchronous suspension>
#5      BookService.importBookFromPath (package:zhidu/services/book_service.dart:184:16)
<asynchronous suspension>
#6      main.<anonymous closure>.<anonymous closure>.<anonymous closure> (file:///D:/Projects/zhidu/test/services/book_service_file_import_test.dart:46:22)
<asynchronous suspension>
#7      Declarer.test.<anonymous closure>.<anonymous closure> (package:test_api/src/backend/declarer.dart:253:15)
<asynchronous suspension>
#8      Declarer.test.<anonymous closure> (package:test_api/src/backend/declarer.dart:250:11)
<asynchronous suspension>
#9      Invoker._waitForOutstandingCallbacks.<anonymous closure> (package:test_api/src/backend/invoker.dart:318:9)
<asynchronous suspension>

[2026-04-15 20:44:18.453] DEBUG   [EpubService] 灏濊瘯浠巃rchive鏌ユ壘灏侀潰...
[2026-04-15 20:44:18.453] VERBOSE [EpubService] _extractCoverFromArchive 寮€濮嬫墽琛? bytes length: 1638925, bookId: 33e53575-f4bd-4d02-82d1-4cb3c415d2b1
00:23 +432 ~3 -2: D:/Projects/zhidu/test/services/book_service_file_import_test.dart: BookService real file import importBookFromPath imports second EPUB file successfully
[2026-04-15 20:44:18.516] DEBUG   [EpubService] 灏侀潰淇濆瓨鎴愬姛: C:\Users\jjzha\AppData\Local\Temp/zhidu_book_test_1776257057027\zhidu\books\33e53575-f4bd-4d02-82d1-4cb3c415d2b1\cover.png
[2026-04-15 20:44:18.518] DEBUG   [EpubService] 灏侀潰璺緞: C:\Users\jjzha\AppData\Local\Temp/zhidu_book_test_1776257057027\zhidu\books\33e53575-f4bd-4d02-82d1-4cb3c415d2b1\cover.png
[2026-04-15 20:44:18.518] DEBUG   [BookService] EPUB瑙ｆ瀽缁撴灉: Java to Kotlin
[2026-04-15 20:44:18.547] INFO    [BookService] 涔︾睄瀵煎叆鎴愬姛: Java to Kotlin
00:23 +433 ~3 -2: D:/Projects/zhidu/test/screens/settings_screen_test.dart: SettingsScreen Widget Tests rendering tests renders backup section
00:23 +434 ~3 -2: D:/Projects/zhidu/test/screens/settings_screen_test.dart: SettingsScreen Widget Tests rendering tests renders backup section
00:23 +435 ~3 -2: D:/Projects/zhidu/test/screens/settings_screen_test.dart: SettingsScreen Widget Tests rendering tests renders backup section
00:23 +435 ~3 -2: D:/Projects/zhidu/test/services/book_service_file_import_test.dart: BookService real file import importBookFromPath returns existing book on duplicate import
[2026-04-15 20:44:18.632] VERBOSE [BookService] init 寮€濮嬫墽琛?00:23 +436 ~3 -2: D:/Projects/zhidu/test/screens/settings_screen_test.dart: SettingsScreen Widget Tests rendering tests renders backup section
00:23 +436 ~3 -2: D:/Projects/zhidu/test/services/book_service_file_import_test.dart: BookService real file import importBookFromPath returns existing book on duplicate import
[2026-04-15 20:44:18.652] VERBOSE [FileStorageService] 鏂囦欢涓嶅瓨鍦? C:\Users\jjzha\AppData\Local\Temp/zhidu_book_test_1776257058627\zhidu\books.json
[2026-04-15 20:44:18.654] VERBOSE [BookService] init 鎵ц瀹屾垚, 鍔犺浇涔︾睄鏁伴噺: 0
[2026-04-15 20:44:18.657] VERBOSE [BookService] importBookFromPath 寮€濮嬫墽琛? D:\Projects\zhidu\test\Vibe Coding AI Bian Cheng Wan Q - Tan Xing Xing.epub
00:23 +437 ~3 -2: D:/Projects/zhidu/test/screens/settings_screen_test.dart: SettingsScreen Widget Tests rendering tests renders backup section
00:23 +438 ~3 -2: D:/Projects/zhidu/test/screens/settings_screen_test.dart: SettingsScreen Widget Tests rendering tests renders backup section
00:23 +439 ~3 -2: D:/Projects/zhidu/test/screens/settings_screen_test.dart: SettingsScreen Widget Tests rendering tests renders backup section
00:23 +439 ~3 -2: D:/Projects/zhidu/test/screens/summary_screen_test.dart: SummaryScreen Widget Tests error handling tests shows retry button in error view
[2026-04-15 20:44:18.722] VERBOSE [SummaryService] getSummary 寮€濮嬫墽琛? bookId: test-book-1, chapterIndex: 0
00:23 +440 ~3 -2: D:/Projects/zhidu/test/screens/settings_screen_test.dart: SettingsScreen Widget Tests rendering tests renders backup section
Package file_picker:linux references file_picker:linux as the default plugin, but it does not provide an inline impleme
ntation.
Ask the maintainers of file_picker to either avoid referencing a default implementation via `platforms: linux: default_
package: file_picker` or add an inline implementation to file_picker via `platforms: linux:` `pluginClass` or `dartPlug
inClass`.

Package file_picker:macos references file_picker:macos as the default plugin, but it does not provide an inline impleme
ntation.
Ask the maintainers of file_picker to either avoid referencing a default implementation via `platforms: macos: default_
package: file_picker` or add an inline implementation to file_picker via `platforms: macos:` `pluginClass` or `dartPlug
inClass`.

Package file_picker:windows references file_picker:windows as the default plugin, but it does not provide an inline imp
lementation.
Ask the maintainers of file_picker to either avoid referencing a default implementation via `platforms: windows: defaul
t_package: file_picker` or add an inline implementation to file_picker via `platforms: windows:` `pluginClass` or `dart
PluginClass`.

00:23 +441 ~3 -2: D:/Projects/zhidu/test/screens/settings_screen_test.dart: SettingsScreen Widget Tests rendering tests renders backup section
00:23 +442 ~3 -2: D:/Projects/zhidu/test/screens/settings_screen_test.dart: SettingsScreen Widget Tests rendering tests renders backup section
00:23 +442 ~3 -2: D:/Projects/zhidu/test/screens/summary_screen_test.dart: SummaryScreen Widget Tests view toggle tests shows toggle button for switching views
[2026-04-15 20:44:19.075] VERBOSE [SummaryService] getSummary 寮€濮嬫墽琛? bookId: test-book-1, chapterIndex: 0
00:23 +443 ~3 -2: D:/Projects/zhidu/test/screens/settings_screen_test.dart: SettingsScreen Widget Tests rendering tests renders backup section
00:23 +443 ~3 -2: D:/Projects/zhidu/test/services/book_service_file_import_test.dart: BookService real file import importBookFromPath returns existing book on duplicate import
[2026-04-15 20:44:18.657] DEBUG   [BookService] 寮€濮嬪鍏ヤ功绫? D:\Projects\zhidu\test\Vibe Coding AI Bian Cheng Wan Q - Tan Xing Xing.epub
[2026-04-15 20:44:18.657] DEBUG   [BookService] 寮€濮嬭В鏋怑PUB...
[2026-04-15 20:44:18.658] VERBOSE [EpubService] parseEpubFile 寮€濮嬫墽琛? filePath: D:\Projects\zhidu\test\Vibe Coding AI Bian Cheng Wan Q - Tan Xing Xing.epub
[2026-04-15 20:44:18.659] DEBUG   [EpubService] 寮€濮嬭В鏋愭枃浠?D:\Projects\zhidu\test\Vibe Coding AI Bian Cheng Wan Q - Tan Xing Xing.epub
[2026-04-15 20:44:18.667] DEBUG   [EpubService] 璇诲彇鏂囦欢瀛楄妭...
[2026-04-15 20:44:18.675] DEBUG   [EpubService] 鏂囦欢澶у皬: 995199 bytes
[2026-04-15 20:44:18.675] DEBUG   [EpubService] 瑙ｆ瀽EPUB缁撴瀯...
[2026-04-15 20:44:18.939] ERROR   [EpubService] 浣跨敤EpubReader瑙ｆ瀽澶辫触
Error: Exception: Incorrect EPUB manifest: item with href = "cover.jpg" is missing.
[2026-04-15 20:44:18.941] ERROR   [EpubService] 鍫嗘爤
Error: #0      BookCoverReader.readBookCover (package:epub_plus/src/readers/book_cover_reader.dart:36:7)
#1      EpubBookRef.readCover (package:epub_plus/src/ref_entities/epub_book_ref.dart:56:34)
#2      EpubReader.readBook (package:epub_plus/src/epub_reader.dart:102:42)
<asynchronous suspension>
#3      EpubService.parseEpubFile (package:zhidu/services/epub_service.dart:104:26)
<asynchronous suspension>
#4      BookService.importBookFromPath (package:zhidu/services/book_service.dart:184:16)
<asynchronous suspension>
#5      main.<anonymous closure>.<anonymous closure>.<anonymous closure> (file:///D:/Projects/zhidu/test/services/book_service_file_import_test.dart:55:23)
<asynchronous suspension>
#6      Declarer.test.<anonymous closure>.<anonymous closure> (package:test_api/src/backend/declarer.dart:253:15)
<asynchronous suspension>
#7      Declarer.test.<anonymous closure> (package:test_api/src/backend/declarer.dart:250:11)
<asynchronous suspension>
#8      Invoker._waitForOutstandingCallbacks.<anonymous closure> (package:test_api/src/backend/invoker.dart:318:9)
<asynchronous suspension>

[2026-04-15 20:44:18.942] DEBUG   [EpubService] 灏濊瘯浣跨敤archive鐩存帴瑙ｆ瀽EPUB...
[2026-04-15 20:44:18.943] VERBOSE [EpubService] _parseContainerXml 寮€濮嬫墽琛? archive files count: 30
[2026-04-15 20:44:18.944] DEBUG   [EpubService] OPF 鏂囦欢璺緞: EPUB/content.opf
[2026-04-15 20:44:18.944] DEBUG   [EpubService] 浠巆ontainer.xml鑾峰彇鏍囬: null
[2026-04-15 20:44:18.944] DEBUG   [EpubService] 浠巆ontainer.xml鑾峰彇浣滆€? null
[2026-04-15 20:44:18.944] VERBOSE [EpubService] _parseOpfFile 寮€濮嬫墽琛? archive files count: 30
[2026-04-15 20:44:18.944] VERBOSE [EpubService] _parseContainerXml 寮€濮嬫墽琛? archive files count: 30
[2026-04-15 20:44:18.945] DEBUG   [EpubService] OPF 鏂囦欢璺緞: EPUB/content.opf
[2026-04-15 20:44:18.948] DEBUG   [EpubService] OPF 瑙ｆ瀽缁撴灉 - 鏍囬: Vibe Coding AI 缂栫▼瀹屽叏鎵嬪唽, 浣滆€? 璋槦鏄?钁?[2026-04-15 20:44:18.949] DEBUG   [EpubService] 浠嶰PF鑾峰彇鏍囬: Vibe Coding AI 缂栫▼瀹屽叏鎵嬪唽
[2026-04-15 20:44:18.949] DEBUG   [EpubService] 浠嶰PF鑾峰彇浣滆€? 璋槦鏄?钁?[2026-04-15 20:44:18.950] VERBOSE [EpubService] _parseNavigationFile 寮€濮嬫墽琛? archive files count: 30
00:23 +444 ~3 -2: D:/Projects/zhidu/test/screens/settings_screen_test.dart: SettingsScreen Widget Tests rendering tests renders backup section
00:23 +444 ~3 -2: D:/Projects/zhidu/test/screens/summary_screen_test.dart: SummaryScreen Widget Tests PDF specific tests shows PDF format screen structure
[2026-04-15 20:44:19.232] DEBUG   [SummaryScreen] 绗竴绾х珷鑺傛€绘暟: 2, 璇锋眰绱㈠紩: 0
[2026-04-15 20:44:19.368] VERBOSE [SummaryService] getSummary 寮€濮嬫墽琛? bookId: test-book-1, chapterIndex: 0
00:23 +445 ~3 -2: D:/Projects/zhidu/test/screens/settings_screen_test.dart: SettingsScreen Widget Tests rendering tests renders backup section
鈺愨晲鈺?EXCEPTION CAUGHT BY FLUTTER TEST FRAMEWORK 鈺炩晲鈺愨晲鈺愨晲鈺愨晲鈺愨晲鈺愨晲鈺愨晲鈺愨晲鈺愨晲鈺愨晲鈺愨晲鈺愨晲鈺愨晲鈺愨晲鈺愨晲鈺愨晲鈺愨晲鈺愨晲鈺愨晲鈺愨晲鈺愨晲鈺愨晲鈺愨晲鈺愨晲鈺愨晲鈺愨晲鈺?The following TestFailure was thrown running a test:
Expected: exactly one matching candidate
  Actual: _TextWidgetFinder:<Found 0 widgets with text "澶囦唤涓庢仮澶?: []>
   Which: means none were found but one was expected

When the exception was thrown, this was the stack:
#4      main.<anonymous closure>.<anonymous closure>.<anonymous closure> (file:///D:/Projects/zhidu/test/screens/settings_screen_test.dart:76:9)
<asynchronous suspension>
#5      testWidgets.<anonymous closure>.<anonymous closure> (package:flutter_test/src/widget_tester.dart:192:15)
<asynchronous suspension>
#6      TestWidgetsFlutterBinding._runTestBody (package:flutter_test/src/binding.dart:1682:5)
<asynchronous suspension>
<asynchronous suspension>
(elided one frame from package:stack_trace)

This was caught by the test expectation on the following line:
  file:///D:/Projects/zhidu/test/screens/settings_screen_test.dart line 76
The test description was:
  renders backup section
鈺愨晲鈺愨晲鈺愨晲鈺愨晲鈺愨晲鈺愨晲鈺愨晲鈺愨晲鈺愨晲鈺愨晲鈺愨晲鈺愨晲鈺愨晲鈺愨晲鈺愨晲鈺愨晲鈺愨晲鈺愨晲鈺愨晲鈺愨晲鈺愨晲鈺愨晲鈺愨晲鈺愨晲鈺愨晲鈺愨晲鈺愨晲鈺愨晲鈺愨晲鈺愨晲鈺愨晲鈺愨晲鈺愨晲鈺愨晲鈺愨晲鈺愨晲鈺愨晲鈺愨晲鈺愨晲鈺愨晲鈺愨晲鈺愨晲鈺愨晲鈺愨晲鈺愨晲鈺愨晲鈺愨晲鈺愨晲鈺愨晲鈺愨晲
00:24 +445 ~3 -3: D:/Projects/zhidu/test/services/book_service_file_import_test.dart: BookService real file import importBookFromPath returns existing book on duplicate import
00:24 +445 ~3 -3: D:/Projects/zhidu/test/screens/settings_screen_test.dart: SettingsScreen Widget Tests rendering tests renders backup section [E]
  Test failed. See exception logs above.
  The test description was: renders backup section
  
00:24 +446 ~3 -3: D:/Projects/zhidu/test/services/book_service_file_import_test.dart: BookService real file import importBookFromPath returns existing book on duplicate import
[2026-04-15 20:44:18.954] DEBUG   [EpubService] 浠庡鑸枃浠惰В鏋愬埌 0 涓珷鑺?[2026-04-15 20:44:18.954] DEBUG   [EpubService] 浠庡鑸枃浠惰幏鍙栫珷鑺傛暟: 0
[2026-04-15 20:44:18.954] DEBUG   [EpubService] 鏈€缁堜功鍚? Vibe Coding AI 缂栫▼瀹屽叏鎵嬪唽
[2026-04-15 20:44:18.956] DEBUG   [EpubService] 鏈€缁堜綔鑰? 璋槦鏄?钁?[2026-04-15 20:44:18.956] VERBOSE [EpubService] _extractCover 寮€濮嬫墽琛? bytes length: 995199, bookId: 09a56234-70d7-4963-9d05-ff6fbee959ec
[2026-04-15 20:44:18.956] DEBUG   [EpubService] 寮€濮嬫彁鍙栧皝闈?..
[2026-04-15 20:44:19.179] ERROR   [EpubService] 鎻愬彇灏侀潰澶辫触
Error: Exception: Incorrect EPUB manifest: item with href = "cover.jpg" is missing.
[2026-04-15 20:44:19.182] ERROR   [EpubService] 鍫嗘爤
Error: #0      BookCoverReader.readBookCover (package:epub_plus/src/readers/book_cover_reader.dart:36:7)
#1      EpubBookRef.readCover (package:epub_plus/src/ref_entities/epub_book_ref.dart:56:34)
#2      EpubReader.readBook (package:epub_plus/src/epub_reader.dart:102:42)
<asynchronous suspension>
#3      EpubService._extractCover (package:zhidu/services/epub_service.dart:561:24)
<asynchronous suspension>
#4      EpubService.parseEpubFile (package:zhidu/services/epub_service.dart:181:21)
<asynchronous suspension>
#5      BookService.importBookFromPath (package:zhidu/services/book_service.dart:184:16)
<asynchronous suspension>
#6      main.<anonymous closure>.<anonymous closure>.<anonymous closure> (file:///D:/Projects/zhidu/test/services/book_service_file_import_test.dart:55:23)
<asynchronous suspension>
#7      Declarer.test.<anonymous closure>.<anonymous closure> (package:test_api/src/backend/declarer.dart:253:15)
<asynchronous suspension>
#8      Declarer.test.<anonymous closure> (package:test_api/src/backend/declarer.dart:250:11)
<asynchronous suspension>
#9      Invoker._waitForOutstandingCallbacks.<anonymous closure> (package:test_api/src/backend/invoker.dart:318:9)
<asynchronous suspension>

[2026-04-15 20:44:19.186] DEBUG   [EpubService] 灏濊瘯浠巃rchive鏌ユ壘灏侀潰...
[2026-04-15 20:44:19.187] VERBOSE [EpubService] _extractCoverFromArchive 寮€濮嬫墽琛? bytes length: 995199, bookId: 09a56234-70d7-4963-9d05-ff6fbee959ec
[2026-04-15 20:44:19.218] DEBUG   [EpubService] 灏侀潰淇濆瓨鎴愬姛: C:\Users\jjzha\AppData\Local\Temp/zhidu_book_test_1776257058627\zhidu\books\09a56234-70d7-4963-9d05-ff6fbee959ec\cover.jpg
00:24 +447 ~3 -3: D:/Projects/zhidu/test/services/book_service_file_import_test.dart: BookService real file import importBookFromPath returns existing book on duplicate import
00:24 +447 ~3 -3: D:/Projects/zhidu/test/screens/summary_screen_test.dart: SummaryScreen Widget Tests PDF specific tests filters chapters by level 0 for navigation
[2026-04-15 20:44:19.870] VERBOSE [SummaryService] getSummary 寮€濮嬫墽琛? bookId: test-book-1, chapterIndex: 0
00:24 +448 ~3 -3: D:/Projects/zhidu/test/services/book_service_file_import_test.dart: BookService real file import importBookFromPath returns existing book on duplicate import
[2026-04-15 20:44:19.219] DEBUG   [EpubService] 灏侀潰璺緞: C:\Users\jjzha\AppData\Local\Temp/zhidu_book_test_1776257058627\zhidu\books\09a56234-70d7-4963-9d05-ff6fbee959ec\cover.jpg
[2026-04-15 20:44:19.220] DEBUG   [BookService] EPUB瑙ｆ瀽缁撴灉: Vibe Coding AI 缂栫▼瀹屽叏鎵嬪唽
[2026-04-15 20:44:19.256] INFO    [BookService] 涔︾睄瀵煎叆鎴愬姛: Vibe Coding AI 缂栫▼瀹屽叏鎵嬪唽
00:24 +449 ~3 -3: D:/Projects/zhidu/test/services/book_service_file_import_test.dart: BookService real file import importBookFromPath returns existing book on duplicate import
00:24 +450 ~3 -3: D:/Projects/zhidu/test/services/book_service_file_import_test.dart: BookService real file import importBookFromPath returns existing book on duplicate import
00:24 +451 ~3 -3: D:/Projects/zhidu/test/services/book_service_file_import_test.dart: BookService real file import importBookFromPath returns existing book on duplicate import
[2026-04-15 20:44:19.256] VERBOSE [BookService] importBookFromPath 寮€濮嬫墽琛? D:\Projects\zhidu\test\Vibe Coding AI Bian Cheng Wan Q - Tan Xing Xing.epub
00:24 +452 ~3 -3: D:/Projects/zhidu/test/services/book_service_file_import_test.dart: BookService real file import importBookFromPath returns existing book on duplicate import
00:24 +453 ~3 -3: D:/Projects/zhidu/test/services/book_service_file_import_test.dart: BookService real file import importBookFromPath returns existing book on duplicate import
[2026-04-15 20:44:19.256] DEBUG   [BookService] 寮€濮嬪鍏ヤ功绫? D:\Projects\zhidu\test\Vibe Coding AI Bian Cheng Wan Q - Tan Xing Xing.epub
[2026-04-15 20:44:19.256] DEBUG   [BookService] 寮€濮嬭В鏋怑PUB...
00:24 +454 ~3 -3: D:/Projects/zhidu/test/services/book_service_file_import_test.dart: BookService real file import importBookFromPath returns existing book on duplicate import
[2026-04-15 20:44:19.257] VERBOSE [EpubService] parseEpubFile 寮€濮嬫墽琛? filePath: D:\Projects\zhidu\test\Vibe Coding AI Bian Cheng Wan Q - Tan Xing Xing.epub
[2026-04-15 20:44:19.257] DEBUG   [EpubService] 寮€濮嬭В鏋愭枃浠?D:\Projects\zhidu\test\Vibe Coding AI Bian Cheng Wan Q - Tan Xing Xing.epub
[2026-04-15 20:44:19.259] DEBUG   [EpubService] 璇诲彇鏂囦欢瀛楄妭...
[2026-04-15 20:44:19.273] DEBUG   [EpubService] 鏂囦欢澶у皬: 995199 bytes
[2026-04-15 20:44:19.274] DEBUG   [EpubService] 瑙ｆ瀽EPUB缁撴瀯...
[2026-04-15 20:44:19.526] ERROR   [EpubService] 浣跨敤EpubReader瑙ｆ瀽澶辫触
Error: Exception: Incorrect EPUB manifest: item with href = "cover.jpg" is missing.
[2026-04-15 20:44:19.528] ERROR   [EpubService] 鍫嗘爤
Error: #0      BookCoverReader.readBookCover (package:epub_plus/src/readers/book_cover_reader.dart:36:7)
#1      EpubBookRef.readCover (package:epub_plus/src/ref_entities/epub_book_ref.dart:56:34)
#2      EpubReader.readBook (package:epub_plus/src/epub_reader.dart:102:42)
<asynchronous suspension>
#3      EpubService.parseEpubFile (package:zhidu/services/epub_service.dart:104:26)
<asynchronous suspension>
#4      BookService.importBookFromPath (package:zhidu/services/book_service.dart:184:16)
<asynchronous suspension>
#5      main.<anonymous closure>.<anonymous closure>.<anonymous closure> (file:///D:/Projects/zhidu/test/services/book_service_file_import_test.dart:59:23)
<asynchronous suspension>
#6      Declarer.test.<anonymous closure>.<anonymous closure> (package:test_api/src/backend/declarer.dart:253:15)
<asynchronous suspension>
#7      Declarer.test.<anonymous closure> (package:test_api/src/backend/declarer.dart:250:11)
<asynchronous suspension>
#8      Invoker._waitForOutstandingCallbacks.<anonymous closure> (package:test_api/src/backend/invoker.dart:318:9)
<asynchronous suspension>

[2026-04-15 20:44:19.528] DEBUG   [EpubService] 灏濊瘯浣跨敤archive鐩存帴瑙ｆ瀽EPUB...
[2026-04-15 20:44:19.554] VERBOSE [EpubService] _parseContainerXml 寮€濮嬫墽琛? archive files count: 30
[2026-04-15 20:44:19.558] DEBUG   [EpubService] OPF 鏂囦欢璺緞: EPUB/content.opf
[2026-04-15 20:44:19.559] DEBUG   [EpubService] 浠巆ontainer.xml鑾峰彇鏍囬: null
[2026-04-15 20:44:19.559] DEBUG   [EpubService] 浠巆ontainer.xml鑾峰彇浣滆€? null
Package file_picker:linux references file_picker:linux as the default plugin, but it does not provide an inline impleme
ntation.
Ask the maintainers of file_picker to either avoid referencing a default implementation via `platforms: linux: default_
package: file_picker` or add an inline implementation to file_picker via `platforms: linux:` `pluginClass` or `dartPlug
inClass`.

Package file_picker:macos references file_picker:macos as the default plugin, but it does not provide an inline impleme
ntation.
Ask the maintainers of file_picker to either avoid referencing a default implementation via `platforms: macos: default_
package: file_picker` or add an inline implementation to file_picker via `platforms: macos:` `pluginClass` or `dartPlug
inClass`.

Package file_picker:windows references file_picker:windows as the default plugin, but it does not provide an inline imp
lementation.
Ask the maintainers of file_picker to either avoid referencing a default implementation via `platforms: windows: defaul
t_package: file_picker` or add an inline implementation to file_picker via `platforms: windows:` `pluginClass` or `dart
PluginClass`.

[2026-04-15 20:44:19.559] VERBOSE [EpubService] _parseOpfFile 寮€濮嬫墽琛? archive files count: 30
[2026-04-15 20:44:19.560] VERBOSE [EpubService] _parseContainerXml 寮€濮嬫墽琛? archive files count: 30
[2026-04-15 20:44:19.560] DEBUG   [EpubService] OPF 鏂囦欢璺緞: EPUB/content.opf
[2026-04-15 20:44:19.562] DEBUG   [EpubService] OPF 瑙ｆ瀽缁撴灉 - 鏍囬: Vibe Coding AI 缂栫▼瀹屽叏鎵嬪唽, 浣滆€? 璋槦鏄?钁?[2026-04-15 20:44:19.564] DEBUG   [EpubService] 浠嶰PF鑾峰彇鏍囬: Vibe Coding AI 缂栫▼瀹屽叏鎵嬪唽
[2026-04-15 20:44:19.569] DEBUG   [EpubService] 浠嶰PF鑾峰彇浣滆€? 璋槦鏄?钁?[2026-04-15 20:44:19.570] VERBOSE [EpubService] _parseNavigationFile 寮€濮嬫墽琛? archive files count: 30
[2026-04-15 20:44:19.573] DEBUG   [EpubService] 浠庡鑸枃浠惰В鏋愬埌 0 涓珷鑺?[2026-04-15 20:44:19.573] DEBUG   [EpubService] 浠庡鑸枃浠惰幏鍙栫珷鑺傛暟: 0
[2026-04-15 20:44:19.574] DEBUG   [EpubService] 鏈€缁堜功鍚? Vibe Coding AI 缂栫▼瀹屽叏鎵嬪唽
[2026-04-15 20:44:19.574] DEBUG   [EpubService] 鏈€缁堜綔鑰? 璋槦鏄?钁?[2026-04-15 20:44:19.574] VERBOSE [EpubService] _extractCover 寮€濮嬫墽琛? bytes length: 995199, bookId: 5a014c68-258d-4e04-9b45-ffd806ea0253
[2026-04-15 20:44:19.574] DEBUG   [EpubService] 寮€濮嬫彁鍙栧皝闈?..
[2026-04-15 20:44:19.823] ERROR   [EpubService] 鎻愬彇灏侀潰澶辫触
Error: Exception: Incorrect EPUB manifest: item with href = "cover.jpg" is missing.
[2026-04-15 20:44:19.824] ERROR   [EpubService] 鍫嗘爤
Error: #0      BookCoverReader.readBookCover (package:epub_plus/src/readers/book_cover_reader.dart:36:7)
#1      EpubBookRef.readCover (package:epub_plus/src/ref_entities/epub_book_ref.dart:56:34)
#2      EpubReader.readBook (package:epub_plus/src/epub_reader.dart:102:42)
<asynchronous suspension>
#3      EpubService._extractCover (package:zhidu/services/epub_service.dart:561:24)
<asynchronous suspension>
#4      EpubService.parseEpubFile (package:zhidu/services/epub_service.dart:181:21)
<asynchronous suspension>
#5      BookService.importBookFromPath (package:zhidu/services/book_service.dart:184:16)
<asynchronous suspension>
#6      main.<anonymous closure>.<anonymous closure>.<anonymous closure> (file:///D:/Projects/zhidu/test/services/book_service_file_import_test.dart:59:23)
<asynchronous suspension>
#7      Declarer.test.<anonymous closure>.<anonymous closure> (package:test_api/src/backend/declarer.dart:253:15)
<asynchronous suspension>
#8      Declarer.test.<anonymous closure> (package:test_api/src/backend/declarer.dart:250:11)
<asynchronous suspension>
#9      Invoker._waitForOutstandingCallbacks.<anonymous closure> (package:test_api/src/backend/invoker.dart:318:9)
<asynchronous suspension>

[2026-04-15 20:44:19.825] DEBUG   [EpubService] 灏濊瘯浠巃rchive鏌ユ壘灏侀潰...
[2026-04-15 20:44:19.825] VERBOSE [EpubService] _extractCoverFromArchive 寮€濮嬫墽琛? bytes length: 995199, bookId: 5a014c68-258d-4e04-9b45-ffd806ea0253
[2026-04-15 20:44:19.905] DEBUG   [EpubService] 灏侀潰淇濆瓨鎴愬姛: C:\Users\jjzha\AppData\Local\Temp/zhidu_book_test_1776257058627\zhidu\books\5a014c68-258d-4e04-9b45-ffd806ea0253\cover.jpg
[2026-04-15 20:44:19.906] DEBUG   [EpubService] 灏侀潰璺緞: C:\Users\jjzha\AppData\Local\Temp/zhidu_book_test_1776257058627\zhidu\books\5a014c68-258d-4e04-9b45-ffd806ea0253\cover.jpg
[2026-04-15 20:44:19.907] DEBUG   [BookService] EPUB瑙ｆ瀽缁撴灉: Vibe Coding AI 缂栫▼瀹屽叏鎵嬪唽
[2026-04-15 20:44:19.908] INFO    [BookService] 涔︾睄宸插瓨鍦? Vibe Coding AI 缂栫▼瀹屽叏鎵嬪唽
00:24 +455 ~3 -3: D:/Projects/zhidu/test/screens/ai_config_screen_test.dart: AiConfigScreen Widget Tests interaction tests changing provider updates base URL automatically
00:24 +455 ~3 -3: D:/Projects/zhidu/test/services/epub_service_test.dart: EpubService parseEpubFile tests returns null for non-existent file
[2026-04-15 20:44:20.207] VERBOSE [EpubService] parseEpubFile 寮€濮嬫墽琛? filePath: /nonexistent/file.epub
[2026-04-15 20:44:20.262] DEBUG   [EpubService] 寮€濮嬭В鏋愭枃浠?/nonexistent/file.epub
[2026-04-15 20:44:20.289] WARNING [EpubService] 鏂囦欢涓嶅瓨鍦? /nonexistent/file.epub
00:24 +455 ~3 -3: D:/Projects/zhidu/test/services/book_service_file_import_test.dart: BookService real file import importBookFromPath returns null for unsupported format
[2026-04-15 20:44:20.293] VERBOSE [BookService] init 寮€濮嬫墽琛?00:24 +456 ~3 -3: D:/Projects/zhidu/test/screens/ai_config_screen_test.dart: AiConfigScreen Widget Tests interaction tests changing provider updates base URL automatically
00:24 +456 ~3 -3: D:/Projects/zhidu/test/services/book_service_file_import_test.dart: BookService real file import importBookFromPath returns null for unsupported format
[2026-04-15 20:44:20.314] VERBOSE [FileStorageService] 鏂囦欢涓嶅瓨鍦? C:\Users\jjzha\AppData\Local\Temp/zhidu_book_test_1776257060287\zhidu\books.json
[2026-04-15 20:44:20.317] VERBOSE [BookService] init 鎵ц瀹屾垚, 鍔犺浇涔︾睄鏁伴噺: 0
[2026-04-15 20:44:20.319] VERBOSE [BookService] importBookFromPath 寮€濮嬫墽琛? D:\Projects\zhidu\test\test_invalid.txt
[2026-04-15 20:44:20.319] DEBUG   [BookService] 寮€濮嬪鍏ヤ功绫? D:\Projects\zhidu\test\test_invalid.txt
[2026-04-15 20:44:20.320] WARNING [BookService] 涓嶆敮鎸佺殑鏂囦欢鏍煎紡: .txt
00:24 +457 ~3 -3: D:/Projects/zhidu/test/screens/ai_config_screen_test.dart: AiConfigScreen Widget Tests interaction tests changing provider updates base URL automatically
00:24 +457 ~3 -3: D:/Projects/zhidu/test/services/epub_service_test.dart: EpubService parseEpubFile tests returns Book with epub format on successful parse
[2026-04-15 20:44:20.341] VERBOSE [EpubService] parseEpubFile 寮€濮嬫墽琛? filePath: /test/path.epub
00:24 +457 ~3 -3: D:/Projects/zhidu/test/services/book_service_file_import_test.dart: BookService real file import importBookFromPath returns null for non-existent file
[2026-04-15 20:44:20.346] VERBOSE [BookService] init 寮€濮嬫墽琛?00:24 +457 ~3 -3: D:/Projects/zhidu/test/services/epub_service_test.dart: EpubService parseEpubFile tests returns Book with epub format on successful parse
[2026-04-15 20:44:20.345] DEBUG   [EpubService] 寮€濮嬭В鏋愭枃浠?/test/path.epub
[2026-04-15 20:44:20.347] WARNING [EpubService] 鏂囦欢涓嶅瓨鍦? /test/path.epub
00:24 +458 ~3 -3: D:/Projects/zhidu/test/screens/ai_config_screen_test.dart: AiConfigScreen Widget Tests interaction tests changing provider updates base URL automatically
00:24 +458 ~3 -3: D:/Projects/zhidu/test/services/book_service_file_import_test.dart: BookService real file import importBookFromPath returns null for non-existent file
[2026-04-15 20:44:20.356] VERBOSE [FileStorageService] 鏂囦欢涓嶅瓨鍦? C:\Users\jjzha\AppData\Local\Temp/zhidu_book_test_1776257060341\zhidu\books.json
[2026-04-15 20:44:20.358] VERBOSE [BookService] init 鎵ц瀹屾垚, 鍔犺浇涔︾睄鏁伴噺: 0
00:24 +458 ~3 -3: D:/Projects/zhidu/test/services/epub_service_test.dart: EpubService parseEpubFile tests generates unique book id
[2026-04-15 20:44:20.361] VERBOSE [EpubService] parseEpubFile 寮€濮嬫墽琛? filePath: /test/path1.epub
00:24 +458 ~3 -3: D:/Projects/zhidu/test/services/book_service_file_import_test.dart: BookService real file import importBookFromPath returns null for non-existent file
[2026-04-15 20:44:20.359] VERBOSE [BookService] importBookFromPath 寮€濮嬫墽琛? D:\Projects\zhidu\test\non_existent.epub
[2026-04-15 20:44:20.359] DEBUG   [BookService] 寮€濮嬪鍏ヤ功绫? D:\Projects\zhidu\test\non_existent.epub
[2026-04-15 20:44:20.359] DEBUG   [BookService] 寮€濮嬭В鏋怑PUB...
00:24 +458 ~3 -3: D:/Projects/zhidu/test/services/epub_service_test.dart: EpubService parseEpubFile tests generates unique book id
[2026-04-15 20:44:20.362] DEBUG   [EpubService] 寮€濮嬭В鏋愭枃浠?/test/path1.epub
00:24 +458 ~3 -3: D:/Projects/zhidu/test/services/book_service_file_import_test.dart: BookService real file import importBookFromPath returns null for non-existent file
[2026-04-15 20:44:20.359] VERBOSE [EpubService] parseEpubFile 寮€濮嬫墽琛? filePath: D:\Projects\zhidu\test\non_existent.epub
00:24 +458 ~3 -3: D:/Projects/zhidu/test/services/epub_service_test.dart: EpubService parseEpubFile tests generates unique book id
[2026-04-15 20:44:20.373] WARNING [EpubService] 鏂囦欢涓嶅瓨鍦? /test/path1.epub
00:24 +458 ~3 -3: D:/Projects/zhidu/test/services/book_service_file_import_test.dart: BookService real file import importBookFromPath returns null for non-existent file
[2026-04-15 20:44:20.360] DEBUG   [EpubService] 寮€濮嬭В鏋愭枃浠?D:\Projects\zhidu\test\non_existent.epub
00:24 +459 ~3 -3: D:/Projects/zhidu/test/screens/settings_screen_test.dart: SettingsScreen Widget Tests rendering tests renders about section
00:24 +459 ~3 -3: D:/Projects/zhidu/test/services/book_service_file_import_test.dart: BookService real file import importBookFromPath returns null for non-existent file
[2026-04-15 20:44:20.365] WARNING [EpubService] 鏂囦欢涓嶅瓨鍦? D:\Projects\zhidu\test\non_existent.epub
[2026-04-15 20:44:20.367] DEBUG   [BookService] EPUB瑙ｆ瀽缁撴灉: 澶辫触
00:24 +459 ~3 -3: D:/Projects/zhidu/test/services/epub_service_test.dart: EpubService parseEpubFile tests generates unique book id
[2026-04-15 20:44:20.374] VERBOSE [EpubService] parseEpubFile 寮€濮嬫墽琛? filePath: /test/path2.epub
00:24 +460 ~3 -3: D:/Projects/zhidu/test/screens/settings_screen_test.dart: SettingsScreen Widget Tests rendering tests renders about section
00:24 +460 ~3 -3: D:/Projects/zhidu/test/services/epub_service_test.dart: EpubService parseEpubFile tests generates unique book id
[2026-04-15 20:44:20.374] DEBUG   [EpubService] 寮€濮嬭В鏋愭枃浠?/test/path2.epub
[2026-04-15 20:44:20.379] WARNING [EpubService] 鏂囦欢涓嶅瓨鍦? /test/path2.epub
00:24 +461 ~3 -3: D:/Projects/zhidu/test/screens/settings_screen_test.dart: SettingsScreen Widget Tests rendering tests renders about section
00:24 +461 ~3 -3: D:/Projects/zhidu/test/services/book_service_file_import_test.dart: BookService real file import importBookFromPath adds book to books list
[2026-04-15 20:44:20.404] VERBOSE [BookService] init 寮€濮嬫墽琛?[2026-04-15 20:44:20.414] VERBOSE [FileStorageService] 鏂囦欢涓嶅瓨鍦? C:\Users\jjzha\AppData\Local\Temp/zhidu_book_test_1776257060395\zhidu\books.json
00:24 +461 ~3 -3: D:/Projects/zhidu/test/services/epub_service_test.dart: EpubService getChapterList tests returns empty list for non-existent file
[2026-04-15 20:44:20.404] VERBOSE [EpubService] getChapterList 寮€濮嬫墽琛? filePath: /nonexistent/file.epub
[2026-04-15 20:44:20.409] VERBOSE [EpubService] getChapterList 鏂囦欢涓嶅瓨鍦? filePath: /nonexistent/file.epub
00:24 +461 ~3 -3: D:/Projects/zhidu/test/services/book_service_file_import_test.dart: BookService real file import importBookFromPath adds book to books list
[2026-04-15 20:44:20.417] VERBOSE [BookService] init 鎵ц瀹屾垚, 鍔犺浇涔︾睄鏁伴噺: 0
00:24 +462 ~3 -3: D:/Projects/zhidu/test/screens/settings_screen_test.dart: SettingsScreen Widget Tests rendering tests renders about section
00:24 +462 ~3 -3: D:/Projects/zhidu/test/services/book_service_file_import_test.dart: BookService real file import importBookFromPath adds book to books list
[2026-04-15 20:44:20.418] VERBOSE [BookService] importBookFromPath 寮€濮嬫墽琛? D:\Projects\zhidu\test\Vibe Coding AI Bian Cheng Wan Q - Tan Xing Xing.epub
[2026-04-15 20:44:20.418] DEBUG   [BookService] 寮€濮嬪鍏ヤ功绫? D:\Projects\zhidu\test\Vibe Coding AI Bian Cheng Wan Q - Tan Xing Xing.epub
00:24 +462 ~3 -3: D:/Projects/zhidu/test/screens/summary_screen_test.dart: SummaryScreen Widget Tests content display structure tests shows padded layout for content display
[2026-04-15 20:44:20.380] VERBOSE [SummaryService] getSummary 寮€濮嬫墽琛? bookId: test-book-1, chapterIndex: 0
00:24 +462 ~3 -3: D:/Projects/zhidu/test/services/epub_service_test.dart: EpubService getChapterList tests returns List<ChapterInfo>
[2026-04-15 20:44:20.436] VERBOSE [EpubService] getChapterList 寮€濮嬫墽琛? filePath: /test/file.epub
[2026-04-15 20:44:20.441] VERBOSE [EpubService] getChapterList 鏂囦欢涓嶅瓨鍦? filePath: /test/file.epub
00:24 +463 ~3 -3: D:/Projects/zhidu/test/screens/settings_screen_test.dart: SettingsScreen Widget Tests rendering tests renders about section
00:24 +464 ~3 -3: D:/Projects/zhidu/test/screens/settings_screen_test.dart: SettingsScreen Widget Tests rendering tests renders about section
00:24 +465 ~3 -3: D:/Projects/zhidu/test/screens/settings_screen_test.dart: SettingsScreen Widget Tests rendering tests renders about section
00:24 +465 ~3 -3: D:/Projects/zhidu/test/services/epub_service_test.dart: EpubService getChapterContent tests returns null for non-existent file
[2026-04-15 20:44:20.460] VERBOSE [EpubService] getChapterList 寮€濮嬫墽琛? filePath: /nonexistent/file.epub
[2026-04-15 20:44:20.462] VERBOSE [EpubService] getChapterList 鏂囦欢涓嶅瓨鍦? filePath: /nonexistent/file.epub
00:24 +466 ~3 -3: D:/Projects/zhidu/test/screens/settings_screen_test.dart: SettingsScreen Widget Tests rendering tests renders about section
00:24 +466 ~3 -3: D:/Projects/zhidu/test/services/epub_service_test.dart: EpubService getChapterContent tests returns null for invalid chapter index
[2026-04-15 20:44:20.488] VERBOSE [EpubService] getChapterList 寮€濮嬫墽琛? filePath: /test/file.epub
[2026-04-15 20:44:20.491] VERBOSE [EpubService] getChapterList 鏂囦欢涓嶅瓨鍦? filePath: /test/file.epub
00:24 +467 ~3 -3: D:/Projects/zhidu/test/screens/settings_screen_test.dart: SettingsScreen Widget Tests rendering tests renders about section
00:24 +467 ~3 -3: D:/Projects/zhidu/test/services/epub_service_test.dart: EpubService getChapterContent tests returns null for chapter index out of bounds
[2026-04-15 20:44:20.509] VERBOSE [EpubService] getChapterList 寮€濮嬫墽琛? filePath: /test/file.epub
[2026-04-15 20:44:20.513] VERBOSE [EpubService] getChapterList 鏂囦欢涓嶅瓨鍦? filePath: /test/file.epub
00:24 +468 ~3 -3: D:/Projects/zhidu/test/screens/settings_screen_test.dart: SettingsScreen Widget Tests rendering tests renders about section
00:24 +469 ~3 -3: D:/Projects/zhidu/test/screens/settings_screen_test.dart: SettingsScreen Widget Tests rendering tests renders about section
00:24 +470 ~3 -3: D:/Projects/zhidu/test/screens/settings_screen_test.dart: SettingsScreen Widget Tests rendering tests renders about section
00:24 +470 ~3 -3: D:/Projects/zhidu/test/services/epub_service_test.dart: EpubService extractPrefaceContent tests returns null for non-existent file
[2026-04-15 20:44:20.582] VERBOSE [EpubService] extractPrefaceContent 寮€濮嬫墽琛? filePath: /nonexistent/file.epub
00:24 +471 ~3 -3: D:/Projects/zhidu/test/screens/settings_screen_test.dart: SettingsScreen Widget Tests rendering tests renders about section
00:25 +471 ~3 -3: D:/Projects/zhidu/test/services/epub_service_test.dart: EpubService getChapterHtml tests returns null for non-existent file
[2026-04-15 20:44:20.605] VERBOSE [EpubService] getChapterList 寮€濮嬫墽琛? filePath: /nonexistent/file.epub
[2026-04-15 20:44:20.607] VERBOSE [EpubService] getChapterList 鏂囦欢涓嶅瓨鍦? filePath: /nonexistent/file.epub
00:25 +472 ~3 -3: D:/Projects/zhidu/test/screens/settings_screen_test.dart: SettingsScreen Widget Tests rendering tests renders about section
00:25 +472 ~3 -3: D:/Projects/zhidu/test/services/epub_service_test.dart: EpubService getChapterHtml tests returns null for invalid chapter index
[2026-04-15 20:44:20.627] VERBOSE [EpubService] getChapterList 寮€濮嬫墽琛? filePath: /test/file.epub
[2026-04-15 20:44:20.631] VERBOSE [EpubService] getChapterList 鏂囦欢涓嶅瓨鍦? filePath: /test/file.epub
00:25 +473 ~3 -3: D:/Projects/zhidu/test/screens/settings_screen_test.dart: SettingsScreen Widget Tests rendering tests renders about section
00:25 +473 ~3 -3: D:/Projects/zhidu/test/services/epub_service_test.dart: EpubService getSectionsInChapter tests returns empty list for non-existent file
[2026-04-15 20:44:20.659] VERBOSE [EpubService] getChapterList 寮€濮嬫墽琛? filePath: /nonexistent/file.epub
00:25 +473 ~3 -3: D:/Projects/zhidu/test/screens/summary_screen_test.dart: SummaryScreen Widget Tests content display structure tests shows centered layout for loading/error states
[2026-04-15 20:44:20.648] VERBOSE [SummaryService] getSummary 寮€濮嬫墽琛? bookId: test-book-1, chapterIndex: 0
00:25 +474 ~3 -3: D:/Projects/zhidu/test/screens/settings_screen_test.dart: SettingsScreen Widget Tests rendering tests renders about section
00:25 +474 ~3 -3: D:/Projects/zhidu/test/services/epub_service_test.dart: EpubService getSectionsInChapter tests returns empty list for non-existent file
[2026-04-15 20:44:20.690] VERBOSE [EpubService] getChapterList 鏂囦欢涓嶅瓨鍦? filePath: /nonexistent/file.epub
00:25 +475 ~3 -3: D:/Projects/zhidu/test/screens/settings_screen_test.dart: SettingsScreen Widget Tests rendering tests renders about section
00:25 +475 ~3 -3: D:/Projects/zhidu/test/services/epub_service_test.dart: EpubService getSectionsInChapter tests returns empty list for invalid chapter index
[2026-04-15 20:44:20.794] VERBOSE [EpubService] getChapterList 寮€濮嬫墽琛? filePath: /test/file.epub
[2026-04-15 20:44:20.803] VERBOSE [EpubService] getChapterList 鏂囦欢涓嶅瓨鍦? filePath: /test/file.epub
00:25 +476 ~3 -3: D:/Projects/zhidu/test/screens/settings_screen_test.dart: SettingsScreen Widget Tests rendering tests renders about section
00:25 +476 ~3 -3: D:/Projects/zhidu/test/services/epub_service_test.dart: EpubService getSectionContent tests returns null for non-existent file
[2026-04-15 20:44:20.816] VERBOSE [EpubService] getChapterList 寮€濮嬫墽琛? filePath: /nonexistent/file.epub
[2026-04-15 20:44:20.819] VERBOSE [EpubService] getChapterList 鏂囦欢涓嶅瓨鍦? filePath: /nonexistent/file.epub
00:25 +477 ~3 -3: D:/Projects/zhidu/test/screens/settings_screen_test.dart: SettingsScreen Widget Tests rendering tests renders about section
00:25 +478 ~3 -3: D:/Projects/zhidu/test/screens/settings_screen_test.dart: SettingsScreen Widget Tests rendering tests renders about section
00:25 +478 ~3 -3: D:/Projects/zhidu/test/services/epub_service_test.dart: EpubService getSectionHtml tests returns null for non-existent file
[2026-04-15 20:44:20.858] VERBOSE [EpubService] getChapterList 寮€濮嬫墽琛? filePath: /nonexistent/file.epub
[2026-04-15 20:44:20.862] VERBOSE [EpubService] getChapterList 鏂囦欢涓嶅瓨鍦? filePath: /nonexistent/file.epub
00:25 +479 ~3 -3: D:/Projects/zhidu/test/screens/settings_screen_test.dart: SettingsScreen Widget Tests rendering tests renders about section
00:25 +480 ~3 -3: D:/Projects/zhidu/test/screens/settings_screen_test.dart: SettingsScreen Widget Tests rendering tests renders about section
00:25 +480 ~3 -3: D:/Projects/zhidu/test/services/epub_service_test.dart: EpubService getSectionHtml tests returns null for invalid chapter index
[2026-04-15 20:44:20.891] VERBOSE [EpubService] getChapterList 寮€濮嬫墽琛? filePath: /test/file.epub
[2026-04-15 20:44:20.892] VERBOSE [EpubService] getChapterList 鏂囦欢涓嶅瓨鍦? filePath: /test/file.epub
00:25 +481 ~3 -3: D:/Projects/zhidu/test/screens/settings_screen_test.dart: SettingsScreen Widget Tests rendering tests renders about section
00:25 +482 ~3 -3: D:/Projects/zhidu/test/screens/settings_screen_test.dart: SettingsScreen Widget Tests rendering tests renders about section
00:25 +483 ~3 -3: D:/Projects/zhidu/test/screens/settings_screen_test.dart: SettingsScreen Widget Tests rendering tests renders about section
00:25 +483 ~3 -3: D:/Projects/zhidu/test/services/epub_service_test.dart: EpubService _extractTitleFromPath behavior tests extracts title from file path with underscores
[2026-04-15 20:44:20.948] VERBOSE [EpubService] parseEpubFile 寮€濮嬫墽琛? filePath: /path/to/my_book_title.epub
[2026-04-15 20:44:20.950] DEBUG   [EpubService] 寮€濮嬭В鏋愭枃浠?/path/to/my_book_title.epub
[2026-04-15 20:44:20.956] WARNING [EpubService] 鏂囦欢涓嶅瓨鍦? /path/to/my_book_title.epub
00:25 +484 ~3 -3: D:/Projects/zhidu/test/screens/settings_screen_test.dart: SettingsScreen Widget Tests rendering tests renders about section
00:25 +484 ~3 -3: D:/Projects/zhidu/test/services/epub_service_test.dart: EpubService _extractTitleFromPath behavior tests extracts title from file path with hyphens
[2026-04-15 20:44:20.973] VERBOSE [EpubService] parseEpubFile 寮€濮嬫墽琛? filePath: /path/to/my-book-title.epub
[2026-04-15 20:44:20.976] DEBUG   [EpubService] 寮€濮嬭В鏋愭枃浠?/path/to/my-book-title.epub
[2026-04-15 20:44:20.981] WARNING [EpubService] 鏂囦欢涓嶅瓨鍦? /path/to/my-book-title.epub
00:25 +485 ~3 -3: D:/Projects/zhidu/test/screens/settings_screen_test.dart: SettingsScreen Widget Tests rendering tests renders about section
00:25 +485 ~3 -3: D:/Projects/zhidu/test/services/epub_service_test.dart: EpubService Real file parsing tests parseEpubFile parses real EPUB file
[2026-04-15 20:44:21.008] VERBOSE [EpubService] parseEpubFile 寮€濮嬫墽琛? filePath: D:\Projects\zhidu\test\fixtures\test_book.epub
[2026-04-15 20:44:21.019] DEBUG   [EpubService] 寮€濮嬭В鏋愭枃浠?D:\Projects\zhidu\test\fixtures\test_book.epub
[2026-04-15 20:44:21.023] DEBUG   [EpubService] 璇诲彇鏂囦欢瀛楄妭...
00:25 +485 ~3 -3: D:/Projects/zhidu/test/services/book_service_file_import_test.dart: BookService real file import importBookFromPath adds book to books list
[2026-04-15 20:44:20.418] DEBUG   [BookService] 寮€濮嬭В鏋怑PUB...
00:25 +485 ~3 -3: D:/Projects/zhidu/test/screens/summary_screen_test.dart: SummaryScreen Widget Tests content too short handling tests displays content even when short
[2026-04-15 20:44:21.010] VERBOSE [SummaryService] getSummary 寮€濮嬫墽琛? bookId: test-book-1, chapterIndex: 0
00:25 +485 ~3 -3: D:/Projects/zhidu/test/services/book_service_file_import_test.dart: BookService real file import importBookFromPath adds book to books list
[2026-04-15 20:44:20.418] VERBOSE [EpubService] parseEpubFile 寮€濮嬫墽琛? filePath: D:\Projects\zhidu\test\Vibe Coding AI Bian Cheng Wan Q - Tan Xing Xing.epub
[2026-04-15 20:44:20.419] DEBUG   [EpubService] 寮€濮嬭В鏋愭枃浠?D:\Projects\zhidu\test\Vibe Coding AI Bian Cheng Wan Q - Tan Xing Xing.epub
[2026-04-15 20:44:20.420] DEBUG   [EpubService] 璇诲彇鏂囦欢瀛楄妭...
[2026-04-15 20:44:20.424] DEBUG   [EpubService] 鏂囦欢澶у皬: 995199 bytes
[2026-04-15 20:44:20.425] DEBUG   [EpubService] 瑙ｆ瀽EPUB缁撴瀯...
00:25 +486 ~3 -3: D:/Projects/zhidu/test/screens/settings_screen_test.dart: SettingsScreen Widget Tests rendering tests renders about section
00:25 +486 ~3 -3: D:/Projects/zhidu/test/services/book_service_file_import_test.dart: BookService real file import importBookFromPath adds book to books list
[2026-04-15 20:44:20.775] ERROR   [EpubService] 浣跨敤EpubReader瑙ｆ瀽澶辫触
Error: Exception: Incorrect EPUB manifest: item with href = "cover.jpg" is missing.
[2026-04-15 20:44:20.776] ERROR   [EpubService] 鍫嗘爤
Error: #0      BookCoverReader.readBookCover (package:epub_plus/src/readers/book_cover_reader.dart:36:7)
#1      EpubBookRef.readCover (package:epub_plus/src/ref_entities/epub_book_ref.dart:56:34)
#2      EpubReader.readBook (package:epub_plus/src/epub_reader.dart:102:42)
<asynchronous suspension>
#3      EpubService.parseEpubFile (package:zhidu/services/epub_service.dart:104:26)
<asynchronous suspension>
#4      BookService.importBookFromPath (package:zhidu/services/book_service.dart:184:16)
<asynchronous suspension>
#5      main.<anonymous closure>.<anonymous closure>.<anonymous closure> (file:///D:/Projects/zhidu/test/services/book_service_file_import_test.dart:80:9)
<asynchronous suspension>
#6      Declarer.test.<anonymous closure>.<anonymous closure> (package:test_api/src/backend/declarer.dart:253:15)
<asynchronous suspension>
#7      Declarer.test.<anonymous closure> (package:test_api/src/backend/declarer.dart:250:11)
<asynchronous suspension>
#8      Invoker._waitForOutstandingCallbacks.<anonymous closure> (package:test_api/src/backend/invoker.dart:318:9)
<asynchronous suspension>

[2026-04-15 20:44:20.776] DEBUG   [EpubService] 灏濊瘯浣跨敤archive鐩存帴瑙ｆ瀽EPUB...
[2026-04-15 20:44:20.778] VERBOSE [EpubService] _parseContainerXml 寮€濮嬫墽琛? archive files count: 30
00:25 +486 ~3 -3: D:/Projects/zhidu/test/screens/backup_settings_screen_test.dart: BackupSettingsScreen Widget Tests state management tests updates settings when toggle is switched
[2026-04-15 20:44:20.876] INFO    [SettingsService] 瀛樺偍璁剧疆宸叉洿鏂?00:25 +486 ~3 -3: D:/Projects/zhidu/test/services/book_service_file_import_test.dart: BookService real file import importBookFromPath adds book to books list
[2026-04-15 20:44:20.780] DEBUG   [EpubService] OPF 鏂囦欢璺緞: EPUB/content.opf
00:25 +487 ~3 -3: D:/Projects/zhidu/test/screens/settings_screen_test.dart: SettingsScreen Widget Tests rendering tests renders about section
00:25 +487 ~3 -3: D:/Projects/zhidu/test/services/book_service_file_import_test.dart: BookService real file import importBookFromPath adds book to books list
[2026-04-15 20:44:20.782] DEBUG   [EpubService] 浠巆ontainer.xml鑾峰彇鏍囬: null
[2026-04-15 20:44:20.784] DEBUG   [EpubService] 浠巆ontainer.xml鑾峰彇浣滆€? null
[2026-04-15 20:44:20.785] VERBOSE [EpubService] _parseOpfFile 寮€濮嬫墽琛? archive files count: 30
[2026-04-15 20:44:20.788] VERBOSE [EpubService] _parseContainerXml 寮€濮嬫墽琛? archive files count: 30
[2026-04-15 20:44:20.791] DEBUG   [EpubService] OPF 鏂囦欢璺緞: EPUB/content.opf
[2026-04-15 20:44:20.801] DEBUG   [EpubService] OPF 瑙ｆ瀽缁撴灉 - 鏍囬: Vibe Coding AI 缂栫▼瀹屽叏鎵嬪唽, 浣滆€? 璋槦鏄?钁?[2026-04-15 20:44:20.803] DEBUG   [EpubService] 浠嶰PF鑾峰彇鏍囬: Vibe Coding AI 缂栫▼瀹屽叏鎵嬪唽
[2026-04-15 20:44:20.803] DEBUG   [EpubService] 浠嶰PF鑾峰彇浣滆€? 璋槦鏄?钁?[2026-04-15 20:44:20.803] VERBOSE [EpubService] _parseNavigationFile 寮€濮嬫墽琛? archive files count: 30
[2026-04-15 20:44:20.820] DEBUG   [EpubService] 浠庡鑸枃浠惰В鏋愬埌 0 涓珷鑺?[2026-04-15 20:44:20.822] DEBUG   [EpubService] 浠庡鑸枃浠惰幏鍙栫珷鑺傛暟: 0
[2026-04-15 20:44:20.823] DEBUG   [EpubService] 鏈€缁堜功鍚? Vibe Coding AI 缂栫▼瀹屽叏鎵嬪唽
[2026-04-15 20:44:20.824] DEBUG   [EpubService] 鏈€缁堜綔鑰? 璋槦鏄?钁?[2026-04-15 20:44:20.825] VERBOSE [EpubService] _extractCover 寮€濮嬫墽琛? bytes length: 995199, bookId: 46fc1bda-4450-4a28-b7a1-0e076b18dca1
[2026-04-15 20:44:20.825] DEBUG   [EpubService] 寮€濮嬫彁鍙栧皝闈?..
[2026-04-15 20:44:21.059] ERROR   [EpubService] 鎻愬彇灏侀潰澶辫触
Error: Exception: Incorrect EPUB manifest: item with href = "cover.jpg" is missing.
[2026-04-15 20:44:21.059] ERROR   [EpubService] 鍫嗘爤
Error: #0      BookCoverReader.readBookCover (package:epub_plus/src/readers/book_cover_reader.dart:36:7)
#1      EpubBookRef.readCover (package:epub_plus/src/ref_entities/epub_book_ref.dart:56:34)
#2      EpubReader.readBook (package:epub_plus/src/epub_reader.dart:102:42)
<asynchronous suspension>
#3      EpubService._extractCover (package:zhidu/services/epub_service.dart:561:24)
<asynchronous suspension>
#4      EpubService.parseEpubFile (package:zhidu/services/epub_service.dart:181:21)
<asynchronous suspension>
#5      BookService.importBookFromPath (package:zhidu/services/book_service.dart:184:16)
<asynchronous suspension>
#6      main.<anonymous closure>.<anonymous closure>.<anonymous closure> (file:///D:/Projects/zhidu/test/services/book_service_file_import_test.dart:80:9)
<asynchronous suspension>
#7      Declarer.test.<anonymous closure>.<anonymous closure> (package:test_api/src/backend/declarer.dart:253:15)
<asynchronous suspension>
#8      Declarer.test.<anonymous closure> (package:test_api/src/backend/declarer.dart:250:11)
<asynchronous suspension>
#9      Invoker._waitForOutstandingCallbacks.<anonymous closure> (package:test_api/src/backend/invoker.dart:318:9)
<asynchronous suspension>

[2026-04-15 20:44:21.066] DEBUG   [EpubService] 灏濊瘯浠巃rchive鏌ユ壘灏侀潰...
[2026-04-15 20:44:21.066] VERBOSE [EpubService] _extractCoverFromArchive 寮€濮嬫墽琛? bytes length: 995199, bookId: 46fc1bda-4450-4a28-b7a1-0e076b18dca1
[2026-04-15 20:44:21.100] DEBUG   [EpubService] 灏侀潰淇濆瓨鎴愬姛: C:\Users\jjzha\AppData\Local\Temp/zhidu_book_test_1776257060395\zhidu\books\46fc1bda-4450-4a28-b7a1-0e076b18dca1\cover.jpg
[2026-04-15 20:44:21.101] DEBUG   [EpubService] 灏侀潰璺緞: C:\Users\jjzha\AppData\Local\Temp/zhidu_book_test_1776257060395\zhidu\books\46fc1bda-4450-4a28-b7a1-0e076b18dca1\cover.jpg
[2026-04-15 20:44:21.103] DEBUG   [BookService] EPUB瑙ｆ瀽缁撴灉: Vibe Coding AI 缂栫▼瀹屽叏鎵嬪唽
[2026-04-15 20:44:21.143] INFO    [BookService] 涔︾睄瀵煎叆鎴愬姛: Vibe Coding AI 缂栫▼瀹屽叏鎵嬪唽
00:25 +488 ~3 -3: D:/Projects/zhidu/test/screens/settings_screen_test.dart: SettingsScreen Widget Tests rendering tests renders about section
00:25 +488 ~3 -3: D:/Projects/zhidu/test/services/book_service_file_import_test.dart: BookService real file import importBookFromPath saves book metadata to file
[2026-04-15 20:44:21.208] VERBOSE [BookService] init 寮€濮嬫墽琛?[2026-04-15 20:44:21.216] VERBOSE [FileStorageService] 鏂囦欢涓嶅瓨鍦? C:\Users\jjzha\AppData\Local\Temp/zhidu_book_test_1776257061206\zhidu\books.json
[2026-04-15 20:44:21.219] VERBOSE [BookService] init 鎵ц瀹屾垚, 鍔犺浇涔︾睄鏁伴噺: 0
[2026-04-15 20:44:21.222] VERBOSE [BookService] importBookFromPath 寮€濮嬫墽琛? D:\Projects\zhidu\test\Vibe Coding AI Bian Cheng Wan Q - Tan Xing Xing.epub
[2026-04-15 20:44:21.222] DEBUG   [BookService] 寮€濮嬪鍏ヤ功绫? D:\Projects\zhidu\test\Vibe Coding AI Bian Cheng Wan Q - Tan Xing Xing.epub
00:25 +489 ~3 -3: D:/Projects/zhidu/test/screens/settings_screen_test.dart: SettingsScreen Widget Tests rendering tests renders about section
鈺愨晲鈺?EXCEPTION CAUGHT BY FLUTTER TEST FRAMEWORK 鈺炩晲鈺愨晲鈺愨晲鈺愨晲鈺愨晲鈺愨晲鈺愨晲鈺愨晲鈺愨晲鈺愨晲鈺愨晲鈺愨晲鈺愨晲鈺愨晲鈺愨晲鈺愨晲鈺愨晲鈺愨晲鈺愨晲鈺愨晲鈺愨晲鈺愨晲鈺愨晲鈺愨晲鈺愨晲鈺愨晲鈺?The following TestFailure was thrown running a test:
Expected: exactly one matching candidate
  Actual: _TextWidgetFinder:<Found 0 widgets with text "鍏充簬": []>
   Which: means none were found but one was expected

When the exception was thrown, this was the stack:
#4      main.<anonymous closure>.<anonymous closure>.<anonymous closure> (file:///D:/Projects/zhidu/test/screens/settings_screen_test.dart:89:9)
<asynchronous suspension>
#5      testWidgets.<anonymous closure>.<anonymous closure> (package:flutter_test/src/widget_tester.dart:192:15)
<asynchronous suspension>
#6      TestWidgetsFlutterBinding._runTestBody (package:flutter_test/src/binding.dart:1682:5)
<asynchronous suspension>
<asynchronous suspension>
(elided one frame from package:stack_trace)

This was caught by the test expectation on the following line:
  file:///D:/Projects/zhidu/test/screens/settings_screen_test.dart line 89
The test description was:
  renders about section
鈺愨晲鈺愨晲鈺愨晲鈺愨晲鈺愨晲鈺愨晲鈺愨晲鈺愨晲鈺愨晲鈺愨晲鈺愨晲鈺愨晲鈺愨晲鈺愨晲鈺愨晲鈺愨晲鈺愨晲鈺愨晲鈺愨晲鈺愨晲鈺愨晲鈺愨晲鈺愨晲鈺愨晲鈺愨晲鈺愨晲鈺愨晲鈺愨晲鈺愨晲鈺愨晲鈺愨晲鈺愨晲鈺愨晲鈺愨晲鈺愨晲鈺愨晲鈺愨晲鈺愨晲鈺愨晲鈺愨晲鈺愨晲鈺愨晲鈺愨晲鈺愨晲鈺愨晲鈺愨晲鈺愨晲鈺愨晲鈺愨晲鈺愨晲
00:25 +489 ~3 -4: D:/Projects/zhidu/test/services/epub_service_test.dart: EpubService Real file parsing tests parseEpubFile parses real EPUB file
00:25 +489 ~3 -4: D:/Projects/zhidu/test/screens/settings_screen_test.dart: SettingsScreen Widget Tests rendering tests renders about section [E]
  Test failed. See exception logs above.
  The test description was: renders about section
  
00:26 +489 ~3 -4: D:/Projects/zhidu/test/services/epub_service_test.dart: EpubService Real file parsing tests parseEpubFile parses real EPUB file
[2026-04-15 20:44:21.056] DEBUG   [EpubService] 鏂囦欢澶у皬: 2087 bytes
[2026-04-15 20:44:21.058] DEBUG   [EpubService] 瑙ｆ瀽EPUB缁撴瀯...
[2026-04-15 20:44:21.557] ERROR   [EpubService] 浣跨敤EpubReader瑙ｆ瀽澶辫触
Error: Exception: EPUB parsing error: TOC file does not contain head element.
[2026-04-15 20:44:21.558] ERROR   [EpubService] 鍫嗘爤
Error: #0      NavigationReader.readNavigation (package:epub_plus/src/readers/navigation_reader.dart:176:9)
#1      SchemaReader.readSchema (package:epub_plus/src/readers/schema_reader.dart:19:47)
<asynchronous suspension>
#2      EpubReader.openBook (package:epub_plus/src/epub_reader.dart:63:20)
<asynchronous suspension>
#3      EpubReader.readBook (package:epub_plus/src/epub_reader.dart:96:23)
<asynchronous suspension>
#4      EpubService.parseEpubFile (package:zhidu/services/epub_service.dart:104:26)
<asynchronous suspension>
#5      main.<anonymous closure>.<anonymous closure>.<anonymous closure> (file:///D:/Projects/zhidu/test/services/epub_service_test.dart:274:24)
<asynchronous suspension>
#6      Declarer.test.<anonymous closure>.<anonymous closure> (package:test_api/src/backend/declarer.dart:253:15)
<asynchronous suspension>
#7      Declarer.test.<anonymous closure> (package:test_api/src/backend/declarer.dart:250:11)
<asynchronous suspension>
#8      Invoker._waitForOutstandingCallbacks.<anonymous closure> (package:test_api/src/backend/invoker.dart:318:9)
<asynchronous suspension>

[2026-04-15 20:44:21.559] DEBUG   [EpubService] 灏濊瘯浣跨敤archive鐩存帴瑙ｆ瀽EPUB...
[2026-04-15 20:44:21.567] VERBOSE [EpubService] _parseContainerXml 寮€濮嬫墽琛? archive files count: 6
[2026-04-15 20:44:21.571] DEBUG   [EpubService] OPF 鏂囦欢璺緞: OEBPS/content.opf
[2026-04-15 20:44:21.572] DEBUG   [EpubService] 浠巆ontainer.xml鑾峰彇鏍囬: null
[2026-04-15 20:44:21.572] DEBUG   [EpubService] 浠巆ontainer.xml鑾峰彇浣滆€? null
[2026-04-15 20:44:21.574] VERBOSE [EpubService] _parseOpfFile 寮€濮嬫墽琛? archive files count: 6
[2026-04-15 20:44:21.575] VERBOSE [EpubService] _parseContainerXml 寮€濮嬫墽琛? archive files count: 6
[2026-04-15 20:44:21.577] DEBUG   [EpubService] OPF 鏂囦欢璺緞: OEBPS/content.opf
[2026-04-15 20:44:21.587] DEBUG   [EpubService] OPF 瑙ｆ瀽缁撴灉 - 鏍囬: Test Book, 浣滆€? Test Author
[2026-04-15 20:44:21.588] DEBUG   [EpubService] 浠嶰PF鑾峰彇鏍囬: Test Book
00:26 +489 ~3 -4: D:/Projects/zhidu/test/services/book_service_file_import_test.dart: BookService real file import importBookFromPath saves book metadata to file
[2026-04-15 20:44:21.223] DEBUG   [BookService] 寮€濮嬭В鏋怑PUB...
00:26 +489 ~3 -4: D:/Projects/zhidu/test/services/epub_service_test.dart: EpubService Real file parsing tests parseEpubFile parses real EPUB file
[2026-04-15 20:44:21.588] DEBUG   [EpubService] 浠嶰PF鑾峰彇浣滆€? Test Author
[2026-04-15 20:44:21.590] VERBOSE [EpubService] _parseNavigationFile 寮€濮嬫墽琛? archive files count: 6
00:26 +489 ~3 -4: D:/Projects/zhidu/test/services/book_service_file_import_test.dart: BookService real file import importBookFromPath saves book metadata to file
[2026-04-15 20:44:21.223] VERBOSE [EpubService] parseEpubFile 寮€濮嬫墽琛? filePath: D:\Projects\zhidu\test\Vibe Coding AI Bian Cheng Wan Q - Tan Xing Xing.epub
00:26 +489 ~3 -4: D:/Projects/zhidu/test/services/epub_service_test.dart: EpubService Real file parsing tests parseEpubFile parses real EPUB file
[2026-04-15 20:44:21.593] DEBUG   [EpubService] 浠庡鑸枃浠惰В鏋愬埌 0 涓珷鑺?[2026-04-15 20:44:21.595] DEBUG   [EpubService] 浠庡鑸枃浠惰幏鍙栫珷鑺傛暟: 0
[2026-04-15 20:44:21.596] DEBUG   [EpubService] 鏈€缁堜功鍚? Test Book
[2026-04-15 20:44:21.596] DEBUG   [EpubService] 鏈€缁堜綔鑰? Test Author
[2026-04-15 20:44:21.609] VERBOSE [EpubService] _extractCover 寮€濮嬫墽琛? bytes length: 2087, bookId: 50940c26-c30a-4bdd-855d-8016bc140a22
[2026-04-15 20:44:21.610] DEBUG   [EpubService] 寮€濮嬫彁鍙栧皝闈?..
00:26 +489 ~3 -4: D:/Projects/zhidu/test/services/book_service_file_import_test.dart: BookService real file import importBookFromPath saves book metadata to file
[2026-04-15 20:44:21.223] DEBUG   [EpubService] 寮€濮嬭В鏋愭枃浠?D:\Projects\zhidu\test\Vibe Coding AI Bian Cheng Wan Q - Tan Xing Xing.epub
[2026-04-15 20:44:21.224] DEBUG   [EpubService] 璇诲彇鏂囦欢瀛楄妭...
00:26 +489 ~3 -4: D:/Projects/zhidu/test/services/epub_service_test.dart: EpubService Real file parsing tests parseEpubFile parses real EPUB file
[2026-04-15 20:44:21.625] ERROR   [EpubService] 鎻愬彇灏侀潰澶辫触
Error: Exception: EPUB parsing error: TOC file does not contain head element.
[2026-04-15 20:44:21.627] ERROR   [EpubService] 鍫嗘爤
Error: #0      NavigationReader.readNavigation (package:epub_plus/src/readers/navigation_reader.dart:176:9)
#1      SchemaReader.readSchema (package:epub_plus/src/readers/schema_reader.dart:19:47)
<asynchronous suspension>
#2      EpubReader.openBook (package:epub_plus/src/epub_reader.dart:63:20)
<asynchronous suspension>
#3      EpubReader.readBook (package:epub_plus/src/epub_reader.dart:96:23)
<asynchronous suspension>
#4      EpubService._extractCover (package:zhidu/services/epub_service.dart:561:24)
<asynchronous suspension>
#5      EpubService.parseEpubFile (package:zhidu/services/epub_service.dart:181:21)
<asynchronous suspension>
#6      main.<anonymous closure>.<anonymous closure>.<anonymous closure> (file:///D:/Projects/zhidu/test/services/epub_service_test.dart:274:24)
<asynchronous suspension>
#7      Declarer.test.<anonymous closure>.<anonymous closure> (package:test_api/src/backend/declarer.dart:253:15)
<asynchronous suspension>
#8      Declarer.test.<anonymous closure> (package:test_api/src/backend/declarer.dart:250:11)
<asynchronous suspension>
#9      Invoker._waitForOutstandingCallbacks.<anonymous closure> (package:test_api/src/backend/invoker.dart:318:9)
<asynchronous suspension>

[2026-04-15 20:44:21.629] DEBUG   [EpubService] 灏濊瘯浠巃rchive鏌ユ壘灏侀潰...
[2026-04-15 20:44:21.631] VERBOSE [EpubService] _extractCoverFromArchive 寮€濮嬫墽琛? bytes length: 2087, bookId: 50940c26-c30a-4bdd-855d-8016bc140a22
[2026-04-15 20:44:21.634] DEBUG   [EpubService] 灏侀潰璺緞: null
00:26 +490 ~3 -4: D:/Projects/zhidu/test/screens/backup_settings_screen_test.dart: BackupSettingsScreen Widget Tests state management tests frequency dropdown items are correct
00:26 +490 ~3 -4: D:/Projects/zhidu/test/services/book_service_file_import_test.dart: BookService real file import importBookFromPath saves book metadata to file
[2026-04-15 20:44:21.234] DEBUG   [EpubService] 鏂囦欢澶у皬: 995199 bytes
00:26 +490 ~3 -4: D:/Projects/zhidu/test/services/epub_service_test.dart: EpubService Real file parsing tests parseEpubFile extracts chapters from real EPUB
[2026-04-15 20:44:21.730] VERBOSE [EpubService] parseEpubFile 寮€濮嬫墽琛? filePath: D:\Projects\zhidu\test\fixtures\test_book.epub
00:26 +490 ~3 -4: D:/Projects/zhidu/test/services/book_service_file_import_test.dart: BookService real file import importBookFromPath saves book metadata to file
[2026-04-15 20:44:21.235] DEBUG   [EpubService] 瑙ｆ瀽EPUB缁撴瀯...
00:26 +490 ~3 -4: D:/Projects/zhidu/test/services/epub_service_test.dart: EpubService Real file parsing tests parseEpubFile extracts chapters from real EPUB
[2026-04-15 20:44:21.734] DEBUG   [EpubService] 寮€濮嬭В鏋愭枃浠?D:\Projects\zhidu\test\fixtures\test_book.epub
[2026-04-15 20:44:21.741] DEBUG   [EpubService] 璇诲彇鏂囦欢瀛楄妭...
00:26 +490 ~3 -4: D:/Projects/zhidu/test/services/book_service_file_import_test.dart: BookService real file import importBookFromPath saves book metadata to file
[2026-04-15 20:44:21.452] ERROR   [EpubService] 浣跨敤EpubReader瑙ｆ瀽澶辫触
Error: Exception: Incorrect EPUB manifest: item with href = "cover.jpg" is missing.
Package file_picker:linux references file_picker:linux as the default plugin, but it does not provide an inline impleme
ntation.
Ask the maintainers of file_picker to either avoid referencing a default implementation via `platforms: linux: default_
package: file_picker` or add an inline implementation to file_picker via `platforms: linux:` `pluginClass` or `dartPlug
inClass`.

Package file_picker:macos references file_picker:macos as the default plugin, but it does not provide an inline impleme
ntation.
Ask the maintainers of file_picker to either avoid referencing a default implementation via `platforms: macos: default_
package: file_picker` or add an inline implementation to file_picker via `platforms: macos:` `pluginClass` or `dartPlug
inClass`.

Package file_picker:windows references file_picker:windows as the default plugin, but it does not provide an inline imp
lementation.
Ask the maintainers of file_picker to either avoid referencing a default implementation via `platforms: windows: defaul
t_package: file_picker` or add an inline implementation to file_picker via `platforms: windows:` `pluginClass` or `dart
PluginClass`.

[2026-04-15 20:44:21.453] ERROR   [EpubService] 鍫嗘爤
Error: #0      BookCoverReader.readBookCover (package:epub_plus/src/readers/book_cover_reader.dart:36:7)
#1      EpubBookRef.readCover (package:epub_plus/src/ref_entities/epub_book_ref.dart:56:34)
#2      EpubReader.readBook (package:epub_plus/src/epub_reader.dart:102:42)
<asynchronous suspension>
#3      EpubService.parseEpubFile (package:zhidu/services/epub_service.dart:104:26)
<asynchronous suspension>
#4      BookService.importBookFromPath (package:zhidu/services/book_service.dart:184:16)
<asynchronous suspension>
#5      main.<anonymous closure>.<anonymous closure>.<anonymous closure> (file:///D:/Projects/zhidu/test/services/book_service_file_import_test.dart:87:22)
<asynchronous suspension>
#6      Declarer.test.<anonymous closure>.<anonymous closure> (package:test_api/src/backend/declarer.dart:253:15)
<asynchronous suspension>
#7      Declarer.test.<anonymous closure> (package:test_api/src/backend/declarer.dart:250:11)
<asynchronous suspension>
#8      Invoker._waitForOutstandingCallbacks.<anonymous closure> (package:test_api/src/backend/invoker.dart:318:9)
<asynchronous suspension>

[2026-04-15 20:44:21.454] DEBUG   [EpubService] 灏濊瘯浣跨敤archive鐩存帴瑙ｆ瀽EPUB...
[2026-04-15 20:44:21.456] VERBOSE [EpubService] _parseContainerXml 寮€濮嬫墽琛? archive files count: 30
[2026-04-15 20:44:21.458] DEBUG   [EpubService] OPF 鏂囦欢璺緞: EPUB/content.opf
[2026-04-15 20:44:21.459] DEBUG   [EpubService] 浠巆ontainer.xml鑾峰彇鏍囬: null
[2026-04-15 20:44:21.459] DEBUG   [EpubService] 浠巆ontainer.xml鑾峰彇浣滆€? null
[2026-04-15 20:44:21.459] VERBOSE [EpubService] _parseOpfFile 寮€濮嬫墽琛? archive files count: 30
[2026-04-15 20:44:21.459] VERBOSE [EpubService] _parseContainerXml 寮€濮嬫墽琛? archive files count: 30
[2026-04-15 20:44:21.461] DEBUG   [EpubService] OPF 鏂囦欢璺緞: EPUB/content.opf
[2026-04-15 20:44:21.473] DEBUG   [EpubService] OPF 瑙ｆ瀽缁撴灉 - 鏍囬: Vibe Coding AI 缂栫▼瀹屽叏鎵嬪唽, 浣滆€? 璋槦鏄?钁?[2026-04-15 20:44:21.474] DEBUG   [EpubService] 浠嶰PF鑾峰彇鏍囬: Vibe Coding AI 缂栫▼瀹屽叏鎵嬪唽
[2026-04-15 20:44:21.474] DEBUG   [EpubService] 浠嶰PF鑾峰彇浣滆€? 璋槦鏄?钁?[2026-04-15 20:44:21.474] VERBOSE [EpubService] _parseNavigationFile 寮€濮嬫墽琛? archive files count: 30
[2026-04-15 20:44:21.488] DEBUG   [EpubService] 浠庡鑸枃浠惰В鏋愬埌 0 涓珷鑺?[2026-04-15 20:44:21.489] DEBUG   [EpubService] 浠庡鑸枃浠惰幏鍙栫珷鑺傛暟: 0
[2026-04-15 20:44:21.489] DEBUG   [EpubService] 鏈€缁堜功鍚? Vibe Coding AI 缂栫▼瀹屽叏鎵嬪唽
[2026-04-15 20:44:21.490] DEBUG   [EpubService] 鏈€缁堜綔鑰? 璋槦鏄?钁?[2026-04-15 20:44:21.490] VERBOSE [EpubService] _extractCover 寮€濮嬫墽琛? bytes length: 995199, bookId: 7e0dd43e-64a3-4edd-9d6a-d24e3715bc16
[2026-04-15 20:44:21.490] DEBUG   [EpubService] 寮€濮嬫彁鍙栧皝闈?..
[2026-04-15 20:44:21.674] ERROR   [EpubService] 鎻愬彇灏侀潰澶辫触
Error: Exception: Incorrect EPUB manifest: item with href = "cover.jpg" is missing.
[2026-04-15 20:44:21.675] ERROR   [EpubService] 鍫嗘爤
Error: #0      BookCoverReader.readBookCover (package:epub_plus/src/readers/book_cover_reader.dart:36:7)
#1      EpubBookRef.readCover (package:epub_plus/src/ref_entities/epub_book_ref.dart:56:34)
#2      EpubReader.readBook (package:epub_plus/src/epub_reader.dart:102:42)
<asynchronous suspension>
#3      EpubService._extractCover (package:zhidu/services/epub_service.dart:561:24)
<asynchronous suspension>
#4      EpubService.parseEpubFile (package:zhidu/services/epub_service.dart:181:21)
<asynchronous suspension>
#5      BookService.importBookFromPath (package:zhidu/services/book_service.dart:184:16)
<asynchronous suspension>
#6      main.<anonymous closure>.<anonymous closure>.<anonymous closure> (file:///D:/Projects/zhidu/test/services/book_service_file_import_test.dart:87:22)
<asynchronous suspension>
#7      Declarer.test.<anonymous closure>.<anonymous closure> (package:test_api/src/backend/declarer.dart:253:15)
<asynchronous suspension>
#8      Declarer.test.<anonymous closure> (package:test_api/src/backend/declarer.dart:250:11)
<asynchronous suspension>
#9      Invoker._waitForOutstandingCallbacks.<anonymous closure> (package:test_api/src/backend/invoker.dart:318:9)
<asynchronous suspension>

[2026-04-15 20:44:21.676] DEBUG   [EpubService] 灏濊瘯浠巃rchive鏌ユ壘灏侀潰...
[2026-04-15 20:44:21.676] VERBOSE [EpubService] _extractCoverFromArchive 寮€濮嬫墽琛? bytes length: 995199, bookId: 7e0dd43e-64a3-4edd-9d6a-d24e3715bc16
[2026-04-15 20:44:21.709] DEBUG   [EpubService] 灏侀潰淇濆瓨鎴愬姛: C:\Users\jjzha\AppData\Local\Temp/zhidu_book_test_1776257061206\zhidu\books\7e0dd43e-64a3-4edd-9d6a-d24e3715bc16\cover.jpg
[2026-04-15 20:44:21.710] DEBUG   [EpubService] 灏侀潰璺緞: C:\Users\jjzha\AppData\Local\Temp/zhidu_book_test_1776257061206\zhidu\books\7e0dd43e-64a3-4edd-9d6a-d24e3715bc16\cover.jpg
[2026-04-15 20:44:21.710] DEBUG   [BookService] EPUB瑙ｆ瀽缁撴灉: Vibe Coding AI 缂栫▼瀹屽叏鎵嬪唽
[2026-04-15 20:44:21.773] INFO    [BookService] 涔︾睄瀵煎叆鎴愬姛: Vibe Coding AI 缂栫▼瀹屽叏鎵嬪唽
00:26 +491 ~3 -4: D:/Projects/zhidu/test/screens/backup_settings_screen_test.dart: BackupSettingsScreen Widget Tests state management tests frequency dropdown items are correct
00:26 +491 ~3 -4: D:/Projects/zhidu/test/services/epub_service_test.dart: EpubService Real file parsing tests parseEpubFile extracts chapters from real EPUB
[2026-04-15 20:44:21.744] DEBUG   [EpubService] 鏂囦欢澶у皬: 2087 bytes
[2026-04-15 20:44:21.746] DEBUG   [EpubService] 瑙ｆ瀽EPUB缁撴瀯...
[2026-04-15 20:44:21.765] ERROR   [EpubService] 浣跨敤EpubReader瑙ｆ瀽澶辫触
Error: Exception: EPUB parsing error: TOC file does not contain head element.
[2026-04-15 20:44:21.769] ERROR   [EpubService] 鍫嗘爤
Error: #0      NavigationReader.readNavigation (package:epub_plus/src/readers/navigation_reader.dart:176:9)
#1      SchemaReader.readSchema (package:epub_plus/src/readers/schema_reader.dart:19:47)
<asynchronous suspension>
#2      EpubReader.openBook (package:epub_plus/src/epub_reader.dart:63:20)
<asynchronous suspension>
#3      EpubReader.readBook (package:epub_plus/src/epub_reader.dart:96:23)
<asynchronous suspension>
#4      EpubService.parseEpubFile (package:zhidu/services/epub_service.dart:104:26)
<asynchronous suspension>
#5      main.<anonymous closure>.<anonymous closure>.<anonymous closure> (file:///D:/Projects/zhidu/test/services/epub_service_test.dart:292:24)
<asynchronous suspension>
#6      Declarer.test.<anonymous closure>.<anonymous closure> (package:test_api/src/backend/declarer.dart:253:15)
<asynchronous suspension>
#7      Declarer.test.<anonymous closure> (package:test_api/src/backend/declarer.dart:250:11)
<asynchronous suspension>
#8      Invoker._waitForOutstandingCallbacks.<anonymous closure> (package:test_api/src/backend/invoker.dart:318:9)
<asynchronous suspension>

[2026-04-15 20:44:21.770] DEBUG   [EpubService] 灏濊瘯浣跨敤archive鐩存帴瑙ｆ瀽EPUB...
00:26 +491 ~3 -4: D:/Projects/zhidu/test/services/book_service_file_import_test.dart: BookService real file import importBookFromPath saves books index to file
[2026-04-15 20:44:21.830] VERBOSE [BookService] init 寮€濮嬫墽琛?00:26 +491 ~3 -4: D:/Projects/zhidu/test/services/epub_service_test.dart: EpubService Real file parsing tests parseEpubFile extracts chapters from real EPUB
[2026-04-15 20:44:21.771] VERBOSE [EpubService] _parseContainerXml 寮€濮嬫墽琛? archive files count: 6
[2026-04-15 20:44:21.773] DEBUG   [EpubService] OPF 鏂囦欢璺緞: OEBPS/content.opf
[2026-04-15 20:44:21.774] DEBUG   [EpubService] 浠巆ontainer.xml鑾峰彇鏍囬: null
[2026-04-15 20:44:21.774] DEBUG   [EpubService] 浠巆ontainer.xml鑾峰彇浣滆€? null
[2026-04-15 20:44:21.774] VERBOSE [EpubService] _parseOpfFile 寮€濮嬫墽琛? archive files count: 6
[2026-04-15 20:44:21.774] VERBOSE [EpubService] _parseContainerXml 寮€濮嬫墽琛? archive files count: 6
[2026-04-15 20:44:21.776] DEBUG   [EpubService] OPF 鏂囦欢璺緞: OEBPS/content.opf
[2026-04-15 20:44:21.783] DEBUG   [EpubService] OPF 瑙ｆ瀽缁撴灉 - 鏍囬: Test Book, 浣滆€? Test Author
[2026-04-15 20:44:21.784] DEBUG   [EpubService] 浠嶰PF鑾峰彇鏍囬: Test Book
[2026-04-15 20:44:21.790] DEBUG   [EpubService] 浠嶰PF鑾峰彇浣滆€? Test Author
[2026-04-15 20:44:21.791] VERBOSE [EpubService] _parseNavigationFile 寮€濮嬫墽琛? archive files count: 6
[2026-04-15 20:44:21.800] DEBUG   [EpubService] 浠庡鑸枃浠惰В鏋愬埌 0 涓珷鑺?[2026-04-15 20:44:21.804] DEBUG   [EpubService] 浠庡鑸枃浠惰幏鍙栫珷鑺傛暟: 0
00:26 +491 ~3 -4: D:/Projects/zhidu/test/services/book_service_file_import_test.dart: BookService real file import importBookFromPath saves books index to file
[2026-04-15 20:44:21.840] VERBOSE [FileStorageService] 鏂囦欢涓嶅瓨鍦? C:\Users\jjzha\AppData\Local\Temp/zhidu_book_test_1776257061827\zhidu\books.json
00:26 +491 ~3 -4: D:/Projects/zhidu/test/services/epub_service_test.dart: EpubService Real file parsing tests parseEpubFile extracts chapters from real EPUB
[2026-04-15 20:44:21.804] DEBUG   [EpubService] 鏈€缁堜功鍚? Test Book
[2026-04-15 20:44:21.805] DEBUG   [EpubService] 鏈€缁堜綔鑰? Test Author
[2026-04-15 20:44:21.806] VERBOSE [EpubService] _extractCover 寮€濮嬫墽琛? bytes length: 2087, bookId: 37c7dfcc-3cfe-4db3-a2c1-84d8dd3a2144
00:26 +491 ~3 -4: D:/Projects/zhidu/test/services/book_service_file_import_test.dart: BookService real file import importBookFromPath saves books index to file
[2026-04-15 20:44:21.840] VERBOSE [BookService] init 鎵ц瀹屾垚, 鍔犺浇涔︾睄鏁伴噺: 0
00:26 +491 ~3 -4: D:/Projects/zhidu/test/services/epub_service_test.dart: EpubService Real file parsing tests parseEpubFile extracts chapters from real EPUB
[2026-04-15 20:44:21.806] DEBUG   [EpubService] 寮€濮嬫彁鍙栧皝闈?..
00:26 +491 ~3 -4: D:/Projects/zhidu/test/services/book_service_file_import_test.dart: BookService real file import importBookFromPath saves books index to file
[2026-04-15 20:44:21.841] VERBOSE [BookService] importBookFromPath 寮€濮嬫墽琛? D:\Projects\zhidu\test\Vibe Coding AI Bian Cheng Wan Q - Tan Xing Xing.epub
00:26 +491 ~3 -4: D:/Projects/zhidu/test/services/epub_service_test.dart: EpubService Real file parsing tests parseEpubFile extracts chapters from real EPUB
[2026-04-15 20:44:21.820] ERROR   [EpubService] 鎻愬彇灏侀潰澶辫触
Error: Exception: EPUB parsing error: TOC file does not contain head element.
00:26 +491 ~3 -4: D:/Projects/zhidu/test/services/book_service_file_import_test.dart: BookService real file import importBookFromPath saves books index to file
[2026-04-15 20:44:21.841] DEBUG   [BookService] 寮€濮嬪鍏ヤ功绫? D:\Projects\zhidu\test\Vibe Coding AI Bian Cheng Wan Q - Tan Xing Xing.epub
[2026-04-15 20:44:21.841] DEBUG   [BookService] 寮€濮嬭В鏋怑PUB...
00:26 +491 ~3 -4: D:/Projects/zhidu/test/services/epub_service_test.dart: EpubService Real file parsing tests parseEpubFile extracts chapters from real EPUB
[2026-04-15 20:44:21.821] ERROR   [EpubService] 鍫嗘爤
Error: #0      NavigationReader.readNavigation (package:epub_plus/src/readers/navigation_reader.dart:176:9)
#1      SchemaReader.readSchema (package:epub_plus/src/readers/schema_reader.dart:19:47)
<asynchronous suspension>
#2      EpubReader.openBook (package:epub_plus/src/epub_reader.dart:63:20)
<asynchronous suspension>
#3      EpubReader.readBook (package:epub_plus/src/epub_reader.dart:96:23)
<asynchronous suspension>
#4      EpubService._extractCover (package:zhidu/services/epub_service.dart:561:24)
<asynchronous suspension>
#5      EpubService.parseEpubFile (package:zhidu/services/epub_service.dart:181:21)
<asynchronous suspension>
#6      main.<anonymous closure>.<anonymous closure>.<anonymous closure> (file:///D:/Projects/zhidu/test/services/epub_service_test.dart:292:24)
<asynchronous suspension>
#7      Declarer.test.<anonymous closure>.<anonymous closure> (package:test_api/src/backend/declarer.dart:253:15)
<asynchronous suspension>
#8      Declarer.test.<anonymous closure> (package:test_api/src/backend/declarer.dart:250:11)
<asynchronous suspension>
#9      Invoker._waitForOutstandingCallbacks.<anonymous closure> (package:test_api/src/backend/invoker.dart:318:9)
<asynchronous suspension>

[2026-04-15 20:44:21.821] DEBUG   [EpubService] 灏濊瘯浠巃rchive鏌ユ壘灏侀潰...
[2026-04-15 20:44:21.822] VERBOSE [EpubService] _extractCoverFromArchive 寮€濮嬫墽琛? bytes length: 2087, bookId: 37c7dfcc-3cfe-4db3-a2c1-84d8dd3a2144
[2026-04-15 20:44:21.822] DEBUG   [EpubService] 灏侀潰璺緞: null
00:26 +492 ~3 -4: D:/Projects/zhidu/test/screens/backup_settings_screen_test.dart: BackupSettingsScreen Widget Tests state management tests frequency dropdown items are correct
00:26 +492 ~3 -4: D:/Projects/zhidu/test/services/epub_service_test.dart: EpubService Real file parsing tests getChapterList returns chapters from real EPUB
[2026-04-15 20:44:22.000] VERBOSE [EpubService] getChapterList 寮€濮嬫墽琛? filePath: D:\Projects\zhidu\test\fixtures\test_book.epub
[2026-04-15 20:44:22.007] VERBOSE [EpubService] getChapterList 璇诲彇鏂囦欢瀹屾垚, bytes length: 2087
00:26 +493 ~3 -4: D:/Projects/zhidu/test/screens/backup_settings_screen_test.dart: BackupSettingsScreen Widget Tests state management tests frequency dropdown items are correct
00:26 +493 ~3 -4: D:/Projects/zhidu/test/services/epub_service_test.dart: EpubService Real file parsing tests getChapterList chapter titles are non-empty when chapters exist
[2026-04-15 20:44:22.039] VERBOSE [EpubService] getChapterList 寮€濮嬫墽琛? filePath: D:\Projects\zhidu\test\fixtures\test_book.epub
00:26 +493 ~3 -4: D:/Projects/zhidu/test/screens/backup_settings_screen_test.dart: BackupSettingsScreen Widget Tests state management tests frequency dropdown items are correct
00:26 +494 ~3 -4: D:/Projects/zhidu/test/screens/backup_settings_screen_test.dart: BackupSettingsScreen Widget Tests state management tests frequency dropdown items are correct
00:26 +494 ~3 -4: D:/Projects/zhidu/test/services/epub_service_test.dart: EpubService Real file parsing tests getChapterList chapter titles are non-empty when chapters exist
[2026-04-15 20:44:22.043] VERBOSE [EpubService] getChapterList 璇诲彇鏂囦欢瀹屾垚, bytes length: 2087
00:26 +495 ~3 -4: D:/Projects/zhidu/test/screens/backup_settings_screen_test.dart: BackupSettingsScreen Widget Tests state management tests frequency dropdown items are correct
00:26 +495 ~3 -4: D:/Projects/zhidu/test/services/epub_service_test.dart: EpubService Real file parsing tests getChapterList returns hrefs for chapters
[2026-04-15 20:44:22.084] VERBOSE [EpubService] getChapterList 寮€濮嬫墽琛? filePath: D:\Projects\zhidu\test\fixtures\test_book.epub
00:26 +496 ~3 -4: D:/Projects/zhidu/test/screens/backup_settings_screen_test.dart: BackupSettingsScreen Widget Tests state management tests frequency dropdown items are correct
00:26 +496 ~3 -4: D:/Projects/zhidu/test/services/epub_service_test.dart: EpubService Real file parsing tests getChapterList returns hrefs for chapters
[2026-04-15 20:44:22.092] VERBOSE [EpubService] getChapterList 璇诲彇鏂囦欢瀹屾垚, bytes length: 2087
00:26 +497 ~3 -4: D:/Projects/zhidu/test/screens/backup_settings_screen_test.dart: BackupSettingsScreen Widget Tests state management tests frequency dropdown items are correct
00:26 +497 ~3 -4: D:/Projects/zhidu/test/services/epub_service_test.dart: EpubService Real file parsing tests getChapterContent extracts content from real EPUB
[2026-04-15 20:44:22.136] VERBOSE [EpubService] getChapterList 寮€濮嬫墽琛? filePath: D:\Projects\zhidu\test\fixtures\test_book.epub
[2026-04-15 20:44:22.139] VERBOSE [EpubService] getChapterList 璇诲彇鏂囦欢瀹屾垚, bytes length: 2087
00:26 +498 ~3 -4: D:/Projects/zhidu/test/screens/backup_settings_screen_test.dart: BackupSettingsScreen Widget Tests state management tests frequency dropdown items are correct
00:26 +498 ~3 -4: D:/Projects/zhidu/test/services/epub_service_test.dart: EpubService Real file parsing tests getChapterContent extracts content from real EPUB
[2026-04-15 20:44:22.158] VERBOSE [EpubService] getChapterList 寮€濮嬫墽琛? filePath: D:\Projects\zhidu\test\fixtures\test_book.epub
[2026-04-15 20:44:22.161] VERBOSE [EpubService] getChapterList 璇诲彇鏂囦欢瀹屾垚, bytes length: 2087
00:26 +498 ~3 -4: D:/Projects/zhidu/test/screens/backup_settings_screen_test.dart: BackupSettingsScreen Widget Tests state management tests frequency dropdown items are correct
[2026-04-15 20:44:21.160] INFO    [SettingsService] 瀛樺偍璁剧疆宸叉洿鏂?00:26 +499 ~3 -4: D:/Projects/zhidu/test/services/book_service_file_import_test.dart: BookService real file import importBookFromPath saves books index to file
00:26 +499 ~3 -4: D:/Projects/zhidu/test/services/epub_service_test.dart: EpubService Real file parsing tests getChapterContent extracts content from real EPUB
[2026-04-15 20:44:22.209] ERROR   [EpubService] 浣跨敤EpubReader鑾峰彇绔犺妭鍐呭澶辫触
Error: Exception: EPUB parsing error: TOC file does not contain head element.
[2026-04-15 20:44:22.210] DEBUG   [EpubService] 灏濊瘯浣跨敤archive鍥為€€鏂规...
[2026-04-15 20:44:22.213] DEBUG   [EpubService] 鏌ユ壘绔犺妭鏂囦欢: href=chapter1.xhtml, 鍘婚櫎閿氱偣鍚?chapter1.xhtml
[2026-04-15 20:44:22.215] DEBUG   [EpubService] 鎵惧埌绔犺妭鏂囦欢: OEBPS/chapter1.xhtml
[2026-04-15 20:44:22.217] VERBOSE [EpubService] _extractTextFromHtml 寮€濮嬫墽琛? html length: 377
[2026-04-15 20:44:22.239] VERBOSE [EpubService] _extractTextFromHtml 鎵ц瀹屾垚, extracted text length: 144
00:26 +500 ~3 -4: D:/Projects/zhidu/test/services/book_service_file_import_test.dart: BookService real file import importBookFromPath saves books index to file
00:26 +500 ~3 -4: D:/Projects/zhidu/test/services/export_service_test.dart: ExportService importFromJson imports valid JSON backup file
[2026-04-15 20:44:22.256] DEBUG   [BookService] 鏇存柊涔︾睄: Export Test Book
00:26 +500 ~3 -4: D:/Projects/zhidu/test/services/epub_service_test.dart: EpubService Real file parsing tests getChapterContent returns null for out-of-bounds index
[2026-04-15 20:44:22.301] VERBOSE [EpubService] getChapterList 寮€濮嬫墽琛? filePath: D:\Projects\zhidu\test\fixtures\test_book.epub
[2026-04-15 20:44:22.308] VERBOSE [EpubService] getChapterList 璇诲彇鏂囦欢瀹屾垚, bytes length: 2087
[2026-04-15 20:44:22.342] VERBOSE [EpubService] getChapterList 寮€濮嬫墽琛? filePath: D:\Projects\zhidu\test\fixtures\test_book.epub
00:26 +500 ~3 -4: D:/Projects/zhidu/test/services/export_service_test.dart: ExportService importFromJson imports valid JSON backup file
[2026-04-15 20:44:22.346] DEBUG   [SummaryService] 鎽樿宸蹭繚瀛? import-test-1_0
00:26 +501 ~3 -4: D:/Projects/zhidu/test/services/book_service_file_import_test.dart: BookService real file import importBookFromPath saves books index to file
00:26 +501 ~3 -4: D:/Projects/zhidu/test/services/epub_service_test.dart: EpubService Real file parsing tests getChapterContent returns null for out-of-bounds index
[2026-04-15 20:44:22.350] VERBOSE [EpubService] getChapterList 璇诲彇鏂囦欢瀹屾垚, bytes length: 2087
00:26 +501 ~3 -4: D:/Projects/zhidu/test/services/book_service_file_import_test.dart: BookService real file import importBookFromPath saves books index to file
[2026-04-15 20:44:21.841] VERBOSE [EpubService] parseEpubFile 寮€濮嬫墽琛? filePath: D:\Projects\zhidu\test\Vibe Coding AI Bian Cheng Wan Q - Tan Xing Xing.epub
00:26 +502 ~3 -4: D:/Projects/zhidu/test/services/book_service_file_import_test.dart: BookService real file import importBookFromPath saves books index to file
[2026-04-15 20:44:21.841] DEBUG   [EpubService] 寮€濮嬭В鏋愭枃浠?D:\Projects\zhidu\test\Vibe Coding AI Bian Cheng Wan Q - Tan Xing Xing.epub
[2026-04-15 20:44:21.842] DEBUG   [EpubService] 璇诲彇鏂囦欢瀛楄妭...
[2026-04-15 20:44:21.858] DEBUG   [EpubService] 鏂囦欢澶у皬: 995199 bytes
[2026-04-15 20:44:21.858] DEBUG   [EpubService] 瑙ｆ瀽EPUB缁撴瀯...
[2026-04-15 20:44:22.110] ERROR   [EpubService] 浣跨敤EpubReader瑙ｆ瀽澶辫触
Error: Exception: Incorrect EPUB manifest: item with href = "cover.jpg" is missing.
00:26 +502 ~3 -4: D:/Projects/zhidu/test/services/export_service_test.dart: ExportService importFromJson returns false for invalid JSON
[2026-04-15 20:44:22.432] ERROR   [ExportService] 瀵煎叆澶辫触
Error: FormatException: Unexpected character (at character 1)
not valid json
^

00:26 +502 ~3 -4: D:/Projects/zhidu/test/services/book_service_file_import_test.dart: BookService real file import importBookFromPath saves books index to file
[2026-04-15 20:44:22.111] ERROR   [EpubService] 鍫嗘爤
Error: #0      BookCoverReader.readBookCover (package:epub_plus/src/readers/book_cover_reader.dart:36:7)
#1      EpubBookRef.readCover (package:epub_plus/src/ref_entities/epub_book_ref.dart:56:34)
#2      EpubReader.readBook (package:epub_plus/src/epub_reader.dart:102:42)
<asynchronous suspension>
#3      EpubService.parseEpubFile (package:zhidu/services/epub_service.dart:104:26)
<asynchronous suspension>
#4      BookService.importBookFromPath (package:zhidu/services/book_service.dart:184:16)
<asynchronous suspension>
#5      main.<anonymous closure>.<anonymous closure>.<anonymous closure> (file:///D:/Projects/zhidu/test/services/book_service_file_import_test.dart:96:9)
<asynchronous suspension>
#6      Declarer.test.<anonymous closure>.<anonymous closure> (package:test_api/src/backend/declarer.dart:253:15)
<asynchronous suspension>
#7      Declarer.test.<anonymous closure> (package:test_api/src/backend/declarer.dart:250:11)
<asynchronous suspension>
#8      Invoker._waitForOutstandingCallbacks.<anonymous closure> (package:test_api/src/backend/invoker.dart:318:9)
<asynchronous suspension>

[2026-04-15 20:44:22.118] DEBUG   [EpubService] 灏濊瘯浣跨敤archive鐩存帴瑙ｆ瀽EPUB...
00:26 +503 ~3 -4: D:/Projects/zhidu/test/services/book_service_file_import_test.dart: BookService real file import importBookFromPath saves books index to file
[2026-04-15 20:44:22.121] VERBOSE [EpubService] _parseContainerXml 寮€濮嬫墽琛? archive files count: 30
[2026-04-15 20:44:22.124] DEBUG   [EpubService] OPF 鏂囦欢璺緞: EPUB/content.opf
[2026-04-15 20:44:22.124] DEBUG   [EpubService] 浠巆ontainer.xml鑾峰彇鏍囬: null
[2026-04-15 20:44:22.125] DEBUG   [EpubService] 浠巆ontainer.xml鑾峰彇浣滆€? null
[2026-04-15 20:44:22.125] VERBOSE [EpubService] _parseOpfFile 寮€濮嬫墽琛? archive files count: 30
[2026-04-15 20:44:22.125] VERBOSE [EpubService] _parseContainerXml 寮€濮嬫墽琛? archive files count: 30
[2026-04-15 20:44:22.126] DEBUG   [EpubService] OPF 鏂囦欢璺緞: EPUB/content.opf
[2026-04-15 20:44:22.139] DEBUG   [EpubService] OPF 瑙ｆ瀽缁撴灉 - 鏍囬: Vibe Coding AI 缂栫▼瀹屽叏鎵嬪唽, 浣滆€? 璋槦鏄?钁?[2026-04-15 20:44:22.140] DEBUG   [EpubService] 浠嶰PF鑾峰彇鏍囬: Vibe Coding AI 缂栫▼瀹屽叏鎵嬪唽
00:26 +504 ~3 -4: D:/Projects/zhidu/test/services/book_service_file_import_test.dart: BookService real file import importBookFromPath saves books index to file
[2026-04-15 20:44:22.140] DEBUG   [EpubService] 浠嶰PF鑾峰彇浣滆€? 璋槦鏄?钁?00:26 +504 ~3 -4: D:/Projects/zhidu/test/services/epub_service_test.dart: EpubService Real file parsing tests getChapterHtml returns HTML content from real EPUB
[2026-04-15 20:44:22.451] VERBOSE [EpubService] getChapterList 寮€濮嬫墽琛? filePath: D:\Projects\zhidu\test\fixtures\test_book.epub
00:26 +504 ~3 -4: D:/Projects/zhidu/test/services/book_service_file_import_test.dart: BookService real file import importBookFromPath saves books index to file
[2026-04-15 20:44:22.140] VERBOSE [EpubService] _parseNavigationFile 寮€濮嬫墽琛? archive files count: 30
[2026-04-15 20:44:22.141] DEBUG   [EpubService] 浠庡鑸枃浠惰В鏋愬埌 0 涓珷鑺?[2026-04-15 20:44:22.141] DEBUG   [EpubService] 浠庡鑸枃浠惰幏鍙栫珷鑺傛暟: 0
[2026-04-15 20:44:22.141] DEBUG   [EpubService] 鏈€缁堜功鍚? Vibe Coding AI 缂栫▼瀹屽叏鎵嬪唽
[2026-04-15 20:44:22.142] DEBUG   [EpubService] 鏈€缁堜綔鑰? 璋槦鏄?钁?[2026-04-15 20:44:22.142] VERBOSE [EpubService] _extractCover 寮€濮嬫墽琛? bytes length: 995199, bookId: ed8c8dd7-88e6-4ccb-948b-d42896998df7
[2026-04-15 20:44:22.142] DEBUG   [EpubService] 寮€濮嬫彁鍙栧皝闈?..
[2026-04-15 20:44:22.409] ERROR   [EpubService] 鎻愬彇灏侀潰澶辫触
Error: Exception: Incorrect EPUB manifest: item with href = "cover.jpg" is missing.
[2026-04-15 20:44:22.411] ERROR   [EpubService] 鍫嗘爤
Error: #0      BookCoverReader.readBookCover (package:epub_plus/src/readers/book_cover_reader.dart:36:7)
#1      EpubBookRef.readCover (package:epub_plus/src/ref_entities/epub_book_ref.dart:56:34)
#2      EpubReader.readBook (package:epub_plus/src/epub_reader.dart:102:42)
<asynchronous suspension>
#3      EpubService._extractCover (package:zhidu/services/epub_service.dart:561:24)
<asynchronous suspension>
#4      EpubService.parseEpubFile (package:zhidu/services/epub_service.dart:181:21)
<asynchronous suspension>
#5      BookService.importBookFromPath (package:zhidu/services/book_service.dart:184:16)
<asynchronous suspension>
#6      main.<anonymous closure>.<anonymous closure>.<anonymous closure> (file:///D:/Projects/zhidu/test/services/book_service_file_import_test.dart:96:9)
<asynchronous suspension>
#7      Declarer.test.<anonymous closure>.<anonymous closure> (package:test_api/src/backend/declarer.dart:253:15)
<asynchronous suspension>
#8      Declarer.test.<anonymous closure> (package:test_api/src/backend/declarer.dart:250:11)
<asynchronous suspension>
#9      Invoker._waitForOutstandingCallbacks.<anonymous closure> (package:test_api/src/backend/invoker.dart:318:9)
<asynchronous suspension>

[2026-04-15 20:44:22.411] DEBUG   [EpubService] 灏濊瘯浠巃rchive鏌ユ壘灏侀潰...
[2026-04-15 20:44:22.412] VERBOSE [EpubService] _extractCoverFromArchive 寮€濮嬫墽琛? bytes length: 995199, bookId: ed8c8dd7-88e6-4ccb-948b-d42896998df7
[2026-04-15 20:44:22.453] DEBUG   [EpubService] 灏侀潰淇濆瓨鎴愬姛: C:\Users\jjzha\AppData\Local\Temp/zhidu_book_test_1776257061827\zhidu\books\ed8c8dd7-88e6-4ccb-948b-d42896998df7\cover.jpg
[2026-04-15 20:44:22.454] DEBUG   [EpubService] 灏侀潰璺緞: C:\Users\jjzha\AppData\Local\Temp/zhidu_book_test_1776257061827\zhidu\books\ed8c8dd7-88e6-4ccb-948b-d42896998df7\cover.jpg
[2026-04-15 20:44:22.455] DEBUG   [BookService] EPUB瑙ｆ瀽缁撴灉: Vibe Coding AI 缂栫▼瀹屽叏鎵嬪唽
[2026-04-15 20:44:22.482] INFO    [BookService] 涔︾睄瀵煎叆鎴愬姛: Vibe Coding AI 缂栫▼瀹屽叏鎵嬪唽
00:26 +505 ~3 -4: D:/Projects/zhidu/test/screens/settings_screen_test.dart: SettingsScreen Widget Tests data statistics display tests shows summary count stat tile
00:26 +506 ~3 -4: D:/Projects/zhidu/test/screens/settings_screen_test.dart: SettingsScreen Widget Tests data statistics display tests shows summary count stat tile
00:26 +506 ~3 -4: D:/Projects/zhidu/test/services/epub_service_test.dart: EpubService Real file parsing tests getChapterHtml returns HTML content from real EPUB
[2026-04-15 20:44:22.458] VERBOSE [EpubService] getChapterList 璇诲彇鏂囦欢瀹屾垚, bytes length: 2087
[2026-04-15 20:44:22.476] VERBOSE [EpubService] getChapterList 寮€濮嬫墽琛? filePath: D:\Projects\zhidu\test\fixtures\test_book.epub
[2026-04-15 20:44:22.482] VERBOSE [EpubService] getChapterList 璇诲彇鏂囦欢瀹屾垚, bytes length: 2087
[2026-04-15 20:44:22.514] ERROR   [EpubService] 浣跨敤EpubReader鑾峰彇绔犺妭HTML澶辫触
Error: Exception: EPUB parsing error: TOC file does not contain head element.
[2026-04-15 20:44:22.516] DEBUG   [EpubService] 灏濊瘯浣跨敤archive鍥為€€鏂规...
00:26 +507 ~3 -4: D:/Projects/zhidu/test/screens/settings_screen_test.dart: SettingsScreen Widget Tests data statistics display tests shows summary count stat tile
00:26 +507 ~3 -4: D:/Projects/zhidu/test/services/book_service_file_import_test.dart: BookService real file import getBookById returns book after import
[2026-04-15 20:44:22.559] VERBOSE [BookService] init 寮€濮嬫墽琛?00:26 +508 ~3 -4: D:/Projects/zhidu/test/screens/settings_screen_test.dart: SettingsScreen Widget Tests data statistics display tests shows summary count stat tile
00:26 +508 ~3 -4: D:/Projects/zhidu/test/services/book_service_file_import_test.dart: BookService real file import getBookById returns book after import
[2026-04-15 20:44:22.566] VERBOSE [FileStorageService] 鏂囦欢涓嶅瓨鍦? C:\Users\jjzha\AppData\Local\Temp/zhidu_book_test_1776257062555\zhidu\books.json
[2026-04-15 20:44:22.567] VERBOSE [BookService] init 鎵ц瀹屾垚, 鍔犺浇涔︾睄鏁伴噺: 0
[2026-04-15 20:44:22.572] VERBOSE [BookService] importBookFromPath 寮€濮嬫墽琛? D:\Projects\zhidu\test\Vibe Coding AI Bian Cheng Wan Q - Tan Xing Xing.epub
00:26 +508 ~3 -4: D:/Projects/zhidu/test/services/epub_service_test.dart: EpubService Real file parsing tests getHierarchicalChapterList returns structured chapters
[2026-04-15 20:44:22.573] ERROR   [EpubService] EpubReader瑙ｆ瀽澶辫触锛屼娇鐢╝rchive鍥為€€鏂规
Error: Exception: EPUB parsing error: TOC file does not contain head element.
00:26 +509 ~3 -4: D:/Projects/zhidu/test/screens/settings_screen_test.dart: SettingsScreen Widget Tests data statistics display tests shows summary count stat tile
00:26 +510 ~3 -4: D:/Projects/zhidu/test/screens/settings_screen_test.dart: SettingsScreen Widget Tests data statistics display tests shows summary count stat tile
00:26 +511 ~3 -4: D:/Projects/zhidu/test/screens/ai_config_screen_test.dart: AiConfigScreen Widget Tests state tests form validation requires Base URL
00:27 +511 ~3 -4: D:/Projects/zhidu/test/services/epub_service_test.dart: EpubService Real file parsing tests extractPrefaceContent handles real EPUB
[2026-04-15 20:44:22.600] VERBOSE [EpubService] extractPrefaceContent 寮€濮嬫墽琛? filePath: D:\Projects\zhidu\test\fixtures\test_book.epub
00:27 +512 ~3 -4: D:/Projects/zhidu/test/screens/ai_config_screen_test.dart: AiConfigScreen Widget Tests state tests form validation requires Base URL
00:27 +512 ~3 -4: D:/Projects/zhidu/test/services/epub_service_test.dart: EpubService Real file parsing tests extractPrefaceContent handles real EPUB
[2026-04-15 20:44:22.616] ERROR   [EpubService] 浣跨敤EpubReader鎻愬彇鍓嶈█澶辫触
Error: Exception: EPUB parsing error: TOC file does not contain head element.
[2026-04-15 20:44:22.617] DEBUG   [EpubService] 灏濊瘯浣跨敤archive鍥為€€鏂规...
00:27 +513 ~3 -4: D:/Projects/zhidu/test/screens/ai_config_screen_test.dart: AiConfigScreen Widget Tests state tests form validation requires Base URL
00:27 +513 ~3 -4: D:/Projects/zhidu/test/services/epub_service_test.dart: EpubService Real file parsing tests extractPrefaceContent handles real EPUB
[2026-04-15 20:44:22.621] VERBOSE [EpubService] _extractPrefaceFromArchive 寮€濮嬫墽琛? bytes length: 2087
00:27 +514 ~3 -4: D:/Projects/zhidu/test/screens/ai_config_screen_test.dart: AiConfigScreen Widget Tests state tests form validation requires Base URL
00:27 +514 ~3 -4: D:/Projects/zhidu/test/services/epub_service_test.dart: EpubService Real file parsing tests getSectionsInChapter handles real EPUB
[2026-04-15 20:44:22.643] VERBOSE [EpubService] getChapterList 寮€濮嬫墽琛? filePath: D:\Projects\zhidu\test\fixtures\test_book.epub
00:27 +515 ~3 -4: D:/Projects/zhidu/test/screens/ai_config_screen_test.dart: AiConfigScreen Widget Tests state tests form validation requires Base URL
00:27 +515 ~3 -4: D:/Projects/zhidu/test/services/epub_service_test.dart: EpubService Real file parsing tests getSectionsInChapter handles real EPUB
[2026-04-15 20:44:22.654] VERBOSE [EpubService] getChapterList 璇诲彇鏂囦欢瀹屾垚, bytes length: 2087
[2026-04-15 20:44:22.672] VERBOSE [EpubService] getChapterList 寮€濮嬫墽琛? filePath: D:\Projects\zhidu\test\fixtures\test_book.epub
00:27 +516 ~3 -4: D:/Projects/zhidu/test/screens/ai_config_screen_test.dart: AiConfigScreen Widget Tests state tests form validation requires Base URL
00:27 +517 ~3 -4: D:/Projects/zhidu/test/screens/ai_config_screen_test.dart: AiConfigScreen Widget Tests state tests form validation requires Base URL
00:27 +517 ~3 -4: D:/Projects/zhidu/test/services/epub_service_test.dart: EpubService Real file parsing tests getSectionsInChapter handles real EPUB
[2026-04-15 20:44:22.676] VERBOSE [EpubService] getChapterList 璇诲彇鏂囦欢瀹屾垚, bytes length: 2087
00:27 +518 ~3 -4: D:/Projects/zhidu/test/screens/ai_config_screen_test.dart: AiConfigScreen Widget Tests state tests form validation requires Base URL
00:27 +519 ~3 -4: D:/Projects/zhidu/test/screens/ai_config_screen_test.dart: AiConfigScreen Widget Tests state tests form validation requires Base URL
00:27 +520 ~3 -4: D:/Projects/zhidu/test/screens/ai_config_screen_test.dart: AiConfigScreen Widget Tests state tests form validation requires Base URL
00:27 +520 ~3 -4: D:/Projects/zhidu/test/services/epub_service_test.dart: EpubService Real file parsing tests getChapterContentFromHref extracts content by href
[2026-04-15 20:44:22.743] VERBOSE [EpubService] getChapterList 寮€濮嬫墽琛? filePath: D:\Projects\zhidu\test\fixtures\test_book.epub
00:27 +521 ~3 -4: D:/Projects/zhidu/test/screens/ai_config_screen_test.dart: AiConfigScreen Widget Tests state tests form validation requires Base URL
00:27 +521 ~3 -4: D:/Projects/zhidu/test/services/epub_service_test.dart: EpubService Real file parsing tests getChapterContentFromHref extracts content by href
[2026-04-15 20:44:22.747] VERBOSE [EpubService] getChapterList 璇诲彇鏂囦欢瀹屾垚, bytes length: 2087
00:27 +522 ~3 -4: D:/Projects/zhidu/test/screens/ai_config_screen_test.dart: AiConfigScreen Widget Tests state tests form validation requires Base URL
00:27 +523 ~3 -4: D:/Projects/zhidu/test/screens/ai_config_screen_test.dart: AiConfigScreen Widget Tests state tests form validation requires Base URL
00:27 +524 ~3 -4: D:/Projects/zhidu/test/screens/ai_config_screen_test.dart: AiConfigScreen Widget Tests state tests form validation requires Base URL
00:27 +525 ~3 -4: D:/Projects/zhidu/test/screens/ai_config_screen_test.dart: AiConfigScreen Widget Tests state tests form validation requires Base URL
00:27 +526 ~3 -4: D:/Projects/zhidu/test/screens/ai_config_screen_test.dart: AiConfigScreen Widget Tests state tests form validation requires Base URL
00:27 +526 ~3 -4: D:/Projects/zhidu/test/services/epub_service_test.dart: EpubService Boundary and edge case tests getChapterContent handles chapter index 0
[2026-04-15 20:44:22.811] VERBOSE [EpubService] getChapterList 寮€濮嬫墽琛? filePath: D:\Projects\zhidu\test\fixtures\test_book.epub
00:27 +527 ~3 -4: D:/Projects/zhidu/test/screens/ai_config_screen_test.dart: AiConfigScreen Widget Tests state tests form validation requires Base URL
00:27 +528 ~3 -4: D:/Projects/zhidu/test/screens/ai_config_screen_test.dart: AiConfigScreen Widget Tests state tests form validation requires Base URL
00:27 +528 ~3 -4: D:/Projects/zhidu/test/services/epub_service_test.dart: EpubService Boundary and edge case tests getChapterContent handles chapter index 0
[2026-04-15 20:44:22.823] VERBOSE [EpubService] getChapterList 璇诲彇鏂囦欢瀹屾垚, bytes length: 2087
[2026-04-15 20:44:22.835] VERBOSE [EpubService] getChapterList 寮€濮嬫墽琛? filePath: D:\Projects\zhidu\test\fixtures\test_book.epub
[2026-04-15 20:44:22.841] VERBOSE [EpubService] getChapterList 璇诲彇鏂囦欢瀹屾垚, bytes length: 2087
[2026-04-15 20:44:22.877] ERROR   [EpubService] 浣跨敤EpubReader鑾峰彇绔犺妭鍐呭澶辫触
Error: Exception: EPUB parsing error: TOC file does not contain head element.
[2026-04-15 20:44:22.878] DEBUG   [EpubService] 灏濊瘯浣跨敤archive鍥為€€鏂规...
[2026-04-15 20:44:22.880] DEBUG   [EpubService] 鏌ユ壘绔犺妭鏂囦欢: href=chapter1.xhtml, 鍘婚櫎閿氱偣鍚?chapter1.xhtml
[2026-04-15 20:44:22.881] DEBUG   [EpubService] 鎵惧埌绔犺妭鏂囦欢: OEBPS/chapter1.xhtml
[2026-04-15 20:44:22.881] VERBOSE [EpubService] _extractTextFromHtml 寮€濮嬫墽琛? html length: 377
[2026-04-15 20:44:22.883] VERBOSE [EpubService] _extractTextFromHtml 鎵ц瀹屾垚, extracted text length: 144
00:27 +529 ~3 -4: D:/Projects/zhidu/test/screens/ai_config_screen_test.dart: AiConfigScreen Widget Tests state tests form validation requires Base URL
00:27 +529 ~3 -4: D:/Projects/zhidu/test/services/epub_service_test.dart: EpubService Boundary and edge case tests getChapterHtml handles last chapter
[2026-04-15 20:44:22.929] VERBOSE [EpubService] getChapterList 寮€濮嬫墽琛? filePath: D:\Projects\zhidu\test\fixtures\test_book.epub
00:27 +529 ~3 -4: D:/Projects/zhidu/test/services/export_service_test.dart: ExportService settings backup exportAllDataToJson includes settings in backup
[2026-04-15 20:44:22.871] INFO    [SettingsService] 寮€濮嬪垵濮嬪寲璁剧疆鏈嶅姟
00:27 +529 ~3 -4: D:/Projects/zhidu/test/services/epub_service_test.dart: EpubService Boundary and edge case tests getChapterHtml handles last chapter
[2026-04-15 20:44:22.943] VERBOSE [EpubService] getChapterList 璇诲彇鏂囦欢瀹屾垚, bytes length: 2087
00:27 +529 ~3 -4: D:/Projects/zhidu/test/services/export_service_test.dart: ExportService settings backup exportAllDataToJson includes settings in backup
[2026-04-15 20:44:22.889] INFO    [SettingsService] 璁剧疆鏂囦欢涓嶅瓨鍦紝浣跨敤榛樿璁剧疆
00:27 +529 ~3 -4: D:/Projects/zhidu/test/services/epub_service_test.dart: EpubService Boundary and edge case tests getChapterHtml handles last chapter
[2026-04-15 20:44:22.959] VERBOSE [EpubService] getChapterList 寮€濮嬫墽琛? filePath: D:\Projects\zhidu\test\fixtures\test_book.epub
00:27 +529 ~3 -4: D:/Projects/zhidu/test/services/export_service_test.dart: ExportService settings backup exportAllDataToJson includes settings in backup
[2026-04-15 20:44:22.895] INFO    [SettingsService] 璁剧疆鏈嶅姟鍒濆鍖栧畬鎴?00:27 +529 ~3 -4: D:/Projects/zhidu/test/services/epub_service_test.dart: EpubService Boundary and edge case tests getChapterHtml handles last chapter
[2026-04-15 20:44:22.974] VERBOSE [EpubService] getChapterList 璇诲彇鏂囦欢瀹屾垚, bytes length: 2087
00:27 +529 ~3 -4: D:/Projects/zhidu/test/services/export_service_test.dart: ExportService settings backup exportAllDataToJson includes settings in backup
[2026-04-15 20:44:22.956] DEBUG   [SettingsService] 璁剧疆宸蹭繚瀛樺埌: C:\Users\jjzha\AppData\Local\Temp\export_test_6d28c9ad\settings.json
[2026-04-15 20:44:22.956] INFO    [SettingsService] AI璁剧疆宸叉洿鏂? provider=qwen
00:27 +529 ~3 -4: D:/Projects/zhidu/test/services/epub_service_test.dart: EpubService Boundary and edge case tests getChapterHtml handles last chapter
[2026-04-15 20:44:23.000] ERROR   [EpubService] 浣跨敤EpubReader鑾峰彇绔犺妭HTML澶辫触
Error: Exception: EPUB parsing error: TOC file does not contain head element.
[2026-04-15 20:44:23.002] DEBUG   [EpubService] 灏濊瘯浣跨敤archive鍥為€€鏂规...
00:27 +530 ~3 -4: D:/Projects/zhidu/test/screens/ai_config_screen_test.dart: AiConfigScreen Widget Tests state tests form validation requires Base URL
00:27 +531 ~3 -4: D:/Projects/zhidu/test/screens/ai_config_screen_test.dart: AiConfigScreen Widget Tests state tests form validation requires Base URL
00:27 +531 ~3 -4: D:/Projects/zhidu/test/services/epub_service_test.dart: EpubService Boundary and edge case tests getSectionsInChapter returns empty for invalid section index
[2026-04-15 20:44:23.020] VERBOSE [EpubService] getChapterList 寮€濮嬫墽琛? filePath: D:\Projects\zhidu\test\fixtures\test_book.epub
[2026-04-15 20:44:23.024] VERBOSE [EpubService] getChapterList 璇诲彇鏂囦欢瀹屾垚, bytes length: 2087
00:27 +532 ~3 -4: D:/Projects/zhidu/test/screens/ai_config_screen_test.dart: AiConfigScreen Widget Tests state tests form validation requires Base URL
00:27 +532 ~3 -4: D:/Projects/zhidu/test/services/epub_service_test.dart: EpubService Boundary and edge case tests getSectionContent handles valid and invalid indices
[2026-04-15 20:44:23.051] VERBOSE [EpubService] getChapterList 寮€濮嬫墽琛? filePath: D:\Projects\zhidu\test\fixtures\test_book.epub
[2026-04-15 20:44:23.061] VERBOSE [EpubService] getChapterList 璇诲彇鏂囦欢瀹屾垚, bytes length: 2087
[2026-04-15 20:44:23.084] VERBOSE [EpubService] getChapterList 寮€濮嬫墽琛? filePath: D:\Projects\zhidu\test\fixtures\test_book.epub
[2026-04-15 20:44:23.093] VERBOSE [EpubService] getChapterList 璇诲彇鏂囦欢瀹屾垚, bytes length: 2087
00:27 +532 ~3 -4: D:/Projects/zhidu/test/services/export_service_test.dart: ExportService settings backup backup contains complete settings JSON
[2026-04-15 20:44:23.086] INFO    [SettingsService] 寮€濮嬪垵濮嬪寲璁剧疆鏈嶅姟
00:27 +532 ~3 -4: D:/Projects/zhidu/test/services/book_service_file_import_test.dart: BookService real file import getBookById returns book after import
[2026-04-15 20:44:22.573] DEBUG   [BookService] 寮€濮嬪鍏ヤ功绫? D:\Projects\zhidu\test\Vibe Coding AI Bian Cheng Wan Q - Tan Xing Xing.epub
00:27 +533 ~3 -4: D:/Projects/zhidu/test/screens/ai_config_screen_test.dart: AiConfigScreen Widget Tests state tests form validation requires Base URL
00:27 +533 ~3 -4: D:/Projects/zhidu/test/services/book_service_file_import_test.dart: BookService real file import getBookById returns book after import
[2026-04-15 20:44:22.573] DEBUG   [BookService] 寮€濮嬭В鏋怑PUB...
[2026-04-15 20:44:22.573] VERBOSE [EpubService] parseEpubFile 寮€濮嬫墽琛? filePath: D:\Projects\zhidu\test\Vibe Coding AI Bian Cheng Wan Q - Tan Xing Xing.epub
[2026-04-15 20:44:22.573] DEBUG   [EpubService] 寮€濮嬭В鏋愭枃浠?D:\Projects\zhidu\test\Vibe Coding AI Bian Cheng Wan Q - Tan Xing Xing.epub
00:27 +534 ~3 -4: D:/Projects/zhidu/test/screens/ai_config_screen_test.dart: AiConfigScreen Widget Tests state tests form validation requires Base URL
00:27 +534 ~3 -4: D:/Projects/zhidu/test/services/export_service_test.dart: ExportService settings backup backup contains complete settings JSON
[2026-04-15 20:44:23.116] INFO    [SettingsService] 宸插姞杞借缃枃浠? C:\Users\jjzha\AppData\Local\Temp\export_test_6d28c9ad\settings.json
00:27 +534 ~3 -4: D:/Projects/zhidu/test/screens/ai_config_screen_test.dart: AiConfigScreen Widget Tests state tests form validation requires Base URL
00:27 +534 ~3 -4: D:/Projects/zhidu/test/services/export_service_test.dart: ExportService settings backup backup contains complete settings JSON
[2026-04-15 20:44:23.117] INFO    [SettingsService] 璁剧疆鏈嶅姟鍒濆鍖栧畬鎴?00:27 +534 ~3 -4: D:/Projects/zhidu/test/services/book_service_file_import_test.dart: BookService real file import getBookById returns book after import
[2026-04-15 20:44:22.574] DEBUG   [EpubService] 璇诲彇鏂囦欢瀛楄妭...
00:27 +534 ~3 -4: D:/Projects/zhidu/test/services/export_service_test.dart: ExportService settings backup backup contains complete settings JSON
[2026-04-15 20:44:23.200] DEBUG   [SettingsService] 璁剧疆宸蹭繚瀛樺埌: C:\Users\jjzha\AppData\Local\Temp\export_test_6d28c9ad\settings.json
00:27 +534 ~3 -4: D:/Projects/zhidu/test/services/book_service_file_import_test.dart: BookService real file import getBookById returns book after import
[2026-04-15 20:44:22.584] DEBUG   [EpubService] 鏂囦欢澶у皬: 995199 bytes
00:27 +535 ~3 -4: D:/Projects/zhidu/test/screens/ai_config_screen_test.dart: AiConfigScreen Widget Tests state tests form validation requires Base URL
00:27 +536 ~3 -4: D:/Projects/zhidu/test/screens/ai_config_screen_test.dart: AiConfigScreen Widget Tests state tests form validation requires Base URL
00:27 +536 ~3 -4: D:/Projects/zhidu/test/services/export_service_test.dart: ExportService settings backup backup contains complete settings JSON
[2026-04-15 20:44:23.202] INFO    [SettingsService] AI璁剧疆宸叉洿鏂? provider=zhipu
00:27 +536 ~3 -4: D:/Projects/zhidu/test/services/book_service_file_import_test.dart: BookService real file import getBookById returns book after import
[2026-04-15 20:44:22.586] DEBUG   [EpubService] 瑙ｆ瀽EPUB缁撴瀯...
00:27 +536 ~3 -4: D:/Projects/zhidu/test/services/export_service_test.dart: ExportService settings backup backup contains complete settings JSON
[2026-04-15 20:44:23.222] DEBUG   [SettingsService] 璁剧疆宸蹭繚瀛樺埌: C:\Users\jjzha\AppData\Local\Temp\export_test_6d28c9ad\settings.json
00:27 +536 ~3 -4: D:/Projects/zhidu/test/services/book_service_file_import_test.dart: BookService real file import getBookById returns book after import
[2026-04-15 20:44:22.867] ERROR   [EpubService] 浣跨敤EpubReader瑙ｆ瀽澶辫触
Error: Exception: Incorrect EPUB manifest: item with href = "cover.jpg" is missing.
00:27 +536 ~3 -4: D:/Projects/zhidu/test/services/export_service_test.dart: ExportService settings backup backup contains complete settings JSON
[2026-04-15 20:44:23.223] INFO    [SettingsService] 涓婚璁剧疆宸叉洿鏂? mode=dark
00:27 +536 ~3 -4: D:/Projects/zhidu/test/services/book_service_file_import_test.dart: BookService real file import getBookById returns book after import
[2026-04-15 20:44:22.869] ERROR   [EpubService] 鍫嗘爤
Error: #0      BookCoverReader.readBookCover (package:epub_plus/src/readers/book_cover_reader.dart:36:7)
#1      EpubBookRef.readCover (package:epub_plus/src/ref_entities/epub_book_ref.dart:56:34)
#2      EpubReader.readBook (package:epub_plus/src/epub_reader.dart:102:42)
<asynchronous suspension>
#3      EpubService.parseEpubFile (package:zhidu/services/epub_service.dart:104:26)
<asynchronous suspension>
#4      BookService.importBookFromPath (package:zhidu/services/book_service.dart:184:16)
<asynchronous suspension>
#5      main.<anonymous closure>.<anonymous closure>.<anonymous closure> (file:///D:/Projects/zhidu/test/services/book_service_file_import_test.dart:106:30)
<asynchronous suspension>
#6      Declarer.test.<anonymous closure>.<anonymous closure> (package:test_api/src/backend/declarer.dart:253:15)
<asynchronous suspension>
#7      Declarer.test.<anonymous closure> (package:test_api/src/backend/declarer.dart:250:11)
<asynchronous suspension>
#8      Invoker._waitForOutstandingCallbacks.<anonymous closure> (package:test_api/src/backend/invoker.dart:318:9)
<asynchronous suspension>

00:27 +536 ~3 -4: D:/Projects/zhidu/test/services/export_service_test.dart: ExportService settings backup backup contains complete settings JSON
[2026-04-15 20:44:23.224] DEBUG   [SettingsService] 璁剧疆宸蹭繚瀛樺埌: C:\Users\jjzha\AppData\Local\Temp\export_test_6d28c9ad\settings.json
00:27 +536 ~3 -4: D:/Projects/zhidu/test/services/book_service_file_import_test.dart: BookService real file import getBookById returns book after import
[2026-04-15 20:44:22.877] DEBUG   [EpubService] 灏濊瘯浣跨敤archive鐩存帴瑙ｆ瀽EPUB...
00:27 +536 ~3 -4: D:/Projects/zhidu/test/services/export_service_test.dart: ExportService settings backup backup contains complete settings JSON
[2026-04-15 20:44:23.225] INFO    [SettingsService] 瀛樺偍璁剧疆宸叉洿鏂?00:27 +536 ~3 -4: D:/Projects/zhidu/test/services/book_service_file_import_test.dart: BookService real file import getBookById returns book after import
[2026-04-15 20:44:22.879] VERBOSE [EpubService] _parseContainerXml 寮€濮嬫墽琛? archive files count: 30
00:27 +536 ~3 -4: D:/Projects/zhidu/test/services/export_service_test.dart: ExportService settings backup backup contains complete settings JSON
[2026-04-15 20:44:23.236] DEBUG   [SettingsService] 璁剧疆宸蹭繚瀛樺埌: C:\Users\jjzha\AppData\Local\Temp\export_test_6d28c9ad\settings.json
00:27 +536 ~3 -4: D:/Projects/zhidu/test/services/book_service_file_import_test.dart: BookService real file import getBookById returns book after import
[2026-04-15 20:44:22.880] DEBUG   [EpubService] OPF 鏂囦欢璺緞: EPUB/content.opf
00:27 +536 ~3 -4: D:/Projects/zhidu/test/services/export_service_test.dart: ExportService settings backup backup contains complete settings JSON
[2026-04-15 20:44:23.238] INFO    [SettingsService] 璇█璁剧疆宸叉洿鏂? aiOutput=en
00:27 +536 ~3 -4: D:/Projects/zhidu/test/services/book_service_file_import_test.dart: BookService real file import getBookById returns book after import
[2026-04-15 20:44:22.881] DEBUG   [EpubService] 浠巆ontainer.xml鑾峰彇鏍囬: null
[2026-04-15 20:44:22.881] DEBUG   [EpubService] 浠巆ontainer.xml鑾峰彇浣滆€? null
00:27 +537 ~3 -4: D:/Projects/zhidu/test/screens/ai_config_screen_test.dart: AiConfigScreen Widget Tests state tests form validation requires Base URL
00:27 +537 ~3 -4: D:/Projects/zhidu/test/services/book_service_file_import_test.dart: BookService real file import getBookById returns book after import
[2026-04-15 20:44:22.883] VERBOSE [EpubService] _parseOpfFile 寮€濮嬫墽琛? archive files count: 30
[2026-04-15 20:44:22.884] VERBOSE [EpubService] _parseContainerXml 寮€濮嬫墽琛? archive files count: 30
[2026-04-15 20:44:22.887] DEBUG   [EpubService] OPF 鏂囦欢璺緞: EPUB/content.opf
[2026-04-15 20:44:22.891] DEBUG   [EpubService] OPF 瑙ｆ瀽缁撴灉 - 鏍囬: Vibe Coding AI 缂栫▼瀹屽叏鎵嬪唽, 浣滆€? 璋槦鏄?钁?[2026-04-15 20:44:22.891] DEBUG   [EpubService] 浠嶰PF鑾峰彇鏍囬: Vibe Coding AI 缂栫▼瀹屽叏鎵嬪唽
[2026-04-15 20:44:22.891] DEBUG   [EpubService] 浠嶰PF鑾峰彇浣滆€? 璋槦鏄?钁?[2026-04-15 20:44:22.891] VERBOSE [EpubService] _parseNavigationFile 寮€濮嬫墽琛? archive files count: 30
[2026-04-15 20:44:22.893] DEBUG   [EpubService] 浠庡鑸枃浠惰В鏋愬埌 0 涓珷鑺?00:27 +537 ~3 -4: D:/Projects/zhidu/test/services/export_service_test.dart: ExportService settings backup backup structure is valid with books, summaries, and settings
[2026-04-15 20:44:23.439] INFO    [SettingsService] 寮€濮嬪垵濮嬪寲璁剧疆鏈嶅姟
[2026-04-15 20:44:23.444] INFO    [SettingsService] 宸插姞杞借缃枃浠? C:\Users\jjzha\AppData\Local\Temp\export_test_6d28c9ad\settings.json
[2026-04-15 20:44:23.447] INFO    [SettingsService] 璁剧疆鏈嶅姟鍒濆鍖栧畬鎴?[2026-04-15 20:44:23.453] DEBUG   [SettingsService] 璁剧疆宸蹭繚瀛樺埌: C:\Users\jjzha\AppData\Local\Temp\export_test_6d28c9ad\settings.json
00:27 +538 ~3 -4: D:/Projects/zhidu/test/screens/ai_config_screen_test.dart: AiConfigScreen Widget Tests state tests form validation requires Base URL
00:27 +538 ~3 -4: D:/Projects/zhidu/test/services/book_service_file_import_test.dart: BookService real file import getBookById returns book after import
[2026-04-15 20:44:22.893] DEBUG   [EpubService] 浠庡鑸枃浠惰幏鍙栫珷鑺傛暟: 0
[2026-04-15 20:44:22.893] DEBUG   [EpubService] 鏈€缁堜功鍚? Vibe Coding AI 缂栫▼瀹屽叏鎵嬪唽
[2026-04-15 20:44:22.893] DEBUG   [EpubService] 鏈€缁堜綔鑰? 璋槦鏄?钁?[2026-04-15 20:44:22.894] VERBOSE [EpubService] _extractCover 寮€濮嬫墽琛? bytes length: 995199, bookId: 8d6b9773-6d34-4c75-976a-9b3cfc6b192a
[2026-04-15 20:44:22.894] DEBUG   [EpubService] 寮€濮嬫彁鍙栧皝闈?..
[2026-04-15 20:44:23.141] ERROR   [EpubService] 鎻愬彇灏侀潰澶辫触
Error: Exception: Incorrect EPUB manifest: item with href = "cover.jpg" is missing.
[2026-04-15 20:44:23.141] ERROR   [EpubService] 鍫嗘爤
Error: #0      BookCoverReader.readBookCover (package:epub_plus/src/readers/book_cover_reader.dart:36:7)
#1      EpubBookRef.readCover (package:epub_plus/src/ref_entities/epub_book_ref.dart:56:34)
#2      EpubReader.readBook (package:epub_plus/src/epub_reader.dart:102:42)
<asynchronous suspension>
#3      EpubService._extractCover (package:zhidu/services/epub_service.dart:561:24)
<asynchronous suspension>
#4      EpubService.parseEpubFile (package:zhidu/services/epub_service.dart:181:21)
<asynchronous suspension>
#5      BookService.importBookFromPath (package:zhidu/services/book_service.dart:184:16)
<asynchronous suspension>
#6      main.<anonymous closure>.<anonymous closure>.<anonymous closure> (file:///D:/Projects/zhidu/test/services/book_service_file_import_test.dart:106:30)
<asynchronous suspension>
#7      Declarer.test.<anonymous closure>.<anonymous closure> (package:test_api/src/backend/declarer.dart:253:15)
<asynchronous suspension>
#8      Declarer.test.<anonymous closure> (package:test_api/src/backend/declarer.dart:250:11)
<asynchronous suspension>
#9      Invoker._waitForOutstandingCallbacks.<anonymous closure> (package:test_api/src/backend/invoker.dart:318:9)
<asynchronous suspension>

[2026-04-15 20:44:23.141] DEBUG   [EpubService] 灏濊瘯浠巃rchive鏌ユ壘灏侀潰...
[2026-04-15 20:44:23.141] VERBOSE [EpubService] _extractCoverFromArchive 寮€濮嬫墽琛? bytes length: 995199, bookId: 8d6b9773-6d34-4c75-976a-9b3cfc6b192a
[2026-04-15 20:44:23.329] DEBUG   [EpubService] 灏侀潰淇濆瓨鎴愬姛: C:\Users\jjzha\AppData\Local\Temp/zhidu_book_test_1776257062555\zhidu\books\8d6b9773-6d34-4c75-976a-9b3cfc6b192a\cover.jpg
[2026-04-15 20:44:23.329] DEBUG   [EpubService] 灏侀潰璺緞: C:\Users\jjzha\AppData\Local\Temp/zhidu_book_test_1776257062555\zhidu\books\8d6b9773-6d34-4c75-976a-9b3cfc6b192a\cover.jpg
[2026-04-15 20:44:23.330] DEBUG   [BookService] EPUB瑙ｆ瀽缁撴灉: Vibe Coding AI 缂栫▼瀹屽叏鎵嬪唽
[2026-04-15 20:44:23.377] INFO    [BookService] 涔︾睄瀵煎叆鎴愬姛: Vibe Coding AI 缂栫▼瀹屽叏鎵嬪唽
00:27 +539 ~3 -4: D:/Projects/zhidu/test/screens/ai_config_screen_test.dart: AiConfigScreen Widget Tests state tests form validation requires Base URL
00:27 +539 ~3 -4: D:/Projects/zhidu/test/services/export_service_test.dart: ExportService settings backup backup structure is valid with books, summaries, and settings
[2026-04-15 20:44:23.455] INFO    [SettingsService] 涓婚璁剧疆宸叉洿鏂? mode=light
00:27 +540 ~3 -4: D:/Projects/zhidu/test/screens/ai_config_screen_test.dart: AiConfigScreen Widget Tests state tests form validation requires Base URL
00:27 +540 ~3 -4: D:/Projects/zhidu/test/services/book_service_file_import_test.dart: BookService real file import getBookById returns null for non-existent id
[2026-04-15 20:44:23.500] VERBOSE [BookService] init 寮€濮嬫墽琛?00:27 +540 ~3 -4: D:/Projects/zhidu/test/services/export_service_test.dart: ExportService settings restore importFromJson restores settings
[2026-04-15 20:44:23.499] INFO    [SettingsService] 寮€濮嬪垵濮嬪寲璁剧疆鏈嶅姟
[2026-04-15 20:44:23.506] INFO    [SettingsService] 璁剧疆鏂囦欢涓嶅瓨鍦紝浣跨敤榛樿璁剧疆
[2026-04-15 20:44:23.507] INFO    [SettingsService] 璁剧疆鏈嶅姟鍒濆鍖栧畬鎴?00:27 +540 ~3 -4: D:/Projects/zhidu/test/services/book_service_file_import_test.dart: BookService real file import getBookById returns null for non-existent id
[2026-04-15 20:44:23.516] VERBOSE [FileStorageService] 鏂囦欢涓嶅瓨鍦? C:\Users\jjzha\AppData\Local\Temp/zhidu_book_test_1776257063497\zhidu\books.json
[2026-04-15 20:44:23.517] VERBOSE [BookService] init 鎵ц瀹屾垚, 鍔犺浇涔︾睄鏁伴噺: 0
00:27 +540 ~3 -4: D:/Projects/zhidu/test/services/export_service_test.dart: ExportService settings restore importFromJson restores settings
[2026-04-15 20:44:23.523] DEBUG   [BookService] 鏇存柊涔︾睄: Export Test Book
00:27 +541 ~3 -4: D:/Projects/zhidu/test/screens/ai_config_screen_test.dart: AiConfigScreen Widget Tests state tests form validation requires Base URL
00:27 +541 ~3 -4: D:/Projects/zhidu/test/services/export_service_test.dart: ExportService settings restore importFromJson restores settings
[2026-04-15 20:44:23.525] DEBUG   [ExportService] 寮€濮嬫仮澶嶈缃?..
[2026-04-15 20:44:23.531] DEBUG   [SettingsService] 璁剧疆宸蹭繚瀛樺埌: C:\Users\jjzha\AppData\Local\Temp\export_test_6d28c9ad\settings_restore.json
[2026-04-15 20:44:23.535] INFO    [SettingsService] 鎵€鏈夎缃凡鏇存柊
[2026-04-15 20:44:23.538] DEBUG   [AIService] AI閰嶇疆鍔犺浇鎴愬姛: qwen, model: qwen-max
[2026-04-15 20:44:23.539] DEBUG   [ExportService] 璁剧疆鎭㈠瀹屾垚
00:27 +542 ~3 -4: D:/Projects/zhidu/test/screens/ai_config_screen_test.dart: AiConfigScreen Widget Tests state tests form validation requires Base URL
00:27 +542 ~3 -4: D:/Projects/zhidu/test/services/export_service_test.dart: ExportService settings restore importFromJson calls SettingsService.updateAllSettings()
[2026-04-15 20:44:23.556] INFO    [SettingsService] 寮€濮嬪垵濮嬪寲璁剧疆鏈嶅姟
00:27 +542 ~3 -4: D:/Projects/zhidu/test/services/book_service_file_import_test.dart: BookService real file import getBookById returns correct book after multiple imports
[2026-04-15 20:44:23.559] VERBOSE [BookService] init 寮€濮嬫墽琛?00:27 +542 ~3 -4: D:/Projects/zhidu/test/services/export_service_test.dart: ExportService settings restore importFromJson calls SettingsService.updateAllSettings()
[2026-04-15 20:44:23.556] INFO    [SettingsService] 璁剧疆鏂囦欢涓嶅瓨鍦紝浣跨敤榛樿璁剧疆
[2026-04-15 20:44:23.558] INFO    [SettingsService] 璁剧疆鏈嶅姟鍒濆鍖栧畬鎴?[2026-04-15 20:44:23.564] DEBUG   [BookService] 鏇存柊涔︾睄: Export Test Book
[2026-04-15 20:44:23.567] DEBUG   [ExportService] 寮€濮嬫仮澶嶈缃?..
00:27 +542 ~3 -4: D:/Projects/zhidu/test/services/book_service_file_import_test.dart: BookService real file import getBookById returns correct book after multiple imports
[2026-04-15 20:44:23.566] VERBOSE [FileStorageService] 鏂囦欢涓嶅瓨鍦? C:\Users\jjzha\AppData\Local\Temp/zhidu_book_test_1776257063556\zhidu\books.json
00:27 +542 ~3 -4: D:/Projects/zhidu/test/services/file_storage_service_test.dart: FileStorageService readJson should return null for non-existent file
[2026-04-15 20:44:23.525] VERBOSE [FileStorageService] 鏂囦欢涓嶅瓨鍦? C:\Users\jjzha\AppData\Local\Temp/zhidu_file_storage_test/content_1776257063498/non_existent.json
00:27 +542 ~3 -4: D:/Projects/zhidu/test/services/export_service_test.dart: ExportService settings restore importFromJson calls SettingsService.updateAllSettings()
[2026-04-15 20:44:23.574] DEBUG   [SettingsService] 璁剧疆宸蹭繚瀛樺埌: C:\Users\jjzha\AppData\Local\Temp\export_test_6d28c9ad\settings_update.json
00:27 +543 ~3 -4: D:/Projects/zhidu/test/screens/ai_config_screen_test.dart: AiConfigScreen Widget Tests state tests form validation requires Base URL
00:27 +543 ~3 -4: D:/Projects/zhidu/test/services/export_service_test.dart: ExportService settings restore importFromJson calls SettingsService.updateAllSettings()
[2026-04-15 20:44:23.575] INFO    [SettingsService] 鎵€鏈夎缃凡鏇存柊
00:27 +543 ~3 -4: D:/Projects/zhidu/test/services/book_service_file_import_test.dart: BookService real file import getBookById returns correct book after multiple imports
[2026-04-15 20:44:23.567] VERBOSE [BookService] init 鎵ц瀹屾垚, 鍔犺浇涔︾睄鏁伴噺: 0
00:27 +543 ~3 -4: D:/Projects/zhidu/test/services/export_service_test.dart: ExportService settings restore importFromJson calls SettingsService.updateAllSettings()
[2026-04-15 20:44:23.575] DEBUG   [AIService] AI閰嶇疆鍔犺浇鎴愬姛: zhipu, model: glm-4
[2026-04-15 20:44:23.576] DEBUG   [ExportService] 璁剧疆鎭㈠瀹屾垚
00:27 +543 ~3 -4: D:/Projects/zhidu/test/services/book_service_file_import_test.dart: BookService real file import getBookById returns correct book after multiple imports
[2026-04-15 20:44:23.569] VERBOSE [BookService] importBookFromPath 寮€濮嬫墽琛? D:\Projects\zhidu\test\Vibe Coding AI Bian Cheng Wan Q - Tan Xing Xing.epub
00:27 +544 ~3 -4: D:/Projects/zhidu/test/screens/ai_config_screen_test.dart: AiConfigScreen Widget Tests state tests form validation requires Base URL
00:28 +544 ~3 -4: D:/Projects/zhidu/test/services/export_service_test.dart: ExportService settings restore importFromJson calls AIService.reloadConfig()
[2026-04-15 20:44:23.609] INFO    [SettingsService] 寮€濮嬪垵濮嬪寲璁剧疆鏈嶅姟
[2026-04-15 20:44:23.611] INFO    [SettingsService] 璁剧疆鏂囦欢涓嶅瓨鍦紝浣跨敤榛樿璁剧疆
[2026-04-15 20:44:23.611] INFO    [SettingsService] 璁剧疆鏈嶅姟鍒濆鍖栧畬鎴?[2026-04-15 20:44:23.628] DEBUG   [BookService] 鏇存柊涔︾睄: Export Test Book
[2026-04-15 20:44:23.632] DEBUG   [ExportService] 寮€濮嬫仮澶嶈缃?..
00:28 +544 ~3 -4: D:/Projects/zhidu/test/services/file_storage_service_test.dart: FileStorageService readJson should return null for invalid JSON
[2026-04-15 20:44:23.634] ERROR   [FileStorageService] 璇诲彇JSON澶辫触: C:\Users\jjzha\AppData\Local\Temp/zhidu_file_storage_test/content_1776257063594/invalid.json
Error: FormatException: Unexpected character (at character 1)
not a valid json
^

StackTrace:
#0      _ChunkedJsonParser.fail (dart:convert-patch/convert_patch.dart:1467:5)
#1      _ChunkedJsonParser.parseNull (dart:convert-patch/convert_patch.dart:994:7)
#2      _ChunkedJsonParser.parse (dart:convert-patch/convert_patch.dart:877:22)
#3      _parseJson (dart:convert-patch/convert_patch.dart:35:10)
#4      JsonDecoder.convert (dart:convert/json.dart:641:36)
#5      JsonCodec.decode (dart:convert/json.dart:223:41)
#6      jsonDecode (dart:convert/json.dart:160:12)
#7      FileStorageService.readJson (package:zhidu/services/file_storage_service.dart:102:14)
<asynchronous suspension>
#8      main.<anonymous closure>.<anonymous closure>.<anonymous closure> (file:///D:/Projects/zhidu/test/services/file_storage_service_test.dart:79:24)
<asynchronous suspension>
#9      Declarer.test.<anonymous closure>.<anonymous closure> (package:test_api/src/backend/declarer.dart:253:15)
<asynchronous suspension>
#10     Declarer.test.<anonymous closure> (package:test_api/src/backend/declarer.dart:250:11)
<asynchronous suspension>
#11     Invoker._waitForOutstandingCallbacks.<anonymous closure> (package:test_api/src/backend/invoker.dart:318:9)
<asynchronous suspension>

00:28 +544 ~3 -4: D:/Projects/zhidu/test/services/export_service_test.dart: ExportService settings restore importFromJson calls AIService.reloadConfig()
[2026-04-15 20:44:23.642] DEBUG   [SettingsService] 璁剧疆宸蹭繚瀛樺埌: C:\Users\jjzha\AppData\Local\Temp\export_test_6d28c9ad\settings_ai.json
00:28 +545 ~3 -4: D:/Projects/zhidu/test/screens/ai_config_screen_test.dart: AiConfigScreen Widget Tests state tests form validation requires Base URL
00:28 +545 ~3 -4: D:/Projects/zhidu/test/services/export_service_test.dart: ExportService settings restore importFromJson calls AIService.reloadConfig()
[2026-04-15 20:44:23.644] INFO    [SettingsService] 鎵€鏈夎缃凡鏇存柊
[2026-04-15 20:44:23.644] DEBUG   [AIService] AI閰嶇疆鍔犺浇鎴愬姛: qwen, model: qwen-plus
[2026-04-15 20:44:23.645] DEBUG   [ExportService] 璁剧疆鎭㈠瀹屾垚
00:28 +546 ~3 -4: D:/Projects/zhidu/test/screens/ai_config_screen_test.dart: AiConfigScreen Widget Tests state tests form validation requires Base URL
00:28 +546 ~3 -4: D:/Projects/zhidu/test/services/export_service_test.dart: ExportService settings restore missing settings in backup handled gracefully
[2026-04-15 20:44:23.678] INFO    [SettingsService] 寮€濮嬪垵濮嬪寲璁剧疆鏈嶅姟
[2026-04-15 20:44:23.681] INFO    [SettingsService] 璁剧疆鏂囦欢涓嶅瓨鍦紝浣跨敤榛樿璁剧疆
[2026-04-15 20:44:23.682] INFO    [SettingsService] 璁剧疆鏈嶅姟鍒濆鍖栧畬鎴?[2026-04-15 20:44:23.691] DEBUG   [SettingsService] 璁剧疆宸蹭繚瀛樺埌: C:\Users\jjzha\AppData\Local\Temp\export_test_6d28c9ad\settings_missing.json
[2026-04-15 20:44:23.694] INFO    [SettingsService] 涓婚璁剧疆宸叉洿鏂? mode=dark
[2026-04-15 20:44:23.710] DEBUG   [BookService] 鏇存柊涔︾睄: Export Test Book
00:28 +546 ~3 -4: D:/Projects/zhidu/test/services/file_storage_service_test.dart: FileStorageService readJson should return null for JSON that is not an object
[2026-04-15 20:44:23.712] ERROR   [FileStorageService] 璇诲彇JSON澶辫触: C:\Users\jjzha\AppData\Local\Temp/zhidu_file_storage_test/content_1776257063668/array.json
Error: type 'List<dynamic>' is not a subtype of type 'Map<String, dynamic>' in type cast
StackTrace:
#0      FileStorageService.readJson (package:zhidu/services/file_storage_service.dart:102:34)
<asynchronous suspension>
#1      main.<anonymous closure>.<anonymous closure>.<anonymous closure> (file:///D:/Projects/zhidu/test/services/file_storage_service_test.dart:88:24)
<asynchronous suspension>
#2      Declarer.test.<anonymous closure>.<anonymous closure> (package:test_api/src/backend/declarer.dart:253:15)
<asynchronous suspension>
#3      Declarer.test.<anonymous closure> (package:test_api/src/backend/declarer.dart:250:11)
<asynchronous suspension>
#4      Invoker._waitForOutstandingCallbacks.<anonymous closure> (package:test_api/src/backend/invoker.dart:318:9)
<asynchronous suspension>

00:28 +547 ~3 -4: D:/Projects/zhidu/test/screens/ai_config_screen_test.dart: AiConfigScreen Widget Tests state tests form validation requires Base URL
00:28 +548 ~3 -4: D:/Projects/zhidu/test/screens/ai_config_screen_test.dart: AiConfigScreen Widget Tests state tests form validation requires Base URL
00:28 +549 ~3 -4: D:/Projects/zhidu/test/screens/settings_screen_test.dart: SettingsScreen Widget Tests export section tests shows export book summaries tile
00:28 +549 ~3 -4: D:/Projects/zhidu/test/services/export_service_test.dart: ExportService settings restore corrupted settings in backup handled gracefully
[2026-04-15 20:44:23.791] INFO    [SettingsService] 寮€濮嬪垵濮嬪寲璁剧疆鏈嶅姟
[2026-04-15 20:44:23.793] INFO    [SettingsService] 璁剧疆鏂囦欢涓嶅瓨鍦紝浣跨敤榛樿璁剧疆
[2026-04-15 20:44:23.794] INFO    [SettingsService] 璁剧疆鏈嶅姟鍒濆鍖栧畬鎴?[2026-04-15 20:44:23.812] DEBUG   [SettingsService] 璁剧疆宸蹭繚瀛樺埌: C:\Users\jjzha\AppData\Local\Temp\export_test_6d28c9ad\settings_corrupt.json
00:28 +549 ~3 -4: D:/Projects/zhidu/test/services/file_storage_service_test.dart: FileStorageService readJson should handle empty file
[2026-04-15 20:44:23.811] ERROR   [FileStorageService] 璇诲彇JSON澶辫触: C:\Users\jjzha\AppData\Local\Temp/zhidu_file_storage_test/content_1776257063791/empty.json
Error: FormatException: Unexpected end of input (at character 1)

^

StackTrace:
#0      _ChunkedJsonParser.fail (dart:convert-patch/convert_patch.dart:1467:5)
#1      _ChunkedJsonParser.close (dart:convert-patch/convert_patch.dart:497:7)
#2      _parseJson (dart:convert-patch/convert_patch.dart:36:10)
#3      JsonDecoder.convert (dart:convert/json.dart:641:36)
#4      JsonCodec.decode (dart:convert/json.dart:223:41)
#5      jsonDecode (dart:convert/json.dart:160:12)
#6      FileStorageService.readJson (package:zhidu/services/file_storage_service.dart:102:14)
<asynchronous suspension>
#7      main.<anonymous closure>.<anonymous closure>.<anonymous closure> (file:///D:/Projects/zhidu/test/services/file_storage_service_test.dart:97:24)
<asynchronous suspension>
#8      Declarer.test.<anonymous closure>.<anonymous closure> (package:test_api/src/backend/declarer.dart:253:15)
<asynchronous suspension>
#9      Declarer.test.<anonymous closure> (package:test_api/src/backend/declarer.dart:250:11)
<asynchronous suspension>
#10     Invoker._waitForOutstandingCallbacks.<anonymous closure> (package:test_api/src/backend/invoker.dart:318:9)
<asynchronous suspension>

00:28 +549 ~3 -4: D:/Projects/zhidu/test/services/export_service_test.dart: ExportService settings restore corrupted settings in backup handled gracefully
[2026-04-15 20:44:23.812] INFO    [SettingsService] 涓婚璁剧疆宸叉洿鏂? mode=light
00:28 +550 ~3 -4: D:/Projects/zhidu/test/screens/settings_screen_test.dart: SettingsScreen Widget Tests export section tests shows export book summaries tile
00:28 +550 ~3 -4: D:/Projects/zhidu/test/services/export_service_test.dart: ExportService settings restore corrupted settings in backup handled gracefully
[2026-04-15 20:44:23.827] DEBUG   [BookService] 鏇存柊涔︾睄: Export Test Book
[2026-04-15 20:44:23.832] WARNING [ExportService] 璁剧疆鎭㈠澶辫触锛岃烦杩? type 'String' is not a subtype of type 'Map<String, dynamic>'
00:28 +551 ~3 -4: D:/Projects/zhidu/test/screens/settings_screen_test.dart: SettingsScreen Widget Tests export section tests shows export book summaries tile
00:28 +552 ~3 -4: D:/Projects/zhidu/test/screens/settings_screen_test.dart: SettingsScreen Widget Tests export section tests shows export book summaries tile
00:28 +553 ~3 -4: D:/Projects/zhidu/test/screens/settings_screen_test.dart: SettingsScreen Widget Tests export section tests shows export book summaries tile
00:28 +553 ~3 -4: D:/Projects/zhidu/test/services/export_service_test.dart: ExportService auto backup auto backup creates file at correct location
[2026-04-15 20:44:23.852] INFO    [SettingsService] 寮€濮嬪垵濮嬪寲璁剧疆鏈嶅姟
[2026-04-15 20:44:23.868] INFO    [SettingsService] 宸插姞杞借缃枃浠? C:\Users\jjzha\AppData\Local\Temp\export_test_6d28c9ad\settings.json
[2026-04-15 20:44:23.871] INFO    [SettingsService] 璁剧疆鏈嶅姟鍒濆鍖栧畬鎴?[2026-04-15 20:44:23.876] DEBUG   [SettingsService] 璁剧疆宸蹭繚瀛樺埌: C:\Users\jjzha\AppData\Local\Temp\export_test_6d28c9ad\settings.json
[2026-04-15 20:44:23.876] INFO    [SettingsService] 瀛樺偍璁剧疆宸叉洿鏂?00:28 +554 ~3 -4: D:/Projects/zhidu/test/screens/settings_screen_test.dart: SettingsScreen Widget Tests export section tests shows export book summaries tile
00:28 +555 ~3 -4: D:/Projects/zhidu/test/screens/settings_screen_test.dart: SettingsScreen Widget Tests export section tests shows export book summaries tile
00:28 +555 ~3 -4: D:/Projects/zhidu/test/services/export_service_test.dart: ExportService auto backup auto backup overwrites existing file
[2026-04-15 20:44:23.958] INFO    [SettingsService] 寮€濮嬪垵濮嬪寲璁剧疆鏈嶅姟
[2026-04-15 20:44:23.961] INFO    [SettingsService] 宸插姞杞借缃枃浠? C:\Users\jjzha\AppData\Local\Temp\export_test_6d28c9ad\settings.json
[2026-04-15 20:44:23.963] INFO    [SettingsService] 璁剧疆鏈嶅姟鍒濆鍖栧畬鎴?00:28 +556 ~3 -4: D:/Projects/zhidu/test/screens/settings_screen_test.dart: SettingsScreen Widget Tests export section tests shows export book summaries tile
00:28 +556 ~3 -4: D:/Projects/zhidu/test/services/export_service_test.dart: ExportService auto backup auto backup overwrites existing file
[2026-04-15 20:44:23.972] DEBUG   [SettingsService] 璁剧疆宸蹭繚瀛樺埌: C:\Users\jjzha\AppData\Local\Temp\export_test_6d28c9ad\settings.json
Package file_picker:linux references file_picker:linux as the default plugin, but it does not provide an inline impleme
ntation.
Ask the maintainers of file_picker to either avoid referencing a default implementation via `platforms: linux: default_
package: file_picker` or add an inline implementation to file_picker via `platforms: linux:` `pluginClass` or `dartPlug
inClass`.

Package file_picker:macos references file_picker:macos as the default plugin, but it does not provide an inline impleme
ntation.
Ask the maintainers of file_picker to either avoid referencing a default implementation via `platforms: macos: default_
package: file_picker` or add an inline implementation to file_picker via `platforms: macos:` `pluginClass` or `dartPlug
inClass`.

Package file_picker:windows references file_picker:windows as the default plugin, but it does not provide an inline imp
lementation.
Ask the maintainers of file_picker to either avoid referencing a default implementation via `platforms: windows: defaul
t_package: file_picker` or add an inline implementation to file_picker via `platforms: windows:` `pluginClass` or `dart
PluginClass`.

[2026-04-15 20:44:23.982] INFO    [SettingsService] 瀛樺偍璁剧疆宸叉洿鏂?00:28 +557 ~3 -4: D:/Projects/zhidu/test/screens/settings_screen_test.dart: SettingsScreen Widget Tests export section tests shows export book summaries tile
00:28 +557 ~3 -4: D:/Projects/zhidu/test/services/export_service_test.dart: ExportService auto backup auto backup includes all data
[2026-04-15 20:44:24.028] INFO    [SettingsService] 寮€濮嬪垵濮嬪寲璁剧疆鏈嶅姟
00:28 +558 ~3 -4: D:/Projects/zhidu/test/screens/settings_screen_test.dart: SettingsScreen Widget Tests export section tests shows export book summaries tile
00:28 +558 ~3 -4: D:/Projects/zhidu/test/services/export_service_test.dart: ExportService auto backup auto backup includes all data
[2026-04-15 20:44:24.038] INFO    [SettingsService] 宸插姞杞借缃枃浠? C:\Users\jjzha\AppData\Local\Temp\export_test_6d28c9ad\settings.json
[2026-04-15 20:44:24.039] INFO    [SettingsService] 璁剧疆鏈嶅姟鍒濆鍖栧畬鎴?[2026-04-15 20:44:24.045] DEBUG   [SettingsService] 璁剧疆宸蹭繚瀛樺埌: C:\Users\jjzha\AppData\Local\Temp\export_test_6d28c9ad\settings.json
[2026-04-15 20:44:24.048] INFO    [SettingsService] 瀛樺偍璁剧疆宸叉洿鏂?[2026-04-15 20:44:24.056] DEBUG   [SettingsService] 璁剧疆宸蹭繚瀛樺埌: C:\Users\jjzha\AppData\Local\Temp\export_test_6d28c9ad\settings.json
[2026-04-15 20:44:24.056] INFO    [SettingsService] 涓婚璁剧疆宸叉洿鏂? mode=dark
00:28 +558 ~3 -4: D:/Projects/zhidu/test/services/book_service_file_import_test.dart: BookService real file import getBookById returns correct book after multiple imports
[2026-04-15 20:44:23.569] DEBUG   [BookService] 寮€濮嬪鍏ヤ功绫? D:\Projects\zhidu\test\Vibe Coding AI Bian Cheng Wan Q - Tan Xing Xing.epub
00:28 +559 ~3 -4: D:/Projects/zhidu/test/screens/settings_screen_test.dart: SettingsScreen Widget Tests export section tests shows export book summaries tile
00:28 +559 ~3 -4: D:/Projects/zhidu/test/services/book_service_file_import_test.dart: BookService real file import getBookById returns correct book after multiple imports
[2026-04-15 20:44:23.570] DEBUG   [BookService] 寮€濮嬭В鏋怑PUB...
00:28 +560 ~3 -4: D:/Projects/zhidu/test/screens/settings_screen_test.dart: SettingsScreen Widget Tests export section tests shows export book summaries tile
00:28 +560 ~3 -4: D:/Projects/zhidu/test/services/book_service_file_import_test.dart: BookService real file import getBookById returns correct book after multiple imports
[2026-04-15 20:44:23.571] VERBOSE [EpubService] parseEpubFile 寮€濮嬫墽琛? filePath: D:\Projects\zhidu\test\Vibe Coding AI Bian Cheng Wan Q - Tan Xing Xing.epub
[2026-04-15 20:44:23.572] DEBUG   [EpubService] 寮€濮嬭В鏋愭枃浠?D:\Projects\zhidu\test\Vibe Coding AI Bian Cheng Wan Q - Tan Xing Xing.epub
[2026-04-15 20:44:23.573] DEBUG   [EpubService] 璇诲彇鏂囦欢瀛楄妭...
[2026-04-15 20:44:23.594] DEBUG   [EpubService] 鏂囦欢澶у皬: 995199 bytes
[2026-04-15 20:44:23.594] DEBUG   [EpubService] 瑙ｆ瀽EPUB缁撴瀯...
00:28 +560 ~3 -4: D:/Projects/zhidu/test/services/export_service_test.dart: ExportService file operations importFromJson creates book directory on import
[2026-04-15 20:44:24.106] DEBUG   [BookService] 鏇存柊涔︾睄: Export Test Book
00:28 +560 ~3 -4: D:/Projects/zhidu/test/services/book_service_file_import_test.dart: BookService real file import getBookById returns correct book after multiple imports
[2026-04-15 20:44:23.856] ERROR   [EpubService] 浣跨敤EpubReader瑙ｆ瀽澶辫触
Error: Exception: Incorrect EPUB manifest: item with href = "cover.jpg" is missing.
[2026-04-15 20:44:23.856] ERROR   [EpubService] 鍫嗘爤
Error: #0      BookCoverReader.readBookCover (package:epub_plus/src/readers/book_cover_reader.dart:36:7)
#1      EpubBookRef.readCover (package:epub_plus/src/ref_entities/epub_book_ref.dart:56:34)
#2      EpubReader.readBook (package:epub_plus/src/epub_reader.dart:102:42)
<asynchronous suspension>
#3      EpubService.parseEpubFile (package:zhidu/services/epub_service.dart:104:26)
<asynchronous suspension>
#4      BookService.importBookFromPath (package:zhidu/services/book_service.dart:184:16)
<asynchronous suspension>
#5      main.<anonymous closure>.<anonymous closure>.<anonymous closure> (file:///D:/Projects/zhidu/test/services/book_service_file_import_test.dart:123:26)
<asynchronous suspension>
#6      Declarer.test.<anonymous closure>.<anonymous closure> (package:test_api/src/backend/declarer.dart:253:15)
<asynchronous suspension>
#7      Declarer.test.<anonymous closure> (package:test_api/src/backend/declarer.dart:250:11)
<asynchronous suspension>
#8      Invoker._waitForOutstandingCallbacks.<anonymous closure> (package:test_api/src/backend/invoker.dart:318:9)
<asynchronous suspension>

[2026-04-15 20:44:23.856] DEBUG   [EpubService] 灏濊瘯浣跨敤archive鐩存帴瑙ｆ瀽EPUB...
00:28 +560 ~3 -4: D:/Projects/zhidu/test/services/export_service_test.dart: ExportService file operations importFromJson creates book directory on import
[2026-04-15 20:44:24.123] DEBUG   [SummaryService] 鎽樿宸蹭繚瀛? file-test-book_0
00:28 +560 ~3 -4: D:/Projects/zhidu/test/services/book_service_file_import_test.dart: BookService real file import getBookById returns correct book after multiple imports
[2026-04-15 20:44:23.857] VERBOSE [EpubService] _parseContainerXml 寮€濮嬫墽琛? archive files count: 30
00:28 +561 ~3 -4: D:/Projects/zhidu/test/screens/settings_screen_test.dart: SettingsScreen Widget Tests export section tests shows export book summaries tile
00:28 +561 ~3 -4: D:/Projects/zhidu/test/services/book_service_file_import_test.dart: BookService real file import getBookById returns correct book after multiple imports
[2026-04-15 20:44:23.858] DEBUG   [EpubService] OPF 鏂囦欢璺緞: EPUB/content.opf
00:28 +562 ~3 -4: D:/Projects/zhidu/test/screens/settings_screen_test.dart: SettingsScreen Widget Tests export section tests shows export book summaries tile
00:28 +563 ~3 -4: D:/Projects/zhidu/test/screens/settings_screen_test.dart: SettingsScreen Widget Tests export section tests shows export book summaries tile
00:28 +563 ~3 -4: D:/Projects/zhidu/test/services/export_service_test.dart: ExportService file operations importFromJson saves chapter summary file
[2026-04-15 20:44:24.171] DEBUG   [BookService] 鏇存柊涔︾睄: Export Test Book
[2026-04-15 20:44:24.184] DEBUG   [SummaryService] 鎽樿宸蹭繚瀛? summary-import-book_0
00:28 +564 ~3 -4: D:/Projects/zhidu/test/screens/settings_screen_test.dart: SettingsScreen Widget Tests export section tests shows export book summaries tile
00:28 +565 ~3 -4: D:/Projects/zhidu/test/screens/settings_screen_test.dart: SettingsScreen Widget Tests export section tests shows export book summaries tile
00:28 +566 ~3 -4: D:/Projects/zhidu/test/screens/settings_screen_test.dart: SettingsScreen Widget Tests export section tests shows export book summaries tile
00:28 +567 ~3 -4: D:/Projects/zhidu/test/screens/settings_screen_test.dart: SettingsScreen Widget Tests export section tests shows export book summaries tile
00:28 +568 ~3 -4: D:/Projects/zhidu/test/screens/settings_screen_test.dart: SettingsScreen Widget Tests export section tests shows export book summaries tile
00:28 +569 ~3 -4: D:/Projects/zhidu/test/screens/settings_screen_test.dart: SettingsScreen Widget Tests export section tests shows export book summaries tile
00:28 +570 ~3 -4: D:/Projects/zhidu/test/screens/settings_screen_test.dart: SettingsScreen Widget Tests export section tests shows export book summaries tile
00:28 +571 ~3 -4: D:/Projects/zhidu/test/screens/settings_screen_test.dart: SettingsScreen Widget Tests export section tests shows export book summaries tile
00:28 +572 ~3 -4: D:/Projects/zhidu/test/screens/settings_screen_test.dart: SettingsScreen Widget Tests export section tests shows export book summaries tile
00:28 +573 ~3 -4: D:/Projects/zhidu/test/screens/settings_screen_test.dart: SettingsScreen Widget Tests export section tests shows export book summaries tile
00:28 +573 ~3 -4: D:/Projects/zhidu/test/services/export_service_test.dart: ExportService file operations exportAllDataToJson returns null when user cancels
[2026-04-15 20:44:24.420] ERROR   [ExportService] 瀵煎嚭澶辫触
Error: Error 0x80010106: 鏃犳硶鍦ㄨ缃嚎绋嬫ā寮忓悗瀵瑰叾鍔犱互鏇存敼銆?00:28 +574 ~3 -4: D:/Projects/zhidu/test/screens/settings_screen_test.dart: SettingsScreen Widget Tests export section tests shows export book summaries tile
00:28 +575 ~3 -4: D:/Projects/zhidu/test/screens/settings_screen_test.dart: SettingsScreen Widget Tests export section tests shows export book summaries tile
00:28 +576 ~3 -4: D:/Projects/zhidu/test/screens/settings_screen_test.dart: SettingsScreen Widget Tests export section tests shows export book summaries tile
00:28 +576 ~3 -4: D:/Projects/zhidu/test/services/export_service_test.dart: ExportService error handling importFromJson handles malformed chapter summary
[2026-04-15 20:44:24.491] DEBUG   [BookService] 鏇存柊涔︾睄: Export Test Book
[2026-04-15 20:44:24.494] ERROR   [ExportService] 瀵煎叆澶辫触
Error: type 'Null' is not a subtype of type 'String'
00:28 +577 ~3 -4: D:/Projects/zhidu/test/screens/settings_screen_test.dart: SettingsScreen Widget Tests export section tests shows export book summaries tile
00:28 +578 ~3 -4: D:/Projects/zhidu/test/screens/settings_screen_test.dart: SettingsScreen Widget Tests export section tests shows export book summaries tile
00:28 +579 ~3 -4: D:/Projects/zhidu/test/screens/settings_screen_test.dart: SettingsScreen Widget Tests export section tests shows export book summaries tile
00:29 +580 ~3 -4: D:/Projects/zhidu/test/screens/settings_screen_test.dart: SettingsScreen Widget Tests export section tests shows export book summaries tile
鈺愨晲鈺?EXCEPTION CAUGHT BY FLUTTER TEST FRAMEWORK 鈺炩晲鈺愨晲鈺愨晲鈺愨晲鈺愨晲鈺愨晲鈺愨晲鈺愨晲鈺愨晲鈺愨晲鈺愨晲鈺愨晲鈺愨晲鈺愨晲鈺愨晲鈺愨晲鈺愨晲鈺愨晲鈺愨晲鈺愨晲鈺愨晲鈺愨晲鈺愨晲鈺愨晲鈺愨晲鈺愨晲鈺?The following TestFailure was thrown running a test:
Expected: exactly one matching candidate
  Actual: _TextWidgetFinder:<Found 0 widgets with text "瀵煎嚭涔︾睄鎽樿": []>
   Which: means none were found but one was expected

When the exception was thrown, this was the stack:
#4      main.<anonymous closure>.<anonymous closure>.<anonymous closure> (file:///D:/Projects/zhidu/test/screens/settings_screen_test.dart:148:9)
<asynchronous suspension>
#5      testWidgets.<anonymous closure>.<anonymous closure> (package:flutter_test/src/widget_tester.dart:192:15)
<asynchronous suspension>
#6      TestWidgetsFlutterBinding._runTestBody (package:flutter_test/src/binding.dart:1682:5)
<asynchronous suspension>
<asynchronous suspension>
(elided one frame from package:stack_trace)

This was caught by the test expectation on the following line:
  file:///D:/Projects/zhidu/test/screens/settings_screen_test.dart line 148
The test description was:
  shows export book summaries tile
鈺愨晲鈺愨晲鈺愨晲鈺愨晲鈺愨晲鈺愨晲鈺愨晲鈺愨晲鈺愨晲鈺愨晲鈺愨晲鈺愨晲鈺愨晲鈺愨晲鈺愨晲鈺愨晲鈺愨晲鈺愨晲鈺愨晲鈺愨晲鈺愨晲鈺愨晲鈺愨晲鈺愨晲鈺愨晲鈺愨晲鈺愨晲鈺愨晲鈺愨晲鈺愨晲鈺愨晲鈺愨晲鈺愨晲鈺愨晲鈺愨晲鈺愨晲鈺愨晲鈺愨晲鈺愨晲鈺愨晲鈺愨晲鈺愨晲鈺愨晲鈺愨晲鈺愨晲鈺愨晲鈺愨晲鈺愨晲鈺愨晲鈺愨晲
00:29 +580 ~3 -5: D:/Projects/zhidu/test/services/book_service_file_import_test.dart: BookService real file import getBookById returns correct book after multiple imports
00:29 +580 ~3 -5: D:/Projects/zhidu/test/screens/settings_screen_test.dart: SettingsScreen Widget Tests export section tests shows export book summaries tile [E]
  Test failed. See exception logs above.
  The test description was: shows export book summaries tile
  
00:29 +581 ~3 -5: D:/Projects/zhidu/test/services/book_service_file_import_test.dart: BookService real file import getBookById returns correct book after multiple imports
00:29 +582 ~3 -5: D:/Projects/zhidu/test/services/book_service_file_import_test.dart: BookService real file import getBookById returns correct book after multiple imports
00:29 +583 ~3 -5: D:/Projects/zhidu/test/services/book_service_file_import_test.dart: BookService real file import getBookById returns correct book after multiple imports
00:29 +584 ~3 -5: D:/Projects/zhidu/test/services/book_service_file_import_test.dart: BookService real file import getBookById returns correct book after multiple imports
00:29 +585 ~3 -5: D:/Projects/zhidu/test/services/book_service_file_import_test.dart: BookService real file import getBookById returns correct book after multiple imports
00:29 +586 ~3 -5: D:/Projects/zhidu/test/services/book_service_file_import_test.dart: BookService real file import getBookById returns correct book after multiple imports
00:29 +587 ~3 -5: D:/Projects/zhidu/test/services/book_service_file_import_test.dart: BookService real file import getBookById returns correct book after multiple imports
00:29 +588 ~3 -5: D:/Projects/zhidu/test/services/book_service_file_import_test.dart: BookService real file import getBookById returns correct book after multiple imports
00:29 +589 ~3 -5: D:/Projects/zhidu/test/services/book_service_file_import_test.dart: BookService real file import getBookById returns correct book after multiple imports
00:29 +589 ~3 -5: D:/Projects/zhidu/test/services/log_service_test.dart: LogService init should initialize with default values
[2026-04-15 20:44:24.856] VERBOSE [TestTag] verbose message
[2026-04-15 20:44:24.897] DEBUG   [TestTag] debug message
[2026-04-15 20:44:24.899] INFO    [TestTag] info message
[2026-04-15 20:44:24.902] WARNING [TestTag] warning message
[2026-04-15 20:44:24.905] ERROR   [TestTag] error message
00:29 +590 ~3 -5: D:/Projects/zhidu/test/services/book_service_file_import_test.dart: BookService real file import getBookById returns correct book after multiple imports
00:29 +591 ~3 -5: D:/Projects/zhidu/test/services/book_service_file_import_test.dart: BookService real file import getBookById returns correct book after multiple imports
00:29 +591 ~3 -5: D:/Projects/zhidu/test/services/log_service_test.dart: LogService init should initialize with custom minLevel
[2026-04-15 20:44:24.929] WARNING [TestTag] warning message
[2026-04-15 20:44:24.930] ERROR   [TestTag] error message
00:29 +592 ~3 -5: D:/Projects/zhidu/test/services/book_service_file_import_test.dart: BookService real file import getBookById returns correct book after multiple imports
00:29 +593 ~3 -5: D:/Projects/zhidu/test/services/book_service_file_import_test.dart: BookService real file import getBookById returns correct book after multiple imports
00:29 +594 ~3 -5: D:/Projects/zhidu/test/services/book_service_file_import_test.dart: BookService real file import getBookById returns correct book after multiple imports
[2026-04-15 20:44:23.858] DEBUG   [EpubService] 浠巆ontainer.xml鑾峰彇鏍囬: null
[2026-04-15 20:44:23.858] DEBUG   [EpubService] 浠巆ontainer.xml鑾峰彇浣滆€? null
00:29 +595 ~3 -5: D:/Projects/zhidu/test/services/book_service_file_import_test.dart: BookService real file import getBookById returns correct book after multiple imports
[2026-04-15 20:44:23.858] VERBOSE [EpubService] _parseOpfFile 寮€濮嬫墽琛? archive files count: 30
00:29 +595 ~3 -5: D:/Projects/zhidu/test/services/log_service_test.dart: LogService init should initialize with writeToFile enabled
[2026-04-15 20:44:24.978] INFO    [LogService] 鏃ュ織鏈嶅姟鍒濆鍖栧畬鎴愶紝鏃ュ織鏂囦欢: C:\Users\jjzha\AppData\Local\Temp\zhidu_test_logs/logs/app_20260415_204424.log
00:29 +595 ~3 -5: D:/Projects/zhidu/test/services/book_service_file_import_test.dart: BookService real file import getBookById returns correct book after multiple imports
[2026-04-15 20:44:23.858] VERBOSE [EpubService] _parseContainerXml 寮€濮嬫墽琛? archive files count: 30
[2026-04-15 20:44:23.860] DEBUG   [EpubService] OPF 鏂囦欢璺緞: EPUB/content.opf
00:29 +595 ~3 -5: D:/Projects/zhidu/test/services/log_service_test.dart: LogService init should initialize with writeToFile enabled
[2026-04-15 20:44:24.994] INFO    [TestTag] test message for file
00:29 +595 ~3 -5: D:/Projects/zhidu/test/services/book_service_file_import_test.dart: BookService real file import getBookById returns correct book after multiple imports
[2026-04-15 20:44:23.864] DEBUG   [EpubService] OPF 瑙ｆ瀽缁撴灉 - 鏍囬: Vibe Coding AI 缂栫▼瀹屽叏鎵嬪唽, 浣滆€? 璋槦鏄?钁?00:29 +596 ~3 -5: D:/Projects/zhidu/test/services/book_service_file_import_test.dart: BookService real file import getBookById returns correct book after multiple imports
[2026-04-15 20:44:23.865] DEBUG   [EpubService] 浠嶰PF鑾峰彇鏍囬: Vibe Coding AI 缂栫▼瀹屽叏鎵嬪唽
[2026-04-15 20:44:23.865] DEBUG   [EpubService] 浠嶰PF鑾峰彇浣滆€? 璋槦鏄?钁?[2026-04-15 20:44:23.865] VERBOSE [EpubService] _parseNavigationFile 寮€濮嬫墽琛? archive files count: 30
[2026-04-15 20:44:23.868] DEBUG   [EpubService] 浠庡鑸枃浠惰В鏋愬埌 0 涓珷鑺?[2026-04-15 20:44:23.868] DEBUG   [EpubService] 浠庡鑸枃浠惰幏鍙栫珷鑺傛暟: 0
[2026-04-15 20:44:23.869] DEBUG   [EpubService] 鏈€缁堜功鍚? Vibe Coding AI 缂栫▼瀹屽叏鎵嬪唽
[2026-04-15 20:44:23.871] DEBUG   [EpubService] 鏈€缁堜綔鑰? 璋槦鏄?钁?[2026-04-15 20:44:23.873] VERBOSE [EpubService] _extractCover 寮€濮嬫墽琛? bytes length: 995199, bookId: 099f824a-0c55-493e-97ab-532800ae3908
[2026-04-15 20:44:23.873] DEBUG   [EpubService] 寮€濮嬫彁鍙栧皝闈?..
00:29 +597 ~3 -5: D:/Projects/zhidu/test/services/book_service_file_import_test.dart: BookService real file import getBookById returns correct book after multiple imports
[2026-04-15 20:44:24.065] ERROR   [EpubService] 鎻愬彇灏侀潰澶辫触
Error: Exception: Incorrect EPUB manifest: item with href = "cover.jpg" is missing.
[2026-04-15 20:44:24.066] ERROR   [EpubService] 鍫嗘爤
Error: #0      BookCoverReader.readBookCover (package:epub_plus/src/readers/book_cover_reader.dart:36:7)
#1      EpubBookRef.readCover (package:epub_plus/src/ref_entities/epub_book_ref.dart:56:34)
#2      EpubReader.readBook (package:epub_plus/src/epub_reader.dart:102:42)
<asynchronous suspension>
#3      EpubService._extractCover (package:zhidu/services/epub_service.dart:561:24)
<asynchronous suspension>
#4      EpubService.parseEpubFile (package:zhidu/services/epub_service.dart:181:21)
<asynchronous suspension>
#5      BookService.importBookFromPath (package:zhidu/services/book_service.dart:184:16)
<asynchronous suspension>
#6      main.<anonymous closure>.<anonymous closure>.<anonymous closure> (file:///D:/Projects/zhidu/test/services/book_service_file_import_test.dart:123:26)
<asynchronous suspension>
#7      Declarer.test.<anonymous closure>.<anonymous closure> (package:test_api/src/backend/declarer.dart:253:15)
<asynchronous suspension>
#8      Declarer.test.<anonymous closure> (package:test_api/src/backend/declarer.dart:250:11)
<asynchronous suspension>
#9      Invoker._waitForOutstandingCallbacks.<anonymous closure> (package:test_api/src/backend/invoker.dart:318:9)
<asynchronous suspension>

[2026-04-15 20:44:24.067] DEBUG   [EpubService] 灏濊瘯浠巃rchive鏌ユ壘灏侀潰...
[2026-04-15 20:44:24.068] VERBOSE [EpubService] _extractCoverFromArchive 寮€濮嬫墽琛? bytes length: 995199, bookId: 099f824a-0c55-493e-97ab-532800ae3908
[2026-04-15 20:44:24.093] DEBUG   [EpubService] 灏侀潰淇濆瓨鎴愬姛: C:\Users\jjzha\AppData\Local\Temp/zhidu_book_test_1776257063556\zhidu\books\099f824a-0c55-493e-97ab-532800ae3908\cover.jpg
00:29 +598 ~3 -5: D:/Projects/zhidu/test/services/book_service_file_import_test.dart: BookService real file import getBookById returns correct book after multiple imports
[2026-04-15 20:44:24.094] DEBUG   [EpubService] 灏侀潰璺緞: C:\Users\jjzha\AppData\Local\Temp/zhidu_book_test_1776257063556\zhidu\books\099f824a-0c55-493e-97ab-532800ae3908\cover.jpg
[2026-04-15 20:44:24.094] DEBUG   [BookService] EPUB瑙ｆ瀽缁撴灉: Vibe Coding AI 缂栫▼瀹屽叏鎵嬪唽
[2026-04-15 20:44:24.117] INFO    [BookService] 涔︾睄瀵煎叆鎴愬姛: Vibe Coding AI 缂栫▼瀹屽叏鎵嬪唽
[2026-04-15 20:44:24.118] VERBOSE [BookService] importBookFromPath 寮€濮嬫墽琛? D:\Projects\zhidu\test\Java to Kotlin_ A Refactoring G - Duncan McGregor, Nat Pryce.epub
[2026-04-15 20:44:24.118] DEBUG   [BookService] 寮€濮嬪鍏ヤ功绫? D:\Projects\zhidu\test\Java to Kotlin_ A Refactoring G - Duncan McGregor, Nat Pryce.epub
[2026-04-15 20:44:24.119] DEBUG   [BookService] 寮€濮嬭В鏋怑PUB...
[2026-04-15 20:44:24.119] VERBOSE [EpubService] parseEpubFile 寮€濮嬫墽琛? filePath: D:\Projects\zhidu\test\Java to Kotlin_ A Refactoring G - Duncan McGregor, Nat Pryce.epub
[2026-04-15 20:44:24.119] DEBUG   [EpubService] 寮€濮嬭В鏋愭枃浠?D:\Projects\zhidu\test\Java to Kotlin_ A Refactoring G - Duncan McGregor, Nat Pryce.epub
[2026-04-15 20:44:24.123] DEBUG   [EpubService] 璇诲彇鏂囦欢瀛楄妭...
[2026-04-15 20:44:24.134] DEBUG   [EpubService] 鏂囦欢澶у皬: 1638925 bytes
[2026-04-15 20:44:24.136] DEBUG   [EpubService] 瑙ｆ瀽EPUB缁撴瀯...
[2026-04-15 20:44:24.573] ERROR   [EpubService] 浣跨敤EpubReader瑙ｆ瀽澶辫触
Error: Exception: Incorrect EPUB manifest: item with ID = "Images/cover.png" is missing.
[2026-04-15 20:44:24.575] ERROR   [EpubService] 鍫嗘爤
Error: #0      BookCoverReader.readBookCover (package:epub_plus/src/readers/book_cover_reader.dart:29:7)
#1      EpubBookRef.readCover (package:epub_plus/src/ref_entities/epub_book_ref.dart:56:34)
#2      EpubReader.readBook (package:epub_plus/src/epub_reader.dart:102:42)
<asynchronous suspension>
#3      EpubService.parseEpubFile (package:zhidu/services/epub_service.dart:104:26)
<asynchronous suspension>
#4      BookService.importBookFromPath (package:zhidu/services/book_service.dart:184:16)
<asynchronous suspension>
#5      main.<anonymous closure>.<anonymous closure>.<anonymous closure> (file:///D:/Projects/zhidu/test/services/book_service_file_import_test.dart:124:27)
<asynchronous suspension>
#6      Declarer.test.<anonymous closure>.<anonymous closure> (package:test_api/src/backend/declarer.dart:253:15)
<asynchronous suspension>
#7      Declarer.test.<anonymous closure> (package:test_api/src/backend/declarer.dart:250:11)
<asynchronous suspension>
#8      Invoker._waitForOutstandingCallbacks.<anonymous closure> (package:test_api/src/backend/invoker.dart:318:9)
<asynchronous suspension>

[2026-04-15 20:44:24.577] DEBUG   [EpubService] 灏濊瘯浣跨敤archive鐩存帴瑙ｆ瀽EPUB...
[2026-04-15 20:44:24.578] VERBOSE [EpubService] _parseContainerXml 寮€濮嬫墽琛? archive files count: 50
[2026-04-15 20:44:24.579] DEBUG   [EpubService] OPF 鏂囦欢璺緞: OEBPS/content.opf
[2026-04-15 20:44:24.579] DEBUG   [EpubService] 浠巆ontainer.xml鑾峰彇鏍囬: null
[2026-04-15 20:44:24.579] DEBUG   [EpubService] 浠巆ontainer.xml鑾峰彇浣滆€? null
[2026-04-15 20:44:24.579] VERBOSE [EpubService] _parseOpfFile 寮€濮嬫墽琛? archive files count: 50
[2026-04-15 20:44:24.579] VERBOSE [EpubService] _parseContainerXml 寮€濮嬫墽琛? archive files count: 50
[2026-04-15 20:44:24.580] DEBUG   [EpubService] OPF 鏂囦欢璺緞: OEBPS/content.opf
[2026-04-15 20:44:24.584] DEBUG   [EpubService] OPF 瑙ｆ瀽缁撴灉 - 鏍囬: Java to Kotlin, 浣滆€? Duncan McGregor, Nat Pryce
[2026-04-15 20:44:24.584] DEBUG   [EpubService] 浠嶰PF鑾峰彇鏍囬: Java to Kotlin
[2026-04-15 20:44:24.586] DEBUG   [EpubService] 浠嶰PF鑾峰彇浣滆€? Duncan McGregor, Nat Pryce
[2026-04-15 20:44:24.588] VERBOSE [EpubService] _parseNavigationFile 寮€濮嬫墽琛? archive files count: 50
[2026-04-15 20:44:24.610] DEBUG   [EpubService] 浠庡鑸枃浠惰В鏋愬埌 0 涓珷鑺?[2026-04-15 20:44:24.611] DEBUG   [EpubService] 浠庡鑸枃浠惰幏鍙栫珷鑺傛暟: 0
[2026-04-15 20:44:24.611] DEBUG   [EpubService] 鏈€缁堜功鍚? Java to Kotlin
[2026-04-15 20:44:24.611] DEBUG   [EpubService] 鏈€缁堜綔鑰? Duncan McGregor, Nat Pryce
[2026-04-15 20:44:24.611] VERBOSE [EpubService] _extractCover 寮€濮嬫墽琛? bytes length: 1638925, bookId: f0fd1e17-68ac-4b0c-b6c6-7f61c1914cc2
00:29 +599 ~3 -5: D:/Projects/zhidu/test/services/book_service_file_import_test.dart: BookService real file import getBookById returns correct book after multiple imports
[2026-04-15 20:44:24.611] DEBUG   [EpubService] 寮€濮嬫彁鍙栧皝闈?..
00:29 +599 ~3 -5: D:/Projects/zhidu/test/services/log_service_test.dart: LogService init should create logs directory if not exists
[2026-04-15 20:44:25.084] INFO    [LogService] 鏃ュ織鏈嶅姟鍒濆鍖栧畬鎴愶紝鏃ュ織鏂囦欢: C:\Users\jjzha\AppData\Local\Temp\zhidu_test_logs/logs/app_20260415_204425.log
00:29 +599 ~3 -5: D:/Projects/zhidu/test/services/book_service_file_import_test.dart: BookService real file import getBookById returns correct book after multiple imports
[2026-04-15 20:44:24.977] ERROR   [EpubService] 鎻愬彇灏侀潰澶辫触
Error: Exception: Incorrect EPUB manifest: item with ID = "Images/cover.png" is missing.
[2026-04-15 20:44:24.978] ERROR   [EpubService] 鍫嗘爤
Error: #0      BookCoverReader.readBookCover (package:epub_plus/src/readers/book_cover_reader.dart:29:7)
#1      EpubBookRef.readCover (package:epub_plus/src/ref_entities/epub_book_ref.dart:56:34)
#2      EpubReader.readBook (package:epub_plus/src/epub_reader.dart:102:42)
<asynchronous suspension>
#3      EpubService._extractCover (package:zhidu/services/epub_service.dart:561:24)
<asynchronous suspension>
#4      EpubService.parseEpubFile (package:zhidu/services/epub_service.dart:181:21)
<asynchronous suspension>
#5      BookService.importBookFromPath (package:zhidu/services/book_service.dart:184:16)
<asynchronous suspension>
#6      main.<anonymous closure>.<anonymous closure>.<anonymous closure> (file:///D:/Projects/zhidu/test/services/book_service_file_import_test.dart:124:27)
<asynchronous suspension>
#7      Declarer.test.<anonymous closure>.<anonymous closure> (package:test_api/src/backend/declarer.dart:253:15)
<asynchronous suspension>
#8      Declarer.test.<anonymous closure> (package:test_api/src/backend/declarer.dart:250:11)
<asynchronous suspension>
#9      Invoker._waitForOutstandingCallbacks.<anonymous closure> (package:test_api/src/backend/invoker.dart:318:9)
<asynchronous suspension>

[2026-04-15 20:44:24.978] DEBUG   [EpubService] 灏濊瘯浠巃rchive鏌ユ壘灏侀潰...
[2026-04-15 20:44:24.978] VERBOSE [EpubService] _extractCoverFromArchive 寮€濮嬫墽琛? bytes length: 1638925, bookId: f0fd1e17-68ac-4b0c-b6c6-7f61c1914cc2
[2026-04-15 20:44:25.013] DEBUG   [EpubService] 灏侀潰淇濆瓨鎴愬姛: C:\Users\jjzha\AppData\Local\Temp/zhidu_book_test_1776257063556\zhidu\books\f0fd1e17-68ac-4b0c-b6c6-7f61c1914cc2\cover.png
[2026-04-15 20:44:25.015] DEBUG   [EpubService] 灏侀潰璺緞: C:\Users\jjzha\AppData\Local\Temp/zhidu_book_test_1776257063556\zhidu\books\f0fd1e17-68ac-4b0c-b6c6-7f61c1914cc2\cover.png
[2026-04-15 20:44:25.017] DEBUG   [BookService] EPUB瑙ｆ瀽缁撴灉: Java to Kotlin
[2026-04-15 20:44:25.044] INFO    [BookService] 涔︾睄瀵煎叆鎴愬姛: Java to Kotlin
00:29 +600 ~3 -5: D:/Projects/zhidu/test/services/book_service_file_import_test.dart: BookService real file import getBookById returns correct book after multiple imports
00:29 +601 ~3 -5: D:/Projects/zhidu/test/screens/settings_screen_test.dart: SettingsScreen Widget Tests export section tests has chevron icon for navigation hint
00:29 +601 ~3 -5: D:/Projects/zhidu/test/services/book_service_file_import_test.dart: BookService real file import updateBook updates book reading progress
[2026-04-15 20:44:25.115] VERBOSE [BookService] init 寮€濮嬫墽琛?00:29 +601 ~3 -5: D:/Projects/zhidu/test/services/log_service_test.dart: LogService log methods v() should log verbose level
[2026-04-15 20:44:25.115] VERBOSE [VerboseTag] verbose test message
00:29 +602 ~3 -5: D:/Projects/zhidu/test/screens/settings_screen_test.dart: SettingsScreen Widget Tests export section tests has chevron icon for navigation hint
00:29 +602 ~3 -5: D:/Projects/zhidu/test/services/book_service_file_import_test.dart: BookService real file import updateBook updates book reading progress
[2026-04-15 20:44:25.123] VERBOSE [FileStorageService] 鏂囦欢涓嶅瓨鍦? C:\Users\jjzha\AppData\Local\Temp/zhidu_book_test_1776257065112\zhidu\books.json
[2026-04-15 20:44:25.124] VERBOSE [BookService] init 鎵ц瀹屾垚, 鍔犺浇涔︾睄鏁伴噺: 0
00:29 +603 ~3 -5: D:/Projects/zhidu/test/screens/settings_screen_test.dart: SettingsScreen Widget Tests export section tests has chevron icon for navigation hint
00:29 +603 ~3 -5: D:/Projects/zhidu/test/services/book_service_file_import_test.dart: BookService real file import updateBook updates book reading progress
[2026-04-15 20:44:25.126] VERBOSE [BookService] importBookFromPath 寮€濮嬫墽琛? D:\Projects\zhidu\test\Vibe Coding AI Bian Cheng Wan Q - Tan Xing Xing.epub
00:29 +603 ~3 -5: D:/Projects/zhidu/test/services/log_service_test.dart: LogService log methods d() should log debug level
[2026-04-15 20:44:25.139] DEBUG   [DebugTag] debug test message
00:29 +603 ~3 -5: D:/Projects/zhidu/test/services/book_service_file_import_test.dart: BookService real file import updateBook updates book reading progress
[2026-04-15 20:44:25.126] DEBUG   [BookService] 寮€濮嬪鍏ヤ功绫? D:\Projects\zhidu\test\Vibe Coding AI Bian Cheng Wan Q - Tan Xing Xing.epub
00:29 +604 ~3 -5: D:/Projects/zhidu/test/screens/settings_screen_test.dart: SettingsScreen Widget Tests export section tests has chevron icon for navigation hint
00:29 +605 ~3 -5: D:/Projects/zhidu/test/screens/settings_screen_test.dart: SettingsScreen Widget Tests export section tests has chevron icon for navigation hint
00:29 +605 ~3 -5: D:/Projects/zhidu/test/services/log_service_test.dart: LogService log methods info() should log info level
[2026-04-15 20:44:25.161] INFO    [InfoTag] info test message
00:29 +606 ~3 -5: D:/Projects/zhidu/test/screens/settings_screen_test.dart: SettingsScreen Widget Tests export section tests has chevron icon for navigation hint
Package file_picker:linux references file_picker:linux as the default plugin, but it does not provide an inline impleme
ntation.
Ask the maintainers of file_picker to either avoid referencing a default implementation via `platforms: linux: default_
package: file_picker` or add an inline implementation to file_picker via `platforms: linux:` `pluginClass` or `dartPlug
inClass`.

Package file_picker:macos references file_picker:macos as the default plugin, but it does not provide an inline impleme
ntation.
Ask the maintainers of file_picker to either avoid referencing a default implementation via `platforms: macos: default_
package: file_picker` or add an inline implementation to file_picker via `platforms: macos:` `pluginClass` or `dartPlug
inClass`.

Package file_picker:windows references file_picker:windows as the default plugin, but it does not provide an inline imp
lementation.
Ask the maintainers of file_picker to either avoid referencing a default implementation via `platforms: windows: defaul
t_package: file_picker` or add an inline implementation to file_picker via `platforms: windows:` `pluginClass` or `dart
PluginClass`.

00:29 +606 ~3 -5: D:/Projects/zhidu/test/services/log_service_test.dart: LogService log methods w() should log warning level
[2026-04-15 20:44:25.186] WARNING [WarningTag] warning test message
00:29 +607 ~3 -5: D:/Projects/zhidu/test/screens/settings_screen_test.dart: SettingsScreen Widget Tests export section tests has chevron icon for navigation hint
00:29 +608 ~3 -5: D:/Projects/zhidu/test/screens/settings_screen_test.dart: SettingsScreen Widget Tests export section tests has chevron icon for navigation hint
00:29 +608 ~3 -5: D:/Projects/zhidu/test/services/log_service_test.dart: LogService log methods e() should log error level without error object
[2026-04-15 20:44:25.206] ERROR   [ErrorTag] error test message
00:29 +609 ~3 -5: D:/Projects/zhidu/test/screens/settings_screen_test.dart: SettingsScreen Widget Tests export section tests has chevron icon for navigation hint
00:29 +610 ~3 -5: D:/Projects/zhidu/test/screens/ai_config_screen_test.dart: AiConfigScreen Widget Tests button state tests buttons show loading state during operations
00:29 +610 ~3 -5: D:/Projects/zhidu/test/services/log_service_test.dart: LogService log methods e() should log error level with error object
[2026-04-15 20:44:25.229] ERROR   [ErrorTag] error test message
Error: Exception: test exception
00:29 +611 ~3 -5: D:/Projects/zhidu/test/screens/ai_config_screen_test.dart: AiConfigScreen Widget Tests button state tests buttons show loading state during operations
00:29 +612 ~3 -5: D:/Projects/zhidu/test/screens/ai_config_screen_test.dart: AiConfigScreen Widget Tests button state tests buttons show loading state during operations
00:29 +612 ~3 -5: D:/Projects/zhidu/test/services/log_service_test.dart: LogService log methods e() should log error level with error and stackTrace
[2026-04-15 20:44:25.243] ERROR   [ErrorTag] error test message
Error: Exception: test exception
StackTrace:
#0      main.<anonymous closure>.<anonymous closure>.<anonymous closure> (file:///D:/Projects/zhidu/test/services/log_service_test.dart:148:39)
<asynchronous suspension>
#1      Declarer.test.<anonymous closure>.<anonymous closure> (package:test_api/src/backend/declarer.dart:253:15)
<asynchronous suspension>
#2      Declarer.test.<anonymous closure> (package:test_api/src/backend/declarer.dart:250:11)
<asynchronous suspension>
#3      Invoker._waitForOutstandingCallbacks.<anonymous closure> (package:test_api/src/backend/invoker.dart:318:9)
<asynchronous suspension>

00:29 +613 ~3 -5: D:/Projects/zhidu/test/screens/ai_config_screen_test.dart: AiConfigScreen Widget Tests button state tests buttons show loading state during operations
00:29 +613 ~3 -5: D:/Projects/zhidu/test/services/log_service_test.dart: LogService level filtering should filter verbose level when minLevel is debug
[2026-04-15 20:44:25.260] DEBUG   [Tag] this should appear
00:29 +614 ~3 -5: D:/Projects/zhidu/test/screens/ai_config_screen_test.dart: AiConfigScreen Widget Tests button state tests buttons show loading state during operations
00:29 +614 ~3 -5: D:/Projects/zhidu/test/services/log_service_test.dart: LogService level filtering should filter verbose level when minLevel is debug
[2026-04-15 20:44:25.261] INFO    [Tag] this should appear
[2026-04-15 20:44:25.261] WARNING [Tag] this should appear
[2026-04-15 20:44:25.261] ERROR   [Tag] this should appear
00:29 +615 ~3 -5: D:/Projects/zhidu/test/screens/ai_config_screen_test.dart: AiConfigScreen Widget Tests button state tests buttons show loading state during operations
00:29 +615 ~3 -5: D:/Projects/zhidu/test/services/log_service_test.dart: LogService level filtering should filter debug and verbose when minLevel is info
[2026-04-15 20:44:25.282] INFO    [Tag] should appear
[2026-04-15 20:44:25.283] WARNING [Tag] should appear
[2026-04-15 20:44:25.284] ERROR   [Tag] should appear
00:29 +616 ~3 -5: D:/Projects/zhidu/test/screens/ai_config_screen_test.dart: AiConfigScreen Widget Tests button state tests buttons show loading state during operations
00:29 +616 ~3 -5: D:/Projects/zhidu/test/services/log_service_test.dart: LogService level filtering should filter info and below when minLevel is warning
[2026-04-15 20:44:25.311] WARNING [Tag] should appear
00:29 +617 ~3 -5: D:/Projects/zhidu/test/screens/ai_config_screen_test.dart: AiConfigScreen Widget Tests button state tests buttons show loading state during operations
00:29 +617 ~3 -5: D:/Projects/zhidu/test/services/log_service_test.dart: LogService level filtering should filter info and below when minLevel is warning
[2026-04-15 20:44:25.313] ERROR   [Tag] should appear
00:29 +618 ~3 -5: D:/Projects/zhidu/test/screens/ai_config_screen_test.dart: AiConfigScreen Widget Tests button state tests buttons show loading state during operations
00:29 +618 ~3 -5: D:/Projects/zhidu/test/services/log_service_test.dart: LogService level filtering should filter warning and below when minLevel is error
[2026-04-15 20:44:25.328] ERROR   [Tag] should appear
00:29 +619 ~3 -5: D:/Projects/zhidu/test/screens/ai_config_screen_test.dart: AiConfigScreen Widget Tests button state tests buttons show loading state during operations
00:29 +620 ~3 -5: D:/Projects/zhidu/test/screens/ai_config_screen_test.dart: AiConfigScreen Widget Tests button state tests buttons show loading state during operations
00:29 +621 ~3 -5: D:/Projects/zhidu/test/screens/ai_config_screen_test.dart: AiConfigScreen Widget Tests button state tests buttons show loading state during operations
00:29 +621 ~3 -5: D:/Projects/zhidu/test/services/log_service_test.dart: LogService dispose should dispose after init with file writing
[2026-04-15 20:44:25.400] INFO    [LogService] 鏃ュ織鏈嶅姟鍒濆鍖栧畬鎴愶紝鏃ュ織鏂囦欢: C:\Users\jjzha\AppData\Local\Temp\zhidu_test_logs/logs/app_20260415_204425.log
[2026-04-15 20:44:25.404] INFO    [TestTag] test message
00:29 +622 ~3 -5: D:/Projects/zhidu/test/screens/ai_config_screen_test.dart: AiConfigScreen Widget Tests button state tests buttons show loading state during operations
00:29 +623 ~3 -5: D:/Projects/zhidu/test/services/book_service_file_import_test.dart: BookService real file import updateBook updates book reading progress
00:29 +624 ~3 -5: D:/Projects/zhidu/test/services/book_service_file_import_test.dart: BookService real file import updateBook updates book reading progress
00:29 +624 ~3 -5: D:/Projects/zhidu/test/services/log_service_test.dart: LogService _formatMessage should format message correctly
[2026-04-15 20:44:25.482] INFO    [TestTag] Test message
00:29 +625 ~3 -5: D:/Projects/zhidu/test/services/book_service_file_import_test.dart: BookService real file import updateBook updates book reading progress
00:29 +625 ~3 -5: D:/Projects/zhidu/test/services/log_service_test.dart: LogService _formatMessage should handle empty tag and message
[2026-04-15 20:44:25.499] INFO    [] 
00:29 +626 ~3 -5: D:/Projects/zhidu/test/services/book_service_file_import_test.dart: BookService real file import updateBook updates book reading progress
00:29 +626 ~3 -5: D:/Projects/zhidu/test/services/log_service_test.dart: LogService _formatMessage should handle special characters
[2026-04-15 20:44:25.519] INFO    [Tag<test>] Message with "quotes" and 
 newline
00:29 +627 ~3 -5: D:/Projects/zhidu/test/services/book_service_file_import_test.dart: BookService real file import updateBook updates book reading progress
00:29 +628 ~3 -5: D:/Projects/zhidu/test/services/book_service_file_import_test.dart: BookService real file import updateBook updates book reading progress
[2026-04-15 20:44:25.127] DEBUG   [BookService] 寮€濮嬭В鏋怑PUB...
[2026-04-15 20:44:25.129] VERBOSE [EpubService] parseEpubFile 寮€濮嬫墽琛? filePath: D:\Projects\zhidu\test\Vibe Coding AI Bian Cheng Wan Q - Tan Xing Xing.epub
[2026-04-15 20:44:25.129] DEBUG   [EpubService] 寮€濮嬭В鏋愭枃浠?D:\Projects\zhidu\test\Vibe Coding AI Bian Cheng Wan Q - Tan Xing Xing.epub
[2026-04-15 20:44:25.133] DEBUG   [EpubService] 璇诲彇鏂囦欢瀛楄妭...
[2026-04-15 20:44:25.143] DEBUG   [EpubService] 鏂囦欢澶у皬: 995199 bytes
[2026-04-15 20:44:25.145] DEBUG   [EpubService] 瑙ｆ瀽EPUB缁撴瀯...
[2026-04-15 20:44:25.351] ERROR   [EpubService] 浣跨敤EpubReader瑙ｆ瀽澶辫触
Error: Exception: Incorrect EPUB manifest: item with href = "cover.jpg" is missing.
[2026-04-15 20:44:25.351] ERROR   [EpubService] 鍫嗘爤
Error: #0      BookCoverReader.readBookCover (package:epub_plus/src/readers/book_cover_reader.dart:36:7)
#1      EpubBookRef.readCover (package:epub_plus/src/ref_entities/epub_book_ref.dart:56:34)
#2      EpubReader.readBook (package:epub_plus/src/epub_reader.dart:102:42)
<asynchronous suspension>
#3      EpubService.parseEpubFile (package:zhidu/services/epub_service.dart:104:26)
<asynchronous suspension>
#4      BookService.importBookFromPath (package:zhidu/services/book_service.dart:184:16)
<asynchronous suspension>
#5      main.<anonymous closure>.<anonymous closure>.<anonymous closure> (file:///D:/Projects/zhidu/test/services/book_service_file_import_test.dart:138:22)
<asynchronous suspension>
#6      Declarer.test.<anonymous closure>.<anonymous closure> (package:test_api/src/backend/declarer.dart:253:15)
<asynchronous suspension>
#7      Declarer.test.<anonymous closure> (package:test_api/src/backend/declarer.dart:250:11)
<asynchronous suspension>
#8      Invoker._waitForOutstandingCallbacks.<anonymous closure> (package:test_api/src/backend/invoker.dart:318:9)
<asynchronous suspension>

[2026-04-15 20:44:25.352] DEBUG   [EpubService] 灏濊瘯浣跨敤archive鐩存帴瑙ｆ瀽EPUB...
[2026-04-15 20:44:25.353] VERBOSE [EpubService] _parseContainerXml 寮€濮嬫墽琛? archive files count: 30
[2026-04-15 20:44:25.356] DEBUG   [EpubService] OPF 鏂囦欢璺緞: EPUB/content.opf
[2026-04-15 20:44:25.356] DEBUG   [EpubService] 浠巆ontainer.xml鑾峰彇鏍囬: null
[2026-04-15 20:44:25.356] DEBUG   [EpubService] 浠巆ontainer.xml鑾峰彇浣滆€? null
[2026-04-15 20:44:25.356] VERBOSE [EpubService] _parseOpfFile 寮€濮嬫墽琛? archive files count: 30
[2026-04-15 20:44:25.356] VERBOSE [EpubService] _parseContainerXml 寮€濮嬫墽琛? archive files count: 30
[2026-04-15 20:44:25.358] DEBUG   [EpubService] OPF 鏂囦欢璺緞: EPUB/content.opf
[2026-04-15 20:44:25.360] DEBUG   [EpubService] OPF 瑙ｆ瀽缁撴灉 - 鏍囬: Vibe Coding AI 缂栫▼瀹屽叏鎵嬪唽, 浣滆€? 璋槦鏄?钁?[2026-04-15 20:44:25.360] DEBUG   [EpubService] 浠嶰PF鑾峰彇鏍囬: Vibe Coding AI 缂栫▼瀹屽叏鎵嬪唽
[2026-04-15 20:44:25.361] DEBUG   [EpubService] 浠嶰PF鑾峰彇浣滆€? 璋槦鏄?钁?[2026-04-15 20:44:25.361] VERBOSE [EpubService] _parseNavigationFile 寮€濮嬫墽琛? archive files count: 30
[2026-04-15 20:44:25.362] DEBUG   [EpubService] 浠庡鑸枃浠惰В鏋愬埌 0 涓珷鑺?[2026-04-15 20:44:25.362] DEBUG   [EpubService] 浠庡鑸枃浠惰幏鍙栫珷鑺傛暟: 0
[2026-04-15 20:44:25.367] DEBUG   [EpubService] 鏈€缁堜功鍚? Vibe Coding AI 缂栫▼瀹屽叏鎵嬪唽
[2026-04-15 20:44:25.367] DEBUG   [EpubService] 鏈€缁堜綔鑰? 璋槦鏄?钁?[2026-04-15 20:44:25.367] VERBOSE [EpubService] _extractCover 寮€濮嬫墽琛? bytes length: 995199, bookId: c3ff75ce-532b-4a8e-b26e-b76f36e97879
[2026-04-15 20:44:25.368] DEBUG   [EpubService] 寮€濮嬫彁鍙栧皝闈?..
[2026-04-15 20:44:25.577] ERROR   [EpubService] 鎻愬彇灏侀潰澶辫触
Error: Exception: Incorrect EPUB manifest: item with href = "cover.jpg" is missing.
[2026-04-15 20:44:25.577] ERROR   [EpubService] 鍫嗘爤
Error: #0      BookCoverReader.readBookCover (package:epub_plus/src/readers/book_cover_reader.dart:36:7)
#1      EpubBookRef.readCover (package:epub_plus/src/ref_entities/epub_book_ref.dart:56:34)
#2      EpubReader.readBook (package:epub_plus/src/epub_reader.dart:102:42)
<asynchronous suspension>
#3      EpubService._extractCover (package:zhidu/services/epub_service.dart:561:24)
<asynchronous suspension>
#4      EpubService.parseEpubFile (package:zhidu/services/epub_service.dart:181:21)
<asynchronous suspension>
#5      BookService.importBookFromPath (package:zhidu/services/book_service.dart:184:16)
<asynchronous suspension>
#6      main.<anonymous closure>.<anonymous closure>.<anonymous closure> (file:///D:/Projects/zhidu/test/services/book_service_file_import_test.dart:138:22)
<asynchronous suspension>
#7      Declarer.test.<anonymous closure>.<anonymous closure> (package:test_api/src/backend/declarer.dart:253:15)
<asynchronous suspension>
#8      Declarer.test.<anonymous closure> (package:test_api/src/backend/declarer.dart:250:11)
<asynchronous suspension>
#9      Invoker._waitForOutstandingCallbacks.<anonymous closure> (package:test_api/src/backend/invoker.dart:318:9)
<asynchronous suspension>

[2026-04-15 20:44:25.577] DEBUG   [EpubService] 灏濊瘯浠巃rchive鏌ユ壘灏侀潰...
[2026-04-15 20:44:25.577] VERBOSE [EpubService] _extractCoverFromArchive 寮€濮嬫墽琛? bytes length: 995199, bookId: c3ff75ce-532b-4a8e-b26e-b76f36e97879
[2026-04-15 20:44:25.628] DEBUG   [EpubService] 灏侀潰淇濆瓨鎴愬姛: C:\Users\jjzha\AppData\Local\Temp/zhidu_book_test_1776257065112\zhidu\books\c3ff75ce-532b-4a8e-b26e-b76f36e97879\cover.jpg
[2026-04-15 20:44:25.628] DEBUG   [EpubService] 灏侀潰璺緞: C:\Users\jjzha\AppData\Local\Temp/zhidu_book_test_1776257065112\zhidu\books\c3ff75ce-532b-4a8e-b26e-b76f36e97879\cover.jpg
[2026-04-15 20:44:25.628] DEBUG   [BookService] EPUB瑙ｆ瀽缁撴灉: Vibe Coding AI 缂栫▼瀹屽叏鎵嬪唽
[2026-04-15 20:44:25.654] INFO    [BookService] 涔︾睄瀵煎叆鎴愬姛: Vibe Coding AI 缂栫▼瀹屽叏鎵嬪唽
[2026-04-15 20:44:25.660] DEBUG   [BookService] 鏇存柊涔︾睄: Vibe Coding AI 缂栫▼瀹屽叏鎵嬪唽
[2026-04-15 20:44:25.693] DEBUG   [BookService] 涔︾睄鏇存柊鎴愬姛: Vibe Coding AI 缂栫▼瀹屽叏鎵嬪唽
00:30 +629 ~3 -5: D:/Projects/zhidu/test/screens/settings_screen_test.dart: SettingsScreen Widget Tests backup section tests shows backup data tile
00:30 +629 ~3 -5: D:/Projects/zhidu/test/services/book_service_file_import_test.dart: BookService real file import updateBook updates book aiIntroduction
[2026-04-15 20:44:25.747] VERBOSE [BookService] init 寮€濮嬫墽琛?[2026-04-15 20:44:25.754] VERBOSE [FileStorageService] 鏂囦欢涓嶅瓨鍦? C:\Users\jjzha\AppData\Local\Temp/zhidu_book_test_1776257065741\zhidu\books.json
[2026-04-15 20:44:25.754] VERBOSE [BookService] init 鎵ц瀹屾垚, 鍔犺浇涔︾睄鏁伴噺: 0
[2026-04-15 20:44:25.758] VERBOSE [BookService] importBookFromPath 寮€濮嬫墽琛? D:\Projects\zhidu\test\Vibe Coding AI Bian Cheng Wan Q - Tan Xing Xing.epub
00:30 +630 ~3 -5: D:/Projects/zhidu/test/screens/settings_screen_test.dart: SettingsScreen Widget Tests backup section tests shows backup data tile
00:30 +630 ~3 -5: D:/Projects/zhidu/test/services/book_service_file_import_test.dart: BookService real file import updateBook updates book aiIntroduction
[2026-04-15 20:44:25.759] DEBUG   [BookService] 寮€濮嬪鍏ヤ功绫? D:\Projects\zhidu\test\Vibe Coding AI Bian Cheng Wan Q - Tan Xing Xing.epub
[2026-04-15 20:44:25.760] DEBUG   [BookService] 寮€濮嬭В鏋怑PUB...
[2026-04-15 20:44:25.760] VERBOSE [EpubService] parseEpubFile 寮€濮嬫墽琛? filePath: D:\Projects\zhidu\test\Vibe Coding AI Bian Cheng Wan Q - Tan Xing Xing.epub
[2026-04-15 20:44:25.760] DEBUG   [EpubService] 寮€濮嬭В鏋愭枃浠?D:\Projects\zhidu\test\Vibe Coding AI Bian Cheng Wan Q - Tan Xing Xing.epub
[2026-04-15 20:44:25.762] DEBUG   [EpubService] 璇诲彇鏂囦欢瀛楄妭...
[2026-04-15 20:44:25.771] DEBUG   [EpubService] 鏂囦欢澶у皬: 995199 bytes
00:30 +630 ~3 -5: D:/Projects/zhidu/test/screens/settings_screen_test.dart: SettingsScreen Widget Tests backup section tests shows backup data tile
鈺愨晲鈺?EXCEPTION CAUGHT BY FLUTTER TEST FRAMEWORK 鈺炩晲鈺愨晲鈺愨晲鈺愨晲鈺愨晲鈺愨晲鈺愨晲鈺愨晲鈺愨晲鈺愨晲鈺愨晲鈺愨晲鈺愨晲鈺愨晲鈺愨晲鈺愨晲鈺愨晲鈺愨晲鈺愨晲鈺愨晲鈺愨晲鈺愨晲鈺愨晲鈺愨晲鈺愨晲鈺愨晲鈺?The following TestFailure was thrown running a test:
Expected: exactly one matching candidate
  Actual: _TextWidgetFinder:<Found 0 widgets with text "澶囦唤鏁版嵁": []>
   Which: means none were found but one was expected

When the exception was thrown, this was the stack:
#4      main.<anonymous closure>.<anonymous closure>.<anonymous closure> (file:///D:/Projects/zhidu/test/screens/settings_screen_test.dart:176:9)
<asynchronous suspension>
#5      testWidgets.<anonymous closure>.<anonymous closure> (package:flutter_test/src/widget_tester.dart:192:15)
<asynchronous suspension>
#6      TestWidgetsFlutterBinding._runTestBody (package:flutter_test/src/binding.dart:1682:5)
<asynchronous suspension>
<asynchronous suspension>
(elided one frame from package:stack_trace)

This was caught by the test expectation on the following line:
  file:///D:/Projects/zhidu/test/screens/settings_screen_test.dart line 176
The test description was:
  shows backup data tile
鈺愨晲鈺愨晲鈺愨晲鈺愨晲鈺愨晲鈺愨晲鈺愨晲鈺愨晲鈺愨晲鈺愨晲鈺愨晲鈺愨晲鈺愨晲鈺愨晲鈺愨晲鈺愨晲鈺愨晲鈺愨晲鈺愨晲鈺愨晲鈺愨晲鈺愨晲鈺愨晲鈺愨晲鈺愨晲鈺愨晲鈺愨晲鈺愨晲鈺愨晲鈺愨晲鈺愨晲鈺愨晲鈺愨晲鈺愨晲鈺愨晲鈺愨晲鈺愨晲鈺愨晲鈺愨晲鈺愨晲鈺愨晲鈺愨晲鈺愨晲鈺愨晲鈺愨晲鈺愨晲鈺愨晲鈺愨晲鈺愨晲鈺愨晲
00:30 +630 ~3 -5: D:/Projects/zhidu/test/services/book_service_file_import_test.dart: BookService real file import updateBook updates book aiIntroduction
[2026-04-15 20:44:25.771] DEBUG   [EpubService] 瑙ｆ瀽EPUB缁撴瀯...
00:30 +630 ~3 -6: D:/Projects/zhidu/test/services/book_service_file_import_test.dart: BookService real file import updateBook updates book aiIntroduction
00:30 +630 ~3 -6: D:/Projects/zhidu/test/screens/settings_screen_test.dart: SettingsScreen Widget Tests backup section tests shows backup data tile [E]
  Test failed. See exception logs above.
  The test description was: shows backup data tile
  
00:30 +630 ~3 -6: D:/Projects/zhidu/test/services/book_service_file_import_test.dart: BookService real file import updateBook updates book aiIntroduction
[2026-04-15 20:44:25.938] ERROR   [EpubService] 浣跨敤EpubReader瑙ｆ瀽澶辫触
Error: Exception: Incorrect EPUB manifest: item with href = "cover.jpg" is missing.
[2026-04-15 20:44:25.939] ERROR   [EpubService] 鍫嗘爤
Error: #0      BookCoverReader.readBookCover (package:epub_plus/src/readers/book_cover_reader.dart:36:7)
#1      EpubBookRef.readCover (package:epub_plus/src/ref_entities/epub_book_ref.dart:56:34)
#2      EpubReader.readBook (package:epub_plus/src/epub_reader.dart:102:42)
<asynchronous suspension>
#3      EpubService.parseEpubFile (package:zhidu/services/epub_service.dart:104:26)
<asynchronous suspension>
#4      BookService.importBookFromPath (package:zhidu/services/book_service.dart:184:16)
<asynchronous suspension>
#5      main.<anonymous closure>.<anonymous closure>.<anonymous closure> (file:///D:/Projects/zhidu/test/services/book_service_file_import_test.dart:153:22)
<asynchronous suspension>
#6      Declarer.test.<anonymous closure>.<anonymous closure> (package:test_api/src/backend/declarer.dart:253:15)
<asynchronous suspension>
#7      Declarer.test.<anonymous closure> (package:test_api/src/backend/declarer.dart:250:11)
<asynchronous suspension>
#8      Invoker._waitForOutstandingCallbacks.<anonymous closure> (package:test_api/src/backend/invoker.dart:318:9)
<asynchronous suspension>

[2026-04-15 20:44:25.939] DEBUG   [EpubService] 灏濊瘯浣跨敤archive鐩存帴瑙ｆ瀽EPUB...
Package file_picker:linux references file_picker:linux as the default plugin, but it does not provide an inline impleme
ntation.
Ask the maintainers of file_picker to either avoid referencing a default implementation via `platforms: linux: default_
package: file_picker` or add an inline implementation to file_picker via `platforms: linux:` `pluginClass` or `dartPlug
inClass`.

Package file_picker:macos references file_picker:macos as the default plugin, but it does not provide an inline impleme
ntation.
Ask the maintainers of file_picker to either avoid referencing a default implementation via `platforms: macos: default_
package: file_picker` or add an inline implementation to file_picker via `platforms: macos:` `pluginClass` or `dartPlug
inClass`.

Package file_picker:windows references file_picker:windows as the default plugin, but it does not provide an inline imp
lementation.
Ask the maintainers of file_picker to either avoid referencing a default implementation via `platforms: windows: defaul
t_package: file_picker` or add an inline implementation to file_picker via `platforms: windows:` `pluginClass` or `dart
PluginClass`.

[2026-04-15 20:44:25.941] VERBOSE [EpubService] _parseContainerXml 寮€濮嬫墽琛? archive files count: 30
[2026-04-15 20:44:25.943] DEBUG   [EpubService] OPF 鏂囦欢璺緞: EPUB/content.opf
[2026-04-15 20:44:25.943] DEBUG   [EpubService] 浠巆ontainer.xml鑾峰彇鏍囬: null
[2026-04-15 20:44:25.943] DEBUG   [EpubService] 浠巆ontainer.xml鑾峰彇浣滆€? null
[2026-04-15 20:44:25.944] VERBOSE [EpubService] _parseOpfFile 寮€濮嬫墽琛? archive files count: 30
[2026-04-15 20:44:25.944] VERBOSE [EpubService] _parseContainerXml 寮€濮嬫墽琛? archive files count: 30
[2026-04-15 20:44:25.944] DEBUG   [EpubService] OPF 鏂囦欢璺緞: EPUB/content.opf
[2026-04-15 20:44:25.948] DEBUG   [EpubService] OPF 瑙ｆ瀽缁撴灉 - 鏍囬: Vibe Coding AI 缂栫▼瀹屽叏鎵嬪唽, 浣滆€? 璋槦鏄?钁?[2026-04-15 20:44:25.949] DEBUG   [EpubService] 浠嶰PF鑾峰彇鏍囬: Vibe Coding AI 缂栫▼瀹屽叏鎵嬪唽
[2026-04-15 20:44:25.949] DEBUG   [EpubService] 浠嶰PF鑾峰彇浣滆€? 璋槦鏄?钁?[2026-04-15 20:44:25.949] VERBOSE [EpubService] _parseNavigationFile 寮€濮嬫墽琛? archive files count: 30
[2026-04-15 20:44:25.952] DEBUG   [EpubService] 浠庡鑸枃浠惰В鏋愬埌 0 涓珷鑺?[2026-04-15 20:44:25.953] DEBUG   [EpubService] 浠庡鑸枃浠惰幏鍙栫珷鑺傛暟: 0
[2026-04-15 20:44:25.954] DEBUG   [EpubService] 鏈€缁堜功鍚? Vibe Coding AI 缂栫▼瀹屽叏鎵嬪唽
[2026-04-15 20:44:25.956] DEBUG   [EpubService] 鏈€缁堜綔鑰? 璋槦鏄?钁?[2026-04-15 20:44:25.957] VERBOSE [EpubService] _extractCover 寮€濮嬫墽琛? bytes length: 995199, bookId: 106b2934-cd44-4c78-830c-e006996e7fad
[2026-04-15 20:44:25.958] DEBUG   [EpubService] 寮€濮嬫彁鍙栧皝闈?..
[2026-04-15 20:44:26.161] ERROR   [EpubService] 鎻愬彇灏侀潰澶辫触
Error: Exception: Incorrect EPUB manifest: item with href = "cover.jpg" is missing.
[2026-04-15 20:44:26.161] ERROR   [EpubService] 鍫嗘爤
Error: #0      BookCoverReader.readBookCover (package:epub_plus/src/readers/book_cover_reader.dart:36:7)
#1      EpubBookRef.readCover (package:epub_plus/src/ref_entities/epub_book_ref.dart:56:34)
#2      EpubReader.readBook (package:epub_plus/src/epub_reader.dart:102:42)
<asynchronous suspension>
#3      EpubService._extractCover (package:zhidu/services/epub_service.dart:561:24)
<asynchronous suspension>
#4      EpubService.parseEpubFile (package:zhidu/services/epub_service.dart:181:21)
<asynchronous suspension>
#5      BookService.importBookFromPath (package:zhidu/services/book_service.dart:184:16)
<asynchronous suspension>
#6      main.<anonymous closure>.<anonymous closure>.<anonymous closure> (file:///D:/Projects/zhidu/test/services/book_service_file_import_test.dart:153:22)
<asynchronous suspension>
#7      Declarer.test.<anonymous closure>.<anonymous closure> (package:test_api/src/backend/declarer.dart:253:15)
<asynchronous suspension>
#8      Declarer.test.<anonymous closure> (package:test_api/src/backend/declarer.dart:250:11)
<asynchronous suspension>
#9      Invoker._waitForOutstandingCallbacks.<anonymous closure> (package:test_api/src/backend/invoker.dart:318:9)
<asynchronous suspension>

[2026-04-15 20:44:26.161] DEBUG   [EpubService] 灏濊瘯浠巃rchive鏌ユ壘灏侀潰...
[2026-04-15 20:44:26.162] VERBOSE [EpubService] _extractCoverFromArchive 寮€濮嬫墽琛? bytes length: 995199, bookId: 106b2934-cd44-4c78-830c-e006996e7fad
[2026-04-15 20:44:26.181] DEBUG   [EpubService] 灏侀潰淇濆瓨鎴愬姛: C:\Users\jjzha\AppData\Local\Temp/zhidu_book_test_1776257065741\zhidu\books\106b2934-cd44-4c78-830c-e006996e7fad\cover.jpg
[2026-04-15 20:44:26.181] DEBUG   [EpubService] 灏侀潰璺緞: C:\Users\jjzha\AppData\Local\Temp/zhidu_book_test_1776257065741\zhidu\books\106b2934-cd44-4c78-830c-e006996e7fad\cover.jpg
[2026-04-15 20:44:26.181] DEBUG   [BookService] EPUB瑙ｆ瀽缁撴灉: Vibe Coding AI 缂栫▼瀹屽叏鎵嬪唽
[2026-04-15 20:44:26.232] INFO    [BookService] 涔︾睄瀵煎叆鎴愬姛: Vibe Coding AI 缂栫▼瀹屽叏鎵嬪唽
[2026-04-15 20:44:26.233] DEBUG   [BookService] 鏇存柊涔︾睄: Vibe Coding AI 缂栫▼瀹屽叏鎵嬪唽
[2026-04-15 20:44:26.256] DEBUG   [BookService] 涔︾睄鏇存柊鎴愬姛: Vibe Coding AI 缂栫▼瀹屽叏鎵嬪唽
00:30 +631 ~3 -6: D:/Projects/zhidu/test/screens/ai_config_screen_test.dart: AiConfigScreen Widget Tests UI layout tests form has consistent padding
00:30 +631 ~3 -6: D:/Projects/zhidu/test/services/book_service_file_import_test.dart: BookService real file import updateBook persists update to metadata file
[2026-04-15 20:44:26.294] VERBOSE [BookService] init 寮€濮嬫墽琛?[2026-04-15 20:44:26.303] VERBOSE [FileStorageService] 鏂囦欢涓嶅瓨鍦? C:\Users\jjzha\AppData\Local\Temp/zhidu_book_test_1776257066289\zhidu\books.json
[2026-04-15 20:44:26.305] VERBOSE [BookService] init 鎵ц瀹屾垚, 鍔犺浇涔︾睄鏁伴噺: 0
[2026-04-15 20:44:26.306] VERBOSE [BookService] importBookFromPath 寮€濮嬫墽琛? D:\Projects\zhidu\test\Vibe Coding AI Bian Cheng Wan Q - Tan Xing Xing.epub
[2026-04-15 20:44:26.306] DEBUG   [BookService] 寮€濮嬪鍏ヤ功绫? D:\Projects\zhidu\test\Vibe Coding AI Bian Cheng Wan Q - Tan Xing Xing.epub
00:30 +632 ~3 -6: D:/Projects/zhidu/test/screens/settings_screen_test.dart: SettingsScreen Widget Tests backup section tests shows restore data tile
00:31 +632 ~3 -6: D:/Projects/zhidu/test/services/parsers/epub_parser_test.dart: EpubParser parse throws Exception when file does not exist
[2026-04-15 20:44:26.554] VERBOSE [EpubParser] parse 寮€濮嬫墽琛? filePath: /non/existent/path/book.epub
[2026-04-15 20:44:26.702] WARNING [EpubParser] 鏂囦欢涓嶅瓨鍦? /non/existent/path/book.epub
00:31 +633 ~3 -6: D:/Projects/zhidu/test/screens/settings_screen_test.dart: SettingsScreen Widget Tests backup section tests shows restore data tile
00:31 +633 ~3 -6: D:/Projects/zhidu/test/services/parsers/epub_parser_test.dart: EpubParser parse extracts title from metadata or fallback
[2026-04-15 20:44:26.753] VERBOSE [EpubParser] parse 寮€濮嬫墽琛? filePath: test/fixtures/test_book.epub
00:31 +633 ~3 -6: D:/Projects/zhidu/test/services/book_service_file_import_test.dart: BookService real file import updateBook persists update to metadata file
[2026-04-15 20:44:26.306] DEBUG   [BookService] 寮€濮嬭В鏋怑PUB...
[2026-04-15 20:44:26.306] VERBOSE [EpubService] parseEpubFile 寮€濮嬫墽琛? filePath: D:\Projects\zhidu\test\Vibe Coding AI Bian Cheng Wan Q - Tan Xing Xing.epub
[2026-04-15 20:44:26.306] DEBUG   [EpubService] 寮€濮嬭В鏋愭枃浠?D:\Projects\zhidu\test\Vibe Coding AI Bian Cheng Wan Q - Tan Xing Xing.epub
[2026-04-15 20:44:26.308] DEBUG   [EpubService] 璇诲彇鏂囦欢瀛楄妭...
[2026-04-15 20:44:26.318] DEBUG   [EpubService] 鏂囦欢澶у皬: 995199 bytes
[2026-04-15 20:44:26.319] DEBUG   [EpubService] 瑙ｆ瀽EPUB缁撴瀯...
[2026-04-15 20:44:26.491] ERROR   [EpubService] 浣跨敤EpubReader瑙ｆ瀽澶辫触
Error: Exception: Incorrect EPUB manifest: item with href = "cover.jpg" is missing.
[2026-04-15 20:44:26.491] ERROR   [EpubService] 鍫嗘爤
Error: #0      BookCoverReader.readBookCover (package:epub_plus/src/readers/book_cover_reader.dart:36:7)
#1      EpubBookRef.readCover (package:epub_plus/src/ref_entities/epub_book_ref.dart:56:34)
#2      EpubReader.readBook (package:epub_plus/src/epub_reader.dart:102:42)
<asynchronous suspension>
#3      EpubService.parseEpubFile (package:zhidu/services/epub_service.dart:104:26)
<asynchronous suspension>
#4      BookService.importBookFromPath (package:zhidu/services/book_service.dart:184:16)
<asynchronous suspension>
#5      main.<anonymous closure>.<anonymous closure>.<anonymous closure> (file:///D:/Projects/zhidu/test/services/book_service_file_import_test.dart:165:22)
<asynchronous suspension>
#6      Declarer.test.<anonymous closure>.<anonymous closure> (package:test_api/src/backend/declarer.dart:253:15)
<asynchronous suspension>
#7      Declarer.test.<anonymous closure> (package:test_api/src/backend/declarer.dart:250:11)
<asynchronous suspension>
#8      Invoker._waitForOutstandingCallbacks.<anonymous closure> (package:test_api/src/backend/invoker.dart:318:9)
<asynchronous suspension>

[2026-04-15 20:44:26.491] DEBUG   [EpubService] 灏濊瘯浣跨敤archive鐩存帴瑙ｆ瀽EPUB...
[2026-04-15 20:44:26.491] VERBOSE [EpubService] _parseContainerXml 寮€濮嬫墽琛? archive files count: 30
[2026-04-15 20:44:26.491] DEBUG   [EpubService] OPF 鏂囦欢璺緞: EPUB/content.opf
[2026-04-15 20:44:26.492] DEBUG   [EpubService] 浠巆ontainer.xml鑾峰彇鏍囬: null
[2026-04-15 20:44:26.492] DEBUG   [EpubService] 浠巆ontainer.xml鑾峰彇浣滆€? null
[2026-04-15 20:44:26.492] VERBOSE [EpubService] _parseOpfFile 寮€濮嬫墽琛? archive files count: 30
[2026-04-15 20:44:26.493] VERBOSE [EpubService] _parseContainerXml 寮€濮嬫墽琛? archive files count: 30
[2026-04-15 20:44:26.493] DEBUG   [EpubService] OPF 鏂囦欢璺緞: EPUB/content.opf
[2026-04-15 20:44:26.499] DEBUG   [EpubService] OPF 瑙ｆ瀽缁撴灉 - 鏍囬: Vibe Coding AI 缂栫▼瀹屽叏鎵嬪唽, 浣滆€? 璋槦鏄?钁?[2026-04-15 20:44:26.499] DEBUG   [EpubService] 浠嶰PF鑾峰彇鏍囬: Vibe Coding AI 缂栫▼瀹屽叏鎵嬪唽
[2026-04-15 20:44:26.500] DEBUG   [EpubService] 浠嶰PF鑾峰彇浣滆€? 璋槦鏄?钁?[2026-04-15 20:44:26.500] VERBOSE [EpubService] _parseNavigationFile 寮€濮嬫墽琛? archive files count: 30
[2026-04-15 20:44:26.502] DEBUG   [EpubService] 浠庡鑸枃浠惰В鏋愬埌 0 涓珷鑺?[2026-04-15 20:44:26.502] DEBUG   [EpubService] 浠庡鑸枃浠惰幏鍙栫珷鑺傛暟: 0
[2026-04-15 20:44:26.503] DEBUG   [EpubService] 鏈€缁堜功鍚? Vibe Coding AI 缂栫▼瀹屽叏鎵嬪唽
[2026-04-15 20:44:26.506] DEBUG   [EpubService] 鏈€缁堜綔鑰? 璋槦鏄?钁?[2026-04-15 20:44:26.506] VERBOSE [EpubService] _extractCover 寮€濮嬫墽琛? bytes length: 995199, bookId: bb64820c-f3bf-4aa2-b6a1-d6cb17262fc9
[2026-04-15 20:44:26.506] DEBUG   [EpubService] 寮€濮嬫彁鍙栧皝闈?..
[2026-04-15 20:44:26.906] ERROR   [EpubService] 鎻愬彇灏侀潰澶辫触
Error: Exception: Incorrect EPUB manifest: item with href = "cover.jpg" is missing.
[2026-04-15 20:44:26.906] ERROR   [EpubService] 鍫嗘爤
Error: #0      BookCoverReader.readBookCover (package:epub_plus/src/readers/book_cover_reader.dart:36:7)
#1      EpubBookRef.readCover (package:epub_plus/src/ref_entities/epub_book_ref.dart:56:34)
#2      EpubReader.readBook (package:epub_plus/src/epub_reader.dart:102:42)
<asynchronous suspension>
#3      EpubService._extractCover (package:zhidu/services/epub_service.dart:561:24)
<asynchronous suspension>
#4      EpubService.parseEpubFile (package:zhidu/services/epub_service.dart:181:21)
<asynchronous suspension>
#5      BookService.importBookFromPath (package:zhidu/services/book_service.dart:184:16)
<asynchronous suspension>
#6      main.<anonymous closure>.<anonymous closure>.<anonymous closure> (file:///D:/Projects/zhidu/test/services/book_service_file_import_test.dart:165:22)
<asynchronous suspension>
#7      Declarer.test.<anonymous closure>.<anonymous closure> (package:test_api/src/backend/declarer.dart:253:15)
<asynchronous suspension>
#8      Declarer.test.<anonymous closure> (package:test_api/src/backend/declarer.dart:250:11)
<asynchronous suspension>
#9      Invoker._waitForOutstandingCallbacks.<anonymous closure> (package:test_api/src/backend/invoker.dart:318:9)
<asynchronous suspension>

[2026-04-15 20:44:26.906] DEBUG   [EpubService] 灏濊瘯浠巃rchive鏌ユ壘灏侀潰...
[2026-04-15 20:44:26.908] VERBOSE [EpubService] _extractCoverFromArchive 寮€濮嬫墽琛? bytes length: 995199, bookId: bb64820c-f3bf-4aa2-b6a1-d6cb17262fc9
[2026-04-15 20:44:26.950] DEBUG   [EpubService] 灏侀潰淇濆瓨鎴愬姛: C:\Users\jjzha\AppData\Local\Temp/zhidu_book_test_1776257066289\zhidu\books\bb64820c-f3bf-4aa2-b6a1-d6cb17262fc9\cover.jpg
[2026-04-15 20:44:26.951] DEBUG   [EpubService] 灏侀潰璺緞: C:\Users\jjzha\AppData\Local\Temp/zhidu_book_test_1776257066289\zhidu\books\bb64820c-f3bf-4aa2-b6a1-d6cb17262fc9\cover.jpg
[2026-04-15 20:44:26.952] DEBUG   [BookService] EPUB瑙ｆ瀽缁撴灉: Vibe Coding AI 缂栫▼瀹屽叏鎵嬪唽
[2026-04-15 20:44:26.973] INFO    [BookService] 涔︾睄瀵煎叆鎴愬姛: Vibe Coding AI 缂栫▼瀹屽叏鎵嬪唽
[2026-04-15 20:44:26.975] DEBUG   [BookService] 鏇存柊涔︾睄: Vibe Coding AI 缂栫▼瀹屽叏鎵嬪唽
[2026-04-15 20:44:26.998] DEBUG   [BookService] 涔︾睄鏇存柊鎴愬姛: Vibe Coding AI 缂栫▼瀹屽叏鎵嬪唽
00:31 +634 ~3 -6: D:/Projects/zhidu/test/screens/settings_screen_test.dart: SettingsScreen Widget Tests backup section tests shows restore data tile
00:31 +634 ~3 -6: D:/Projects/zhidu/test/services/book_service_file_import_test.dart: BookService real file import updateBook does not affect other books
[2026-04-15 20:44:27.056] VERBOSE [BookService] init 寮€濮嬫墽琛?00:31 +635 ~3 -6: D:/Projects/zhidu/test/screens/settings_screen_test.dart: SettingsScreen Widget Tests backup section tests shows restore data tile
00:31 +635 ~3 -6: D:/Projects/zhidu/test/services/book_service_file_import_test.dart: BookService real file import updateBook does not affect other books
[2026-04-15 20:44:27.075] VERBOSE [FileStorageService] 鏂囦欢涓嶅瓨鍦? C:\Users\jjzha\AppData\Local\Temp/zhidu_book_test_1776257067048\zhidu\books.json
[2026-04-15 20:44:27.088] VERBOSE [BookService] init 鎵ц瀹屾垚, 鍔犺浇涔︾睄鏁伴噺: 0
[2026-04-15 20:44:27.093] VERBOSE [BookService] importBookFromPath 寮€濮嬫墽琛? D:\Projects\zhidu\test\Vibe Coding AI Bian Cheng Wan Q - Tan Xing Xing.epub
[2026-04-15 20:44:27.093] DEBUG   [BookService] 寮€濮嬪鍏ヤ功绫? D:\Projects\zhidu\test\Vibe Coding AI Bian Cheng Wan Q - Tan Xing Xing.epub
[2026-04-15 20:44:27.096] DEBUG   [BookService] 寮€濮嬭В鏋怑PUB...
[2026-04-15 20:44:27.097] VERBOSE [EpubService] parseEpubFile 寮€濮嬫墽琛? filePath: D:\Projects\zhidu\test\Vibe Coding AI Bian Cheng Wan Q - Tan Xing Xing.epub
00:31 +635 ~3 -6: D:/Projects/zhidu/test/services/parsers/epub_parser_test.dart: EpubParser parse extracts title from metadata or fallback
[2026-04-15 20:44:26.813] DEBUG   [EpubParser] 鏂囦欢澶у皬: 2087 bytes
[2026-04-15 20:44:27.274] ERROR   [EpubParser] 浣跨敤EpubReader瑙ｆ瀽澶辫触
Error: Exception: EPUB parsing error: TOC file does not contain head element.
[2026-04-15 20:44:27.275] DEBUG   [EpubParser] 灏濊瘯浣跨敤archive鐩存帴瑙ｆ瀽EPUB...
[2026-04-15 20:44:27.297] VERBOSE [EpubParser] extractCover 寮€濮嬫墽琛? filePath: test/fixtures/test_book.epub
[2026-04-15 20:44:27.333] ERROR   [EpubParser] 浣跨敤EpubReader鎻愬彇灏侀潰澶辫触
Error: Exception: EPUB parsing error: TOC file does not contain head element.
[2026-04-15 20:44:27.336] DEBUG   [EpubParser] 鏈€缁堜功鍚? Test Book
[2026-04-15 20:44:27.338] DEBUG   [EpubParser] 鏈€缁堜綔鑰? Test Author
[2026-04-15 20:44:27.340] DEBUG   [EpubParser] 绔犺妭鏁? 0
00:31 +636 ~3 -6: D:/Projects/zhidu/test/screens/settings_screen_test.dart: SettingsScreen Widget Tests backup section tests shows restore data tile
00:31 +636 ~3 -6: D:/Projects/zhidu/test/services/parsers/epub_parser_test.dart: EpubParser parse returns correct format
[2026-04-15 20:44:27.373] VERBOSE [EpubParser] parse 寮€濮嬫墽琛? filePath: test/fixtures/test_book.epub
00:31 +636 ~3 -6: D:/Projects/zhidu/test/screens/settings_screen_test.dart: SettingsScreen Widget Tests backup section tests shows restore data tile
鈺愨晲鈺?EXCEPTION CAUGHT BY FLUTTER TEST FRAMEWORK 鈺炩晲鈺愨晲鈺愨晲鈺愨晲鈺愨晲鈺愨晲鈺愨晲鈺愨晲鈺愨晲鈺愨晲鈺愨晲鈺愨晲鈺愨晲鈺愨晲鈺愨晲鈺愨晲鈺愨晲鈺愨晲鈺愨晲鈺愨晲鈺愨晲鈺愨晲鈺愨晲鈺愨晲鈺愨晲鈺愨晲鈺?The following TestFailure was thrown running a test:
Expected: exactly one matching candidate
  Actual: _TextWidgetFinder:<Found 0 widgets with text "鎭㈠鏁版嵁": []>
   Which: means none were found but one was expected

When the exception was thrown, this was the stack:
#4      main.<anonymous closure>.<anonymous closure>.<anonymous closure> (file:///D:/Projects/zhidu/test/screens/settings_screen_test.dart:190:9)
<asynchronous suspension>
#5      testWidgets.<anonymous closure>.<anonymous closure> (package:flutter_test/src/widget_tester.dart:192:15)
<asynchronous suspension>
#6      TestWidgetsFlutterBinding._runTestBody (package:flutter_test/src/binding.dart:1682:5)
<asynchronous suspension>
<asynchronous suspension>
(elided one frame from package:stack_trace)

This was caught by the test expectation on the following line:
  file:///D:/Projects/zhidu/test/screens/settings_screen_test.dart line 190
The test description was:
  shows restore data tile
鈺愨晲鈺愨晲鈺愨晲鈺愨晲鈺愨晲鈺愨晲鈺愨晲鈺愨晲鈺愨晲鈺愨晲鈺愨晲鈺愨晲鈺愨晲鈺愨晲鈺愨晲鈺愨晲鈺愨晲鈺愨晲鈺愨晲鈺愨晲鈺愨晲鈺愨晲鈺愨晲鈺愨晲鈺愨晲鈺愨晲鈺愨晲鈺愨晲鈺愨晲鈺愨晲鈺愨晲鈺愨晲鈺愨晲鈺愨晲鈺愨晲鈺愨晲鈺愨晲鈺愨晲鈺愨晲鈺愨晲鈺愨晲鈺愨晲鈺愨晲鈺愨晲鈺愨晲鈺愨晲鈺愨晲鈺愨晲鈺愨晲鈺愨晲
00:31 +636 ~3 -6: D:/Projects/zhidu/test/services/parsers/epub_parser_test.dart: EpubParser parse returns correct format
[2026-04-15 20:44:27.379] DEBUG   [EpubParser] 鏂囦欢澶у皬: 2087 bytes
00:31 +636 ~3 -7: D:/Projects/zhidu/test/services/book_service_file_import_test.dart: BookService real file import updateBook does not affect other books
00:31 +636 ~3 -7: D:/Projects/zhidu/test/services/parsers/epub_parser_test.dart: EpubParser parse returns correct format
[2026-04-15 20:44:27.391] ERROR   [EpubParser] 浣跨敤EpubReader瑙ｆ瀽澶辫触
Error: Exception: EPUB parsing error: TOC file does not contain head element.
00:31 +636 ~3 -7: D:/Projects/zhidu/test/screens/settings_screen_test.dart: SettingsScreen Widget Tests backup section tests shows restore data tile [E]
  Test failed. See exception logs above.
  The test description was: shows restore data tile
  
00:31 +636 ~3 -7: D:/Projects/zhidu/test/services/parsers/epub_parser_test.dart: EpubParser parse returns correct format
[2026-04-15 20:44:27.392] DEBUG   [EpubParser] 灏濊瘯浣跨敤archive鐩存帴瑙ｆ瀽EPUB...
[2026-04-15 20:44:27.419] VERBOSE [EpubParser] extractCover 寮€濮嬫墽琛? filePath: test/fixtures/test_book.epub
[2026-04-15 20:44:27.441] ERROR   [EpubParser] 浣跨敤EpubReader鎻愬彇灏侀潰澶辫触
Error: Exception: EPUB parsing error: TOC file does not contain head element.
[2026-04-15 20:44:27.443] DEBUG   [EpubParser] 鏈€缁堜功鍚? Test Book
[2026-04-15 20:44:27.443] DEBUG   [EpubParser] 鏈€缁堜綔鑰? Test Author
[2026-04-15 20:44:27.443] DEBUG   [EpubParser] 绔犺妭鏁? 0
00:31 +637 ~3 -7: D:/Projects/zhidu/test/services/book_service_file_import_test.dart: BookService real file import updateBook does not affect other books
00:31 +637 ~3 -7: D:/Projects/zhidu/test/services/parsers/epub_parser_test.dart: EpubParser getChapters returns empty list when file does not exist
[2026-04-15 20:44:27.480] VERBOSE [EpubParser] getChapters 寮€濮嬫墽琛? filePath: /non/existent/path/book.epub
[2026-04-15 20:44:27.484] WARNING [EpubParser] 鏂囦欢涓嶅瓨鍦? /non/existent/path/book.epub
00:31 +638 ~3 -7: D:/Projects/zhidu/test/services/book_service_file_import_test.dart: BookService real file import updateBook does not affect other books
00:31 +638 ~3 -7: D:/Projects/zhidu/test/services/parsers/epub_parser_test.dart: EpubParser getChapters returns chapters with valid structure
[2026-04-15 20:44:27.506] VERBOSE [EpubParser] getChapters 寮€濮嬫墽琛? filePath: test/fixtures/test_book.epub
Package file_picker:linux references file_picker:linux as the default plugin, but it does not provide an inline impleme
ntation.
Ask the maintainers of file_picker to either avoid referencing a default implementation via `platforms: linux: default_
package: file_picker` or add an inline implementation to file_picker via `platforms: linux:` `pluginClass` or `dartPlug
inClass`.

Package file_picker:macos references file_picker:macos as the default plugin, but it does not provide an inline impleme
ntation.
Ask the maintainers of file_picker to either avoid referencing a default implementation via `platforms: macos: default_
package: file_picker` or add an inline implementation to file_picker via `platforms: macos:` `pluginClass` or `dartPlug
inClass`.

Package file_picker:windows references file_picker:windows as the default plugin, but it does not provide an inline imp
lementation.
Ask the maintainers of file_picker to either avoid referencing a default implementation via `platforms: windows: defaul
t_package: file_picker` or add an inline implementation to file_picker via `platforms: windows:` `pluginClass` or `dart
PluginClass`.

00:31 +638 ~3 -7: D:/Projects/zhidu/test/services/book_service_file_import_test.dart: BookService real file import updateBook does not affect other books
[2026-04-15 20:44:27.097] DEBUG   [EpubService] 寮€濮嬭В鏋愭枃浠?D:\Projects\zhidu\test\Vibe Coding AI Bian Cheng Wan Q - Tan Xing Xing.epub
[2026-04-15 20:44:27.099] DEBUG   [EpubService] 璇诲彇鏂囦欢瀛楄妭...
[2026-04-15 20:44:27.112] DEBUG   [EpubService] 鏂囦欢澶у皬: 995199 bytes
[2026-04-15 20:44:27.112] DEBUG   [EpubService] 瑙ｆ瀽EPUB缁撴瀯...
[2026-04-15 20:44:27.340] ERROR   [EpubService] 浣跨敤EpubReader瑙ｆ瀽澶辫触
Error: Exception: Incorrect EPUB manifest: item with href = "cover.jpg" is missing.
[2026-04-15 20:44:27.341] ERROR   [EpubService] 鍫嗘爤
Error: #0      BookCoverReader.readBookCover (package:epub_plus/src/readers/book_cover_reader.dart:36:7)
#1      EpubBookRef.readCover (package:epub_plus/src/ref_entities/epub_book_ref.dart:56:34)
#2      EpubReader.readBook (package:epub_plus/src/epub_reader.dart:102:42)
<asynchronous suspension>
#3      EpubService.parseEpubFile (package:zhidu/services/epub_service.dart:104:26)
<asynchronous suspension>
#4      BookService.importBookFromPath (package:zhidu/services/book_service.dart:184:16)
<asynchronous suspension>
#5      main.<anonymous closure>.<anonymous closure>.<anonymous closure> (file:///D:/Projects/zhidu/test/services/book_service_file_import_test.dart:177:26)
<asynchronous suspension>
#6      Declarer.test.<anonymous closure>.<anonymous closure> (package:test_api/src/backend/declarer.dart:253:15)
<asynchronous suspension>
#7      Declarer.test.<anonymous closure> (package:test_api/src/backend/declarer.dart:250:11)
<asynchronous suspension>
#8      Invoker._waitForOutstandingCallbacks.<anonymous closure> (package:test_api/src/backend/invoker.dart:318:9)
<asynchronous suspension>

[2026-04-15 20:44:27.341] DEBUG   [EpubService] 灏濊瘯浣跨敤archive鐩存帴瑙ｆ瀽EPUB...
[2026-04-15 20:44:27.342] VERBOSE [EpubService] _parseContainerXml 寮€濮嬫墽琛? archive files count: 30
00:31 +638 ~3 -7: D:/Projects/zhidu/test/services/parsers/epub_parser_test.dart: EpubParser getChapters returns chapters with valid structure
[2026-04-15 20:44:27.522] ERROR   [EpubParser] EpubReader瑙ｆ瀽澶辫触锛屼娇鐢╝rchive鍥為€€鏂规
Error: Exception: EPUB parsing error: TOC file does not contain head element.
00:31 +639 ~3 -7: D:/Projects/zhidu/test/services/book_service_file_import_test.dart: BookService real file import updateBook does not affect other books
[2026-04-15 20:44:27.342] DEBUG   [EpubService] OPF 鏂囦欢璺緞: EPUB/content.opf
[2026-04-15 20:44:27.343] DEBUG   [EpubService] 浠巆ontainer.xml鑾峰彇鏍囬: null
[2026-04-15 20:44:27.343] DEBUG   [EpubService] 浠巆ontainer.xml鑾峰彇浣滆€? null
00:31 +640 ~3 -7: D:/Projects/zhidu/test/services/book_service_file_import_test.dart: BookService real file import updateBook does not affect other books
[2026-04-15 20:44:27.343] VERBOSE [EpubService] _parseOpfFile 寮€濮嬫墽琛? archive files count: 30
[2026-04-15 20:44:27.343] VERBOSE [EpubService] _parseContainerXml 寮€濮嬫墽琛? archive files count: 30
[2026-04-15 20:44:27.343] DEBUG   [EpubService] OPF 鏂囦欢璺緞: EPUB/content.opf
[2026-04-15 20:44:27.346] DEBUG   [EpubService] OPF 瑙ｆ瀽缁撴灉 - 鏍囬: Vibe Coding AI 缂栫▼瀹屽叏鎵嬪唽, 浣滆€? 璋槦鏄?钁?[2026-04-15 20:44:27.346] DEBUG   [EpubService] 浠嶰PF鑾峰彇鏍囬: Vibe Coding AI 缂栫▼瀹屽叏鎵嬪唽
[2026-04-15 20:44:27.347] DEBUG   [EpubService] 浠嶰PF鑾峰彇浣滆€? 璋槦鏄?钁?[2026-04-15 20:44:27.347] VERBOSE [EpubService] _parseNavigationFile 寮€濮嬫墽琛? archive files count: 30
00:31 +640 ~3 -7: D:/Projects/zhidu/test/services/parsers/epub_parser_test.dart: EpubParser getChapters top-level chapters have sequential indices
[2026-04-15 20:44:27.553] VERBOSE [EpubParser] getChapters 寮€濮嬫墽琛? filePath: test/fixtures/test_book.epub
00:31 +640 ~3 -7: D:/Projects/zhidu/test/services/book_service_file_import_test.dart: BookService real file import updateBook does not affect other books
[2026-04-15 20:44:27.350] DEBUG   [EpubService] 浠庡鑸枃浠惰В鏋愬埌 0 涓珷鑺?[2026-04-15 20:44:27.352] DEBUG   [EpubService] 浠庡鑸枃浠惰幏鍙栫珷鑺傛暟: 0
[2026-04-15 20:44:27.353] DEBUG   [EpubService] 鏈€缁堜功鍚? Vibe Coding AI 缂栫▼瀹屽叏鎵嬪唽
[2026-04-15 20:44:27.354] DEBUG   [EpubService] 鏈€缁堜綔鑰? 璋槦鏄?钁?[2026-04-15 20:44:27.355] VERBOSE [EpubService] _extractCover 寮€濮嬫墽琛? bytes length: 995199, bookId: 837f6acc-bbf4-4550-bf5e-edf7b0150eff
[2026-04-15 20:44:27.356] DEBUG   [EpubService] 寮€濮嬫彁鍙栧皝闈?..
[2026-04-15 20:44:27.527] ERROR   [EpubService] 鎻愬彇灏侀潰澶辫触
Error: Exception: Incorrect EPUB manifest: item with href = "cover.jpg" is missing.
[2026-04-15 20:44:27.527] ERROR   [EpubService] 鍫嗘爤
Error: #0      BookCoverReader.readBookCover (package:epub_plus/src/readers/book_cover_reader.dart:36:7)
#1      EpubBookRef.readCover (package:epub_plus/src/ref_entities/epub_book_ref.dart:56:34)
#2      EpubReader.readBook (package:epub_plus/src/epub_reader.dart:102:42)
<asynchronous suspension>
#3      EpubService._extractCover (package:zhidu/services/epub_service.dart:561:24)
<asynchronous suspension>
#4      EpubService.parseEpubFile (package:zhidu/services/epub_service.dart:181:21)
<asynchronous suspension>
#5      BookService.importBookFromPath (package:zhidu/services/book_service.dart:184:16)
<asynchronous suspension>
#6      main.<anonymous closure>.<anonymous closure>.<anonymous closure> (file:///D:/Projects/zhidu/test/services/book_service_file_import_test.dart:177:26)
<asynchronous suspension>
#7      Declarer.test.<anonymous closure>.<anonymous closure> (package:test_api/src/backend/declarer.dart:253:15)
<asynchronous suspension>
#8      Declarer.test.<anonymous closure> (package:test_api/src/backend/declarer.dart:250:11)
<asynchronous suspension>
#9      Invoker._waitForOutstandingCallbacks.<anonymous closure> (package:test_api/src/backend/invoker.dart:318:9)
<asynchronous suspension>

[2026-04-15 20:44:27.527] DEBUG   [EpubService] 灏濊瘯浠巃rchive鏌ユ壘灏侀潰...
[2026-04-15 20:44:27.527] VERBOSE [EpubService] _extractCoverFromArchive 寮€濮嬫墽琛? bytes length: 995199, bookId: 837f6acc-bbf4-4550-bf5e-edf7b0150eff
[2026-04-15 20:44:27.541] DEBUG   [EpubService] 灏侀潰淇濆瓨鎴愬姛: C:\Users\jjzha\AppData\Local\Temp/zhidu_book_test_1776257067048\zhidu\books\837f6acc-bbf4-4550-bf5e-edf7b0150eff\cover.jpg
[2026-04-15 20:44:27.541] DEBUG   [EpubService] 灏侀潰璺緞: C:\Users\jjzha\AppData\Local\Temp/zhidu_book_test_1776257067048\zhidu\books\837f6acc-bbf4-4550-bf5e-edf7b0150eff\cover.jpg
[2026-04-15 20:44:27.542] DEBUG   [BookService] EPUB瑙ｆ瀽缁撴灉: Vibe Coding AI 缂栫▼瀹屽叏鎵嬪唽
00:31 +640 ~3 -7: D:/Projects/zhidu/test/services/parsers/epub_parser_test.dart: EpubParser getChapters top-level chapters have sequential indices
[2026-04-15 20:44:27.574] ERROR   [EpubParser] EpubReader瑙ｆ瀽澶辫触锛屼娇鐢╝rchive鍥為€€鏂规
Error: Exception: EPUB parsing error: TOC file does not contain head element.
00:31 +641 ~3 -7: D:/Projects/zhidu/test/services/book_service_file_import_test.dart: BookService real file import updateBook does not affect other books
[2026-04-15 20:44:27.584] INFO    [BookService] 涔︾睄瀵煎叆鎴愬姛: Vibe Coding AI 缂栫▼瀹屽叏鎵嬪唽
[2026-04-15 20:44:27.586] VERBOSE [BookService] importBookFromPath 寮€濮嬫墽琛? D:\Projects\zhidu\test\Java to Kotlin_ A Refactoring G - Duncan McGregor, Nat Pryce.epub
00:31 +641 ~3 -7: D:/Projects/zhidu/test/services/parsers/epub_parser_test.dart: EpubParser getChapters sub-chapters have index -1
[2026-04-15 20:44:27.597] VERBOSE [EpubParser] getChapters 寮€濮嬫墽琛? filePath: test/fixtures/test_book.epub
00:32 +641 ~3 -7: D:/Projects/zhidu/test/services/book_service_file_import_test.dart: BookService real file import updateBook does not affect other books
[2026-04-15 20:44:27.586] DEBUG   [BookService] 寮€濮嬪鍏ヤ功绫? D:\Projects\zhidu\test\Java to Kotlin_ A Refactoring G - Duncan McGregor, Nat Pryce.epub
00:32 +641 ~3 -7: D:/Projects/zhidu/test/services/parsers/epub_parser_test.dart: EpubParser getChapters sub-chapters have index -1
[2026-04-15 20:44:27.623] ERROR   [EpubParser] EpubReader瑙ｆ瀽澶辫触锛屼娇鐢╝rchive鍥為€€鏂规
Error: Exception: EPUB parsing error: TOC file does not contain head element.
00:32 +642 ~3 -7: D:/Projects/zhidu/test/services/book_service_file_import_test.dart: BookService real file import updateBook does not affect other books
00:32 +642 ~3 -7: D:/Projects/zhidu/test/services/parsers/epub_parser_test.dart: EpubParser getChapterContent throws Exception when file does not exist
[2026-04-15 20:44:27.644] VERBOSE [EpubParser] getChapterContent 寮€濮嬫墽琛? filePath: /non/existent/path/book.epub, chapter: Test Chapter
[2026-04-15 20:44:27.647] WARNING [EpubParser] 鏂囦欢涓嶅瓨鍦? /non/existent/path/book.epub
00:32 +643 ~3 -7: D:/Projects/zhidu/test/services/book_service_file_import_test.dart: BookService real file import updateBook does not affect other books
00:32 +644 ~3 -7: D:/Projects/zhidu/test/services/book_service_file_import_test.dart: BookService real file import updateBook does not affect other books
00:32 +644 ~3 -7: D:/Projects/zhidu/test/services/parsers/epub_parser_test.dart: EpubParser getChapterContent returns empty content when chapter has no href
[2026-04-15 20:44:27.662] VERBOSE [EpubParser] getChapterContent 寮€濮嬫墽琛? filePath: test/fixtures/test_book.epub, chapter: Test Chapter
[2026-04-15 20:44:27.670] WARNING [EpubParser] 绔犺妭娌℃湁href: Test Chapter
00:32 +645 ~3 -7: D:/Projects/zhidu/test/services/book_service_file_import_test.dart: BookService real file import updateBook does not affect other books
00:32 +646 ~3 -7: D:/Projects/zhidu/test/services/book_service_file_import_test.dart: BookService real file import updateBook does not affect other books
00:32 +646 ~3 -7: D:/Projects/zhidu/test/services/parsers/epub_parser_test.dart: EpubParser getChapterContent returns empty content when href is empty string
[2026-04-15 20:44:27.692] VERBOSE [EpubParser] getChapterContent 寮€濮嬫墽琛? filePath: test/fixtures/test_book.epub, chapter: Test Chapter
00:32 +647 ~3 -7: D:/Projects/zhidu/test/services/book_service_file_import_test.dart: BookService real file import updateBook does not affect other books
00:32 +647 ~3 -7: D:/Projects/zhidu/test/services/parsers/epub_parser_test.dart: EpubParser getChapterContent returns empty content when href is empty string
[2026-04-15 20:44:27.696] WARNING [EpubParser] 绔犺妭娌℃湁href: Test Chapter
00:32 +648 ~3 -7: D:/Projects/zhidu/test/services/book_service_file_import_test.dart: BookService real file import updateBook does not affect other books
00:32 +649 ~3 -7: D:/Projects/zhidu/test/services/book_service_file_import_test.dart: BookService real file import updateBook does not affect other books
00:32 +649 ~3 -7: D:/Projects/zhidu/test/services/parsers/epub_parser_test.dart: EpubParser getChapterContent returns content when chapter has valid href
[2026-04-15 20:44:27.713] VERBOSE [EpubParser] getChapterContent 寮€濮嬫墽琛? filePath: test/fixtures/test_book.epub, chapter: Test
00:32 +650 ~3 -7: D:/Projects/zhidu/test/services/book_service_file_import_test.dart: BookService real file import updateBook does not affect other books
00:32 +651 ~3 -7: D:/Projects/zhidu/test/services/book_service_file_import_test.dart: BookService real file import updateBook does not affect other books
00:32 +652 ~3 -7: D:/Projects/zhidu/test/services/book_service_file_import_test.dart: BookService real file import updateBook does not affect other books
00:32 +652 ~3 -7: D:/Projects/zhidu/test/services/parsers/epub_parser_test.dart: EpubParser getChapterContent returns content when chapter has valid href
[2026-04-15 20:44:27.729] ERROR   [EpubParser] 浣跨敤EpubReader鑾峰彇绔犺妭鍐呭澶辫触
Error: Exception: EPUB parsing error: TOC file does not contain head element.
00:32 +653 ~3 -7: D:/Projects/zhidu/test/services/book_service_file_import_test.dart: BookService real file import updateBook does not affect other books
00:32 +654 ~3 -7: D:/Projects/zhidu/test/services/book_service_file_import_test.dart: BookService real file import updateBook does not affect other books
00:32 +654 ~3 -7: D:/Projects/zhidu/test/services/parsers/epub_parser_test.dart: EpubParser extractCover returns null when file does not exist
[2026-04-15 20:44:27.770] VERBOSE [EpubParser] extractCover 寮€濮嬫墽琛? filePath: /non/existent/path/book.epub
[2026-04-15 20:44:27.780] WARNING [EpubParser] 鏂囦欢涓嶅瓨鍦? /non/existent/path/book.epub
00:32 +655 ~3 -7: D:/Projects/zhidu/test/services/book_service_file_import_test.dart: BookService real file import updateBook does not affect other books
00:32 +656 ~3 -7: D:/Projects/zhidu/test/services/book_service_file_import_test.dart: BookService real file import updateBook does not affect other books
00:32 +656 ~3 -7: D:/Projects/zhidu/test/services/parsers/epub_parser_test.dart: EpubParser _extractTextFromHtml (indirect test) removes script tags
[2026-04-15 20:44:27.797] VERBOSE [EpubParser] getChapterContent 寮€濮嬫墽琛? filePath: test/fixtures/test_book.epub, chapter: Test
00:32 +657 ~3 -7: D:/Projects/zhidu/test/services/book_service_file_import_test.dart: BookService real file import updateBook does not affect other books
00:32 +658 ~3 -7: D:/Projects/zhidu/test/services/book_service_file_import_test.dart: BookService real file import updateBook does not affect other books
00:32 +658 ~3 -7: D:/Projects/zhidu/test/services/parsers/epub_parser_test.dart: EpubParser _extractTextFromHtml (indirect test) removes script tags
[2026-04-15 20:44:27.812] ERROR   [EpubParser] 浣跨敤EpubReader鑾峰彇绔犺妭鍐呭澶辫触
Error: Exception: EPUB parsing error: TOC file does not contain head element.
00:32 +659 ~3 -7: D:/Projects/zhidu/test/services/book_service_file_import_test.dart: BookService real file import updateBook does not affect other books
00:32 +659 ~3 -7: D:/Projects/zhidu/test/services/parsers/epub_parser_test.dart: EpubParser _extractTextFromHtml (indirect test) removes style tags
[2026-04-15 20:44:27.829] VERBOSE [EpubParser] getChapterContent 寮€濮嬫墽琛? filePath: test/fixtures/test_book.epub, chapter: Test
00:32 +660 ~3 -7: D:/Projects/zhidu/test/services/book_service_file_import_test.dart: BookService real file import updateBook does not affect other books
00:32 +660 ~3 -7: D:/Projects/zhidu/test/services/parsers/epub_parser_test.dart: EpubParser _extractTextFromHtml (indirect test) removes style tags
[2026-04-15 20:44:27.848] ERROR   [EpubParser] 浣跨敤EpubReader鑾峰彇绔犺妭鍐呭澶辫触
Error: Exception: EPUB parsing error: TOC file does not contain head element.
00:32 +661 ~3 -7: D:/Projects/zhidu/test/services/book_service_file_import_test.dart: BookService real file import updateBook does not affect other books
00:32 +662 ~3 -7: D:/Projects/zhidu/test/services/book_service_file_import_test.dart: BookService real file import updateBook does not affect other books
00:32 +663 ~3 -7: D:/Projects/zhidu/test/services/book_service_file_import_test.dart: BookService real file import updateBook does not affect other books
00:32 +663 ~3 -7: D:/Projects/zhidu/test/services/parsers/epub_parser_test.dart: EpubParser _extractTextFromHtml (indirect test) removes HTML tags
[2026-04-15 20:44:27.880] VERBOSE [EpubParser] getChapterContent 寮€濮嬫墽琛? filePath: test/fixtures/test_book.epub, chapter: Test
00:32 +664 ~3 -7: D:/Projects/zhidu/test/services/book_service_file_import_test.dart: BookService real file import updateBook does not affect other books
00:32 +665 ~3 -7: D:/Projects/zhidu/test/services/book_service_file_import_test.dart: BookService real file import updateBook does not affect other books
00:32 +665 ~3 -7: D:/Projects/zhidu/test/services/parsers/epub_parser_test.dart: EpubParser _extractTextFromHtml (indirect test) removes HTML tags
[2026-04-15 20:44:27.901] ERROR   [EpubParser] 浣跨敤EpubReader鑾峰彇绔犺妭鍐呭澶辫触
Error: Exception: EPUB parsing error: TOC file does not contain head element.
00:32 +666 ~3 -7: D:/Projects/zhidu/test/services/book_service_file_import_test.dart: BookService real file import updateBook does not affect other books
00:32 +667 ~3 -7: D:/Projects/zhidu/test/services/book_service_file_import_test.dart: BookService real file import updateBook does not affect other books
00:32 +667 ~3 -7: D:/Projects/zhidu/test/services/parsers/epub_parser_test.dart: EpubParser _extractTextFromHtml (indirect test) handles entities
[2026-04-15 20:44:27.926] VERBOSE [EpubParser] getChapterContent 寮€濮嬫墽琛? filePath: test/fixtures/test_book.epub, chapter: Test
00:32 +668 ~3 -7: D:/Projects/zhidu/test/services/book_service_file_import_test.dart: BookService real file import updateBook does not affect other books
00:32 +669 ~3 -7: D:/Projects/zhidu/test/services/book_service_file_import_test.dart: BookService real file import updateBook does not affect other books
00:32 +669 ~3 -7: D:/Projects/zhidu/test/services/parsers/epub_parser_test.dart: EpubParser _extractTextFromHtml (indirect test) handles entities
[2026-04-15 20:44:27.953] ERROR   [EpubParser] 浣跨敤EpubReader鑾峰彇绔犺妭鍐呭澶辫触
Error: Exception: EPUB parsing error: TOC file does not contain head element.
00:32 +670 ~3 -7: D:/Projects/zhidu/test/services/book_service_file_import_test.dart: BookService real file import updateBook does not affect other books
00:32 +670 ~3 -7: D:/Projects/zhidu/test/services/parsers/epub_parser_test.dart: EpubParser _extractTextFromHtml (indirect test) returns trimmed text
[2026-04-15 20:44:27.980] VERBOSE [EpubParser] getChapterContent 寮€濮嬫墽琛? filePath: test/fixtures/test_book.epub, chapter: Test
[2026-04-15 20:44:28.006] ERROR   [EpubParser] 浣跨敤EpubReader鑾峰彇绔犺妭鍐呭澶辫触
Error: Exception: EPUB parsing error: TOC file does not contain head element.
00:32 +671 ~3 -7: D:/Projects/zhidu/test/services/book_service_file_import_test.dart: BookService real file import updateBook does not affect other books
[2026-04-15 20:44:27.586] DEBUG   [BookService] 寮€濮嬭В鏋怑PUB...
[2026-04-15 20:44:27.586] VERBOSE [EpubService] parseEpubFile 寮€濮嬫墽琛? filePath: D:\Projects\zhidu\test\Java to Kotlin_ A Refactoring G - Duncan McGregor, Nat Pryce.epub
[2026-04-15 20:44:27.589] DEBUG   [EpubService] 寮€濮嬭В鏋愭枃浠?D:\Projects\zhidu\test\Java to Kotlin_ A Refactoring G - Duncan McGregor, Nat Pryce.epub
[2026-04-15 20:44:27.592] DEBUG   [EpubService] 璇诲彇鏂囦欢瀛楄妭...
[2026-04-15 20:44:27.602] DEBUG   [EpubService] 鏂囦欢澶у皬: 1638925 bytes
[2026-04-15 20:44:27.603] DEBUG   [EpubService] 瑙ｆ瀽EPUB缁撴瀯...
[2026-04-15 20:44:27.976] ERROR   [EpubService] 浣跨敤EpubReader瑙ｆ瀽澶辫触
Error: Exception: Incorrect EPUB manifest: item with ID = "Images/cover.png" is missing.
[2026-04-15 20:44:27.976] ERROR   [EpubService] 鍫嗘爤
Error: #0      BookCoverReader.readBookCover (package:epub_plus/src/readers/book_cover_reader.dart:29:7)
#1      EpubBookRef.readCover (package:epub_plus/src/ref_entities/epub_book_ref.dart:56:34)
#2      EpubReader.readBook (package:epub_plus/src/epub_reader.dart:102:42)
<asynchronous suspension>
#3      EpubService.parseEpubFile (package:zhidu/services/epub_service.dart:104:26)
<asynchronous suspension>
#4      BookService.importBookFromPath (package:zhidu/services/book_service.dart:184:16)
<asynchronous suspension>
#5      main.<anonymous closure>.<anonymous closure>.<anonymous closure> (file:///D:/Projects/zhidu/test/services/book_service_file_import_test.dart:178:27)
<asynchronous suspension>
#6      Declarer.test.<anonymous closure>.<anonymous closure> (package:test_api/src/backend/declarer.dart:253:15)
<asynchronous suspension>
#7      Declarer.test.<anonymous closure> (package:test_api/src/backend/declarer.dart:250:11)
<asynchronous suspension>
#8      Invoker._waitForOutstandingCallbacks.<anonymous closure> (package:test_api/src/backend/invoker.dart:318:9)
<asynchronous suspension>

[2026-04-15 20:44:27.977] DEBUG   [EpubService] 灏濊瘯浣跨敤archive鐩存帴瑙ｆ瀽EPUB...
[2026-04-15 20:44:27.979] VERBOSE [EpubService] _parseContainerXml 寮€濮嬫墽琛? archive files count: 50
[2026-04-15 20:44:27.980] DEBUG   [EpubService] OPF 鏂囦欢璺緞: OEBPS/content.opf
[2026-04-15 20:44:27.980] DEBUG   [EpubService] 浠巆ontainer.xml鑾峰彇鏍囬: null
[2026-04-15 20:44:27.980] DEBUG   [EpubService] 浠巆ontainer.xml鑾峰彇浣滆€? null
[2026-04-15 20:44:27.980] VERBOSE [EpubService] _parseOpfFile 寮€濮嬫墽琛? archive files count: 50
[2026-04-15 20:44:27.980] VERBOSE [EpubService] _parseContainerXml 寮€濮嬫墽琛? archive files count: 50
[2026-04-15 20:44:27.980] DEBUG   [EpubService] OPF 鏂囦欢璺緞: OEBPS/content.opf
[2026-04-15 20:44:27.982] DEBUG   [EpubService] OPF 瑙ｆ瀽缁撴灉 - 鏍囬: Java to Kotlin, 浣滆€? Duncan McGregor, Nat Pryce
[2026-04-15 20:44:27.982] DEBUG   [EpubService] 浠嶰PF鑾峰彇鏍囬: Java to Kotlin
[2026-04-15 20:44:27.983] DEBUG   [EpubService] 浠嶰PF鑾峰彇浣滆€? Duncan McGregor, Nat Pryce
[2026-04-15 20:44:27.983] VERBOSE [EpubService] _parseNavigationFile 寮€濮嬫墽琛? archive files count: 50
[2026-04-15 20:44:28.009] DEBUG   [EpubService] 浠庡鑸枃浠惰В鏋愬埌 0 涓珷鑺?[2026-04-15 20:44:28.010] DEBUG   [EpubService] 浠庡鑸枃浠惰幏鍙栫珷鑺傛暟: 0
[2026-04-15 20:44:28.011] DEBUG   [EpubService] 鏈€缁堜功鍚? Java to Kotlin
[2026-04-15 20:44:28.011] DEBUG   [EpubService] 鏈€缁堜綔鑰? Duncan McGregor, Nat Pryce
[2026-04-15 20:44:28.011] VERBOSE [EpubService] _extractCover 寮€濮嬫墽琛? bytes length: 1638925, bookId: acae413b-d09f-4cb8-a9f6-16c070965834
[2026-04-15 20:44:28.011] DEBUG   [EpubService] 寮€濮嬫彁鍙栧皝闈?..
[2026-04-15 20:44:28.327] ERROR   [EpubService] 鎻愬彇灏侀潰澶辫触
Error: Exception: Incorrect EPUB manifest: item with ID = "Images/cover.png" is missing.
[2026-04-15 20:44:28.328] ERROR   [EpubService] 鍫嗘爤
Error: #0      BookCoverReader.readBookCover (package:epub_plus/src/readers/book_cover_reader.dart:29:7)
#1      EpubBookRef.readCover (package:epub_plus/src/ref_entities/epub_book_ref.dart:56:34)
#2      EpubReader.readBook (package:epub_plus/src/epub_reader.dart:102:42)
<asynchronous suspension>
#3      EpubService._extractCover (package:zhidu/services/epub_service.dart:561:24)
<asynchronous suspension>
#4      EpubService.parseEpubFile (package:zhidu/services/epub_service.dart:181:21)
<asynchronous suspension>
#5      BookService.importBookFromPath (package:zhidu/services/book_service.dart:184:16)
<asynchronous suspension>
#6      main.<anonymous closure>.<anonymous closure>.<anonymous closure> (file:///D:/Projects/zhidu/test/services/book_service_file_import_test.dart:178:27)
<asynchronous suspension>
#7      Declarer.test.<anonymous closure>.<anonymous closure> (package:test_api/src/backend/declarer.dart:253:15)
<asynchronous suspension>
#8      Declarer.test.<anonymous closure> (package:test_api/src/backend/declarer.dart:250:11)
<asynchronous suspension>
#9      Invoker._waitForOutstandingCallbacks.<anonymous closure> (package:test_api/src/backend/invoker.dart:318:9)
<asynchronous suspension>

[2026-04-15 20:44:28.329] DEBUG   [EpubService] 灏濊瘯浠巃rchive鏌ユ壘灏侀潰...
[2026-04-15 20:44:28.329] VERBOSE [EpubService] _extractCoverFromArchive 寮€濮嬫墽琛? bytes length: 1638925, bookId: acae413b-d09f-4cb8-a9f6-16c070965834
[2026-04-15 20:44:28.377] DEBUG   [EpubService] 灏侀潰淇濆瓨鎴愬姛: C:\Users\jjzha\AppData\Local\Temp/zhidu_book_test_1776257067048\zhidu\books\acae413b-d09f-4cb8-a9f6-16c070965834\cover.png
[2026-04-15 20:44:28.378] DEBUG   [EpubService] 灏侀潰璺緞: C:\Users\jjzha\AppData\Local\Temp/zhidu_book_test_1776257067048\zhidu\books\acae413b-d09f-4cb8-a9f6-16c070965834\cover.png
[2026-04-15 20:44:28.378] DEBUG   [BookService] EPUB瑙ｆ瀽缁撴灉: Java to Kotlin
[2026-04-15 20:44:28.406] INFO    [BookService] 涔︾睄瀵煎叆鎴愬姛: Java to Kotlin
[2026-04-15 20:44:28.409] DEBUG   [BookService] 鏇存柊涔︾睄: Vibe Coding AI 缂栫▼瀹屽叏鎵嬪唽
[2026-04-15 20:44:28.439] DEBUG   [BookService] 涔︾睄鏇存柊鎴愬姛: Vibe Coding AI 缂栫▼瀹屽叏鎵嬪唽
00:32 +672 ~3 -7: D:/Projects/zhidu/test/screens/settings_screen_test.dart: SettingsScreen Widget Tests about section tests shows app name
00:32 +672 ~3 -7: D:/Projects/zhidu/test/services/book_service_file_import_test.dart: BookService real file import deleteBook deletes book successfully
[2026-04-15 20:44:28.473] VERBOSE [BookService] init 寮€濮嬫墽琛?[2026-04-15 20:44:28.481] VERBOSE [FileStorageService] 鏂囦欢涓嶅瓨鍦? C:\Users\jjzha\AppData\Local\Temp/zhidu_book_test_1776257068467\zhidu\books.json
[2026-04-15 20:44:28.484] VERBOSE [BookService] init 鎵ц瀹屾垚, 鍔犺浇涔︾睄鏁伴噺: 0
[2026-04-15 20:44:28.484] VERBOSE [BookService] importBookFromPath 寮€濮嬫墽琛? D:\Projects\zhidu\test\Vibe Coding AI Bian Cheng Wan Q - Tan Xing Xing.epub
[2026-04-15 20:44:28.484] DEBUG   [BookService] 寮€濮嬪鍏ヤ功绫? D:\Projects\zhidu\test\Vibe Coding AI Bian Cheng Wan Q - Tan Xing Xing.epub
[2026-04-15 20:44:28.485] DEBUG   [BookService] 寮€濮嬭В鏋怑PUB...
[2026-04-15 20:44:28.485] VERBOSE [EpubService] parseEpubFile 寮€濮嬫墽琛? filePath: D:\Projects\zhidu\test\Vibe Coding AI Bian Cheng Wan Q - Tan Xing Xing.epub
00:33 +673 ~3 -7: D:/Projects/zhidu/test/screens/settings_screen_test.dart: SettingsScreen Widget Tests about section tests shows app name
Package file_picker:linux references file_picker:linux as the default plugin, but it does not provide an inline impleme
ntation.
Ask the maintainers of file_picker to either avoid referencing a default implementation via `platforms: linux: default_
package: file_picker` or add an inline implementation to file_picker via `platforms: linux:` `pluginClass` or `dartPlug
inClass`.

Package file_picker:macos references file_picker:macos as the default plugin, but it does not provide an inline impleme
ntation.
Ask the maintainers of file_picker to either avoid referencing a default implementation via `platforms: macos: default_
package: file_picker` or add an inline implementation to file_picker via `platforms: macos:` `pluginClass` or `dartPlug
inClass`.

Package file_picker:windows references file_picker:windows as the default plugin, but it does not provide an inline imp
lementation.
Ask the maintainers of file_picker to either avoid referencing a default implementation via `platforms: windows: defaul
t_package: file_picker` or add an inline implementation to file_picker via `platforms: windows:` `pluginClass` or `dart
PluginClass`.

鈺愨晲鈺?EXCEPTION CAUGHT BY FLUTTER TEST FRAMEWORK 鈺炩晲鈺愨晲鈺愨晲鈺愨晲鈺愨晲鈺愨晲鈺愨晲鈺愨晲鈺愨晲鈺愨晲鈺愨晲鈺愨晲鈺愨晲鈺愨晲鈺愨晲鈺愨晲鈺愨晲鈺愨晲鈺愨晲鈺愨晲鈺愨晲鈺愨晲鈺愨晲鈺愨晲鈺愨晲鈺愨晲鈺?The following TestFailure was thrown running a test:
Expected: exactly one matching candidate
  Actual: _TextWidgetFinder:<Found 0 widgets with text "鏅鸿": []>
   Which: means none were found but one was expected

When the exception was thrown, this was the stack:
#4      main.<anonymous closure>.<anonymous closure>.<anonymous closure> (file:///D:/Projects/zhidu/test/screens/settings_screen_test.dart:219:9)
<asynchronous suspension>
#5      testWidgets.<anonymous closure>.<anonymous closure> (package:flutter_test/src/widget_tester.dart:192:15)
<asynchronous suspension>
#6      TestWidgetsFlutterBinding._runTestBody (package:flutter_test/src/binding.dart:1682:5)
<asynchronous suspension>
<asynchronous suspension>
(elided one frame from package:stack_trace)

This was caught by the test expectation on the following line:
  file:///D:/Projects/zhidu/test/screens/settings_screen_test.dart line 219
The test description was:
  shows app name
鈺愨晲鈺愨晲鈺愨晲鈺愨晲鈺愨晲鈺愨晲鈺愨晲鈺愨晲鈺愨晲鈺愨晲鈺愨晲鈺愨晲鈺愨晲鈺愨晲鈺愨晲鈺愨晲鈺愨晲鈺愨晲鈺愨晲鈺愨晲鈺愨晲鈺愨晲鈺愨晲鈺愨晲鈺愨晲鈺愨晲鈺愨晲鈺愨晲鈺愨晲鈺愨晲鈺愨晲鈺愨晲鈺愨晲鈺愨晲鈺愨晲鈺愨晲鈺愨晲鈺愨晲鈺愨晲鈺愨晲鈺愨晲鈺愨晲鈺愨晲鈺愨晲鈺愨晲鈺愨晲鈺愨晲鈺愨晲鈺愨晲鈺愨晲
00:33 +673 ~3 -8: D:/Projects/zhidu/test/services/book_service_file_import_test.dart: BookService real file import deleteBook deletes book successfully
00:33 +673 ~3 -8: D:/Projects/zhidu/test/screens/settings_screen_test.dart: SettingsScreen Widget Tests about section tests shows app name [E]
  Test failed. See exception logs above.
  The test description was: shows app name
  
00:33 +673 ~3 -8: D:/Projects/zhidu/test/services/parsers/pdf_parser_test.dart: PdfParser parse throws Exception when file does not exist
[2026-04-15 20:44:28.758] VERBOSE [PdfParser] parse 寮€濮嬫墽琛? filePath: /non/existent/path/book.pdf
[2026-04-15 20:44:28.845] WARNING [PdfParser] 鏂囦欢涓嶅瓨鍦? /non/existent/path/book.pdf
00:33 +674 ~3 -8: D:/Projects/zhidu/test/services/book_service_file_import_test.dart: BookService real file import deleteBook deletes book successfully
00:33 +674 ~3 -8: D:/Projects/zhidu/test/services/parsers/pdf_parser_test.dart: PdfParser parse throws Exception for non-existent file with underscores
[2026-04-15 20:44:28.883] VERBOSE [PdfParser] parse 寮€濮嬫墽琛? filePath: /path/to/my_book_title.pdf
[2026-04-15 20:44:28.892] WARNING [PdfParser] 鏂囦欢涓嶅瓨鍦? /path/to/my_book_title.pdf
00:33 +675 ~3 -8: D:/Projects/zhidu/test/services/book_service_file_import_test.dart: BookService real file import deleteBook deletes book successfully
00:33 +675 ~3 -8: D:/Projects/zhidu/test/services/parsers/pdf_parser_test.dart: PdfParser parse throws Exception for non-existent file with hyphens
[2026-04-15 20:44:28.912] VERBOSE [PdfParser] parse 寮€濮嬫墽琛? filePath: /path/to/my-book-title.pdf
[2026-04-15 20:44:28.915] WARNING [PdfParser] 鏂囦欢涓嶅瓨鍦? /path/to/my-book-title.pdf
00:33 +676 ~3 -8: D:/Projects/zhidu/test/services/book_service_file_import_test.dart: BookService real file import deleteBook deletes book successfully
00:33 +676 ~3 -8: D:/Projects/zhidu/test/services/parsers/pdf_parser_test.dart: PdfParser getChapters returns empty list when file does not exist
[2026-04-15 20:44:28.942] VERBOSE [PdfParser] getChapters 寮€濮嬫墽琛? filePath: /non/existent/path/book.pdf
[2026-04-15 20:44:28.946] WARNING [PdfParser] 鏂囦欢涓嶅瓨鍦? /non/existent/path/book.pdf
00:33 +677 ~3 -8: D:/Projects/zhidu/test/services/book_service_file_import_test.dart: BookService real file import deleteBook deletes book successfully
[2026-04-15 20:44:28.485] DEBUG   [EpubService] 寮€濮嬭В鏋愭枃浠?D:\Projects\zhidu\test\Vibe Coding AI Bian Cheng Wan Q - Tan Xing Xing.epub
[2026-04-15 20:44:28.486] DEBUG   [EpubService] 璇诲彇鏂囦欢瀛楄妭...
[2026-04-15 20:44:28.498] DEBUG   [EpubService] 鏂囦欢澶у皬: 995199 bytes
[2026-04-15 20:44:28.499] DEBUG   [EpubService] 瑙ｆ瀽EPUB缁撴瀯...
[2026-04-15 20:44:28.680] ERROR   [EpubService] 浣跨敤EpubReader瑙ｆ瀽澶辫触
Error: Exception: Incorrect EPUB manifest: item with href = "cover.jpg" is missing.
00:33 +677 ~3 -8: D:/Projects/zhidu/test/services/parsers/pdf_parser_test.dart: PdfParser getChapterContent throws Exception when file does not exist
[2026-04-15 20:44:28.970] VERBOSE [PdfParser] getChapterContent 寮€濮嬫墽琛? filePath: /non/existent/path/book.pdf, chapter: Test Chapter
[2026-04-15 20:44:28.976] WARNING [PdfParser] 鏂囦欢涓嶅瓨鍦? /non/existent/path/book.pdf
00:33 +677 ~3 -8: D:/Projects/zhidu/test/services/book_service_file_import_test.dart: BookService real file import deleteBook deletes book successfully
[2026-04-15 20:44:28.681] ERROR   [EpubService] 鍫嗘爤
Error: #0      BookCoverReader.readBookCover (package:epub_plus/src/readers/book_cover_reader.dart:36:7)
#1      EpubBookRef.readCover (package:epub_plus/src/ref_entities/epub_book_ref.dart:56:34)
#2      EpubReader.readBook (package:epub_plus/src/epub_reader.dart:102:42)
<asynchronous suspension>
#3      EpubService.parseEpubFile (package:zhidu/services/epub_service.dart:104:26)
<asynchronous suspension>
#4      BookService.importBookFromPath (package:zhidu/services/book_service.dart:184:16)
<asynchronous suspension>
#5      main.<anonymous closure>.<anonymous closure>.<anonymous closure> (file:///D:/Projects/zhidu/test/services/book_service_file_import_test.dart:192:22)
<asynchronous suspension>
#6      Declarer.test.<anonymous closure>.<anonymous closure> (package:test_api/src/backend/declarer.dart:253:15)
<asynchronous suspension>
#7      Declarer.test.<anonymous closure> (package:test_api/src/backend/declarer.dart:250:11)
<asynchronous suspension>
#8      Invoker._waitForOutstandingCallbacks.<anonymous closure> (package:test_api/src/backend/invoker.dart:318:9)
<asynchronous suspension>

00:33 +678 ~3 -8: D:/Projects/zhidu/test/services/book_service_file_import_test.dart: BookService real file import deleteBook deletes book successfully
[2026-04-15 20:44:28.681] DEBUG   [EpubService] 灏濊瘯浣跨敤archive鐩存帴瑙ｆ瀽EPUB...
00:33 +678 ~3 -8: D:/Projects/zhidu/test/services/parsers/pdf_parser_test.dart: PdfParser extractCover returns null when file does not exist
[2026-04-15 20:44:28.994] VERBOSE [PdfParser] extractCover 寮€濮嬫墽琛? filePath: /non/existent/path/book.pdf
00:33 +678 ~3 -8: D:/Projects/zhidu/test/services/book_service_file_import_test.dart: BookService real file import deleteBook deletes book successfully
[2026-04-15 20:44:28.681] VERBOSE [EpubService] _parseContainerXml 寮€濮嬫墽琛? archive files count: 30
[2026-04-15 20:44:28.682] DEBUG   [EpubService] OPF 鏂囦欢璺緞: EPUB/content.opf
00:33 +678 ~3 -8: D:/Projects/zhidu/test/services/parsers/pdf_parser_test.dart: PdfParser extractCover returns null when file does not exist
[2026-04-15 20:44:29.004] WARNING [PdfParser] 鏂囦欢涓嶅瓨鍦? /non/existent/path/book.pdf
00:33 +679 ~3 -8: D:/Projects/zhidu/test/services/book_service_file_import_test.dart: BookService real file import deleteBook deletes book successfully
[2026-04-15 20:44:28.683] DEBUG   [EpubService] 浠巆ontainer.xml鑾峰彇鏍囬: null
[2026-04-15 20:44:28.683] DEBUG   [EpubService] 浠巆ontainer.xml鑾峰彇浣滆€? null
[2026-04-15 20:44:28.686] VERBOSE [EpubService] _parseOpfFile 寮€濮嬫墽琛? archive files count: 30
00:33 +679 ~3 -8: D:/Projects/zhidu/test/services/parsers/pdf_parser_test.dart: PdfParser extractCover always returns null for valid PDF
[2026-04-15 20:44:29.033] VERBOSE [PdfParser] extractCover 寮€濮嬫墽琛? filePath: test/fixtures/test_book.pdf
00:33 +679 ~3 -8: D:/Projects/zhidu/test/services/book_service_file_import_test.dart: BookService real file import deleteBook deletes book successfully
[2026-04-15 20:44:28.686] VERBOSE [EpubService] _parseContainerXml 寮€濮嬫墽琛? archive files count: 30
00:33 +679 ~3 -8: D:/Projects/zhidu/test/services/parsers/pdf_parser_test.dart: PdfParser extractCover always returns null for valid PDF
[2026-04-15 20:44:29.042] DEBUG   [PdfParser] PDF涓嶆敮鎸佸皝闈㈡彁鍙栵紝杩斿洖null
00:33 +680 ~3 -8: D:/Projects/zhidu/test/services/book_service_file_import_test.dart: BookService real file import deleteBook deletes book successfully
[2026-04-15 20:44:28.689] DEBUG   [EpubService] OPF 鏂囦欢璺緞: EPUB/content.opf
[2026-04-15 20:44:28.705] DEBUG   [EpubService] OPF 瑙ｆ瀽缁撴灉 - 鏍囬: Vibe Coding AI 缂栫▼瀹屽叏鎵嬪唽, 浣滆€? 璋槦鏄?钁?[2026-04-15 20:44:28.706] DEBUG   [EpubService] 浠嶰PF鑾峰彇鏍囬: Vibe Coding AI 缂栫▼瀹屽叏鎵嬪唽
[2026-04-15 20:44:28.706] DEBUG   [EpubService] 浠嶰PF鑾峰彇浣滆€? 璋槦鏄?钁?[2026-04-15 20:44:28.708] VERBOSE [EpubService] _parseNavigationFile 寮€濮嬫墽琛? archive files count: 30
[2026-04-15 20:44:28.711] DEBUG   [EpubService] 浠庡鑸枃浠惰В鏋愬埌 0 涓珷鑺?00:33 +681 ~3 -8: D:/Projects/zhidu/test/services/book_service_file_import_test.dart: BookService real file import deleteBook deletes book successfully
[2026-04-15 20:44:28.711] DEBUG   [EpubService] 浠庡鑸枃浠惰幏鍙栫珷鑺傛暟: 0
[2026-04-15 20:44:28.711] DEBUG   [EpubService] 鏈€缁堜功鍚? Vibe Coding AI 缂栫▼瀹屽叏鎵嬪唽
[2026-04-15 20:44:28.711] DEBUG   [EpubService] 鏈€缁堜綔鑰? 璋槦鏄?钁?[2026-04-15 20:44:28.712] VERBOSE [EpubService] _extractCover 寮€濮嬫墽琛? bytes length: 995199, bookId: d926c465-9b98-4df0-a2bd-c16e4e39afeb
[2026-04-15 20:44:28.712] DEBUG   [EpubService] 寮€濮嬫彁鍙栧皝闈?..
[2026-04-15 20:44:28.950] ERROR   [EpubService] 鎻愬彇灏侀潰澶辫触
Error: Exception: Incorrect EPUB manifest: item with href = "cover.jpg" is missing.
[2026-04-15 20:44:28.950] ERROR   [EpubService] 鍫嗘爤
Error: #0      BookCoverReader.readBookCover (package:epub_plus/src/readers/book_cover_reader.dart:36:7)
#1      EpubBookRef.readCover (package:epub_plus/src/ref_entities/epub_book_ref.dart:56:34)
#2      EpubReader.readBook (package:epub_plus/src/epub_reader.dart:102:42)
<asynchronous suspension>
#3      EpubService._extractCover (package:zhidu/services/epub_service.dart:561:24)
<asynchronous suspension>
#4      EpubService.parseEpubFile (package:zhidu/services/epub_service.dart:181:21)
<asynchronous suspension>
#5      BookService.importBookFromPath (package:zhidu/services/book_service.dart:184:16)
<asynchronous suspension>
#6      main.<anonymous closure>.<anonymous closure>.<anonymous closure> (file:///D:/Projects/zhidu/test/services/book_service_file_import_test.dart:192:22)
<asynchronous suspension>
#7      Declarer.test.<anonymous closure>.<anonymous closure> (package:test_api/src/backend/declarer.dart:253:15)
<asynchronous suspension>
#8      Declarer.test.<anonymous closure> (package:test_api/src/backend/declarer.dart:250:11)
<asynchronous suspension>
#9      Invoker._waitForOutstandingCallbacks.<anonymous closure> (package:test_api/src/backend/invoker.dart:318:9)
<asynchronous suspension>

[2026-04-15 20:44:28.950] DEBUG   [EpubService] 灏濊瘯浠巃rchive鏌ユ壘灏侀潰...
[2026-04-15 20:44:28.950] VERBOSE [EpubService] _extractCoverFromArchive 寮€濮嬫墽琛? bytes length: 995199, bookId: d926c465-9b98-4df0-a2bd-c16e4e39afeb
[2026-04-15 20:44:28.985] DEBUG   [EpubService] 灏侀潰淇濆瓨鎴愬姛: C:\Users\jjzha\AppData\Local\Temp/zhidu_book_test_1776257068467\zhidu\books\d926c465-9b98-4df0-a2bd-c16e4e39afeb\cover.jpg
[2026-04-15 20:44:28.986] DEBUG   [EpubService] 灏侀潰璺緞: C:\Users\jjzha\AppData\Local\Temp/zhidu_book_test_1776257068467\zhidu\books\d926c465-9b98-4df0-a2bd-c16e4e39afeb\cover.jpg
00:33 +682 ~3 -8: D:/Projects/zhidu/test/services/book_service_file_import_test.dart: BookService real file import deleteBook deletes book successfully
[2026-04-15 20:44:28.986] DEBUG   [BookService] EPUB瑙ｆ瀽缁撴灉: Vibe Coding AI 缂栫▼瀹屽叏鎵嬪唽
[2026-04-15 20:44:29.039] INFO    [BookService] 涔︾睄瀵煎叆鎴愬姛: Vibe Coding AI 缂栫▼瀹屽叏鎵嬪唽
[2026-04-15 20:44:29.043] DEBUG   [BookService] 鍒犻櫎涔︾睄: d926c465-9b98-4df0-a2bd-c16e4e39afeb
[2026-04-15 20:44:29.063] INFO    [BookService] 涔︾睄鍒犻櫎鎴愬姛: Vibe Coding AI 缂栫▼瀹屽叏鎵嬪唽
00:33 +683 ~3 -8: D:/Projects/zhidu/test/screens/ai_config_screen_test.dart: AiConfigScreen Widget Tests model selection tests changing to zhipu provider shows zhipu models
00:33 +684 ~3 -8: D:/Projects/zhidu/test/screens/ai_config_screen_test.dart: AiConfigScreen Widget Tests model selection tests changing to zhipu provider shows zhipu models
00:33 +684 ~3 -8: D:/Projects/zhidu/test/services/book_service_file_import_test.dart: BookService real file import deleteBook deletes book metadata directory
[2026-04-15 20:44:29.095] VERBOSE [BookService] init 寮€濮嬫墽琛?[2026-04-15 20:44:29.100] VERBOSE [FileStorageService] 鏂囦欢涓嶅瓨鍦? C:\Users\jjzha\AppData\Local\Temp/zhidu_book_test_1776257069092\zhidu\books.json
00:33 +685 ~3 -8: D:/Projects/zhidu/test/screens/ai_config_screen_test.dart: AiConfigScreen Widget Tests model selection tests changing to zhipu provider shows zhipu models
00:33 +685 ~3 -8: D:/Projects/zhidu/test/services/book_service_file_import_test.dart: BookService real file import deleteBook deletes book metadata directory
[2026-04-15 20:44:29.101] VERBOSE [BookService] init 鎵ц瀹屾垚, 鍔犺浇涔︾睄鏁伴噺: 0
[2026-04-15 20:44:29.103] VERBOSE [BookService] importBookFromPath 寮€濮嬫墽琛? D:\Projects\zhidu\test\Vibe Coding AI Bian Cheng Wan Q - Tan Xing Xing.epub
[2026-04-15 20:44:29.103] DEBUG   [BookService] 寮€濮嬪鍏ヤ功绫? D:\Projects\zhidu\test\Vibe Coding AI Bian Cheng Wan Q - Tan Xing Xing.epub
00:33 +685 ~3 -8: D:/Projects/zhidu/test/screens/ai_config_screen_test.dart: AiConfigScreen Widget Tests model selection tests changing to zhipu provider shows zhipu models
00:33 +685 ~3 -8: D:/Projects/zhidu/test/services/book_service_file_import_test.dart: BookService real file import deleteBook deletes book metadata directory
[2026-04-15 20:44:29.103] DEBUG   [BookService] 寮€濮嬭В鏋怑PUB...
[2026-04-15 20:44:29.105] VERBOSE [EpubService] parseEpubFile 寮€濮嬫墽琛? filePath: D:\Projects\zhidu\test\Vibe Coding AI Bian Cheng Wan Q - Tan Xing Xing.epub
[2026-04-15 20:44:29.105] DEBUG   [EpubService] 寮€濮嬭В鏋愭枃浠?D:\Projects\zhidu\test\Vibe Coding AI Bian Cheng Wan Q - Tan Xing Xing.epub
[2026-04-15 20:44:29.108] DEBUG   [EpubService] 璇诲彇鏂囦欢瀛楄妭...
[2026-04-15 20:44:29.117] DEBUG   [EpubService] 鏂囦欢澶у皬: 995199 bytes
[2026-04-15 20:44:29.118] DEBUG   [EpubService] 瑙ｆ瀽EPUB缁撴瀯...
[2026-04-15 20:44:29.305] ERROR   [EpubService] 浣跨敤EpubReader瑙ｆ瀽澶辫触
Error: Exception: Incorrect EPUB manifest: item with href = "cover.jpg" is missing.
[2026-04-15 20:44:29.306] ERROR   [EpubService] 鍫嗘爤
Error: #0      BookCoverReader.readBookCover (package:epub_plus/src/readers/book_cover_reader.dart:36:7)
#1      EpubBookRef.readCover (package:epub_plus/src/ref_entities/epub_book_ref.dart:56:34)
#2      EpubReader.readBook (package:epub_plus/src/epub_reader.dart:102:42)
<asynchronous suspension>
#3      EpubService.parseEpubFile (package:zhidu/services/epub_service.dart:104:26)
<asynchronous suspension>
#4      BookService.importBookFromPath (package:zhidu/services/book_service.dart:184:16)
<asynchronous suspension>
#5      main.<anonymous closure>.<anonymous closure>.<anonymous closure> (file:///D:/Projects/zhidu/test/services/book_service_file_import_test.dart:204:22)
<asynchronous suspension>
#6      Declarer.test.<anonymous closure>.<anonymous closure> (package:test_api/src/backend/declarer.dart:253:15)
<asynchronous suspension>
#7      Declarer.test.<anonymous closure> (package:test_api/src/backend/declarer.dart:250:11)
<asynchronous suspension>
#8      Invoker._waitForOutstandingCallbacks.<anonymous closure> (package:test_api/src/backend/invoker.dart:318:9)
<asynchronous suspension>

[2026-04-15 20:44:29.306] DEBUG   [EpubService] 灏濊瘯浣跨敤archive鐩存帴瑙ｆ瀽EPUB...
[2026-04-15 20:44:29.308] VERBOSE [EpubService] _parseContainerXml 寮€濮嬫墽琛? archive files count: 30
[2026-04-15 20:44:29.308] DEBUG   [EpubService] OPF 鏂囦欢璺緞: EPUB/content.opf
[2026-04-15 20:44:29.309] DEBUG   [EpubService] 浠巆ontainer.xml鑾峰彇鏍囬: null
[2026-04-15 20:44:29.309] DEBUG   [EpubService] 浠巆ontainer.xml鑾峰彇浣滆€? null
[2026-04-15 20:44:29.309] VERBOSE [EpubService] _parseOpfFile 寮€濮嬫墽琛? archive files count: 30
[2026-04-15 20:44:29.309] VERBOSE [EpubService] _parseContainerXml 寮€濮嬫墽琛? archive files count: 30
[2026-04-15 20:44:29.309] DEBUG   [EpubService] OPF 鏂囦欢璺緞: EPUB/content.opf
[2026-04-15 20:44:29.311] DEBUG   [EpubService] OPF 瑙ｆ瀽缁撴灉 - 鏍囬: Vibe Coding AI 缂栫▼瀹屽叏鎵嬪唽, 浣滆€? 璋槦鏄?钁?[2026-04-15 20:44:29.313] DEBUG   [EpubService] 浠嶰PF鑾峰彇鏍囬: Vibe Coding AI 缂栫▼瀹屽叏鎵嬪唽
[2026-04-15 20:44:29.313] DEBUG   [EpubService] 浠嶰PF鑾峰彇浣滆€? 璋槦鏄?钁?[2026-04-15 20:44:29.314] VERBOSE [EpubService] _parseNavigationFile 寮€濮嬫墽琛? archive files count: 30
[2026-04-15 20:44:29.314] DEBUG   [EpubService] 浠庡鑸枃浠惰В鏋愬埌 0 涓珷鑺?[2026-04-15 20:44:29.315] DEBUG   [EpubService] 浠庡鑸枃浠惰幏鍙栫珷鑺傛暟: 0
[2026-04-15 20:44:29.316] DEBUG   [EpubService] 鏈€缁堜功鍚? Vibe Coding AI 缂栫▼瀹屽叏鎵嬪唽
[2026-04-15 20:44:29.317] DEBUG   [EpubService] 鏈€缁堜綔鑰? 璋槦鏄?钁?[2026-04-15 20:44:29.317] VERBOSE [EpubService] _extractCover 寮€濮嬫墽琛? bytes length: 995199, bookId: 4f231c05-8bf8-4f7a-93e2-88c6ef438b07
[2026-04-15 20:44:29.317] DEBUG   [EpubService] 寮€濮嬫彁鍙栧皝闈?..
[2026-04-15 20:44:29.558] ERROR   [EpubService] 鎻愬彇灏侀潰澶辫触
Error: Exception: Incorrect EPUB manifest: item with href = "cover.jpg" is missing.
[2026-04-15 20:44:29.559] ERROR   [EpubService] 鍫嗘爤
Error: #0      BookCoverReader.readBookCover (package:epub_plus/src/readers/book_cover_reader.dart:36:7)
#1      EpubBookRef.readCover (package:epub_plus/src/ref_entities/epub_book_ref.dart:56:34)
#2      EpubReader.readBook (package:epub_plus/src/epub_reader.dart:102:42)
<asynchronous suspension>
#3      EpubService._extractCover (package:zhidu/services/epub_service.dart:561:24)
<asynchronous suspension>
#4      EpubService.parseEpubFile (package:zhidu/services/epub_service.dart:181:21)
<asynchronous suspension>
#5      BookService.importBookFromPath (package:zhidu/services/book_service.dart:184:16)
<asynchronous suspension>
#6      main.<anonymous closure>.<anonymous closure>.<anonymous closure> (file:///D:/Projects/zhidu/test/services/book_service_file_import_test.dart:204:22)
<asynchronous suspension>
#7      Declarer.test.<anonymous closure>.<anonymous closure> (package:test_api/src/backend/declarer.dart:253:15)
<asynchronous suspension>
#8      Declarer.test.<anonymous closure> (package:test_api/src/backend/declarer.dart:250:11)
<asynchronous suspension>
#9      Invoker._waitForOutstandingCallbacks.<anonymous closure> (package:test_api/src/backend/invoker.dart:318:9)
<asynchronous suspension>

[2026-04-15 20:44:29.559] DEBUG   [EpubService] 灏濊瘯浠巃rchive鏌ユ壘灏侀潰...
[2026-04-15 20:44:29.559] VERBOSE [EpubService] _extractCoverFromArchive 寮€濮嬫墽琛? bytes length: 995199, bookId: 4f231c05-8bf8-4f7a-93e2-88c6ef438b07
[2026-04-15 20:44:29.593] DEBUG   [EpubService] 灏侀潰淇濆瓨鎴愬姛: C:\Users\jjzha\AppData\Local\Temp/zhidu_book_test_1776257069092\zhidu\books\4f231c05-8bf8-4f7a-93e2-88c6ef438b07\cover.jpg
[2026-04-15 20:44:29.593] DEBUG   [EpubService] 灏侀潰璺緞: C:\Users\jjzha\AppData\Local\Temp/zhidu_book_test_1776257069092\zhidu\books\4f231c05-8bf8-4f7a-93e2-88c6ef438b07\cover.jpg
[2026-04-15 20:44:29.593] DEBUG   [BookService] EPUB瑙ｆ瀽缁撴灉: Vibe Coding AI 缂栫▼瀹屽叏鎵嬪唽
[2026-04-15 20:44:29.664] INFO    [BookService] 涔︾睄瀵煎叆鎴愬姛: Vibe Coding AI 缂栫▼瀹屽叏鎵嬪唽
[2026-04-15 20:44:29.672] DEBUG   [BookService] 鍒犻櫎涔︾睄: 4f231c05-8bf8-4f7a-93e2-88c6ef438b07
[2026-04-15 20:44:29.692] INFO    [BookService] 涔︾睄鍒犻櫎鎴愬姛: Vibe Coding AI 缂栫▼瀹屽叏鎵嬪唽
00:34 +686 ~3 -8: D:/Projects/zhidu/test/screens/ai_config_screen_test.dart: AiConfigScreen Widget Tests model selection tests changing to zhipu provider shows zhipu models
00:34 +686 ~3 -8: D:/Projects/zhidu/test/services/book_service_file_import_test.dart: BookService real file import deleteBook returns false for non-existent book
[2026-04-15 20:44:29.716] VERBOSE [BookService] init 寮€濮嬫墽琛?[2026-04-15 20:44:29.730] VERBOSE [FileStorageService] 鏂囦欢涓嶅瓨鍦? C:\Users\jjzha\AppData\Local\Temp/zhidu_book_test_1776257069712\zhidu\books.json
[2026-04-15 20:44:29.731] VERBOSE [BookService] init 鎵ц瀹屾垚, 鍔犺浇涔︾睄鏁伴噺: 0
[2026-04-15 20:44:29.731] DEBUG   [BookService] 鍒犻櫎涔︾睄: non-existent-id
[2026-04-15 20:44:29.732] WARNING [BookService] 瑕佸垹闄ょ殑涔︾睄涓嶅瓨鍦? non-existent-id
00:34 +687 ~3 -8: D:/Projects/zhidu/test/screens/ai_config_screen_test.dart: AiConfigScreen Widget Tests model selection tests changing to zhipu provider shows zhipu models
00:34 +687 ~3 -8: D:/Projects/zhidu/test/services/book_service_file_import_test.dart: BookService real file import deleteBook does not affect other books
[2026-04-15 20:44:29.764] VERBOSE [BookService] init 寮€濮嬫墽琛?[2026-04-15 20:44:29.774] VERBOSE [FileStorageService] 鏂囦欢涓嶅瓨鍦? C:\Users\jjzha\AppData\Local\Temp/zhidu_book_test_1776257069763\zhidu\books.json
[2026-04-15 20:44:29.774] VERBOSE [BookService] init 鎵ц瀹屾垚, 鍔犺浇涔︾睄鏁伴噺: 0
[2026-04-15 20:44:29.776] VERBOSE [BookService] importBookFromPath 寮€濮嬫墽琛? D:\Projects\zhidu\test\Vibe Coding AI Bian Cheng Wan Q - Tan Xing Xing.epub
00:34 +687 ~3 -8: D:/Projects/zhidu/test/screens/settings_screen_test.dart: SettingsScreen Widget Tests about section tests shows version number
鈺愨晲鈺?EXCEPTION CAUGHT BY FLUTTER TEST FRAMEWORK 鈺炩晲鈺愨晲鈺愨晲鈺愨晲鈺愨晲鈺愨晲鈺愨晲鈺愨晲鈺愨晲鈺愨晲鈺愨晲鈺愨晲鈺愨晲鈺愨晲鈺愨晲鈺愨晲鈺愨晲鈺愨晲鈺愨晲鈺愨晲鈺愨晲鈺愨晲鈺愨晲鈺愨晲鈺愨晲鈺愨晲鈺?The following TestFailure was thrown running a test:
Expected: exactly one matching candidate
  Actual: _TextWidgetFinder:<Found 0 widgets with text "鐗堟湰 0.1.0": []>
   Which: means none were found but one was expected

When the exception was thrown, this was the stack:
#4      main.<anonymous closure>.<anonymous closure>.<anonymous closure> (file:///D:/Projects/zhidu/test/screens/settings_screen_test.dart:231:9)
<asynchronous suspension>
#5      testWidgets.<anonymous closure>.<anonymous closure> (package:flutter_test/src/widget_tester.dart:192:15)
<asynchronous suspension>
#6      TestWidgetsFlutterBinding._runTestBody (package:flutter_test/src/binding.dart:1682:5)
<asynchronous suspension>
<asynchronous suspension>
(elided one frame from package:stack_trace)

This was caught by the test expectation on the following line:
  file:///D:/Projects/zhidu/test/screens/settings_screen_test.dart line 231
The test description was:
  shows version number
鈺愨晲鈺愨晲鈺愨晲鈺愨晲鈺愨晲鈺愨晲鈺愨晲鈺愨晲鈺愨晲鈺愨晲鈺愨晲鈺愨晲鈺愨晲鈺愨晲鈺愨晲鈺愨晲鈺愨晲鈺愨晲鈺愨晲鈺愨晲鈺愨晲鈺愨晲鈺愨晲鈺愨晲鈺愨晲鈺愨晲鈺愨晲鈺愨晲鈺愨晲鈺愨晲鈺愨晲鈺愨晲鈺愨晲鈺愨晲鈺愨晲鈺愨晲鈺愨晲鈺愨晲鈺愨晲鈺愨晲鈺愨晲鈺愨晲鈺愨晲鈺愨晲鈺愨晲鈺愨晲鈺愨晲鈺愨晲鈺愨晲鈺愨晲
00:34 +687 ~3 -9: D:/Projects/zhidu/test/screens/ai_config_screen_test.dart: AiConfigScreen Widget Tests model selection tests changing to zhipu provider shows zhipu models
00:34 +687 ~3 -9: D:/Projects/zhidu/test/screens/settings_screen_test.dart: SettingsScreen Widget Tests about section tests shows version number [E]
  Test failed. See exception logs above.
  The test description was: shows version number
  
00:34 +688 ~3 -9: D:/Projects/zhidu/test/services/book_service_file_import_test.dart: BookService real file import deleteBook does not affect other books
Package file_picker:linux references file_picker:linux as the default plugin, but it does not provide an inline impleme
ntation.
Ask the maintainers of file_picker to either avoid referencing a default implementation via `platforms: linux: default_
package: file_picker` or add an inline implementation to file_picker via `platforms: linux:` `pluginClass` or `dartPlug
inClass`.

Package file_picker:macos references file_picker:macos as the default plugin, but it does not provide an inline impleme
ntation.
Ask the maintainers of file_picker to either avoid referencing a default implementation via `platforms: macos: default_
package: file_picker` or add an inline implementation to file_picker via `platforms: macos:` `pluginClass` or `dartPlug
inClass`.

Package file_picker:windows references file_picker:windows as the default plugin, but it does not provide an inline imp
lementation.
Ask the maintainers of file_picker to either avoid referencing a default implementation via `platforms: windows: defaul
t_package: file_picker` or add an inline implementation to file_picker via `platforms: windows:` `pluginClass` or `dart
PluginClass`.

[2026-04-15 20:44:29.776] DEBUG   [BookService] 寮€濮嬪鍏ヤ功绫? D:\Projects\zhidu\test\Vibe Coding AI Bian Cheng Wan Q - Tan Xing Xing.epub
[2026-04-15 20:44:29.776] DEBUG   [BookService] 寮€濮嬭В鏋怑PUB...
[2026-04-15 20:44:29.776] VERBOSE [EpubService] parseEpubFile 寮€濮嬫墽琛? filePath: D:\Projects\zhidu\test\Vibe Coding AI Bian Cheng Wan Q - Tan Xing Xing.epub
[2026-04-15 20:44:29.776] DEBUG   [EpubService] 寮€濮嬭В鏋愭枃浠?D:\Projects\zhidu\test\Vibe Coding AI Bian Cheng Wan Q - Tan Xing Xing.epub
[2026-04-15 20:44:29.779] DEBUG   [EpubService] 璇诲彇鏂囦欢瀛楄妭...
[2026-04-15 20:44:29.785] DEBUG   [EpubService] 鏂囦欢澶у皬: 995199 bytes
[2026-04-15 20:44:29.786] DEBUG   [EpubService] 瑙ｆ瀽EPUB缁撴瀯...
[2026-04-15 20:44:29.939] ERROR   [EpubService] 浣跨敤EpubReader瑙ｆ瀽澶辫触
Error: Exception: Incorrect EPUB manifest: item with href = "cover.jpg" is missing.
[2026-04-15 20:44:29.942] ERROR   [EpubService] 鍫嗘爤
Error: #0      BookCoverReader.readBookCover (package:epub_plus/src/readers/book_cover_reader.dart:36:7)
#1      EpubBookRef.readCover (package:epub_plus/src/ref_entities/epub_book_ref.dart:56:34)
#2      EpubReader.readBook (package:epub_plus/src/epub_reader.dart:102:42)
<asynchronous suspension>
#3      EpubService.parseEpubFile (package:zhidu/services/epub_service.dart:104:26)
<asynchronous suspension>
#4      BookService.importBookFromPath (package:zhidu/services/book_service.dart:184:16)
<asynchronous suspension>
#5      main.<anonymous closure>.<anonymous closure>.<anonymous closure> (file:///D:/Projects/zhidu/test/services/book_service_file_import_test.dart:222:26)
<asynchronous suspension>
#6      Declarer.test.<anonymous closure>.<anonymous closure> (package:test_api/src/backend/declarer.dart:253:15)
<asynchronous suspension>
#7      Declarer.test.<anonymous closure> (package:test_api/src/backend/declarer.dart:250:11)
<asynchronous suspension>
#8      Invoker._waitForOutstandingCallbacks.<anonymous closure> (package:test_api/src/backend/invoker.dart:318:9)
<asynchronous suspension>

[2026-04-15 20:44:29.942] DEBUG   [EpubService] 灏濊瘯浣跨敤archive鐩存帴瑙ｆ瀽EPUB...
[2026-04-15 20:44:29.943] VERBOSE [EpubService] _parseContainerXml 寮€濮嬫墽琛? archive files count: 30
[2026-04-15 20:44:29.944] DEBUG   [EpubService] OPF 鏂囦欢璺緞: EPUB/content.opf
[2026-04-15 20:44:29.944] DEBUG   [EpubService] 浠巆ontainer.xml鑾峰彇鏍囬: null
[2026-04-15 20:44:29.945] DEBUG   [EpubService] 浠巆ontainer.xml鑾峰彇浣滆€? null
[2026-04-15 20:44:29.946] VERBOSE [EpubService] _parseOpfFile 寮€濮嬫墽琛? archive files count: 30
[2026-04-15 20:44:29.946] VERBOSE [EpubService] _parseContainerXml 寮€濮嬫墽琛? archive files count: 30
[2026-04-15 20:44:29.947] DEBUG   [EpubService] OPF 鏂囦欢璺緞: EPUB/content.opf
[2026-04-15 20:44:29.949] DEBUG   [EpubService] OPF 瑙ｆ瀽缁撴灉 - 鏍囬: Vibe Coding AI 缂栫▼瀹屽叏鎵嬪唽, 浣滆€? 璋槦鏄?钁?00:34 +689 ~3 -9: D:/Projects/zhidu/test/services/book_service_file_import_test.dart: BookService real file import deleteBook does not affect other books
[2026-04-15 20:44:29.950] DEBUG   [EpubService] 浠嶰PF鑾峰彇鏍囬: Vibe Coding AI 缂栫▼瀹屽叏鎵嬪唽
[2026-04-15 20:44:29.951] DEBUG   [EpubService] 浠嶰PF鑾峰彇浣滆€? 璋槦鏄?钁?[2026-04-15 20:44:29.951] VERBOSE [EpubService] _parseNavigationFile 寮€濮嬫墽琛? archive files count: 30
00:34 +690 ~3 -9: D:/Projects/zhidu/test/services/book_service_file_import_test.dart: BookService real file import deleteBook does not affect other books
[2026-04-15 20:44:29.954] DEBUG   [EpubService] 浠庡鑸枃浠惰В鏋愬埌 0 涓珷鑺?[2026-04-15 20:44:29.954] DEBUG   [EpubService] 浠庡鑸枃浠惰幏鍙栫珷鑺傛暟: 0
00:34 +691 ~3 -9: D:/Projects/zhidu/test/services/book_service_file_import_test.dart: BookService real file import deleteBook does not affect other books
00:34 +692 ~3 -9: D:/Projects/zhidu/test/services/book_service_file_import_test.dart: BookService real file import deleteBook does not affect other books
00:34 +693 ~3 -9: D:/Projects/zhidu/test/services/book_service_file_import_test.dart: BookService real file import deleteBook does not affect other books
00:34 +694 ~3 -9: D:/Projects/zhidu/test/services/book_service_file_import_test.dart: BookService real file import deleteBook does not affect other books
00:34 +695 ~3 -9: D:/Projects/zhidu/test/services/book_service_file_import_test.dart: BookService real file import deleteBook does not affect other books
00:34 +696 ~3 -9: D:/Projects/zhidu/test/services/book_service_file_import_test.dart: BookService real file import deleteBook does not affect other books
00:34 +697 ~3 -9: D:/Projects/zhidu/test/services/book_service_file_import_test.dart: BookService real file import deleteBook does not affect other books
00:34 +697 ~3 -9: D:/Projects/zhidu/test/services/pdf_service_test.dart: PdfService parsePdfFile tests returns null for non-existent file (handles FFI gracefully)
[2026-04-15 20:44:30.300] DEBUG   [PdfService] 寮€濮嬭В鏋怭DF: /nonexistent/file.pdf
[2026-04-15 20:44:30.472] ERROR   [PdfService] 瑙ｆ瀽PDF澶辫触
Error: Invalid argument(s): Failed to lookup symbol 'FPDF_InitLibraryWithConfig': None of the loaded modules contained the requested symbol 'FPDF_InitLibraryWithConfig'.
StackTrace:
#0      DynamicLibrary.lookup (dart:ffi-patch/ffi_dynamic_library_patch.dart:33:70)
#1      pdfium._FPDF_InitLibraryWithConfigPtr (package:pdfrx/src/pdfium/pdfium_bindings.dart:43:80)
#2      pdfium._FPDF_InitLibraryWithConfigPtr (package:pdfrx/src/pdfium/pdfium_bindings.dart)
#3      pdfium._FPDF_InitLibraryWithConfig (package:pdfrx/src/pdfium/pdfium_bindings.dart:45:44)
#4      pdfium._FPDF_InitLibraryWithConfig (package:pdfrx/src/pdfium/pdfium_bindings.dart)
#5      pdfium.FPDF_InitLibraryWithConfig (package:pdfrx/src/pdfium/pdfium_bindings.dart:36:12)
#6      _init.<anonymous closure> (package:pdfrx/src/pdfium/pdfrx_pdfium.dart:73:12)
#7      using (package:ffi/src/arena.dart:127:31)
#8      _init (package:pdfrx/src/pdfium/pdfrx_pdfium.dart:56:3)
#9      _PdfDocumentFactoryImpl.openFile (package:pdfrx/src/pdfium/pdfrx_pdfium.dart:126:5)
#10     PdfDocument.openFile (package:pdfrx/src/pdf_api.dart:191:37)
#11     PdfService.parsePdfFile (package:zhidu/services/pdf_service.dart:92:42)
#12     main.<anonymous closure>.<anonymous closure>.<anonymous closure> (file:///D:/Projects/zhidu/test/services/pdf_service_test.dart:114:40)
#13     Declarer.test.<anonymous closure>.<anonymous closure> (package:test_api/src/backend/declarer.dart:253:25)
<asynchronous suspension>
#14     Declarer.test.<anonymous closure> (package:test_api/src/backend/declarer.dart:250:11)
<asynchronous suspension>
#15     Invoker._waitForOutstandingCallbacks.<anonymous closure> (package:test_api/src/backend/invoker.dart:318:9)
<asynchronous suspension>

00:34 +698 ~3 -9: D:/Projects/zhidu/test/services/book_service_file_import_test.dart: BookService real file import deleteBook does not affect other books
00:34 +699 ~3 -9: D:/Projects/zhidu/test/services/book_service_file_import_test.dart: BookService real file import deleteBook does not affect other books
00:34 +700 ~3 -9: D:/Projects/zhidu/test/services/book_service_file_import_test.dart: BookService real file import deleteBook does not affect other books
00:34 +701 ~3 -9: D:/Projects/zhidu/test/services/book_service_file_import_test.dart: BookService real file import deleteBook does not affect other books
00:35 +702 ~3 -9: D:/Projects/zhidu/test/services/book_service_file_import_test.dart: BookService real file import deleteBook does not affect other books
00:35 +702 ~3 -9: D:/Projects/zhidu/test/screens/settings_screen_test.dart: SettingsScreen Widget Tests about section tests shows app description
鈺愨晲鈺?EXCEPTION CAUGHT BY FLUTTER TEST FRAMEWORK 鈺炩晲鈺愨晲鈺愨晲鈺愨晲鈺愨晲鈺愨晲鈺愨晲鈺愨晲鈺愨晲鈺愨晲鈺愨晲鈺愨晲鈺愨晲鈺愨晲鈺愨晲鈺愨晲鈺愨晲鈺愨晲鈺愨晲鈺愨晲鈺愨晲鈺愨晲鈺愨晲鈺愨晲鈺愨晲鈺愨晲鈺?The following TestFailure was thrown running a test:
Expected: exactly one matching candidate
  Actual: _TextWidgetFinder:<Found 0 widgets with text "AI 鍒嗗眰闃呰鍣?: []>
   Which: means none were found but one was expected

When the exception was thrown, this was the stack:
#4      main.<anonymous closure>.<anonymous closure>.<anonymous closure> (file:///D:/Projects/zhidu/test/screens/settings_screen_test.dart:243:9)
<asynchronous suspension>
#5      testWidgets.<anonymous closure>.<anonymous closure> (package:flutter_test/src/widget_tester.dart:192:15)
<asynchronous suspension>
#6      TestWidgetsFlutterBinding._runTestBody (package:flutter_test/src/binding.dart:1682:5)
<asynchronous suspension>
<asynchronous suspension>
(elided one frame from package:stack_trace)

This was caught by the test expectation on the following line:
  file:///D:/Projects/zhidu/test/screens/settings_screen_test.dart line 243
The test description was:
  shows app description
鈺愨晲鈺愨晲鈺愨晲鈺愨晲鈺愨晲鈺愨晲鈺愨晲鈺愨晲鈺愨晲鈺愨晲鈺愨晲鈺愨晲鈺愨晲鈺愨晲鈺愨晲鈺愨晲鈺愨晲鈺愨晲鈺愨晲鈺愨晲鈺愨晲鈺愨晲鈺愨晲鈺愨晲鈺愨晲鈺愨晲鈺愨晲鈺愨晲鈺愨晲鈺愨晲鈺愨晲鈺愨晲鈺愨晲鈺愨晲鈺愨晲鈺愨晲鈺愨晲鈺愨晲鈺愨晲鈺愨晲鈺愨晲鈺愨晲鈺愨晲鈺愨晲鈺愨晲鈺愨晲鈺愨晲鈺愨晲鈺愨晲鈺愨晲
00:35 +703 ~3 -9: D:/Projects/zhidu/test/services/book_service_file_import_test.dart: BookService real file import deleteBook does not affect other books
00:35 +703 ~3 -10: D:/Projects/zhidu/test/services/book_service_file_import_test.dart: BookService real file import deleteBook does not affect other books
00:35 +703 ~3 -10: D:/Projects/zhidu/test/screens/settings_screen_test.dart: SettingsScreen Widget Tests about section tests shows app description [E]
  Test failed. See exception logs above.
  The test description was: shows app description
  
00:35 +704 ~3 -10: D:/Projects/zhidu/test/services/book_service_file_import_test.dart: BookService real file import deleteBook does not affect other books
00:35 +705 ~3 -10: D:/Projects/zhidu/test/services/book_service_file_import_test.dart: BookService real file import deleteBook does not affect other books
00:35 +706 ~3 -10: D:/Projects/zhidu/test/services/book_service_file_import_test.dart: BookService real file import deleteBook does not affect other books
00:35 +707 ~3 -10: D:/Projects/zhidu/test/services/book_service_file_import_test.dart: BookService real file import deleteBook does not affect other books
00:35 +708 ~3 -10: D:/Projects/zhidu/test/services/book_service_file_import_test.dart: BookService real file import deleteBook does not affect other books
00:35 +709 ~3 -10: D:/Projects/zhidu/test/services/book_service_file_import_test.dart: BookService real file import deleteBook does not affect other books
00:35 +710 ~3 -10: D:/Projects/zhidu/test/services/book_service_file_import_test.dart: BookService real file import deleteBook does not affect other books
00:35 +711 ~3 -10: D:/Projects/zhidu/test/services/book_service_file_import_test.dart: BookService real file import deleteBook does not affect other books
00:35 +712 ~3 -10: D:/Projects/zhidu/test/services/book_service_file_import_test.dart: BookService real file import deleteBook does not affect other books
00:35 +712 ~3 -10: D:/Projects/zhidu/test/services/pdf_service_test.dart: PdfService Real file parsing tests with fixtures parsePdfFile handles fixture PDF (may fail due to FFI)
[2026-04-15 20:44:30.756] DEBUG   [PdfService] 寮€濮嬭В鏋怭DF: D:\Projects\zhidu\test\fixtures\test_book.pdf
[2026-04-15 20:44:30.760] ERROR   [PdfService] 瑙ｆ瀽PDF澶辫触
Error: Invalid argument(s): Failed to lookup symbol 'FPDF_InitLibraryWithConfig': None of the loaded modules contained the requested symbol 'FPDF_InitLibraryWithConfig'.
StackTrace:
#0      DynamicLibrary.lookup (dart:ffi-patch/ffi_dynamic_library_patch.dart:33:70)
#1      pdfium._FPDF_InitLibraryWithConfigPtr (package:pdfrx/src/pdfium/pdfium_bindings.dart:43:80)
#2      pdfium._FPDF_InitLibraryWithConfigPtr (package:pdfrx/src/pdfium/pdfium_bindings.dart)
#3      pdfium._FPDF_InitLibraryWithConfig (package:pdfrx/src/pdfium/pdfium_bindings.dart:45:44)
#4      pdfium._FPDF_InitLibraryWithConfig (package:pdfrx/src/pdfium/pdfium_bindings.dart)
#5      pdfium.FPDF_InitLibraryWithConfig (package:pdfrx/src/pdfium/pdfium_bindings.dart:36:12)
#6      _init.<anonymous closure> (package:pdfrx/src/pdfium/pdfrx_pdfium.dart:73:12)
#7      using (package:ffi/src/arena.dart:127:31)
#8      _init (package:pdfrx/src/pdfium/pdfrx_pdfium.dart:56:3)
#9      _PdfDocumentFactoryImpl.openFile (package:pdfrx/src/pdfium/pdfrx_pdfium.dart:126:5)
#10     PdfDocument.openFile (package:pdfrx/src/pdf_api.dart:191:37)
#11     PdfService.parsePdfFile (package:zhidu/services/pdf_service.dart:92:42)
#12     main.<anonymous closure>.<anonymous closure>.<anonymous closure> (file:///D:/Projects/zhidu/test/services/pdf_service_test.dart:275:40)
<asynchronous suspension>
#13     Declarer.test.<anonymous closure>.<anonymous closure> (package:test_api/src/backend/declarer.dart:253:15)
<asynchronous suspension>
#14     Declarer.test.<anonymous closure> (package:test_api/src/backend/declarer.dart:250:11)
<asynchronous suspension>
#15     Invoker._waitForOutstandingCallbacks.<anonymous closure> (package:test_api/src/backend/invoker.dart:318:9)
<asynchronous suspension>

  FFI error on this platform: Expected: not null
  Actual: <null>

00:35 +712 ~4 -10: D:/Projects/zhidu/test/services/book_service_file_import_test.dart: BookService real file import deleteBook does not affect other books
00:35 +712 ~4 -10: D:/Projects/zhidu/test/services/pdf_service_test.dart: PdfService Real file parsing tests with fixtures parsePdfFile extracts total chapters count
[2026-04-15 20:44:30.808] DEBUG   [PdfService] 寮€濮嬭В鏋怭DF: D:\Projects\zhidu\test\fixtures\chinese_chapters.pdf
[2026-04-15 20:44:30.829] ERROR   [PdfService] 瑙ｆ瀽PDF澶辫触
Error: Invalid argument(s): Failed to lookup symbol 'FPDF_InitLibraryWithConfig': None of the loaded modules contained the requested symbol 'FPDF_InitLibraryWithConfig'.
StackTrace:
#0      DynamicLibrary.lookup (dart:ffi-patch/ffi_dynamic_library_patch.dart:33:70)
#1      pdfium._FPDF_InitLibraryWithConfigPtr (package:pdfrx/src/pdfium/pdfium_bindings.dart:43:80)
#2      pdfium._FPDF_InitLibraryWithConfigPtr (package:pdfrx/src/pdfium/pdfium_bindings.dart)
#3      pdfium._FPDF_InitLibraryWithConfig (package:pdfrx/src/pdfium/pdfium_bindings.dart:45:44)
#4      pdfium._FPDF_InitLibraryWithConfig (package:pdfrx/src/pdfium/pdfium_bindings.dart)
#5      pdfium.FPDF_InitLibraryWithConfig (package:pdfrx/src/pdfium/pdfium_bindings.dart:36:12)
#6      _init.<anonymous closure> (package:pdfrx/src/pdfium/pdfrx_pdfium.dart:73:12)
#7      using (package:ffi/src/arena.dart:127:31)
#8      _init (package:pdfrx/src/pdfium/pdfrx_pdfium.dart:56:3)
#9      _PdfDocumentFactoryImpl.openFile (package:pdfrx/src/pdfium/pdfrx_pdfium.dart:126:5)
#10     PdfDocument.openFile (package:pdfrx/src/pdf_api.dart:191:37)
#11     PdfService.parsePdfFile (package:zhidu/services/pdf_service.dart:92:42)
#12     main.<anonymous closure>.<anonymous closure>.<anonymous closure> (file:///D:/Projects/zhidu/test/services/pdf_service_test.dart:295:40)
<asynchronous suspension>
#13     Declarer.test.<anonymous closure>.<anonymous closure> (package:test_api/src/backend/declarer.dart:253:15)
<asynchronous suspension>
#14     Declarer.test.<anonymous closure> (package:test_api/src/backend/declarer.dart:250:11)
<asynchronous suspension>
#15     Invoker._waitForOutstandingCallbacks.<anonymous closure> (package:test_api/src/backend/invoker.dart:318:9)
<asynchronous suspension>

  FFI error on this platform: Expected: not null
  Actual: <null>

00:35 +712 ~5 -10: D:/Projects/zhidu/test/services/book_service_file_import_test.dart: BookService real file import deleteBook does not affect other books
00:35 +712 ~5 -10: D:/Projects/zhidu/test/services/pdf_service_test.dart: PdfService Real file parsing tests with fixtures getChapterPageRange returns valid page list
  FFI error on this platform: Invalid argument(s): Failed to lookup symbol 'FPDF_InitLibraryWithConfig': None of the loaded modules contained the requested symbol 'FPDF_InitLibraryWithConfig'.
00:35 +712 ~6 -10: D:/Projects/zhidu/test/services/book_service_file_import_test.dart: BookService real file import deleteBook does not affect other books
00:35 +712 ~6 -10: D:/Projects/zhidu/test/services/pdf_service_test.dart: PdfService Real file parsing tests with fixtures getChapterPageRange handles invalid chapter index
  FFI error on this platform: Invalid argument(s): Failed to lookup symbol 'FPDF_InitLibraryWithConfig': None of the loaded modules contained the requested symbol 'FPDF_InitLibraryWithConfig'.
00:35 +712 ~7 -10: D:/Projects/zhidu/test/services/book_service_file_import_test.dart: BookService real file import deleteBook does not affect other books
00:35 +712 ~7 -10: D:/Projects/zhidu/test/services/pdf_service_test.dart: PdfService Real file parsing tests with fixtures getChapterPages extracts content
  FFI error on this platform: Invalid argument(s): Failed to lookup symbol 'FPDF_InitLibraryWithConfig': None of the loaded modules contained the requested symbol 'FPDF_InitLibraryWithConfig'.
00:35 +712 ~8 -10: D:/Projects/zhidu/test/services/book_service_file_import_test.dart: BookService real file import deleteBook does not affect other books
00:35 +712 ~8 -10: D:/Projects/zhidu/test/services/pdf_service_test.dart: PdfService Real file parsing tests with fixtures getPageContent extracts single page
  FFI error on this platform: Invalid argument(s): Failed to lookup symbol 'FPDF_InitLibraryWithConfig': None of the loaded modules contained the requested symbol 'FPDF_InitLibraryWithConfig'.
00:35 +712 ~9 -10: D:/Projects/zhidu/test/services/book_service_file_import_test.dart: BookService real file import deleteBook does not affect other books
[2026-04-15 20:44:29.954] DEBUG   [EpubService] 鏈€缁堜功鍚? Vibe Coding AI 缂栫▼瀹屽叏鎵嬪唽
[2026-04-15 20:44:29.954] DEBUG   [EpubService] 鏈€缁堜綔鑰? 璋槦鏄?钁?00:35 +712 ~9 -10: D:/Projects/zhidu/test/services/pdf_service_test.dart: PdfService Real file parsing tests with fixtures parsePdfFile handles real PDF in project
[2026-04-15 20:44:31.031] DEBUG   [PdfService] 寮€濮嬭В鏋怭DF: D:\Projects\zhidu\test\Building Generative AI Agents_ - Tom Taulli, Gaurav Deshmukh.pdf
00:35 +712 ~9 -10: D:/Projects/zhidu/test/services/book_service_file_import_test.dart: BookService real file import deleteBook does not affect other books
[2026-04-15 20:44:29.954] VERBOSE [EpubService] _extractCover 寮€濮嬫墽琛? bytes length: 995199, bookId: 6b49a4b5-5b67-4d65-af5c-4cfecf119a5a
00:35 +712 ~9 -10: D:/Projects/zhidu/test/services/pdf_service_test.dart: PdfService Real file parsing tests with fixtures parsePdfFile handles real PDF in project
[2026-04-15 20:44:31.033] ERROR   [PdfService] 瑙ｆ瀽PDF澶辫触
Error: Invalid argument(s): Failed to lookup symbol 'FPDF_InitLibraryWithConfig': None of the loaded modules contained the requested symbol 'FPDF_InitLibraryWithConfig'.
StackTrace:
#0      DynamicLibrary.lookup (dart:ffi-patch/ffi_dynamic_library_patch.dart:33:70)
#1      pdfium._FPDF_InitLibraryWithConfigPtr (package:pdfrx/src/pdfium/pdfium_bindings.dart:43:80)
#2      pdfium._FPDF_InitLibraryWithConfigPtr (package:pdfrx/src/pdfium/pdfium_bindings.dart)
#3      pdfium._FPDF_InitLibraryWithConfig (package:pdfrx/src/pdfium/pdfium_bindings.dart:45:44)
#4      pdfium._FPDF_InitLibraryWithConfig (package:pdfrx/src/pdfium/pdfium_bindings.dart)
#5      pdfium.FPDF_InitLibraryWithConfig (package:pdfrx/src/pdfium/pdfium_bindings.dart:36:12)
#6      _init.<anonymous closure> (package:pdfrx/src/pdfium/pdfrx_pdfium.dart:73:12)
#7      using (package:ffi/src/arena.dart:127:31)
#8      _init (package:pdfrx/src/pdfium/pdfrx_pdfium.dart:56:3)
#9      _PdfDocumentFactoryImpl.openFile (package:pdfrx/src/pdfium/pdfrx_pdfium.dart:126:5)
#10     PdfDocument.openFile (package:pdfrx/src/pdf_api.dart:191:37)
#11     PdfService.parsePdfFile (package:zhidu/services/pdf_service.dart:92:42)
#12     main.<anonymous closure>.<anonymous closure>.<anonymous closure> (file:///D:/Projects/zhidu/test/services/pdf_service_test.dart:392:40)
<asynchronous suspension>
#13     Declarer.test.<anonymous closure>.<anonymous closure> (package:test_api/src/backend/declarer.dart:253:15)
<asynchronous suspension>
#14     Declarer.test.<anonymous closure> (package:test_api/src/backend/declarer.dart:250:11)
<asynchronous suspension>
#15     Invoker._waitForOutstandingCallbacks.<anonymous closure> (package:test_api/src/backend/invoker.dart:318:9)
<asynchronous suspension>

00:35 +712 ~9 -10: D:/Projects/zhidu/test/services/book_service_file_import_test.dart: BookService real file import deleteBook does not affect other books
[2026-04-15 20:44:29.954] DEBUG   [EpubService] 寮€濮嬫彁鍙栧皝闈?..
00:35 +712 ~9 -10: D:/Projects/zhidu/test/services/pdf_service_test.dart: PdfService Real file parsing tests with fixtures parsePdfFile handles real PDF in project
  FFI error on this platform: Expected: not null
  Actual: <null>

00:35 +712 ~10 -10: D:/Projects/zhidu/test/services/book_service_file_import_test.dart: BookService real file import deleteBook does not affect other books
[2026-04-15 20:44:30.113] ERROR   [EpubService] 鎻愬彇灏侀潰澶辫触
Error: Exception: Incorrect EPUB manifest: item with href = "cover.jpg" is missing.
[2026-04-15 20:44:30.114] ERROR   [EpubService] 鍫嗘爤
Error: #0      BookCoverReader.readBookCover (package:epub_plus/src/readers/book_cover_reader.dart:36:7)
#1      EpubBookRef.readCover (package:epub_plus/src/ref_entities/epub_book_ref.dart:56:34)
#2      EpubReader.readBook (package:epub_plus/src/epub_reader.dart:102:42)
<asynchronous suspension>
#3      EpubService._extractCover (package:zhidu/services/epub_service.dart:561:24)
<asynchronous suspension>
#4      EpubService.parseEpubFile (package:zhidu/services/epub_service.dart:181:21)
<asynchronous suspension>
#5      BookService.importBookFromPath (package:zhidu/services/book_service.dart:184:16)
<asynchronous suspension>
#6      main.<anonymous closure>.<anonymous closure>.<anonymous closure> (file:///D:/Projects/zhidu/test/services/book_service_file_import_test.dart:222:26)
<asynchronous suspension>
#7      Declarer.test.<anonymous closure>.<anonymous closure> (package:test_api/src/backend/declarer.dart:253:15)
<asynchronous suspension>
#8      Declarer.test.<anonymous closure> (package:test_api/src/backend/declarer.dart:250:11)
<asynchronous suspension>
#9      Invoker._waitForOutstandingCallbacks.<anonymous closure> (package:test_api/src/backend/invoker.dart:318:9)
<asynchronous suspension>

[2026-04-15 20:44:30.114] DEBUG   [EpubService] 灏濊瘯浠巃rchive鏌ユ壘灏侀潰...
[2026-04-15 20:44:30.114] VERBOSE [EpubService] _extractCoverFromArchive 寮€濮嬫墽琛? bytes length: 995199, bookId: 6b49a4b5-5b67-4d65-af5c-4cfecf119a5a
[2026-04-15 20:44:30.132] DEBUG   [EpubService] 灏侀潰淇濆瓨鎴愬姛: C:\Users\jjzha\AppData\Local\Temp/zhidu_book_test_1776257069763\zhidu\books\6b49a4b5-5b67-4d65-af5c-4cfecf119a5a\cover.jpg
[2026-04-15 20:44:30.132] DEBUG   [EpubService] 灏侀潰璺緞: C:\Users\jjzha\AppData\Local\Temp/zhidu_book_test_1776257069763\zhidu\books\6b49a4b5-5b67-4d65-af5c-4cfecf119a5a\cover.jpg
[2026-04-15 20:44:30.132] DEBUG   [BookService] EPUB瑙ｆ瀽缁撴灉: Vibe Coding AI 缂栫▼瀹屽叏鎵嬪唽
[2026-04-15 20:44:30.154] INFO    [BookService] 涔︾睄瀵煎叆鎴愬姛: Vibe Coding AI 缂栫▼瀹屽叏鎵嬪唽
[2026-04-15 20:44:30.154] VERBOSE [BookService] importBookFromPath 寮€濮嬫墽琛? D:\Projects\zhidu\test\Java to Kotlin_ A Refactoring G - Duncan McGregor, Nat Pryce.epub
[2026-04-15 20:44:30.155] DEBUG   [BookService] 寮€濮嬪鍏ヤ功绫? D:\Projects\zhidu\test\Java to Kotlin_ A Refactoring G - Duncan McGregor, Nat Pryce.epub
[2026-04-15 20:44:30.156] DEBUG   [BookService] 寮€濮嬭В鏋怑PUB...
[2026-04-15 20:44:30.157] VERBOSE [EpubService] parseEpubFile 寮€濮嬫墽琛? filePath: D:\Projects\zhidu\test\Java to Kotlin_ A Refactoring G - Duncan McGregor, Nat Pryce.epub
[2026-04-15 20:44:30.163] DEBUG   [EpubService] 寮€濮嬭В鏋愭枃浠?D:\Projects\zhidu\test\Java to Kotlin_ A Refactoring G - Duncan McGregor, Nat Pryce.epub
[2026-04-15 20:44:30.165] DEBUG   [EpubService] 璇诲彇鏂囦欢瀛楄妭...
[2026-04-15 20:44:30.175] DEBUG   [EpubService] 鏂囦欢澶у皬: 1638925 bytes
[2026-04-15 20:44:30.176] DEBUG   [EpubService] 瑙ｆ瀽EPUB缁撴瀯...
[2026-04-15 20:44:30.564] ERROR   [EpubService] 浣跨敤EpubReader瑙ｆ瀽澶辫触
Error: Exception: Incorrect EPUB manifest: item with ID = "Images/cover.png" is missing.
[2026-04-15 20:44:30.565] ERROR   [EpubService] 鍫嗘爤
Error: #0      BookCoverReader.readBookCover (package:epub_plus/src/readers/book_cover_reader.dart:29:7)
#1      EpubBookRef.readCover (package:epub_plus/src/ref_entities/epub_book_ref.dart:56:34)
#2      EpubReader.readBook (package:epub_plus/src/epub_reader.dart:102:42)
<asynchronous suspension>
#3      EpubService.parseEpubFile (package:zhidu/services/epub_service.dart:104:26)
<asynchronous suspension>
#4      BookService.importBookFromPath (package:zhidu/services/book_service.dart:184:16)
<asynchronous suspension>
#5      main.<anonymous closure>.<anonymous closure>.<anonymous closure> (file:///D:/Projects/zhidu/test/services/book_service_file_import_test.dart:223:27)
<asynchronous suspension>
#6      Declarer.test.<anonymous closure>.<anonymous closure> (package:test_api/src/backend/declarer.dart:253:15)
<asynchronous suspension>
#7      Declarer.test.<anonymous closure> (package:test_api/src/backend/declarer.dart:250:11)
<asynchronous suspension>
#8      Invoker._waitForOutstandingCallbacks.<anonymous closure> (package:test_api/src/backend/invoker.dart:318:9)
<asynchronous suspension>

[2026-04-15 20:44:30.565] DEBUG   [EpubService] 灏濊瘯浣跨敤archive鐩存帴瑙ｆ瀽EPUB...
00:35 +713 ~10 -10: D:/Projects/zhidu/test/services/book_service_file_import_test.dart: BookService real file import deleteBook does not affect other books
[2026-04-15 20:44:30.565] VERBOSE [EpubService] _parseContainerXml 寮€濮嬫墽琛? archive files count: 50
[2026-04-15 20:44:30.567] DEBUG   [EpubService] OPF 鏂囦欢璺緞: OEBPS/content.opf
[2026-04-15 20:44:30.567] DEBUG   [EpubService] 浠巆ontainer.xml鑾峰彇鏍囬: null
[2026-04-15 20:44:30.567] DEBUG   [EpubService] 浠巆ontainer.xml鑾峰彇浣滆€? null
[2026-04-15 20:44:30.568] VERBOSE [EpubService] _parseOpfFile 寮€濮嬫墽琛? archive files count: 50
[2026-04-15 20:44:30.568] VERBOSE [EpubService] _parseContainerXml 寮€濮嬫墽琛? archive files count: 50
[2026-04-15 20:44:30.568] DEBUG   [EpubService] OPF 鏂囦欢璺緞: OEBPS/content.opf
[2026-04-15 20:44:30.571] DEBUG   [EpubService] OPF 瑙ｆ瀽缁撴灉 - 鏍囬: Java to Kotlin, 浣滆€? Duncan McGregor, Nat Pryce
[2026-04-15 20:44:30.571] DEBUG   [EpubService] 浠嶰PF鑾峰彇鏍囬: Java to Kotlin
[2026-04-15 20:44:30.571] DEBUG   [EpubService] 浠嶰PF鑾峰彇浣滆€? Duncan McGregor, Nat Pryce
00:35 +714 ~10 -10: D:/Projects/zhidu/test/services/book_service_file_import_test.dart: BookService real file import deleteBook does not affect other books
[2026-04-15 20:44:30.571] VERBOSE [EpubService] _parseNavigationFile 寮€濮嬫墽琛? archive files count: 50
[2026-04-15 20:44:30.581] DEBUG   [EpubService] 浠庡鑸枃浠惰В鏋愬埌 0 涓珷鑺?[2026-04-15 20:44:30.582] DEBUG   [EpubService] 浠庡鑸枃浠惰幏鍙栫珷鑺傛暟: 0
[2026-04-15 20:44:30.582] DEBUG   [EpubService] 鏈€缁堜功鍚? Java to Kotlin
[2026-04-15 20:44:30.582] DEBUG   [EpubService] 鏈€缁堜綔鑰? Duncan McGregor, Nat Pryce
[2026-04-15 20:44:30.582] VERBOSE [EpubService] _extractCover 寮€濮嬫墽琛? bytes length: 1638925, bookId: 8d27bf53-a080-4e21-bc97-10c0fa4afe57
[2026-04-15 20:44:30.582] DEBUG   [EpubService] 寮€濮嬫彁鍙栧皝闈?..
[2026-04-15 20:44:30.997] ERROR   [EpubService] 鎻愬彇灏侀潰澶辫触
Error: Exception: Incorrect EPUB manifest: item with ID = "Images/cover.png" is missing.
[2026-04-15 20:44:30.998] ERROR   [EpubService] 鍫嗘爤
Error: #0      BookCoverReader.readBookCover (package:epub_plus/src/readers/book_cover_reader.dart:29:7)
#1      EpubBookRef.readCover (package:epub_plus/src/ref_entities/epub_book_ref.dart:56:34)
#2      EpubReader.readBook (package:epub_plus/src/epub_reader.dart:102:42)
<asynchronous suspension>
#3      EpubService._extractCover (package:zhidu/services/epub_service.dart:561:24)
<asynchronous suspension>
#4      EpubService.parseEpubFile (package:zhidu/services/epub_service.dart:181:21)
<asynchronous suspension>
#5      BookService.importBookFromPath (package:zhidu/services/book_service.dart:184:16)
<asynchronous suspension>
#6      main.<anonymous closure>.<anonymous closure>.<anonymous closure> (file:///D:/Projects/zhidu/test/services/book_service_file_import_test.dart:223:27)
<asynchronous suspension>
#7      Declarer.test.<anonymous closure>.<anonymous closure> (package:test_api/src/backend/declarer.dart:253:15)
<asynchronous suspension>
#8      Declarer.test.<anonymous closure> (package:test_api/src/backend/declarer.dart:250:11)
<asynchronous suspension>
#9      Invoker._waitForOutstandingCallbacks.<anonymous closure> (package:test_api/src/backend/invoker.dart:318:9)
<asynchronous suspension>

[2026-04-15 20:44:30.998] DEBUG   [EpubService] 灏濊瘯浠巃rchive鏌ユ壘灏侀潰...
[2026-04-15 20:44:30.998] VERBOSE [EpubService] _extractCoverFromArchive 寮€濮嬫墽琛? bytes length: 1638925, bookId: 8d27bf53-a080-4e21-bc97-10c0fa4afe57
[2026-04-15 20:44:31.043] DEBUG   [EpubService] 灏侀潰淇濆瓨鎴愬姛: C:\Users\jjzha\AppData\Local\Temp/zhidu_book_test_1776257069763\zhidu\books\8d27bf53-a080-4e21-bc97-10c0fa4afe57\cover.png
[2026-04-15 20:44:31.044] DEBUG   [EpubService] 灏侀潰璺緞: C:\Users\jjzha\AppData\Local\Temp/zhidu_book_test_1776257069763\zhidu\books\8d27bf53-a080-4e21-bc97-10c0fa4afe57\cover.png
[2026-04-15 20:44:31.044] DEBUG   [BookService] EPUB瑙ｆ瀽缁撴灉: Java to Kotlin
[2026-04-15 20:44:31.070] INFO    [BookService] 涔︾睄瀵煎叆鎴愬姛: Java to Kotlin
00:35 +715 ~10 -10: D:/Projects/zhidu/test/services/book_service_file_import_test.dart: BookService real file import deleteBook does not affect other books
[2026-04-15 20:44:31.071] DEBUG   [BookService] 鍒犻櫎涔︾睄: 6b49a4b5-5b67-4d65-af5c-4cfecf119a5a
[2026-04-15 20:44:31.086] INFO    [BookService] 涔︾睄鍒犻櫎鎴愬姛: Vibe Coding AI 缂栫▼瀹屽叏鎵嬪唽
00:35 +716 ~10 -10: D:/Projects/zhidu/test/screens/settings_screen_test.dart: SettingsScreen Widget Tests divider tests has dividers between sections
00:35 +717 ~10 -10: D:/Projects/zhidu/test/services/settings_service_test.dart: SettingsService singleton should return same instance
00:35 +718 ~10 -10: D:/Projects/zhidu/test/services/settings_service_test.dart: SettingsService singleton should return same instance
00:35 +718 ~10 -10: D:/Projects/zhidu/test/services/book_service_file_import_test.dart: BookService real file import deleteBook updates books index after deletion
[2026-04-15 20:44:31.122] VERBOSE [BookService] init 寮€濮嬫墽琛?[2026-04-15 20:44:31.131] VERBOSE [FileStorageService] 鏂囦欢涓嶅瓨鍦? C:\Users\jjzha\AppData\Local\Temp/zhidu_book_test_1776257071119\zhidu\books.json
[2026-04-15 20:44:31.132] VERBOSE [BookService] init 鎵ц瀹屾垚, 鍔犺浇涔︾睄鏁伴噺: 0
[2026-04-15 20:44:31.133] VERBOSE [BookService] importBookFromPath 寮€濮嬫墽琛? D:\Projects\zhidu\test\Vibe Coding AI Bian Cheng Wan Q - Tan Xing Xing.epub
[2026-04-15 20:44:31.133] DEBUG   [BookService] 寮€濮嬪鍏ヤ功绫? D:\Projects\zhidu\test\Vibe Coding AI Bian Cheng Wan Q - Tan Xing Xing.epub
[2026-04-15 20:44:31.134] DEBUG   [BookService] 寮€濮嬭В鏋怑PUB...
00:35 +719 ~10 -10: D:/Projects/zhidu/test/services/settings_service_test.dart: SettingsService singleton should return same instance
00:35 +719 ~10 -10: D:/Projects/zhidu/test/services/book_service_file_import_test.dart: BookService real file import deleteBook updates books index after deletion
[2026-04-15 20:44:31.134] VERBOSE [EpubService] parseEpubFile 寮€濮嬫墽琛? filePath: D:\Projects\zhidu\test\Vibe Coding AI Bian Cheng Wan Q - Tan Xing Xing.epub
[2026-04-15 20:44:31.134] DEBUG   [EpubService] 寮€濮嬭В鏋愭枃浠?D:\Projects\zhidu\test\Vibe Coding AI Bian Cheng Wan Q - Tan Xing Xing.epub
00:35 +719 ~10 -10: D:/Projects/zhidu/test/services/pdf_service_test.dart: PdfService PDF fixture chapter detection tests chinese_chapters.pdf should detect Chinese chapter patterns
[2026-04-15 20:44:31.158] DEBUG   [PdfService] 寮€濮嬭В鏋怭DF: D:\Projects\zhidu\test\fixtures\chinese_chapters.pdf
[2026-04-15 20:44:31.159] ERROR   [PdfService] 瑙ｆ瀽PDF澶辫触
Error: Invalid argument(s): Failed to lookup symbol 'FPDF_InitLibraryWithConfig': None of the loaded modules contained the requested symbol 'FPDF_InitLibraryWithConfig'.
StackTrace:
#0      DynamicLibrary.lookup (dart:ffi-patch/ffi_dynamic_library_patch.dart:33:70)
#1      pdfium._FPDF_InitLibraryWithConfigPtr (package:pdfrx/src/pdfium/pdfium_bindings.dart:43:80)
#2      pdfium._FPDF_InitLibraryWithConfigPtr (package:pdfrx/src/pdfium/pdfium_bindings.dart)
#3      pdfium._FPDF_InitLibraryWithConfig (package:pdfrx/src/pdfium/pdfium_bindings.dart:45:44)
#4      pdfium._FPDF_InitLibraryWithConfig (package:pdfrx/src/pdfium/pdfium_bindings.dart)
#5      pdfium.FPDF_InitLibraryWithConfig (package:pdfrx/src/pdfium/pdfium_bindings.dart:36:12)
#6      _init.<anonymous closure> (package:pdfrx/src/pdfium/pdfrx_pdfium.dart:73:12)
#7      using (package:ffi/src/arena.dart:127:31)
#8      _init (package:pdfrx/src/pdfium/pdfrx_pdfium.dart:56:3)
#9      _PdfDocumentFactoryImpl.openFile (package:pdfrx/src/pdfium/pdfrx_pdfium.dart:126:5)
#10     PdfDocument.openFile (package:pdfrx/src/pdf_api.dart:191:37)
#11     PdfService.parsePdfFile (package:zhidu/services/pdf_service.dart:92:42)
#12     main.<anonymous closure>.<anonymous closure>.<anonymous closure> (file:///D:/Projects/zhidu/test/services/pdf_service_test.dart:495:40)
<asynchronous suspension>
#13     Declarer.test.<anonymous closure>.<anonymous closure> (package:test_api/src/backend/declarer.dart:253:15)
<asynchronous suspension>
#14     Declarer.test.<anonymous closure> (package:test_api/src/backend/declarer.dart:250:11)
<asynchronous suspension>
#15     Invoker._waitForOutstandingCallbacks.<anonymous closure> (package:test_api/src/backend/invoker.dart:318:9)
<asynchronous suspension>

  parsePdfFile returned null
00:35 +719 ~11 -10: D:/Projects/zhidu/test/services/settings_service_test.dart: SettingsService singleton should return same instance
00:35 +720 ~11 -10: D:/Projects/zhidu/test/services/book_service_file_import_test.dart: BookService real file import deleteBook updates books index after deletion
00:35 +720 ~11 -10: D:/Projects/zhidu/test/services/pdf_service_test.dart: PdfService PDF fixture chapter detection tests english_chapters.pdf should detect English chapter patterns
[2026-04-15 20:44:31.174] DEBUG   [PdfService] 寮€濮嬭В鏋怭DF: D:\Projects\zhidu\test\fixtures\english_chapters.pdf
[2026-04-15 20:44:31.177] ERROR   [PdfService] 瑙ｆ瀽PDF澶辫触
Error: Invalid argument(s): Failed to lookup symbol 'FPDF_InitLibraryWithConfig': None of the loaded modules contained the requested symbol 'FPDF_InitLibraryWithConfig'.
StackTrace:
#0      DynamicLibrary.lookup (dart:ffi-patch/ffi_dynamic_library_patch.dart:33:70)
#1      pdfium._FPDF_InitLibraryWithConfigPtr (package:pdfrx/src/pdfium/pdfium_bindings.dart:43:80)
#2      pdfium._FPDF_InitLibraryWithConfigPtr (package:pdfrx/src/pdfium/pdfium_bindings.dart)
#3      pdfium._FPDF_InitLibraryWithConfig (package:pdfrx/src/pdfium/pdfium_bindings.dart:45:44)
#4      pdfium._FPDF_InitLibraryWithConfig (package:pdfrx/src/pdfium/pdfium_bindings.dart)
#5      pdfium.FPDF_InitLibraryWithConfig (package:pdfrx/src/pdfium/pdfium_bindings.dart:36:12)
#6      _init.<anonymous closure> (package:pdfrx/src/pdfium/pdfrx_pdfium.dart:73:12)
#7      using (package:ffi/src/arena.dart:127:31)
#8      _init (package:pdfrx/src/pdfium/pdfrx_pdfium.dart:56:3)
#9      _PdfDocumentFactoryImpl.openFile (package:pdfrx/src/pdfium/pdfrx_pdfium.dart:126:5)
#10     PdfDocument.openFile (package:pdfrx/src/pdf_api.dart:191:37)
#11     PdfService.parsePdfFile (package:zhidu/services/pdf_service.dart:92:42)
#12     main.<anonymous closure>.<anonymous closure>.<anonymous closure> (file:///D:/Projects/zhidu/test/services/pdf_service_test.dart:516:40)
<asynchronous suspension>
#13     Declarer.test.<anonymous closure>.<anonymous closure> (package:test_api/src/backend/declarer.dart:253:15)
<asynchronous suspension>
#14     Declarer.test.<anonymous closure> (package:test_api/src/backend/declarer.dart:250:11)
<asynchronous suspension>
#15     Invoker._waitForOutstandingCallbacks.<anonymous closure> (package:test_api/src/backend/invoker.dart:318:9)
<asynchronous suspension>

  parsePdfFile returned null
00:35 +720 ~12 -10: D:/Projects/zhidu/test/services/book_service_file_import_test.dart: BookService real file import deleteBook updates books index after deletion
Package file_picker:linux references file_picker:linux as the default plugin, but it does not provide an inline impleme
ntation.
Ask the maintainers of file_picker to either avoid referencing a default implementation via `platforms: linux: default_
package: file_picker` or add an inline implementation to file_picker via `platforms: linux:` `pluginClass` or `dartPlug
inClass`.

Package file_picker:macos references file_picker:macos as the default plugin, but it does not provide an inline impleme
ntation.
Ask the maintainers of file_picker to either avoid referencing a default implementation via `platforms: macos: default_
package: file_picker` or add an inline implementation to file_picker via `platforms: macos:` `pluginClass` or `dartPlug
inClass`.

Package file_picker:windows references file_picker:windows as the default plugin, but it does not provide an inline imp
lementation.
Ask the maintainers of file_picker to either avoid referencing a default implementation via `platforms: windows: defaul
t_package: file_picker` or add an inline implementation to file_picker via `platforms: windows:` `pluginClass` or `dart
PluginClass`.

00:35 +720 ~12 -10: D:/Projects/zhidu/test/services/pdf_service_test.dart: PdfService PDF fixture chapter detection tests no_chapters.pdf should return 0 or default chapters
[2026-04-15 20:44:31.192] DEBUG   [PdfService] 寮€濮嬭В鏋怭DF: D:\Projects\zhidu\test\fixtures\no_chapters.pdf
[2026-04-15 20:44:31.194] ERROR   [PdfService] 瑙ｆ瀽PDF澶辫触
Error: Invalid argument(s): Failed to lookup symbol 'FPDF_InitLibraryWithConfig': None of the loaded modules contained the requested symbol 'FPDF_InitLibraryWithConfig'.
StackTrace:
#0      DynamicLibrary.lookup (dart:ffi-patch/ffi_dynamic_library_patch.dart:33:70)
#1      pdfium._FPDF_InitLibraryWithConfigPtr (package:pdfrx/src/pdfium/pdfium_bindings.dart:43:80)
#2      pdfium._FPDF_InitLibraryWithConfigPtr (package:pdfrx/src/pdfium/pdfium_bindings.dart)
#3      pdfium._FPDF_InitLibraryWithConfig (package:pdfrx/src/pdfium/pdfium_bindings.dart:45:44)
#4      pdfium._FPDF_InitLibraryWithConfig (package:pdfrx/src/pdfium/pdfium_bindings.dart)
#5      pdfium.FPDF_InitLibraryWithConfig (package:pdfrx/src/pdfium/pdfium_bindings.dart:36:12)
#6      _init.<anonymous closure> (package:pdfrx/src/pdfium/pdfrx_pdfium.dart:73:12)
#7      using (package:ffi/src/arena.dart:127:31)
#8      _init (package:pdfrx/src/pdfium/pdfrx_pdfium.dart:56:3)
#9      _PdfDocumentFactoryImpl.openFile (package:pdfrx/src/pdfium/pdfrx_pdfium.dart:126:5)
#10     PdfDocument.openFile (package:pdfrx/src/pdf_api.dart:191:37)
#11     PdfService.parsePdfFile (package:zhidu/services/pdf_service.dart:92:42)
#12     main.<anonymous closure>.<anonymous closure>.<anonymous closure> (file:///D:/Projects/zhidu/test/services/pdf_service_test.dart:536:40)
<asynchronous suspension>
#13     Declarer.test.<anonymous closure>.<anonymous closure> (package:test_api/src/backend/declarer.dart:253:15)
<asynchronous suspension>
#14     Declarer.test.<anonymous closure> (package:test_api/src/backend/declarer.dart:250:11)
<asynchronous suspension>
#15     Invoker._waitForOutstandingCallbacks.<anonymous closure> (package:test_api/src/backend/invoker.dart:318:9)
<asynchronous suspension>

  parsePdfFile returned null
00:35 +720 ~13 -10: D:/Projects/zhidu/test/services/book_service_file_import_test.dart: BookService real file import deleteBook updates books index after deletion
00:35 +720 ~13 -10: D:/Projects/zhidu/test/services/settings_service_test.dart: SettingsService singleton resetForTest should reset instance state
[2026-04-15 20:44:31.201] INFO    [SettingsService] 寮€濮嬪垵濮嬪寲璁剧疆鏈嶅姟
[2026-04-15 20:44:31.239] INFO    [SettingsService] 璁剧疆鏂囦欢涓嶅瓨鍦紝浣跨敤榛樿璁剧疆
[2026-04-15 20:44:31.248] INFO    [SettingsService] 璁剧疆鏈嶅姟鍒濆鍖栧畬鎴?[2026-04-15 20:44:31.280] DEBUG   [SettingsService] 璁剧疆宸蹭繚瀛樺埌: C:\Users\jjzha\AppData\Local\Temp/zhidu_settings_test_1776257071181/settings.json
[2026-04-15 20:44:31.281] INFO    [SettingsService] 涓婚璁剧疆宸叉洿鏂? mode=dark
[2026-04-15 20:44:31.289] INFO    [SettingsService] 寮€濮嬪垵濮嬪寲璁剧疆鏈嶅姟
[2026-04-15 20:44:31.293] INFO    [SettingsService] 璁剧疆鏂囦欢涓嶅瓨鍦紝浣跨敤榛樿璁剧疆
[2026-04-15 20:44:31.293] INFO    [SettingsService] 璁剧疆鏈嶅姟鍒濆鍖栧畬鎴?00:35 +721 ~13 -10: D:/Projects/zhidu/test/services/book_service_file_import_test.dart: BookService real file import deleteBook updates books index after deletion
00:35 +721 ~13 -10: D:/Projects/zhidu/test/services/settings_service_test.dart: SettingsService initialization init() creates default settings if file does not exist
[2026-04-15 20:44:31.328] INFO    [SettingsService] 寮€濮嬪垵濮嬪寲璁剧疆鏈嶅姟
[2026-04-15 20:44:31.331] INFO    [SettingsService] 璁剧疆鏂囦欢涓嶅瓨鍦紝浣跨敤榛樿璁剧疆
[2026-04-15 20:44:31.332] INFO    [SettingsService] 璁剧疆鏈嶅姟鍒濆鍖栧畬鎴?00:35 +722 ~13 -10: D:/Projects/zhidu/test/services/book_service_file_import_test.dart: BookService real file import deleteBook updates books index after deletion
00:35 +722 ~13 -10: D:/Projects/zhidu/test/services/settings_service_test.dart: SettingsService initialization init() loads existing settings from file
[2026-04-15 20:44:31.355] INFO    [SettingsService] 寮€濮嬪垵濮嬪寲璁剧疆鏈嶅姟
[2026-04-15 20:44:31.399] INFO    [SettingsService] 宸插姞杞借缃枃浠? C:\Users\jjzha\AppData\Local\Temp/zhidu_settings_test_1776257071348/settings.json
[2026-04-15 20:44:31.401] INFO    [SettingsService] 璁剧疆鏈嶅姟鍒濆鍖栧畬鎴?00:35 +723 ~13 -10: D:/Projects/zhidu/test/services/book_service_file_import_test.dart: BookService real file import deleteBook updates books index after deletion
00:35 +723 ~13 -10: D:/Projects/zhidu/test/services/settings_service_test.dart: SettingsService initialization init() handles corrupted JSON gracefully
[2026-04-15 20:44:31.426] INFO    [SettingsService] 寮€濮嬪垵濮嬪寲璁剧疆鏈嶅姟
[2026-04-15 20:44:31.434] ERROR   [SettingsService] 瑙ｆ瀽璁剧疆鏂囦欢澶辫触锛屼娇鐢ㄩ粯璁よ缃?Error: FormatException: Unexpected character (at character 1)
not valid json {[
^

[2026-04-15 20:44:31.435] INFO    [SettingsService] 璁剧疆鏈嶅姟鍒濆鍖栧畬鎴?00:35 +724 ~13 -10: D:/Projects/zhidu/test/services/book_service_file_import_test.dart: BookService real file import deleteBook updates books index after deletion
00:35 +724 ~13 -10: D:/Projects/zhidu/test/services/settings_service_test.dart: SettingsService initialization init() handles empty file gracefully
[2026-04-15 20:44:31.460] INFO    [SettingsService] 寮€濮嬪垵濮嬪寲璁剧疆鏈嶅姟
00:35 +724 ~13 -10: D:/Projects/zhidu/test/services/book_service_file_import_test.dart: BookService real file import deleteBook updates books index after deletion
[2026-04-15 20:44:31.136] DEBUG   [EpubService] 璇诲彇鏂囦欢瀛楄妭...
[2026-04-15 20:44:31.148] DEBUG   [EpubService] 鏂囦欢澶у皬: 995199 bytes
[2026-04-15 20:44:31.148] DEBUG   [EpubService] 瑙ｆ瀽EPUB缁撴瀯...
00:35 +724 ~13 -10: D:/Projects/zhidu/test/services/settings_service_test.dart: SettingsService initialization init() handles empty file gracefully
[2026-04-15 20:44:31.469] ERROR   [SettingsService] 瑙ｆ瀽璁剧疆鏂囦欢澶辫触锛屼娇鐢ㄩ粯璁よ缃?Error: FormatException: Unexpected end of input (at character 1)

^

00:35 +724 ~13 -10: D:/Projects/zhidu/test/services/book_service_file_import_test.dart: BookService real file import deleteBook updates books index after deletion
[2026-04-15 20:44:31.298] ERROR   [EpubService] 浣跨敤EpubReader瑙ｆ瀽澶辫触
Error: Exception: Incorrect EPUB manifest: item with href = "cover.jpg" is missing.
00:35 +724 ~13 -10: D:/Projects/zhidu/test/services/settings_service_test.dart: SettingsService initialization init() handles empty file gracefully
[2026-04-15 20:44:31.473] INFO    [SettingsService] 璁剧疆鏈嶅姟鍒濆鍖栧畬鎴?00:35 +724 ~13 -10: D:/Projects/zhidu/test/services/book_service_file_import_test.dart: BookService real file import deleteBook updates books index after deletion
[2026-04-15 20:44:31.298] ERROR   [EpubService] 鍫嗘爤
Error: #0      BookCoverReader.readBookCover (package:epub_plus/src/readers/book_cover_reader.dart:36:7)
#1      EpubBookRef.readCover (package:epub_plus/src/ref_entities/epub_book_ref.dart:56:34)
#2      EpubReader.readBook (package:epub_plus/src/epub_reader.dart:102:42)
<asynchronous suspension>
#3      EpubService.parseEpubFile (package:zhidu/services/epub_service.dart:104:26)
<asynchronous suspension>
#4      BookService.importBookFromPath (package:zhidu/services/book_service.dart:184:16)
<asynchronous suspension>
#5      main.<anonymous closure>.<anonymous closure>.<anonymous closure> (file:///D:/Projects/zhidu/test/services/book_service_file_import_test.dart:234:22)
<asynchronous suspension>
#6      Declarer.test.<anonymous closure>.<anonymous closure> (package:test_api/src/backend/declarer.dart:253:15)
<asynchronous suspension>
#7      Declarer.test.<anonymous closure> (package:test_api/src/backend/declarer.dart:250:11)
<asynchronous suspension>
#8      Invoker._waitForOutstandingCallbacks.<anonymous closure> (package:test_api/src/backend/invoker.dart:318:9)
<asynchronous suspension>

[2026-04-15 20:44:31.298] DEBUG   [EpubService] 灏濊瘯浣跨敤archive鐩存帴瑙ｆ瀽EPUB...
00:35 +725 ~13 -10: D:/Projects/zhidu/test/services/book_service_file_import_test.dart: BookService real file import deleteBook updates books index after deletion
[2026-04-15 20:44:31.298] VERBOSE [EpubService] _parseContainerXml 寮€濮嬫墽琛? archive files count: 30
[2026-04-15 20:44:31.300] DEBUG   [EpubService] OPF 鏂囦欢璺緞: EPUB/content.opf
[2026-04-15 20:44:31.300] DEBUG   [EpubService] 浠巆ontainer.xml鑾峰彇鏍囬: null
[2026-04-15 20:44:31.300] DEBUG   [EpubService] 浠巆ontainer.xml鑾峰彇浣滆€? null
[2026-04-15 20:44:31.300] VERBOSE [EpubService] _parseOpfFile 寮€濮嬫墽琛? archive files count: 30
[2026-04-15 20:44:31.300] VERBOSE [EpubService] _parseContainerXml 寮€濮嬫墽琛? archive files count: 30
[2026-04-15 20:44:31.301] DEBUG   [EpubService] OPF 鏂囦欢璺緞: EPUB/content.opf
[2026-04-15 20:44:31.306] DEBUG   [EpubService] OPF 瑙ｆ瀽缁撴灉 - 鏍囬: Vibe Coding AI 缂栫▼瀹屽叏鎵嬪唽, 浣滆€? 璋槦鏄?钁?[2026-04-15 20:44:31.306] DEBUG   [EpubService] 浠嶰PF鑾峰彇鏍囬: Vibe Coding AI 缂栫▼瀹屽叏鎵嬪唽
[2026-04-15 20:44:31.314] DEBUG   [EpubService] 浠嶰PF鑾峰彇浣滆€? 璋槦鏄?钁?[2026-04-15 20:44:31.314] VERBOSE [EpubService] _parseNavigationFile 寮€濮嬫墽琛? archive files count: 30
[2026-04-15 20:44:31.316] DEBUG   [EpubService] 浠庡鑸枃浠惰В鏋愬埌 0 涓珷鑺?[2026-04-15 20:44:31.316] DEBUG   [EpubService] 浠庡鑸枃浠惰幏鍙栫珷鑺傛暟: 0
[2026-04-15 20:44:31.316] DEBUG   [EpubService] 鏈€缁堜功鍚? Vibe Coding AI 缂栫▼瀹屽叏鎵嬪唽
[2026-04-15 20:44:31.316] DEBUG   [EpubService] 鏈€缁堜綔鑰? 璋槦鏄?钁?00:35 +725 ~13 -10: D:/Projects/zhidu/test/services/settings_service_test.dart: SettingsService initialization init() initializes ValueNotifiers with settings values
[2026-04-15 20:44:31.514] INFO    [SettingsService] 寮€濮嬪垵濮嬪寲璁剧疆鏈嶅姟
00:35 +725 ~13 -10: D:/Projects/zhidu/test/services/book_service_file_import_test.dart: BookService real file import deleteBook updates books index after deletion
[2026-04-15 20:44:31.316] VERBOSE [EpubService] _extractCover 寮€濮嬫墽琛? bytes length: 995199, bookId: 53d4e5d2-d266-4510-9402-801db4b17825
[2026-04-15 20:44:31.317] DEBUG   [EpubService] 寮€濮嬫彁鍙栧皝闈?..
[2026-04-15 20:44:31.464] ERROR   [EpubService] 鎻愬彇灏侀潰澶辫触
Error: Exception: Incorrect EPUB manifest: item with href = "cover.jpg" is missing.
[2026-04-15 20:44:31.465] ERROR   [EpubService] 鍫嗘爤
Error: #0      BookCoverReader.readBookCover (package:epub_plus/src/readers/book_cover_reader.dart:36:7)
#1      EpubBookRef.readCover (package:epub_plus/src/ref_entities/epub_book_ref.dart:56:34)
#2      EpubReader.readBook (package:epub_plus/src/epub_reader.dart:102:42)
<asynchronous suspension>
#3      EpubService._extractCover (package:zhidu/services/epub_service.dart:561:24)
<asynchronous suspension>
#4      EpubService.parseEpubFile (package:zhidu/services/epub_service.dart:181:21)
<asynchronous suspension>
#5      BookService.importBookFromPath (package:zhidu/services/book_service.dart:184:16)
<asynchronous suspension>
#6      main.<anonymous closure>.<anonymous closure>.<anonymous closure> (file:///D:/Projects/zhidu/test/services/book_service_file_import_test.dart:234:22)
<asynchronous suspension>
#7      Declarer.test.<anonymous closure>.<anonymous closure> (package:test_api/src/backend/declarer.dart:253:15)
<asynchronous suspension>
#8      Declarer.test.<anonymous closure> (package:test_api/src/backend/declarer.dart:250:11)
<asynchronous suspension>
#9      Invoker._waitForOutstandingCallbacks.<anonymous closure> (package:test_api/src/backend/invoker.dart:318:9)
<asynchronous suspension>

00:35 +725 ~13 -10: D:/Projects/zhidu/test/services/settings_service_test.dart: SettingsService initialization init() initializes ValueNotifiers with settings values
[2026-04-15 20:44:31.517] INFO    [SettingsService] 璁剧疆鏂囦欢涓嶅瓨鍦紝浣跨敤榛樿璁剧疆
[2026-04-15 20:44:31.518] INFO    [SettingsService] 璁剧疆鏈嶅姟鍒濆鍖栧畬鎴?00:35 +725 ~13 -10: D:/Projects/zhidu/test/services/book_service_file_import_test.dart: BookService real file import deleteBook updates books index after deletion
[2026-04-15 20:44:31.465] DEBUG   [EpubService] 灏濊瘯浠巃rchive鏌ユ壘灏侀潰...
00:35 +726 ~13 -10: D:/Projects/zhidu/test/services/book_service_file_import_test.dart: BookService real file import deleteBook updates books index after deletion
[2026-04-15 20:44:31.466] VERBOSE [EpubService] _extractCoverFromArchive 寮€濮嬫墽琛? bytes length: 995199, bookId: 53d4e5d2-d266-4510-9402-801db4b17825
[2026-04-15 20:44:31.494] DEBUG   [EpubService] 灏侀潰淇濆瓨鎴愬姛: C:\Users\jjzha\AppData\Local\Temp/zhidu_book_test_1776257071119\zhidu\books\53d4e5d2-d266-4510-9402-801db4b17825\cover.jpg
[2026-04-15 20:44:31.494] DEBUG   [EpubService] 灏侀潰璺緞: C:\Users\jjzha\AppData\Local\Temp/zhidu_book_test_1776257071119\zhidu\books\53d4e5d2-d266-4510-9402-801db4b17825\cover.jpg
[2026-04-15 20:44:31.494] DEBUG   [BookService] EPUB瑙ｆ瀽缁撴灉: Vibe Coding AI 缂栫▼瀹屽叏鎵嬪唽
[2026-04-15 20:44:31.525] INFO    [BookService] 涔︾睄瀵煎叆鎴愬姛: Vibe Coding AI 缂栫▼瀹屽叏鎵嬪唽
[2026-04-15 20:44:31.526] DEBUG   [BookService] 鍒犻櫎涔︾睄: 53d4e5d2-d266-4510-9402-801db4b17825
00:35 +726 ~13 -10: D:/Projects/zhidu/test/services/settings_service_test.dart: SettingsService AI settings updates updateAiSettings() saves and notifies
[2026-04-15 20:44:31.535] INFO    [SettingsService] 寮€濮嬪垵濮嬪寲璁剧疆鏈嶅姟
00:35 +726 ~13 -10: D:/Projects/zhidu/test/services/book_service_file_import_test.dart: BookService real file import deleteBook updates books index after deletion
[2026-04-15 20:44:31.542] INFO    [BookService] 涔︾睄鍒犻櫎鎴愬姛: Vibe Coding AI 缂栫▼瀹屽叏鎵嬪唽
00:35 +726 ~13 -10: D:/Projects/zhidu/test/services/settings_service_test.dart: SettingsService AI settings updates updateAiSettings() saves and notifies
[2026-04-15 20:44:31.540] INFO    [SettingsService] 璁剧疆鏂囦欢涓嶅瓨鍦紝浣跨敤榛樿璁剧疆
[2026-04-15 20:44:31.541] INFO    [SettingsService] 璁剧疆鏈嶅姟鍒濆鍖栧畬鎴?[2026-04-15 20:44:31.549] DEBUG   [SettingsService] 璁剧疆宸蹭繚瀛樺埌: C:\Users\jjzha\AppData\Local\Temp/zhidu_settings_test_1776257071532/settings.json
[2026-04-15 20:44:31.549] INFO    [SettingsService] AI璁剧疆宸叉洿鏂? provider=zhipu
00:35 +727 ~13 -10: D:/Projects/zhidu/test/screens/settings_screen_test.dart: SettingsScreen Widget Tests list tile interaction tests export tile is tappable
00:35 +728 ~13 -10: D:/Projects/zhidu/test/screens/settings_screen_test.dart: SettingsScreen Widget Tests list tile interaction tests export tile is tappable
00:35 +728 ~13 -10: D:/Projects/zhidu/test/services/book_service_file_import_test.dart: BookService real file import searchBooks searches by title
[2026-04-15 20:44:31.580] VERBOSE [BookService] init 寮€濮嬫墽琛?00:35 +728 ~13 -10: D:/Projects/zhidu/test/services/settings_service_test.dart: SettingsService AI settings updates updateAiSettings() preserves other settings
[2026-04-15 20:44:31.581] INFO    [SettingsService] 寮€濮嬪垵濮嬪寲璁剧疆鏈嶅姟
00:35 +728 ~13 -10: D:/Projects/zhidu/test/services/book_service_file_import_test.dart: BookService real file import searchBooks searches by title
[2026-04-15 20:44:31.586] VERBOSE [FileStorageService] 鏂囦欢涓嶅瓨鍦? C:\Users\jjzha\AppData\Local\Temp/zhidu_book_test_1776257071574\zhidu\books.json
00:35 +728 ~13 -10: D:/Projects/zhidu/test/services/settings_service_test.dart: SettingsService AI settings updates updateAiSettings() preserves other settings
[2026-04-15 20:44:31.584] INFO    [SettingsService] 璁剧疆鏂囦欢涓嶅瓨鍦紝浣跨敤榛樿璁剧疆
00:35 +728 ~13 -10: D:/Projects/zhidu/test/services/book_service_file_import_test.dart: BookService real file import searchBooks searches by title
[2026-04-15 20:44:31.589] VERBOSE [BookService] init 鎵ц瀹屾垚, 鍔犺浇涔︾睄鏁伴噺: 0
00:35 +728 ~13 -10: D:/Projects/zhidu/test/services/settings_service_test.dart: SettingsService AI settings updates updateAiSettings() preserves other settings
[2026-04-15 20:44:31.584] INFO    [SettingsService] 璁剧疆鏈嶅姟鍒濆鍖栧畬鎴?00:35 +728 ~13 -10: D:/Projects/zhidu/test/services/book_service_file_import_test.dart: BookService real file import searchBooks searches by title
[2026-04-15 20:44:31.591] VERBOSE [BookService] importBookFromPath 寮€濮嬫墽琛? D:\Projects\zhidu\test\Vibe Coding AI Bian Cheng Wan Q - Tan Xing Xing.epub
00:35 +728 ~13 -10: D:/Projects/zhidu/test/services/settings_service_test.dart: SettingsService AI settings updates updateAiSettings() preserves other settings
[2026-04-15 20:44:31.592] DEBUG   [SettingsService] 璁剧疆宸蹭繚瀛樺埌: C:\Users\jjzha\AppData\Local\Temp/zhidu_settings_test_1776257071576/settings.json
00:35 +728 ~13 -10: D:/Projects/zhidu/test/services/book_service_file_import_test.dart: BookService real file import searchBooks searches by title
[2026-04-15 20:44:31.592] DEBUG   [BookService] 寮€濮嬪鍏ヤ功绫? D:\Projects\zhidu\test\Vibe Coding AI Bian Cheng Wan Q - Tan Xing Xing.epub
[2026-04-15 20:44:31.592] DEBUG   [BookService] 寮€濮嬭В鏋怑PUB...
[2026-04-15 20:44:31.592] VERBOSE [EpubService] parseEpubFile 寮€濮嬫墽琛? filePath: D:\Projects\zhidu\test\Vibe Coding AI Bian Cheng Wan Q - Tan Xing Xing.epub
[2026-04-15 20:44:31.592] DEBUG   [EpubService] 寮€濮嬭В鏋愭枃浠?D:\Projects\zhidu\test\Vibe Coding AI Bian Cheng Wan Q - Tan Xing Xing.epub
[2026-04-15 20:44:31.594] DEBUG   [EpubService] 璇诲彇鏂囦欢瀛楄妭...
00:36 +728 ~13 -10: D:/Projects/zhidu/test/services/settings_service_test.dart: SettingsService AI settings updates updateAiSettings() preserves other settings
[2026-04-15 20:44:31.592] INFO    [SettingsService] 涓婚璁剧疆宸叉洿鏂? mode=dark
[2026-04-15 20:44:31.599] DEBUG   [SettingsService] 璁剧疆宸蹭繚瀛樺埌: C:\Users\jjzha\AppData\Local\Temp/zhidu_settings_test_1776257071576/settings.json
[2026-04-15 20:44:31.599] INFO    [SettingsService] AI璁剧疆宸叉洿鏂? provider=zhipu
00:36 +729 ~13 -10: D:/Projects/zhidu/test/screens/settings_screen_test.dart: SettingsScreen Widget Tests list tile interaction tests export tile is tappable
00:36 +729 ~13 -10: D:/Projects/zhidu/test/services/settings_service_test.dart: SettingsService theme settings updates updateThemeSettings() saves and notifies
[2026-04-15 20:44:31.622] INFO    [SettingsService] 寮€濮嬪垵濮嬪寲璁剧疆鏈嶅姟
[2026-04-15 20:44:31.627] INFO    [SettingsService] 璁剧疆鏂囦欢涓嶅瓨鍦紝浣跨敤榛樿璁剧疆
[2026-04-15 20:44:31.629] INFO    [SettingsService] 璁剧疆鏈嶅姟鍒濆鍖栧畬鎴?[2026-04-15 20:44:31.632] DEBUG   [SettingsService] 璁剧疆宸蹭繚瀛樺埌: C:\Users\jjzha\AppData\Local\Temp/zhidu_settings_test_1776257071617/settings.json
[2026-04-15 20:44:31.633] INFO    [SettingsService] 涓婚璁剧疆宸叉洿鏂? mode=dark
00:36 +730 ~13 -10: D:/Projects/zhidu/test/screens/settings_screen_test.dart: SettingsScreen Widget Tests list tile interaction tests export tile is tappable
00:36 +730 ~13 -10: D:/Projects/zhidu/test/services/settings_service_test.dart: SettingsService theme settings updates setThemeMode() is a convenience method for updating theme
[2026-04-15 20:44:31.662] INFO    [SettingsService] 寮€濮嬪垵濮嬪寲璁剧疆鏈嶅姟
[2026-04-15 20:44:31.666] INFO    [SettingsService] 璁剧疆鏂囦欢涓嶅瓨鍦紝浣跨敤榛樿璁剧疆
[2026-04-15 20:44:31.667] INFO    [SettingsService] 璁剧疆鏈嶅姟鍒濆鍖栧畬鎴?[2026-04-15 20:44:31.678] DEBUG   [SettingsService] 璁剧疆宸蹭繚瀛樺埌: C:\Users\jjzha\AppData\Local\Temp/zhidu_settings_test_1776257071656/settings.json
[2026-04-15 20:44:31.679] INFO    [SettingsService] 涓婚璁剧疆宸叉洿鏂? mode=light
[2026-04-15 20:44:31.684] DEBUG   [SettingsService] 璁剧疆宸蹭繚瀛樺埌: C:\Users\jjzha\AppData\Local\Temp/zhidu_settings_test_1776257071656/settings.json
[2026-04-15 20:44:31.684] INFO    [SettingsService] 涓婚璁剧疆宸叉洿鏂? mode=dark
00:36 +731 ~13 -10: D:/Projects/zhidu/test/screens/settings_screen_test.dart: SettingsScreen Widget Tests list tile interaction tests export tile is tappable
00:36 +731 ~13 -10: D:/Projects/zhidu/test/services/settings_service_test.dart: SettingsService theme settings updates setThemeMode() to system mode
[2026-04-15 20:44:31.712] INFO    [SettingsService] 寮€濮嬪垵濮嬪寲璁剧疆鏈嶅姟
[2026-04-15 20:44:31.714] INFO    [SettingsService] 璁剧疆鏂囦欢涓嶅瓨鍦紝浣跨敤榛樿璁剧疆
[2026-04-15 20:44:31.714] INFO    [SettingsService] 璁剧疆鏈嶅姟鍒濆鍖栧畬鎴?[2026-04-15 20:44:31.722] DEBUG   [SettingsService] 璁剧疆宸蹭繚瀛樺埌: C:\Users\jjzha\AppData\Local\Temp/zhidu_settings_test_1776257071706/settings.json
[2026-04-15 20:44:31.724] INFO    [SettingsService] 涓婚璁剧疆宸叉洿鏂? mode=system
00:36 +732 ~13 -10: D:/Projects/zhidu/test/screens/settings_screen_test.dart: SettingsScreen Widget Tests list tile interaction tests export tile is tappable
00:36 +732 ~13 -10: D:/Projects/zhidu/test/services/settings_service_test.dart: SettingsService storage settings updates updateStorageSettings() saves and notifies
[2026-04-15 20:44:31.752] INFO    [SettingsService] 寮€濮嬪垵濮嬪寲璁剧疆鏈嶅姟
[2026-04-15 20:44:31.758] INFO    [SettingsService] 璁剧疆鏂囦欢涓嶅瓨鍦紝浣跨敤榛樿璁剧疆
[2026-04-15 20:44:31.758] INFO    [SettingsService] 璁剧疆鏈嶅姟鍒濆鍖栧畬鎴?[2026-04-15 20:44:31.769] DEBUG   [SettingsService] 璁剧疆宸蹭繚瀛樺埌: C:\Users\jjzha\AppData\Local\Temp/zhidu_settings_test_1776257071746/settings.json
[2026-04-15 20:44:31.771] INFO    [SettingsService] 瀛樺偍璁剧疆宸叉洿鏂?00:36 +733 ~13 -10: D:/Projects/zhidu/test/screens/settings_screen_test.dart: SettingsScreen Widget Tests list tile interaction tests export tile is tappable
00:36 +733 ~13 -10: D:/Projects/zhidu/test/services/settings_service_test.dart: SettingsService storage settings updates updateStorageSettings() with null directories
[2026-04-15 20:44:31.824] INFO    [SettingsService] 寮€濮嬪垵濮嬪寲璁剧疆鏈嶅姟
[2026-04-15 20:44:31.828] INFO    [SettingsService] 璁剧疆鏂囦欢涓嶅瓨鍦紝浣跨敤榛樿璁剧疆
[2026-04-15 20:44:31.828] INFO    [SettingsService] 璁剧疆鏈嶅姟鍒濆鍖栧畬鎴?00:36 +733 ~13 -10: D:/Projects/zhidu/test/screens/settings_screen_test.dart: SettingsScreen Widget Tests list tile interaction tests export tile is tappable
鈺愨晲鈺?EXCEPTION CAUGHT BY FLUTTER TEST FRAMEWORK 鈺炩晲鈺愨晲鈺愨晲鈺愨晲鈺愨晲鈺愨晲鈺愨晲鈺愨晲鈺愨晲鈺愨晲鈺愨晲鈺愨晲鈺愨晲鈺愨晲鈺愨晲鈺愨晲鈺愨晲鈺愨晲鈺愨晲鈺愨晲鈺愨晲鈺愨晲鈺愨晲鈺愨晲鈺愨晲鈺愨晲鈺?The following TestFailure was thrown running a test:
Expected: exactly one matching candidate
  Actual: _AncestorWidgetFinder:<Found 0 widgets with type "ListTile" that are ancestors of widgets
with text "瀵煎嚭涔︾睄鎽樿": []>
   Which: means none were found but one was expected

When the exception was thrown, this was the stack:
#4      main.<anonymous closure>.<anonymous closure>.<anonymous closure> (file:///D:/Projects/zhidu/test/screens/settings_screen_test.dart:273:9)
<asynchronous suspension>
#5      testWidgets.<anonymous closure>.<anonymous closure> (package:flutter_test/src/widget_tester.dart:192:15)
<asynchronous suspension>
#6      TestWidgetsFlutterBinding._runTestBody (package:flutter_test/src/binding.dart:1682:5)
<asynchronous suspension>
<asynchronous suspension>
(elided one frame from package:stack_trace)

This was caught by the test expectation on the following line:
  file:///D:/Projects/zhidu/test/screens/settings_screen_test.dart line 273
The test description was:
  export tile is tappable
鈺愨晲鈺愨晲鈺愨晲鈺愨晲鈺愨晲鈺愨晲鈺愨晲鈺愨晲鈺愨晲鈺愨晲鈺愨晲鈺愨晲鈺愨晲鈺愨晲鈺愨晲鈺愨晲鈺愨晲鈺愨晲鈺愨晲鈺愨晲鈺愨晲鈺愨晲鈺愨晲鈺愨晲鈺愨晲鈺愨晲鈺愨晲鈺愨晲鈺愨晲鈺愨晲鈺愨晲鈺愨晲鈺愨晲鈺愨晲鈺愨晲鈺愨晲鈺愨晲鈺愨晲鈺愨晲鈺愨晲鈺愨晲鈺愨晲鈺愨晲鈺愨晲鈺愨晲鈺愨晲鈺愨晲鈺愨晲鈺愨晲鈺愨晲
00:36 +733 ~13 -11: D:/Projects/zhidu/test/services/book_service_file_import_test.dart: BookService real file import searchBooks searches by title
00:36 +733 ~13 -11: D:/Projects/zhidu/test/services/settings_service_test.dart: SettingsService storage settings updates updateStorageSettings() with null directories
[2026-04-15 20:44:31.833] DEBUG   [SettingsService] 璁剧疆宸蹭繚瀛樺埌: C:\Users\jjzha\AppData\Local\Temp/zhidu_settings_test_1776257071819/settings.json
[2026-04-15 20:44:31.834] INFO    [SettingsService] 瀛樺偍璁剧疆宸叉洿鏂?00:36 +734 ~13 -11: D:/Projects/zhidu/test/services/book_service_file_import_test.dart: BookService real file import searchBooks searches by title
00:36 +734 ~13 -11: D:/Projects/zhidu/test/screens/settings_screen_test.dart: SettingsScreen Widget Tests list tile interaction tests export tile is tappable [E]
  Test failed. See exception logs above.
  The test description was: export tile is tappable
  
00:36 +734 ~13 -11: D:/Projects/zhidu/test/services/settings_service_test.dart: SettingsService language settings updates updateLanguageSettings() saves and notifies
[2026-04-15 20:44:31.860] INFO    [SettingsService] 寮€濮嬪垵濮嬪寲璁剧疆鏈嶅姟
[2026-04-15 20:44:31.863] INFO    [SettingsService] 璁剧疆鏂囦欢涓嶅瓨鍦紝浣跨敤榛樿璁剧疆
[2026-04-15 20:44:31.863] INFO    [SettingsService] 璁剧疆鏈嶅姟鍒濆鍖栧畬鎴?[2026-04-15 20:44:31.868] DEBUG   [SettingsService] 璁剧疆宸蹭繚瀛樺埌: C:\Users\jjzha\AppData\Local\Temp/zhidu_settings_test_1776257071856/settings.json
[2026-04-15 20:44:31.871] INFO    [SettingsService] 璇█璁剧疆宸叉洿鏂? aiOutput=en
00:36 +735 ~13 -11: D:/Projects/zhidu/test/services/book_service_file_import_test.dart: BookService real file import searchBooks searches by title
00:36 +735 ~13 -11: D:/Projects/zhidu/test/services/settings_service_test.dart: SettingsService language settings updates updateLanguageSettings() with null manualLanguage
[2026-04-15 20:44:31.889] INFO    [SettingsService] 寮€濮嬪垵濮嬪寲璁剧疆鏈嶅姟
[2026-04-15 20:44:31.893] INFO    [SettingsService] 璁剧疆鏂囦欢涓嶅瓨鍦紝浣跨敤榛樿璁剧疆
[2026-04-15 20:44:31.894] INFO    [SettingsService] 璁剧疆鏈嶅姟鍒濆鍖栧畬鎴?[2026-04-15 20:44:31.899] DEBUG   [SettingsService] 璁剧疆宸蹭繚瀛樺埌: C:\Users\jjzha\AppData\Local\Temp/zhidu_settings_test_1776257071886/settings.json
[2026-04-15 20:44:31.900] INFO    [SettingsService] 璇█璁剧疆宸叉洿鏂? aiOutput=auto
00:36 +736 ~13 -11: D:/Projects/zhidu/test/services/book_service_file_import_test.dart: BookService real file import searchBooks searches by title
00:36 +736 ~13 -11: D:/Projects/zhidu/test/services/settings_service_test.dart: SettingsService notifier tests themeModeNotifier emits correct initial values
[2026-04-15 20:44:31.917] INFO    [SettingsService] 寮€濮嬪垵濮嬪寲璁剧疆鏈嶅姟
[2026-04-15 20:44:31.919] INFO    [SettingsService] 璁剧疆鏂囦欢涓嶅瓨鍦紝浣跨敤榛樿璁剧疆
[2026-04-15 20:44:31.920] INFO    [SettingsService] 璁剧疆鏈嶅姟鍒濆鍖栧畬鎴?00:36 +737 ~13 -11: D:/Projects/zhidu/test/services/book_service_file_import_test.dart: BookService real file import searchBooks searches by title
00:36 +737 ~13 -11: D:/Projects/zhidu/test/services/settings_service_test.dart: SettingsService notifier tests themeModeNotifier emits updates
[2026-04-15 20:44:31.938] INFO    [SettingsService] 寮€濮嬪垵濮嬪寲璁剧疆鏈嶅姟
[2026-04-15 20:44:31.941] INFO    [SettingsService] 璁剧疆鏂囦欢涓嶅瓨鍦紝浣跨敤榛樿璁剧疆
[2026-04-15 20:44:31.942] INFO    [SettingsService] 璁剧疆鏈嶅姟鍒濆鍖栧畬鎴?[2026-04-15 20:44:31.949] DEBUG   [SettingsService] 璁剧疆宸蹭繚瀛樺埌: C:\Users\jjzha\AppData\Local\Temp/zhidu_settings_test_1776257071934/settings.json
[2026-04-15 20:44:31.949] INFO    [SettingsService] 涓婚璁剧疆宸叉洿鏂? mode=dark
00:36 +737 ~13 -11: D:/Projects/zhidu/test/services/book_service_file_import_test.dart: BookService real file import searchBooks searches by title
[2026-04-15 20:44:31.603] DEBUG   [EpubService] 鏂囦欢澶у皬: 995199 bytes
00:36 +737 ~13 -11: D:/Projects/zhidu/test/services/settings_service_test.dart: SettingsService notifier tests themeModeNotifier emits updates
[2026-04-15 20:44:31.954] DEBUG   [SettingsService] 璁剧疆宸蹭繚瀛樺埌: C:\Users\jjzha\AppData\Local\Temp/zhidu_settings_test_1776257071934/settings.json
00:36 +737 ~13 -11: D:/Projects/zhidu/test/services/book_service_file_import_test.dart: BookService real file import searchBooks searches by title
[2026-04-15 20:44:31.604] DEBUG   [EpubService] 瑙ｆ瀽EPUB缁撴瀯...
00:36 +737 ~13 -11: D:/Projects/zhidu/test/services/settings_service_test.dart: SettingsService notifier tests themeModeNotifier emits updates
[2026-04-15 20:44:31.955] INFO    [SettingsService] 涓婚璁剧疆宸叉洿鏂? mode=light
00:36 +737 ~13 -11: D:/Projects/zhidu/test/services/book_service_file_import_test.dart: BookService real file import searchBooks searches by title
[2026-04-15 20:44:31.794] ERROR   [EpubService] 浣跨敤EpubReader瑙ｆ瀽澶辫触
Error: Exception: Incorrect EPUB manifest: item with href = "cover.jpg" is missing.
00:36 +738 ~13 -11: D:/Projects/zhidu/test/services/book_service_file_import_test.dart: BookService real file import searchBooks searches by title
[2026-04-15 20:44:31.794] ERROR   [EpubService] 鍫嗘爤
Error: #0      BookCoverReader.readBookCover (package:epub_plus/src/readers/book_cover_reader.dart:36:7)
#1      EpubBookRef.readCover (package:epub_plus/src/ref_entities/epub_book_ref.dart:56:34)
#2      EpubReader.readBook (package:epub_plus/src/epub_reader.dart:102:42)
<asynchronous suspension>
#3      EpubService.parseEpubFile (package:zhidu/services/epub_service.dart:104:26)
<asynchronous suspension>
#4      BookService.importBookFromPath (package:zhidu/services/book_service.dart:184:16)
<asynchronous suspension>
#5      main.<anonymous closure>.<anonymous closure>.<anonymous closure> (file:///D:/Projects/zhidu/test/services/book_service_file_import_test.dart:250:22)
<asynchronous suspension>
#6      Declarer.test.<anonymous closure>.<anonymous closure> (package:test_api/src/backend/declarer.dart:253:15)
<asynchronous suspension>
#7      Declarer.test.<anonymous closure> (package:test_api/src/backend/declarer.dart:250:11)
<asynchronous suspension>
#8      Invoker._waitForOutstandingCallbacks.<anonymous closure> (package:test_api/src/backend/invoker.dart:318:9)
<asynchronous suspension>

[2026-04-15 20:44:31.794] DEBUG   [EpubService] 灏濊瘯浣跨敤archive鐩存帴瑙ｆ瀽EPUB...
[2026-04-15 20:44:31.795] VERBOSE [EpubService] _parseContainerXml 寮€濮嬫墽琛? archive files count: 30
[2026-04-15 20:44:31.798] DEBUG   [EpubService] OPF 鏂囦欢璺緞: EPUB/content.opf
[2026-04-15 20:44:31.798] DEBUG   [EpubService] 浠巆ontainer.xml鑾峰彇鏍囬: null
[2026-04-15 20:44:31.799] DEBUG   [EpubService] 浠巆ontainer.xml鑾峰彇浣滆€? null
[2026-04-15 20:44:31.799] VERBOSE [EpubService] _parseOpfFile 寮€濮嬫墽琛? archive files count: 30
[2026-04-15 20:44:31.799] VERBOSE [EpubService] _parseContainerXml 寮€濮嬫墽琛? archive files count: 30
00:36 +738 ~13 -11: D:/Projects/zhidu/test/services/settings_service_test.dart: SettingsService notifier tests aiSettingsNotifier emits updates
[2026-04-15 20:44:31.980] INFO    [SettingsService] 寮€濮嬪垵濮嬪寲璁剧疆鏈嶅姟
00:36 +738 ~13 -11: D:/Projects/zhidu/test/services/book_service_file_import_test.dart: BookService real file import searchBooks searches by title
[2026-04-15 20:44:31.799] DEBUG   [EpubService] OPF 鏂囦欢璺緞: EPUB/content.opf
[2026-04-15 20:44:31.801] DEBUG   [EpubService] OPF 瑙ｆ瀽缁撴灉 - 鏍囬: Vibe Coding AI 缂栫▼瀹屽叏鎵嬪唽, 浣滆€? 璋槦鏄?钁?00:36 +738 ~13 -11: D:/Projects/zhidu/test/services/settings_service_test.dart: SettingsService notifier tests aiSettingsNotifier emits updates
[2026-04-15 20:44:31.982] INFO    [SettingsService] 璁剧疆鏂囦欢涓嶅瓨鍦紝浣跨敤榛樿璁剧疆
00:36 +738 ~13 -11: D:/Projects/zhidu/test/services/book_service_file_import_test.dart: BookService real file import searchBooks searches by title
[2026-04-15 20:44:31.801] DEBUG   [EpubService] 浠嶰PF鑾峰彇鏍囬: Vibe Coding AI 缂栫▼瀹屽叏鎵嬪唽
00:36 +738 ~13 -11: D:/Projects/zhidu/test/services/settings_service_test.dart: SettingsService notifier tests aiSettingsNotifier emits updates
[2026-04-15 20:44:31.983] INFO    [SettingsService] 璁剧疆鏈嶅姟鍒濆鍖栧畬鎴?00:36 +738 ~13 -11: D:/Projects/zhidu/test/services/book_service_file_import_test.dart: BookService real file import searchBooks searches by title
[2026-04-15 20:44:31.801] DEBUG   [EpubService] 浠嶰PF鑾峰彇浣滆€? 璋槦鏄?钁?[2026-04-15 20:44:31.802] VERBOSE [EpubService] _parseNavigationFile 寮€濮嬫墽琛? archive files count: 30
[2026-04-15 20:44:31.803] DEBUG   [EpubService] 浠庡鑸枃浠惰В鏋愬埌 0 涓珷鑺?00:36 +738 ~13 -11: D:/Projects/zhidu/test/services/settings_service_test.dart: SettingsService notifier tests aiSettingsNotifier emits updates
[2026-04-15 20:44:31.987] DEBUG   [SettingsService] 璁剧疆宸蹭繚瀛樺埌: C:\Users\jjzha\AppData\Local\Temp/zhidu_settings_test_1776257071972/settings.json
00:36 +738 ~13 -11: D:/Projects/zhidu/test/services/book_service_file_import_test.dart: BookService real file import searchBooks searches by title
[2026-04-15 20:44:31.803] DEBUG   [EpubService] 浠庡鑸枃浠惰幏鍙栫珷鑺傛暟: 0
[2026-04-15 20:44:31.803] DEBUG   [EpubService] 鏈€缁堜功鍚? Vibe Coding AI 缂栫▼瀹屽叏鎵嬪唽
00:36 +738 ~13 -11: D:/Projects/zhidu/test/services/settings_service_test.dart: SettingsService notifier tests aiSettingsNotifier emits updates
[2026-04-15 20:44:31.988] INFO    [SettingsService] AI璁剧疆宸叉洿鏂? provider=zhipu
[2026-04-15 20:44:31.995] DEBUG   [SettingsService] 璁剧疆宸蹭繚瀛樺埌: C:\Users\jjzha\AppData\Local\Temp/zhidu_settings_test_1776257071972/settings.json
[2026-04-15 20:44:31.997] INFO    [SettingsService] AI璁剧疆宸叉洿鏂? provider=qwen
00:36 +738 ~13 -11: D:/Projects/zhidu/test/services/book_service_file_import_test.dart: BookService real file import searchBooks searches by title
[2026-04-15 20:44:31.803] DEBUG   [EpubService] 鏈€缁堜綔鑰? 璋槦鏄?钁?00:36 +739 ~13 -11: D:/Projects/zhidu/test/services/book_service_file_import_test.dart: BookService real file import searchBooks searches by title
[2026-04-15 20:44:31.803] VERBOSE [EpubService] _extractCover 寮€濮嬫墽琛? bytes length: 995199, bookId: ac65a4a7-7389-49ed-8f28-699af657a489
[2026-04-15 20:44:31.803] DEBUG   [EpubService] 寮€濮嬫彁鍙栧皝闈?..
[2026-04-15 20:44:31.956] ERROR   [EpubService] 鎻愬彇灏侀潰澶辫触
Error: Exception: Incorrect EPUB manifest: item with href = "cover.jpg" is missing.
[2026-04-15 20:44:31.957] ERROR   [EpubService] 鍫嗘爤
Error: #0      BookCoverReader.readBookCover (package:epub_plus/src/readers/book_cover_reader.dart:36:7)
#1      EpubBookRef.readCover (package:epub_plus/src/ref_entities/epub_book_ref.dart:56:34)
#2      EpubReader.readBook (package:epub_plus/src/epub_reader.dart:102:42)
<asynchronous suspension>
#3      EpubService._extractCover (package:zhidu/services/epub_service.dart:561:24)
<asynchronous suspension>
#4      EpubService.parseEpubFile (package:zhidu/services/epub_service.dart:181:21)
<asynchronous suspension>
#5      BookService.importBookFromPath (package:zhidu/services/book_service.dart:184:16)
<asynchronous suspension>
#6      main.<anonymous closure>.<anonymous closure>.<anonymous closure> (file:///D:/Projects/zhidu/test/services/book_service_file_import_test.dart:250:22)
<asynchronous suspension>
#7      Declarer.test.<anonymous closure>.<anonymous closure> (package:test_api/src/backend/declarer.dart:253:15)
<asynchronous suspension>
#8      Declarer.test.<anonymous closure> (package:test_api/src/backend/declarer.dart:250:11)
<asynchronous suspension>
#9      Invoker._waitForOutstandingCallbacks.<anonymous closure> (package:test_api/src/backend/invoker.dart:318:9)
<asynchronous suspension>

[2026-04-15 20:44:31.958] DEBUG   [EpubService] 灏濊瘯浠巃rchive鏌ユ壘灏侀潰...
[2026-04-15 20:44:31.958] VERBOSE [EpubService] _extractCoverFromArchive 寮€濮嬫墽琛? bytes length: 995199, bookId: ac65a4a7-7389-49ed-8f28-699af657a489
[2026-04-15 20:44:31.977] DEBUG   [EpubService] 灏侀潰淇濆瓨鎴愬姛: C:\Users\jjzha\AppData\Local\Temp/zhidu_book_test_1776257071574\zhidu\books\ac65a4a7-7389-49ed-8f28-699af657a489\cover.jpg
[2026-04-15 20:44:31.977] DEBUG   [EpubService] 灏侀潰璺緞: C:\Users\jjzha\AppData\Local\Temp/zhidu_book_test_1776257071574\zhidu\books\ac65a4a7-7389-49ed-8f28-699af657a489\cover.jpg
[2026-04-15 20:44:31.979] DEBUG   [BookService] EPUB瑙ｆ瀽缁撴灉: Vibe Coding AI 缂栫▼瀹屽叏鎵嬪唽
[2026-04-15 20:44:31.998] INFO    [BookService] 涔︾睄瀵煎叆鎴愬姛: Vibe Coding AI 缂栫▼瀹屽叏鎵嬪唽
00:36 +740 ~13 -11: D:/Projects/zhidu/test/screens/settings_screen_test.dart: SettingsScreen Widget Tests list tile interaction tests backup tile is tappable
00:36 +740 ~13 -11: D:/Projects/zhidu/test/services/settings_service_test.dart: SettingsService notifier tests languageSettingsNotifier emits updates
[2026-04-15 20:44:32.022] INFO    [SettingsService] 寮€濮嬪垵濮嬪寲璁剧疆鏈嶅姟
[2026-04-15 20:44:32.025] INFO    [SettingsService] 璁剧疆鏂囦欢涓嶅瓨鍦紝浣跨敤榛樿璁剧疆
[2026-04-15 20:44:32.026] INFO    [SettingsService] 璁剧疆鏈嶅姟鍒濆鍖栧畬鎴?[2026-04-15 20:44:32.031] DEBUG   [SettingsService] 璁剧疆宸蹭繚瀛樺埌: C:\Users\jjzha\AppData\Local\Temp/zhidu_settings_test_1776257072017/settings.json
[2026-04-15 20:44:32.032] INFO    [SettingsService] 璇█璁剧疆宸叉洿鏂? aiOutput=en
00:36 +740 ~13 -11: D:/Projects/zhidu/test/services/book_service_file_import_test.dart: BookService real file import searchBooks searches by author
[2026-04-15 20:44:32.043] VERBOSE [BookService] init 寮€濮嬫墽琛?00:36 +740 ~13 -11: D:/Projects/zhidu/test/services/settings_service_test.dart: SettingsService notifier tests languageSettingsNotifier emits updates
[2026-04-15 20:44:32.037] DEBUG   [SettingsService] 璁剧疆宸蹭繚瀛樺埌: C:\Users\jjzha\AppData\Local\Temp/zhidu_settings_test_1776257072017/settings.json
[2026-04-15 20:44:32.039] INFO    [SettingsService] 璇█璁剧疆宸叉洿鏂? aiOutput=auto
00:36 +741 ~13 -11: D:/Projects/zhidu/test/screens/settings_screen_test.dart: SettingsScreen Widget Tests list tile interaction tests backup tile is tappable
00:36 +741 ~13 -11: D:/Projects/zhidu/test/services/book_service_file_import_test.dart: BookService real file import searchBooks searches by author
[2026-04-15 20:44:32.047] VERBOSE [FileStorageService] 鏂囦欢涓嶅瓨鍦? C:\Users\jjzha\AppData\Local\Temp/zhidu_book_test_1776257072036\zhidu\books.json
[2026-04-15 20:44:32.047] VERBOSE [BookService] init 鎵ц瀹屾垚, 鍔犺浇涔︾睄鏁伴噺: 0
[2026-04-15 20:44:32.048] VERBOSE [BookService] importBookFromPath 寮€濮嬫墽琛? D:\Projects\zhidu\test\Java to Kotlin_ A Refactoring G - Duncan McGregor, Nat Pryce.epub
00:36 +741 ~13 -11: D:/Projects/zhidu/test/services/settings_service_test.dart: SettingsService notifier tests storageSettingsNotifier emits updates
[2026-04-15 20:44:32.055] INFO    [SettingsService] 寮€濮嬪垵濮嬪寲璁剧疆鏈嶅姟
00:36 +741 ~13 -11: D:/Projects/zhidu/test/services/book_service_file_import_test.dart: BookService real file import searchBooks searches by author
[2026-04-15 20:44:32.049] DEBUG   [BookService] 寮€濮嬪鍏ヤ功绫? D:\Projects\zhidu\test\Java to Kotlin_ A Refactoring G - Duncan McGregor, Nat Pryce.epub
00:36 +741 ~13 -11: D:/Projects/zhidu/test/services/settings_service_test.dart: SettingsService notifier tests storageSettingsNotifier emits updates
[2026-04-15 20:44:32.060] INFO    [SettingsService] 璁剧疆鏂囦欢涓嶅瓨鍦紝浣跨敤榛樿璁剧疆
[2026-04-15 20:44:32.064] INFO    [SettingsService] 璁剧疆鏈嶅姟鍒濆鍖栧畬鎴?[2026-04-15 20:44:32.067] DEBUG   [SettingsService] 璁剧疆宸蹭繚瀛樺埌: C:\Users\jjzha\AppData\Local\Temp/zhidu_settings_test_1776257072050/settings.json
[2026-04-15 20:44:32.068] INFO    [SettingsService] 瀛樺偍璁剧疆宸叉洿鏂?[2026-04-15 20:44:32.075] DEBUG   [SettingsService] 璁剧疆宸蹭繚瀛樺埌: C:\Users\jjzha\AppData\Local\Temp/zhidu_settings_test_1776257072050/settings.json
[2026-04-15 20:44:32.075] INFO    [SettingsService] 瀛樺偍璁剧疆宸叉洿鏂?00:36 +742 ~13 -11: D:/Projects/zhidu/test/screens/settings_screen_test.dart: SettingsScreen Widget Tests list tile interaction tests backup tile is tappable
00:36 +742 ~13 -11: D:/Projects/zhidu/test/services/settings_service_test.dart: SettingsService persistence settings survive app restart (simulated)
[2026-04-15 20:44:32.096] INFO    [SettingsService] 寮€濮嬪垵濮嬪寲璁剧疆鏈嶅姟
[2026-04-15 20:44:32.098] INFO    [SettingsService] 璁剧疆鏂囦欢涓嶅瓨鍦紝浣跨敤榛樿璁剧疆
[2026-04-15 20:44:32.099] INFO    [SettingsService] 璁剧疆鏈嶅姟鍒濆鍖栧畬鎴?[2026-04-15 20:44:32.103] DEBUG   [SettingsService] 璁剧疆宸蹭繚瀛樺埌: C:\Users\jjzha\AppData\Local\Temp/zhidu_settings_test_1776257072089/settings.json
[2026-04-15 20:44:32.104] INFO    [SettingsService] AI璁剧疆宸叉洿鏂? provider=zhipu
[2026-04-15 20:44:32.113] DEBUG   [SettingsService] 璁剧疆宸蹭繚瀛樺埌: C:\Users\jjzha\AppData\Local\Temp/zhidu_settings_test_1776257072089/settings.json
[2026-04-15 20:44:32.114] INFO    [SettingsService] 涓婚璁剧疆宸叉洿鏂? mode=dark
[2026-04-15 20:44:32.114] INFO    [SettingsService] 寮€濮嬪垵濮嬪寲璁剧疆鏈嶅姟
[2026-04-15 20:44:32.119] INFO    [SettingsService] 宸插姞杞借缃枃浠? C:\Users\jjzha\AppData\Local\Temp/zhidu_settings_test_1776257072089/settings.json
[2026-04-15 20:44:32.121] INFO    [SettingsService] 璁剧疆鏈嶅姟鍒濆鍖栧畬鎴?00:36 +743 ~13 -11: D:/Projects/zhidu/test/screens/settings_screen_test.dart: SettingsScreen Widget Tests list tile interaction tests backup tile is tappable
00:36 +743 ~13 -11: D:/Projects/zhidu/test/services/settings_service_test.dart: SettingsService persistence settings persist to file after update
[2026-04-15 20:44:32.144] INFO    [SettingsService] 寮€濮嬪垵濮嬪寲璁剧疆鏈嶅姟
[2026-04-15 20:44:32.148] INFO    [SettingsService] 璁剧疆鏂囦欢涓嶅瓨鍦紝浣跨敤榛樿璁剧疆
[2026-04-15 20:44:32.148] INFO    [SettingsService] 璁剧疆鏈嶅姟鍒濆鍖栧畬鎴?[2026-04-15 20:44:32.152] DEBUG   [SettingsService] 璁剧疆宸蹭繚瀛樺埌: C:\Users\jjzha\AppData\Local\Temp/zhidu_settings_test_1776257072136/settings.json
[2026-04-15 20:44:32.153] INFO    [SettingsService] AI璁剧疆宸叉洿鏂? provider=qwen
00:36 +744 ~13 -11: D:/Projects/zhidu/test/screens/settings_screen_test.dart: SettingsScreen Widget Tests list tile interaction tests backup tile is tappable
00:36 +744 ~13 -11: D:/Projects/zhidu/test/services/settings_service_test.dart: SettingsService persistence multiple updates result in correct final state
[2026-04-15 20:44:32.182] INFO    [SettingsService] 寮€濮嬪垵濮嬪寲璁剧疆鏈嶅姟
[2026-04-15 20:44:32.184] INFO    [SettingsService] 璁剧疆鏂囦欢涓嶅瓨鍦紝浣跨敤榛樿璁剧疆
[2026-04-15 20:44:32.185] INFO    [SettingsService] 璁剧疆鏈嶅姟鍒濆鍖栧畬鎴?[2026-04-15 20:44:32.191] DEBUG   [SettingsService] 璁剧疆宸蹭繚瀛樺埌: C:\Users\jjzha\AppData\Local\Temp/zhidu_settings_test_1776257072176/settings.json
[2026-04-15 20:44:32.193] INFO    [SettingsService] 涓婚璁剧疆宸叉洿鏂? mode=dark
[2026-04-15 20:44:32.200] DEBUG   [SettingsService] 璁剧疆宸蹭繚瀛樺埌: C:\Users\jjzha\AppData\Local\Temp/zhidu_settings_test_1776257072176/settings.json
[2026-04-15 20:44:32.201] INFO    [SettingsService] 涓婚璁剧疆宸叉洿鏂? mode=light
[2026-04-15 20:44:32.208] DEBUG   [SettingsService] 璁剧疆宸蹭繚瀛樺埌: C:\Users\jjzha\AppData\Local\Temp/zhidu_settings_test_1776257072176/settings.json
[2026-04-15 20:44:32.209] INFO    [SettingsService] 涓婚璁剧疆宸叉洿鏂? mode=system
[2026-04-15 20:44:32.214] DEBUG   [SettingsService] 璁剧疆宸蹭繚瀛樺埌: C:\Users\jjzha\AppData\Local\Temp/zhidu_settings_test_1776257072176/settings.json
[2026-04-15 20:44:32.216] INFO    [SettingsService] AI璁剧疆宸叉洿鏂? provider=zhipu
[2026-04-15 20:44:32.223] DEBUG   [SettingsService] 璁剧疆宸蹭繚瀛樺埌: C:\Users\jjzha\AppData\Local\Temp/zhidu_settings_test_1776257072176/settings.json
[2026-04-15 20:44:32.224] INFO    [SettingsService] AI璁剧疆宸叉洿鏂? provider=zhipu
00:36 +745 ~13 -11: D:/Projects/zhidu/test/screens/settings_screen_test.dart: SettingsScreen Widget Tests list tile interaction tests backup tile is tappable
00:36 +745 ~13 -11: D:/Projects/zhidu/test/services/settings_service_test.dart: SettingsService reset to defaults resetToDefaults() resets all settings
[2026-04-15 20:44:32.250] INFO    [SettingsService] 寮€濮嬪垵濮嬪寲璁剧疆鏈嶅姟
[2026-04-15 20:44:32.253] INFO    [SettingsService] 璁剧疆鏂囦欢涓嶅瓨鍦紝浣跨敤榛樿璁剧疆
[2026-04-15 20:44:32.254] INFO    [SettingsService] 璁剧疆鏈嶅姟鍒濆鍖栧畬鎴?[2026-04-15 20:44:32.261] DEBUG   [SettingsService] 璁剧疆宸蹭繚瀛樺埌: C:\Users\jjzha\AppData\Local\Temp/zhidu_settings_test_1776257072242/settings.json
[2026-04-15 20:44:32.262] INFO    [SettingsService] AI璁剧疆宸叉洿鏂? provider=zhipu
[2026-04-15 20:44:32.289] DEBUG   [SettingsService] 璁剧疆宸蹭繚瀛樺埌: C:\Users\jjzha\AppData\Local\Temp/zhidu_settings_test_1776257072242/settings.json
[2026-04-15 20:44:32.290] INFO    [SettingsService] 涓婚璁剧疆宸叉洿鏂? mode=dark
[2026-04-15 20:44:32.291] DEBUG   [SettingsService] 璁剧疆宸蹭繚瀛樺埌: C:\Users\jjzha\AppData\Local\Temp/zhidu_settings_test_1776257072242/settings.json
[2026-04-15 20:44:32.291] INFO    [SettingsService] 璇█璁剧疆宸叉洿鏂? aiOutput=en
[2026-04-15 20:44:32.298] DEBUG   [SettingsService] 璁剧疆宸蹭繚瀛樺埌: C:\Users\jjzha\AppData\Local\Temp/zhidu_settings_test_1776257072242/settings.json
[2026-04-15 20:44:32.299] INFO    [SettingsService] 璁剧疆宸查噸缃负榛樿鍊?00:36 +746 ~13 -11: D:/Projects/zhidu/test/screens/settings_screen_test.dart: SettingsScreen Widget Tests list tile interaction tests backup tile is tappable
00:36 +746 ~13 -11: D:/Projects/zhidu/test/services/settings_service_test.dart: SettingsService reset to defaults resetToDefaults() persists to file
[2026-04-15 20:44:32.350] INFO    [SettingsService] 寮€濮嬪垵濮嬪寲璁剧疆鏈嶅姟
[2026-04-15 20:44:32.352] INFO    [SettingsService] 璁剧疆鏂囦欢涓嶅瓨鍦紝浣跨敤榛樿璁剧疆
[2026-04-15 20:44:32.353] INFO    [SettingsService] 璁剧疆鏈嶅姟鍒濆鍖栧畬鎴?[2026-04-15 20:44:32.359] DEBUG   [SettingsService] 璁剧疆宸蹭繚瀛樺埌: C:\Users\jjzha\AppData\Local\Temp/zhidu_settings_test_1776257072347/settings.json
[2026-04-15 20:44:32.362] INFO    [SettingsService] AI璁剧疆宸叉洿鏂? provider=zhipu
Package file_picker:linux references file_picker:linux as the default plugin, but it does not provide an inline impleme
ntation.
Ask the maintainers of file_picker to either avoid referencing a default implementation via `platforms: linux: default_
package: file_picker` or add an inline implementation to file_picker via `platforms: linux:` `pluginClass` or `dartPlug
inClass`.

Package file_picker:macos references file_picker:macos as the default plugin, but it does not provide an inline impleme
ntation.
Ask the maintainers of file_picker to either avoid referencing a default implementation via `platforms: macos: default_
package: file_picker` or add an inline implementation to file_picker via `platforms: macos:` `pluginClass` or `dartPlug
inClass`.

Package file_picker:windows references file_picker:windows as the default plugin, but it does not provide an inline imp
lementation.
Ask the maintainers of file_picker to either avoid referencing a default implementation via `platforms: windows: defaul
t_package: file_picker` or add an inline implementation to file_picker via `platforms: windows:` `pluginClass` or `dart
PluginClass`.

[2026-04-15 20:44:32.365] DEBUG   [SettingsService] 璁剧疆宸蹭繚瀛樺埌: C:\Users\jjzha\AppData\Local\Temp/zhidu_settings_test_1776257072347/settings.json
[2026-04-15 20:44:32.367] INFO    [SettingsService] 璁剧疆宸查噸缃负榛樿鍊?00:36 +747 ~13 -11: D:/Projects/zhidu/test/screens/settings_screen_test.dart: SettingsScreen Widget Tests list tile interaction tests backup tile is tappable
00:36 +747 ~13 -11: D:/Projects/zhidu/test/services/settings_service_test.dart: SettingsService import/export exportToJson() returns valid JSON string
[2026-04-15 20:44:32.388] INFO    [SettingsService] 寮€濮嬪垵濮嬪寲璁剧疆鏈嶅姟
[2026-04-15 20:44:32.391] INFO    [SettingsService] 璁剧疆鏂囦欢涓嶅瓨鍦紝浣跨敤榛樿璁剧疆
00:36 +748 ~13 -11: D:/Projects/zhidu/test/screens/settings_screen_test.dart: SettingsScreen Widget Tests list tile interaction tests backup tile is tappable
00:36 +748 ~13 -11: D:/Projects/zhidu/test/services/settings_service_test.dart: SettingsService import/export exportToJson() returns valid JSON string
[2026-04-15 20:44:32.392] INFO    [SettingsService] 璁剧疆鏈嶅姟鍒濆鍖栧畬鎴?[2026-04-15 20:44:32.402] DEBUG   [SettingsService] 璁剧疆宸蹭繚瀛樺埌: C:\Users\jjzha\AppData\Local\Temp/zhidu_settings_test_1776257072384/settings.json
[2026-04-15 20:44:32.403] INFO    [SettingsService] AI璁剧疆宸叉洿鏂? provider=qwen
00:36 +749 ~13 -11: D:/Projects/zhidu/test/screens/settings_screen_test.dart: SettingsScreen Widget Tests list tile interaction tests backup tile is tappable
00:36 +750 ~13 -11: D:/Projects/zhidu/test/screens/settings_screen_test.dart: SettingsScreen Widget Tests list tile interaction tests backup tile is tappable
00:36 +750 ~13 -11: D:/Projects/zhidu/test/services/settings_service_test.dart: SettingsService import/export importFromJson() loads settings from JSON
[2026-04-15 20:44:32.432] INFO    [SettingsService] 寮€濮嬪垵濮嬪寲璁剧疆鏈嶅姟
[2026-04-15 20:44:32.434] INFO    [SettingsService] 璁剧疆鏂囦欢涓嶅瓨鍦紝浣跨敤榛樿璁剧疆
[2026-04-15 20:44:32.435] INFO    [SettingsService] 璁剧疆鏈嶅姟鍒濆鍖栧畬鎴?00:36 +751 ~13 -11: D:/Projects/zhidu/test/screens/settings_screen_test.dart: SettingsScreen Widget Tests list tile interaction tests backup tile is tappable
00:36 +751 ~13 -11: D:/Projects/zhidu/test/services/settings_service_test.dart: SettingsService import/export importFromJson() loads settings from JSON
[2026-04-15 20:44:32.442] DEBUG   [SettingsService] 璁剧疆宸蹭繚瀛樺埌: C:\Users\jjzha\AppData\Local\Temp/zhidu_settings_test_1776257072427/settings.json
[2026-04-15 20:44:32.444] INFO    [SettingsService] 璁剧疆宸蹭粠JSON瀵煎叆
00:36 +752 ~13 -11: D:/Projects/zhidu/test/screens/settings_screen_test.dart: SettingsScreen Widget Tests list tile interaction tests backup tile is tappable
00:36 +753 ~13 -11: D:/Projects/zhidu/test/screens/settings_screen_test.dart: SettingsScreen Widget Tests list tile interaction tests backup tile is tappable
00:36 +753 ~13 -11: D:/Projects/zhidu/test/services/settings_service_test.dart: SettingsService import/export importFromJson() throws on invalid JSON
[2026-04-15 20:44:32.469] INFO    [SettingsService] 寮€濮嬪垵濮嬪寲璁剧疆鏈嶅姟
00:36 +754 ~13 -11: D:/Projects/zhidu/test/screens/settings_screen_test.dart: SettingsScreen Widget Tests list tile interaction tests backup tile is tappable
00:36 +754 ~13 -11: D:/Projects/zhidu/test/services/settings_service_test.dart: SettingsService import/export importFromJson() throws on invalid JSON
[2026-04-15 20:44:32.471] INFO    [SettingsService] 璁剧疆鏂囦欢涓嶅瓨鍦紝浣跨敤榛樿璁剧疆
[2026-04-15 20:44:32.472] INFO    [SettingsService] 璁剧疆鏈嶅姟鍒濆鍖栧畬鎴?[2026-04-15 20:44:32.477] ERROR   [SettingsService] 瀵煎叆璁剧疆澶辫触
Error: FormatException: Unexpected character (at character 1)
not valid json
^

StackTrace:
#0      _ChunkedJsonParser.fail (dart:convert-patch/convert_patch.dart:1467:5)
#1      _ChunkedJsonParser.parseNull (dart:convert-patch/convert_patch.dart:994:7)
#2      _ChunkedJsonParser.parse (dart:convert-patch/convert_patch.dart:877:22)
#3      _parseJson (dart:convert-patch/convert_patch.dart:35:10)
#4      JsonDecoder.convert (dart:convert/json.dart:641:36)
#5      JsonCodec.decode (dart:convert/json.dart:223:41)
#6      jsonDecode (dart:convert/json.dart:160:12)
#7      SettingsService.importFromJson (package:zhidu/services/settings_service.dart:256:20)
#8      main.<anonymous closure>.<anonymous closure>.<anonymous closure>.<anonymous closure> (file:///D:/Projects/zhidu/test/services/settings_service_test.dart:588:33)
#9      Throws.matchAsync (package:matcher/src/expect/throws_matcher.dart:85:37)
#10     _expect (package:matcher/src/expect/expect.dart:137:26)
#11     expect (package:matcher/src/expect/expect.dart:65:3)
#12     expect (package:flutter_test/src/widget_tester.dart:473:18)
#13     main.<anonymous closure>.<anonymous closure>.<anonymous closure> (file:///D:/Projects/zhidu/test/services/settings_service_test.dart:587:9)
<asynchronous suspension>
#14     Declarer.test.<anonymous closure>.<anonymous closure> (package:test_api/src/backend/declarer.dart:253:15)
<asynchronous suspension>
#15     Declarer.test.<anonymous closure> (package:test_api/src/backend/declarer.dart:250:11)
<asynchronous suspension>
#16     Invoker._waitForOutstandingCallbacks.<anonymous closure> (package:test_api/src/backend/invoker.dart:318:9)
<asynchronous suspension>

00:36 +755 ~13 -11: D:/Projects/zhidu/test/screens/settings_screen_test.dart: SettingsScreen Widget Tests list tile interaction tests backup tile is tappable
00:36 +756 ~13 -11: D:/Projects/zhidu/test/screens/settings_screen_test.dart: SettingsScreen Widget Tests list tile interaction tests backup tile is tappable
00:36 +757 ~13 -11: D:/Projects/zhidu/test/screens/settings_screen_test.dart: SettingsScreen Widget Tests list tile interaction tests backup tile is tappable
00:36 +757 ~13 -11: D:/Projects/zhidu/test/services/settings_service_test.dart: SettingsService import/export importFromAiConfigJson() imports from legacy format
[2026-04-15 20:44:32.527] INFO    [SettingsService] 寮€濮嬪垵濮嬪寲璁剧疆鏈嶅姟
[2026-04-15 20:44:32.530] INFO    [SettingsService] 璁剧疆鏂囦欢涓嶅瓨鍦紝浣跨敤榛樿璁剧疆
[2026-04-15 20:44:32.531] INFO    [SettingsService] 璁剧疆鏈嶅姟鍒濆鍖栧畬鎴?[2026-04-15 20:44:32.539] DEBUG   [SettingsService] 璁剧疆宸蹭繚瀛樺埌: C:\Users\jjzha\AppData\Local\Temp/zhidu_settings_test_1776257072520/settings.json
[2026-04-15 20:44:32.541] INFO    [SettingsService] AI璁剧疆宸叉洿鏂? provider=zhipu
00:36 +758 ~13 -11: D:/Projects/zhidu/test/screens/settings_screen_test.dart: SettingsScreen Widget Tests list tile interaction tests backup tile is tappable
00:36 +759 ~13 -11: D:/Projects/zhidu/test/screens/settings_screen_test.dart: SettingsScreen Widget Tests list tile interaction tests backup tile is tappable
00:36 +759 ~13 -11: D:/Projects/zhidu/test/services/settings_service_test.dart: SettingsService import/export importFromAiConfigJson() defaults to qwen provider
[2026-04-15 20:44:32.564] INFO    [SettingsService] 寮€濮嬪垵濮嬪寲璁剧疆鏈嶅姟
[2026-04-15 20:44:32.565] INFO    [SettingsService] 璁剧疆鏂囦欢涓嶅瓨鍦紝浣跨敤榛樿璁剧疆
[2026-04-15 20:44:32.567] INFO    [SettingsService] 璁剧疆鏈嶅姟鍒濆鍖栧畬鎴?[2026-04-15 20:44:32.573] DEBUG   [SettingsService] 璁剧疆宸蹭繚瀛樺埌: C:\Users\jjzha\AppData\Local\Temp/zhidu_settings_test_1776257072556/settings.json
[2026-04-15 20:44:32.574] INFO    [SettingsService] AI璁剧疆宸叉洿鏂? provider=qwen
00:36 +760 ~13 -11: D:/Projects/zhidu/test/screens/settings_screen_test.dart: SettingsScreen Widget Tests list tile interaction tests backup tile is tappable
00:36 +761 ~13 -11: D:/Projects/zhidu/test/screens/settings_screen_test.dart: SettingsScreen Widget Tests list tile interaction tests backup tile is tappable
00:37 +761 ~13 -11: D:/Projects/zhidu/test/services/settings_service_test.dart: SettingsService import/export toAiConfigJson() exports to legacy format
[2026-04-15 20:44:32.602] INFO    [SettingsService] 寮€濮嬪垵濮嬪寲璁剧疆鏈嶅姟
[2026-04-15 20:44:32.609] INFO    [SettingsService] 璁剧疆鏂囦欢涓嶅瓨鍦紝浣跨敤榛樿璁剧疆
[2026-04-15 20:44:32.610] INFO    [SettingsService] 璁剧疆鏈嶅姟鍒濆鍖栧畬鎴?[2026-04-15 20:44:32.616] DEBUG   [SettingsService] 璁剧疆宸蹭繚瀛樺埌: C:\Users\jjzha\AppData\Local\Temp/zhidu_settings_test_1776257072589/settings.json
[2026-04-15 20:44:32.617] INFO    [SettingsService] AI璁剧疆宸叉洿鏂? provider=zhipu
00:37 +762 ~13 -11: D:/Projects/zhidu/test/screens/settings_screen_test.dart: SettingsScreen Widget Tests list tile interaction tests backup tile is tappable
00:37 +763 ~13 -11: D:/Projects/zhidu/test/screens/settings_screen_test.dart: SettingsScreen Widget Tests list tile interaction tests backup tile is tappable
00:37 +763 ~13 -11: D:/Projects/zhidu/test/services/settings_service_test.dart: SettingsService AI configuration check isAiConfigured returns false for default settings
[2026-04-15 20:44:32.641] INFO    [SettingsService] 寮€濮嬪垵濮嬪寲璁剧疆鏈嶅姟
[2026-04-15 20:44:32.644] INFO    [SettingsService] 璁剧疆鏂囦欢涓嶅瓨鍦紝浣跨敤榛樿璁剧疆
[2026-04-15 20:44:32.644] INFO    [SettingsService] 璁剧疆鏈嶅姟鍒濆鍖栧畬鎴?00:37 +764 ~13 -11: D:/Projects/zhidu/test/screens/settings_screen_test.dart: SettingsScreen Widget Tests list tile interaction tests backup tile is tappable
00:37 +765 ~13 -11: D:/Projects/zhidu/test/screens/settings_screen_test.dart: SettingsScreen Widget Tests list tile interaction tests backup tile is tappable
00:37 +765 ~13 -11: D:/Projects/zhidu/test/services/settings_service_test.dart: SettingsService AI configuration check isAiConfigured returns true with valid API key
[2026-04-15 20:44:32.661] INFO    [SettingsService] 寮€濮嬪垵濮嬪寲璁剧疆鏈嶅姟
00:37 +766 ~13 -11: D:/Projects/zhidu/test/screens/settings_screen_test.dart: SettingsScreen Widget Tests list tile interaction tests backup tile is tappable
00:37 +766 ~13 -11: D:/Projects/zhidu/test/services/settings_service_test.dart: SettingsService AI configuration check isAiConfigured returns true with valid API key
[2026-04-15 20:44:32.664] INFO    [SettingsService] 璁剧疆鏂囦欢涓嶅瓨鍦紝浣跨敤榛樿璁剧疆
[2026-04-15 20:44:32.665] INFO    [SettingsService] 璁剧疆鏈嶅姟鍒濆鍖栧畬鎴?[2026-04-15 20:44:32.671] DEBUG   [SettingsService] 璁剧疆宸蹭繚瀛樺埌: C:\Users\jjzha\AppData\Local\Temp/zhidu_settings_test_1776257072654/settings.json
[2026-04-15 20:44:32.672] INFO    [SettingsService] AI璁剧疆宸叉洿鏂? provider=qwen
00:37 +767 ~13 -11: D:/Projects/zhidu/test/screens/settings_screen_test.dart: SettingsScreen Widget Tests list tile interaction tests backup tile is tappable
00:37 +768 ~13 -11: D:/Projects/zhidu/test/screens/settings_screen_test.dart: SettingsScreen Widget Tests list tile interaction tests backup tile is tappable
00:37 +768 ~13 -11: D:/Projects/zhidu/test/services/settings_service_test.dart: SettingsService AI configuration check isAiConfigured returns false for placeholder API key
[2026-04-15 20:44:32.693] INFO    [SettingsService] 寮€濮嬪垵濮嬪寲璁剧疆鏈嶅姟
[2026-04-15 20:44:32.698] INFO    [SettingsService] 璁剧疆鏂囦欢涓嶅瓨鍦紝浣跨敤榛樿璁剧疆
[2026-04-15 20:44:32.699] INFO    [SettingsService] 璁剧疆鏈嶅姟鍒濆鍖栧畬鎴?00:37 +769 ~13 -11: D:/Projects/zhidu/test/screens/settings_screen_test.dart: SettingsScreen Widget Tests list tile interaction tests backup tile is tappable
00:37 +769 ~13 -11: D:/Projects/zhidu/test/services/settings_service_test.dart: SettingsService AI configuration check isAiConfigured returns false for placeholder API key
[2026-04-15 20:44:32.704] DEBUG   [SettingsService] 璁剧疆宸蹭繚瀛樺埌: C:\Users\jjzha\AppData\Local\Temp/zhidu_settings_test_1776257072687/settings.json
[2026-04-15 20:44:32.707] INFO    [SettingsService] AI璁剧疆宸叉洿鏂? provider=qwen
00:37 +770 ~13 -11: D:/Projects/zhidu/test/screens/settings_screen_test.dart: SettingsScreen Widget Tests list tile interaction tests backup tile is tappable
00:37 +770 ~13 -11: D:/Projects/zhidu/test/services/settings_service_test.dart: SettingsService AI configuration check isAiConfigured returns false for zhipu placeholder
[2026-04-15 20:44:32.729] INFO    [SettingsService] 寮€濮嬪垵濮嬪寲璁剧疆鏈嶅姟
[2026-04-15 20:44:32.732] INFO    [SettingsService] 璁剧疆鏂囦欢涓嶅瓨鍦紝浣跨敤榛樿璁剧疆
[2026-04-15 20:44:32.732] INFO    [SettingsService] 璁剧疆鏈嶅姟鍒濆鍖栧畬鎴?[2026-04-15 20:44:32.739] DEBUG   [SettingsService] 璁剧疆宸蹭繚瀛樺埌: C:\Users\jjzha\AppData\Local\Temp/zhidu_settings_test_1776257072721/settings.json
[2026-04-15 20:44:32.744] INFO    [SettingsService] AI璁剧疆宸叉洿鏂? provider=qwen
00:37 +770 ~13 -11: D:/Projects/zhidu/test/screens/settings_screen_test.dart: SettingsScreen Widget Tests list tile interaction tests backup tile is tappable
鈺愨晲鈺?EXCEPTION CAUGHT BY FLUTTER TEST FRAMEWORK 鈺炩晲鈺愨晲鈺愨晲鈺愨晲鈺愨晲鈺愨晲鈺愨晲鈺愨晲鈺愨晲鈺愨晲鈺愨晲鈺愨晲鈺愨晲鈺愨晲鈺愨晲鈺愨晲鈺愨晲鈺愨晲鈺愨晲鈺愨晲鈺愨晲鈺愨晲鈺愨晲鈺愨晲鈺愨晲鈺愨晲鈺?The following TestFailure was thrown running a test:
Expected: exactly one matching candidate
  Actual: _AncestorWidgetFinder:<Found 0 widgets with type "ListTile" that are ancestors of widgets
with text "澶囦唤鏁版嵁": []>
   Which: means none were found but one was expected

When the exception was thrown, this was the stack:
#4      main.<anonymous closure>.<anonymous closure>.<anonymous closure> (file:///D:/Projects/zhidu/test/screens/settings_screen_test.dart:289:9)
<asynchronous suspension>
#5      testWidgets.<anonymous closure>.<anonymous closure> (package:flutter_test/src/widget_tester.dart:192:15)
<asynchronous suspension>
#6      TestWidgetsFlutterBinding._runTestBody (package:flutter_test/src/binding.dart:1682:5)
<asynchronous suspension>
<asynchronous suspension>
(elided one frame from package:stack_trace)

This was caught by the test expectation on the following line:
  file:///D:/Projects/zhidu/test/screens/settings_screen_test.dart line 289
The test description was:
  backup tile is tappable
鈺愨晲鈺愨晲鈺愨晲鈺愨晲鈺愨晲鈺愨晲鈺愨晲鈺愨晲鈺愨晲鈺愨晲鈺愨晲鈺愨晲鈺愨晲鈺愨晲鈺愨晲鈺愨晲鈺愨晲鈺愨晲鈺愨晲鈺愨晲鈺愨晲鈺愨晲鈺愨晲鈺愨晲鈺愨晲鈺愨晲鈺愨晲鈺愨晲鈺愨晲鈺愨晲鈺愨晲鈺愨晲鈺愨晲鈺愨晲鈺愨晲鈺愨晲鈺愨晲鈺愨晲鈺愨晲鈺愨晲鈺愨晲鈺愨晲鈺愨晲鈺愨晲鈺愨晲鈺愨晲鈺愨晲鈺愨晲鈺愨晲鈺愨晲
00:37 +771 ~13 -11: D:/Projects/zhidu/test/screens/settings_screen_test.dart: SettingsScreen Widget Tests list tile interaction tests backup tile is tappable
00:37 +771 ~13 -12: D:/Projects/zhidu/test/services/book_service_file_import_test.dart: BookService real file import searchBooks searches by author
00:37 +771 ~13 -12: D:/Projects/zhidu/test/screens/settings_screen_test.dart: SettingsScreen Widget Tests list tile interaction tests backup tile is tappable [E]
  Test failed. See exception logs above.
  The test description was: backup tile is tappable
  
00:37 +772 ~13 -12: D:/Projects/zhidu/test/services/book_service_file_import_test.dart: BookService real file import searchBooks searches by author
00:37 +772 ~13 -12: D:/Projects/zhidu/test/services/settings_service_test.dart: SettingsService AI configuration check isAiConfigured returns false for qwen placeholder
[2026-04-15 20:44:32.773] INFO    [SettingsService] 寮€濮嬪垵濮嬪寲璁剧疆鏈嶅姟
[2026-04-15 20:44:32.775] INFO    [SettingsService] 璁剧疆鏂囦欢涓嶅瓨鍦紝浣跨敤榛樿璁剧疆
[2026-04-15 20:44:32.775] INFO    [SettingsService] 璁剧疆鏈嶅姟鍒濆鍖栧畬鎴?[2026-04-15 20:44:32.780] DEBUG   [SettingsService] 璁剧疆宸蹭繚瀛樺埌: C:\Users\jjzha\AppData\Local\Temp/zhidu_settings_test_1776257072766/settings.json
[2026-04-15 20:44:32.780] INFO    [SettingsService] AI璁剧疆宸叉洿鏂? provider=qwen
00:37 +773 ~13 -12: D:/Projects/zhidu/test/services/book_service_file_import_test.dart: BookService real file import searchBooks searches by author
00:37 +774 ~13 -12: D:/Projects/zhidu/test/services/book_service_file_import_test.dart: BookService real file import searchBooks searches by author
00:37 +774 ~13 -12: D:/Projects/zhidu/test/services/settings_service_test.dart: SettingsService settings getters settings returns current AppSettings
[2026-04-15 20:44:32.814] INFO    [SettingsService] 寮€濮嬪垵濮嬪寲璁剧疆鏈嶅姟
00:37 +774 ~13 -12: D:/Projects/zhidu/test/services/book_service_file_import_test.dart: BookService real file import searchBooks searches by author
[2026-04-15 20:44:32.049] DEBUG   [BookService] 寮€濮嬭В鏋怑PUB...
00:37 +775 ~13 -12: D:/Projects/zhidu/test/services/book_service_file_import_test.dart: BookService real file import searchBooks searches by author
[2026-04-15 20:44:32.049] VERBOSE [EpubService] parseEpubFile 寮€濮嬫墽琛? filePath: D:\Projects\zhidu\test\Java to Kotlin_ A Refactoring G - Duncan McGregor, Nat Pryce.epub
[2026-04-15 20:44:32.049] DEBUG   [EpubService] 寮€濮嬭В鏋愭枃浠?D:\Projects\zhidu\test\Java to Kotlin_ A Refactoring G - Duncan McGregor, Nat Pryce.epub
00:37 +775 ~13 -12: D:/Projects/zhidu/test/services/settings_service_test.dart: SettingsService settings getters settings returns current AppSettings
[2026-04-15 20:44:32.816] INFO    [SettingsService] 璁剧疆鏂囦欢涓嶅瓨鍦紝浣跨敤榛樿璁剧疆
[2026-04-15 20:44:32.821] INFO    [SettingsService] 璁剧疆鏈嶅姟鍒濆鍖栧畬鎴?00:37 +775 ~13 -12: D:/Projects/zhidu/test/services/book_service_file_import_test.dart: BookService real file import searchBooks searches by author
[2026-04-15 20:44:32.051] DEBUG   [EpubService] 璇诲彇鏂囦欢瀛楄妭...
00:37 +776 ~13 -12: D:/Projects/zhidu/test/services/book_service_file_import_test.dart: BookService real file import searchBooks searches by author
[2026-04-15 20:44:32.061] DEBUG   [EpubService] 鏂囦欢澶у皬: 1638925 bytes
00:37 +777 ~13 -12: D:/Projects/zhidu/test/services/book_service_file_import_test.dart: BookService real file import searchBooks searches by author
[2026-04-15 20:44:32.062] DEBUG   [EpubService] 瑙ｆ瀽EPUB缁撴瀯...
[2026-04-15 20:44:32.417] ERROR   [EpubService] 浣跨敤EpubReader瑙ｆ瀽澶辫触
Error: Exception: Incorrect EPUB manifest: item with ID = "Images/cover.png" is missing.
[2026-04-15 20:44:32.417] ERROR   [EpubService] 鍫嗘爤
Error: #0      BookCoverReader.readBookCover (package:epub_plus/src/readers/book_cover_reader.dart:29:7)
#1      EpubBookRef.readCover (package:epub_plus/src/ref_entities/epub_book_ref.dart:56:34)
#2      EpubReader.readBook (package:epub_plus/src/epub_reader.dart:102:42)
<asynchronous suspension>
#3      EpubService.parseEpubFile (package:zhidu/services/epub_service.dart:104:26)
<asynchronous suspension>
#4      BookService.importBookFromPath (package:zhidu/services/book_service.dart:184:16)
<asynchronous suspension>
#5      main.<anonymous closure>.<anonymous closure>.<anonymous closure> (file:///D:/Projects/zhidu/test/services/book_service_file_import_test.dart:260:22)
<asynchronous suspension>
#6      Declarer.test.<anonymous closure>.<anonymous closure> (package:test_api/src/backend/declarer.dart:253:15)
<asynchronous suspension>
#7      Declarer.test.<anonymous closure> (package:test_api/src/backend/declarer.dart:250:11)
<asynchronous suspension>
#8      Invoker._waitForOutstandingCallbacks.<anonymous closure> (package:test_api/src/backend/invoker.dart:318:9)
<asynchronous suspension>

[2026-04-15 20:44:32.418] DEBUG   [EpubService] 灏濊瘯浣跨敤archive鐩存帴瑙ｆ瀽EPUB...
00:37 +777 ~13 -12: D:/Projects/zhidu/test/services/settings_service_test.dart: SettingsService settings getters settingsFilePath returns the file path
[2026-04-15 20:44:32.848] INFO    [SettingsService] 寮€濮嬪垵濮嬪寲璁剧疆鏈嶅姟
00:37 +777 ~13 -12: D:/Projects/zhidu/test/services/book_service_file_import_test.dart: BookService real file import searchBooks searches by author
[2026-04-15 20:44:32.419] VERBOSE [EpubService] _parseContainerXml 寮€濮嬫墽琛? archive files count: 50
[2026-04-15 20:44:32.420] DEBUG   [EpubService] OPF 鏂囦欢璺緞: OEBPS/content.opf
[2026-04-15 20:44:32.420] DEBUG   [EpubService] 浠巆ontainer.xml鑾峰彇鏍囬: null
00:37 +777 ~13 -12: D:/Projects/zhidu/test/services/settings_service_test.dart: SettingsService settings getters settingsFilePath returns the file path
[2026-04-15 20:44:32.863] INFO    [SettingsService] 璁剧疆鏂囦欢涓嶅瓨鍦紝浣跨敤榛樿璁剧疆
[2026-04-15 20:44:32.863] INFO    [SettingsService] 璁剧疆鏈嶅姟鍒濆鍖栧畬鎴?00:37 +777 ~13 -12: D:/Projects/zhidu/test/services/book_service_file_import_test.dart: BookService real file import searchBooks searches by author
[2026-04-15 20:44:32.420] DEBUG   [EpubService] 浠巆ontainer.xml鑾峰彇浣滆€? null
00:37 +778 ~13 -12: D:/Projects/zhidu/test/services/book_service_file_import_test.dart: BookService real file import searchBooks searches by author
00:37 +779 ~13 -12: D:/Projects/zhidu/test/services/book_service_file_import_test.dart: BookService real file import searchBooks searches by author
[2026-04-15 20:44:32.421] VERBOSE [EpubService] _parseOpfFile 寮€濮嬫墽琛? archive files count: 50
[2026-04-15 20:44:32.421] VERBOSE [EpubService] _parseContainerXml 寮€濮嬫墽琛? archive files count: 50
[2026-04-15 20:44:32.422] DEBUG   [EpubService] OPF 鏂囦欢璺緞: OEBPS/content.opf
[2026-04-15 20:44:32.430] DEBUG   [EpubService] OPF 瑙ｆ瀽缁撴灉 - 鏍囬: Java to Kotlin, 浣滆€? Duncan McGregor, Nat Pryce
[2026-04-15 20:44:32.430] DEBUG   [EpubService] 浠嶰PF鑾峰彇鏍囬: Java to Kotlin
[2026-04-15 20:44:32.430] DEBUG   [EpubService] 浠嶰PF鑾峰彇浣滆€? Duncan McGregor, Nat Pryce
[2026-04-15 20:44:32.430] VERBOSE [EpubService] _parseNavigationFile 寮€濮嬫墽琛? archive files count: 50
[2026-04-15 20:44:32.454] DEBUG   [EpubService] 浠庡鑸枃浠惰В鏋愬埌 0 涓珷鑺?[2026-04-15 20:44:32.454] DEBUG   [EpubService] 浠庡鑸枃浠惰幏鍙栫珷鑺傛暟: 0
[2026-04-15 20:44:32.454] DEBUG   [EpubService] 鏈€缁堜功鍚? Java to Kotlin
[2026-04-15 20:44:32.455] DEBUG   [EpubService] 鏈€缁堜綔鑰? Duncan McGregor, Nat Pryce
[2026-04-15 20:44:32.455] VERBOSE [EpubService] _extractCover 寮€濮嬫墽琛? bytes length: 1638925, bookId: 733c63f5-621a-4e17-9c4c-2baa6e0bedf0
00:37 +779 ~13 -12: D:/Projects/zhidu/test/services/settings_service_test.dart: SettingsService dispose dispose() cleans up ValueNotifiers
[2026-04-15 20:44:32.891] INFO    [SettingsService] 寮€濮嬪垵濮嬪寲璁剧疆鏈嶅姟
00:37 +779 ~13 -12: D:/Projects/zhidu/test/services/book_service_file_import_test.dart: BookService real file import searchBooks searches by author
[2026-04-15 20:44:32.455] DEBUG   [EpubService] 寮€濮嬫彁鍙栧皝闈?..
[2026-04-15 20:44:32.816] ERROR   [EpubService] 鎻愬彇灏侀潰澶辫触
Error: Exception: Incorrect EPUB manifest: item with ID = "Images/cover.png" is missing.
00:37 +780 ~13 -12: D:/Projects/zhidu/test/services/book_service_file_import_test.dart: BookService real file import searchBooks searches by author
[2026-04-15 20:44:32.816] ERROR   [EpubService] 鍫嗘爤
Error: #0      BookCoverReader.readBookCover (package:epub_plus/src/readers/book_cover_reader.dart:29:7)
#1      EpubBookRef.readCover (package:epub_plus/src/ref_entities/epub_book_ref.dart:56:34)
#2      EpubReader.readBook (package:epub_plus/src/epub_reader.dart:102:42)
<asynchronous suspension>
#3      EpubService._extractCover (package:zhidu/services/epub_service.dart:561:24)
<asynchronous suspension>
#4      EpubService.parseEpubFile (package:zhidu/services/epub_service.dart:181:21)
<asynchronous suspension>
#5      BookService.importBookFromPath (package:zhidu/services/book_service.dart:184:16)
<asynchronous suspension>
#6      main.<anonymous closure>.<anonymous closure>.<anonymous closure> (file:///D:/Projects/zhidu/test/services/book_service_file_import_test.dart:260:22)
<asynchronous suspension>
#7      Declarer.test.<anonymous closure>.<anonymous closure> (package:test_api/src/backend/declarer.dart:253:15)
<asynchronous suspension>
#8      Declarer.test.<anonymous closure> (package:test_api/src/backend/declarer.dart:250:11)
<asynchronous suspension>
#9      Invoker._waitForOutstandingCallbacks.<anonymous closure> (package:test_api/src/backend/invoker.dart:318:9)
<asynchronous suspension>

[2026-04-15 20:44:32.816] DEBUG   [EpubService] 灏濊瘯浠巃rchive鏌ユ壘灏侀潰...
[2026-04-15 20:44:32.816] VERBOSE [EpubService] _extractCoverFromArchive 寮€濮嬫墽琛? bytes length: 1638925, bookId: 733c63f5-621a-4e17-9c4c-2baa6e0bedf0
[2026-04-15 20:44:32.857] DEBUG   [EpubService] 灏侀潰淇濆瓨鎴愬姛: C:\Users\jjzha\AppData\Local\Temp/zhidu_book_test_1776257072036\zhidu\books\733c63f5-621a-4e17-9c4c-2baa6e0bedf0\cover.png
[2026-04-15 20:44:32.859] DEBUG   [EpubService] 灏侀潰璺緞: C:\Users\jjzha\AppData\Local\Temp/zhidu_book_test_1776257072036\zhidu\books\733c63f5-621a-4e17-9c4c-2baa6e0bedf0\cover.png
[2026-04-15 20:44:32.859] DEBUG   [BookService] EPUB瑙ｆ瀽缁撴灉: Java to Kotlin
[2026-04-15 20:44:32.881] INFO    [BookService] 涔︾睄瀵煎叆鎴愬姛: Java to Kotlin
00:37 +781 ~13 -12: D:/Projects/zhidu/test/screens/settings_screen_test.dart: SettingsScreen Widget Tests list tile interaction tests restore tile is tappable
00:37 +781 ~13 -12: D:/Projects/zhidu/test/services/settings_service_test.dart: SettingsService dispose dispose() cleans up ValueNotifiers
[2026-04-15 20:44:32.894] INFO    [SettingsService] 璁剧疆鏂囦欢涓嶅瓨鍦紝浣跨敤榛樿璁剧疆
[2026-04-15 20:44:32.896] INFO    [SettingsService] 璁剧疆鏈嶅姟鍒濆鍖栧畬鎴?00:37 +781 ~13 -12: D:/Projects/zhidu/test/services/book_service_file_import_test.dart: BookService real file import searchBooks searches case-insensitively
[2026-04-15 20:44:32.911] VERBOSE [BookService] init 寮€濮嬫墽琛?00:37 +782 ~13 -12: D:/Projects/zhidu/test/screens/settings_screen_test.dart: SettingsScreen Widget Tests list tile interaction tests restore tile is tappable
00:37 +783 ~13 -12: D:/Projects/zhidu/test/screens/settings_screen_test.dart: SettingsScreen Widget Tests list tile interaction tests restore tile is tappable
00:37 +783 ~13 -12: D:/Projects/zhidu/test/services/book_service_file_import_test.dart: BookService real file import searchBooks searches case-insensitively
[2026-04-15 20:44:32.916] VERBOSE [FileStorageService] 鏂囦欢涓嶅瓨鍦? C:\Users\jjzha\AppData\Local\Temp/zhidu_book_test_1776257072908\zhidu\books.json
[2026-04-15 20:44:32.916] VERBOSE [BookService] init 鎵ц瀹屾垚, 鍔犺浇涔︾睄鏁伴噺: 0
[2026-04-15 20:44:32.917] VERBOSE [BookService] importBookFromPath 寮€濮嬫墽琛? D:\Projects\zhidu\test\Vibe Coding AI Bian Cheng Wan Q - Tan Xing Xing.epub
00:37 +783 ~13 -12: D:/Projects/zhidu/test/services/settings_service_test.dart: SettingsService dispose dispose() can be called multiple times
[2026-04-15 20:44:32.922] INFO    [SettingsService] 寮€濮嬪垵濮嬪寲璁剧疆鏈嶅姟
00:37 +783 ~13 -12: D:/Projects/zhidu/test/services/book_service_file_import_test.dart: BookService real file import searchBooks searches case-insensitively
[2026-04-15 20:44:32.917] DEBUG   [BookService] 寮€濮嬪鍏ヤ功绫? D:\Projects\zhidu\test\Vibe Coding AI Bian Cheng Wan Q - Tan Xing Xing.epub
00:37 +784 ~13 -12: D:/Projects/zhidu/test/screens/settings_screen_test.dart: SettingsScreen Widget Tests list tile interaction tests restore tile is tappable
00:37 +784 ~13 -12: D:/Projects/zhidu/test/services/settings_service_test.dart: SettingsService dispose dispose() can be called multiple times
[2026-04-15 20:44:32.926] INFO    [SettingsService] 璁剧疆鏂囦欢涓嶅瓨鍦紝浣跨敤榛樿璁剧疆
[2026-04-15 20:44:32.929] INFO    [SettingsService] 璁剧疆鏈嶅姟鍒濆鍖栧畬鎴?00:37 +785 ~13 -12: D:/Projects/zhidu/test/screens/settings_screen_test.dart: SettingsScreen Widget Tests list tile interaction tests restore tile is tappable
00:37 +786 ~13 -12: D:/Projects/zhidu/test/screens/settings_screen_test.dart: SettingsScreen Widget Tests list tile interaction tests restore tile is tappable
00:37 +786 ~13 -12: D:/Projects/zhidu/test/services/settings_service_test.dart: SettingsService settings partial loading init() handles partial JSON (missing some settings)
[2026-04-15 20:44:32.951] INFO    [SettingsService] 寮€濮嬪垵濮嬪寲璁剧疆鏈嶅姟
00:37 +787 ~13 -12: D:/Projects/zhidu/test/screens/settings_screen_test.dart: SettingsScreen Widget Tests list tile interaction tests restore tile is tappable
00:37 +787 ~13 -12: D:/Projects/zhidu/test/services/settings_service_test.dart: SettingsService settings partial loading init() handles partial JSON (missing some settings)
[2026-04-15 20:44:32.960] INFO    [SettingsService] 宸插姞杞借缃枃浠? C:\Users\jjzha\AppData\Local\Temp/zhidu_settings_test_1776257072943/settings.json
[2026-04-15 20:44:32.961] INFO    [SettingsService] 璁剧疆鏈嶅姟鍒濆鍖栧畬鎴?00:37 +788 ~13 -12: D:/Projects/zhidu/test/screens/settings_screen_test.dart: SettingsScreen Widget Tests list tile interaction tests restore tile is tappable
00:37 +788 ~13 -12: D:/Projects/zhidu/test/services/settings_service_test.dart: SettingsService settings partial loading init() handles null values in JSON
[2026-04-15 20:44:32.990] INFO    [SettingsService] 寮€濮嬪垵濮嬪寲璁剧疆鏈嶅姟
00:37 +789 ~13 -12: D:/Projects/zhidu/test/screens/settings_screen_test.dart: SettingsScreen Widget Tests list tile interaction tests restore tile is tappable
00:37 +789 ~13 -12: D:/Projects/zhidu/test/services/settings_service_test.dart: SettingsService settings partial loading init() handles null values in JSON
[2026-04-15 20:44:32.998] INFO    [SettingsService] 宸插姞杞借缃枃浠? C:\Users\jjzha\AppData\Local\Temp/zhidu_settings_test_1776257072980/settings.json
[2026-04-15 20:44:32.999] INFO    [SettingsService] 璁剧疆鏈嶅姟鍒濆鍖栧畬鎴?00:37 +790 ~13 -12: D:/Projects/zhidu/test/screens/settings_screen_test.dart: SettingsScreen Widget Tests list tile interaction tests restore tile is tappable
00:37 +790 ~13 -12: D:/Projects/zhidu/test/services/book_service_file_import_test.dart: BookService real file import searchBooks searches case-insensitively
[2026-04-15 20:44:32.918] DEBUG   [BookService] 寮€濮嬭В鏋怑PUB...
[2026-04-15 20:44:32.918] VERBOSE [EpubService] parseEpubFile 寮€濮嬫墽琛? filePath: D:\Projects\zhidu\test\Vibe Coding AI Bian Cheng Wan Q - Tan Xing Xing.epub
[2026-04-15 20:44:32.918] DEBUG   [EpubService] 寮€濮嬭В鏋愭枃浠?D:\Projects\zhidu\test\Vibe Coding AI Bian Cheng Wan Q - Tan Xing Xing.epub
[2026-04-15 20:44:32.918] DEBUG   [EpubService] 璇诲彇鏂囦欢瀛楄妭...
[2026-04-15 20:44:32.926] DEBUG   [EpubService] 鏂囦欢澶у皬: 995199 bytes
[2026-04-15 20:44:32.927] DEBUG   [EpubService] 瑙ｆ瀽EPUB缁撴瀯...
[2026-04-15 20:44:33.084] ERROR   [EpubService] 浣跨敤EpubReader瑙ｆ瀽澶辫触
Error: Exception: Incorrect EPUB manifest: item with href = "cover.jpg" is missing.
[2026-04-15 20:44:33.084] ERROR   [EpubService] 鍫嗘爤
Error: #0      BookCoverReader.readBookCover (package:epub_plus/src/readers/book_cover_reader.dart:36:7)
#1      EpubBookRef.readCover (package:epub_plus/src/ref_entities/epub_book_ref.dart:56:34)
#2      EpubReader.readBook (package:epub_plus/src/epub_reader.dart:102:42)
<asynchronous suspension>
#3      EpubService.parseEpubFile (package:zhidu/services/epub_service.dart:104:26)
<asynchronous suspension>
#4      BookService.importBookFromPath (package:zhidu/services/book_service.dart:184:16)
<asynchronous suspension>
#5      main.<anonymous closure>.<anonymous closure>.<anonymous closure> (file:///D:/Projects/zhidu/test/services/book_service_file_import_test.dart:269:9)
<asynchronous suspension>
#6      Declarer.test.<anonymous closure>.<anonymous closure> (package:test_api/src/backend/declarer.dart:253:15)
<asynchronous suspension>
#7      Declarer.test.<anonymous closure> (package:test_api/src/backend/declarer.dart:250:11)
<asynchronous suspension>
#8      Invoker._waitForOutstandingCallbacks.<anonymous closure> (package:test_api/src/backend/invoker.dart:318:9)
<asynchronous suspension>

[2026-04-15 20:44:33.084] DEBUG   [EpubService] 灏濊瘯浣跨敤archive鐩存帴瑙ｆ瀽EPUB...
[2026-04-15 20:44:33.084] VERBOSE [EpubService] _parseContainerXml 寮€濮嬫墽琛? archive files count: 30
[2026-04-15 20:44:33.085] DEBUG   [EpubService] OPF 鏂囦欢璺緞: EPUB/content.opf
[2026-04-15 20:44:33.086] DEBUG   [EpubService] 浠巆ontainer.xml鑾峰彇鏍囬: null
[2026-04-15 20:44:33.086] DEBUG   [EpubService] 浠巆ontainer.xml鑾峰彇浣滆€? null
[2026-04-15 20:44:33.086] VERBOSE [EpubService] _parseOpfFile 寮€濮嬫墽琛? archive files count: 30
[2026-04-15 20:44:33.086] VERBOSE [EpubService] _parseContainerXml 寮€濮嬫墽琛? archive files count: 30
[2026-04-15 20:44:33.086] DEBUG   [EpubService] OPF 鏂囦欢璺緞: EPUB/content.opf
[2026-04-15 20:44:33.088] DEBUG   [EpubService] OPF 瑙ｆ瀽缁撴灉 - 鏍囬: Vibe Coding AI 缂栫▼瀹屽叏鎵嬪唽, 浣滆€? 璋槦鏄?钁?[2026-04-15 20:44:33.088] DEBUG   [EpubService] 浠嶰PF鑾峰彇鏍囬: Vibe Coding AI 缂栫▼瀹屽叏鎵嬪唽
[2026-04-15 20:44:33.088] DEBUG   [EpubService] 浠嶰PF鑾峰彇浣滆€? 璋槦鏄?钁?[2026-04-15 20:44:33.088] VERBOSE [EpubService] _parseNavigationFile 寮€濮嬫墽琛? archive files count: 30
[2026-04-15 20:44:33.089] DEBUG   [EpubService] 浠庡鑸枃浠惰В鏋愬埌 0 涓珷鑺?[2026-04-15 20:44:33.089] DEBUG   [EpubService] 浠庡鑸枃浠惰幏鍙栫珷鑺傛暟: 0
[2026-04-15 20:44:33.090] DEBUG   [EpubService] 鏈€缁堜功鍚? Vibe Coding AI 缂栫▼瀹屽叏鎵嬪唽
[2026-04-15 20:44:33.090] DEBUG   [EpubService] 鏈€缁堜綔鑰? 璋槦鏄?钁?[2026-04-15 20:44:33.090] VERBOSE [EpubService] _extractCover 寮€濮嬫墽琛? bytes length: 995199, bookId: 524ccd78-6bde-4f58-aa26-6ac215ace0ab
[2026-04-15 20:44:33.090] DEBUG   [EpubService] 寮€濮嬫彁鍙栧皝闈?..
[2026-04-15 20:44:33.205] ERROR   [EpubService] 鎻愬彇灏侀潰澶辫触
Error: Exception: Incorrect EPUB manifest: item with href = "cover.jpg" is missing.
[2026-04-15 20:44:33.207] ERROR   [EpubService] 鍫嗘爤
Error: #0      BookCoverReader.readBookCover (package:epub_plus/src/readers/book_cover_reader.dart:36:7)
#1      EpubBookRef.readCover (package:epub_plus/src/ref_entities/epub_book_ref.dart:56:34)
#2      EpubReader.readBook (package:epub_plus/src/epub_reader.dart:102:42)
<asynchronous suspension>
#3      EpubService._extractCover (package:zhidu/services/epub_service.dart:561:24)
<asynchronous suspension>
#4      EpubService.parseEpubFile (package:zhidu/services/epub_service.dart:181:21)
<asynchronous suspension>
#5      BookService.importBookFromPath (package:zhidu/services/book_service.dart:184:16)
<asynchronous suspension>
#6      main.<anonymous closure>.<anonymous closure>.<anonymous closure> (file:///D:/Projects/zhidu/test/services/book_service_file_import_test.dart:269:9)
<asynchronous suspension>
#7      Declarer.test.<anonymous closure>.<anonymous closure> (package:test_api/src/backend/declarer.dart:253:15)
<asynchronous suspension>
#8      Declarer.test.<anonymous closure> (package:test_api/src/backend/declarer.dart:250:11)
<asynchronous suspension>
#9      Invoker._waitForOutstandingCallbacks.<anonymous closure> (package:test_api/src/backend/invoker.dart:318:9)
<asynchronous suspension>

[2026-04-15 20:44:33.208] DEBUG   [EpubService] 灏濊瘯浠巃rchive鏌ユ壘灏侀潰...
[2026-04-15 20:44:33.208] VERBOSE [EpubService] _extractCoverFromArchive 寮€濮嬫墽琛? bytes length: 995199, bookId: 524ccd78-6bde-4f58-aa26-6ac215ace0ab
[2026-04-15 20:44:33.229] DEBUG   [EpubService] 灏侀潰淇濆瓨鎴愬姛: C:\Users\jjzha\AppData\Local\Temp/zhidu_book_test_1776257072908\zhidu\books\524ccd78-6bde-4f58-aa26-6ac215ace0ab\cover.jpg
[2026-04-15 20:44:33.229] DEBUG   [EpubService] 灏侀潰璺緞: C:\Users\jjzha\AppData\Local\Temp/zhidu_book_test_1776257072908\zhidu\books\524ccd78-6bde-4f58-aa26-6ac215ace0ab\cover.jpg
[2026-04-15 20:44:33.229] DEBUG   [BookService] EPUB瑙ｆ瀽缁撴灉: Vibe Coding AI 缂栫▼瀹屽叏鎵嬪唽
[2026-04-15 20:44:33.254] INFO    [BookService] 涔︾睄瀵煎叆鎴愬姛: Vibe Coding AI 缂栫▼瀹屽叏鎵嬪唽
00:37 +791 ~13 -12: D:/Projects/zhidu/test/screens/settings_screen_test.dart: SettingsScreen Widget Tests list tile interaction tests restore tile is tappable
00:37 +791 ~13 -12: D:/Projects/zhidu/test/services/book_service_file_import_test.dart: BookService real file import searchBooks returns empty list when no match
[2026-04-15 20:44:33.277] VERBOSE [BookService] init 寮€濮嬫墽琛?[2026-04-15 20:44:33.283] VERBOSE [FileStorageService] 鏂囦欢涓嶅瓨鍦? C:\Users\jjzha\AppData\Local\Temp/zhidu_book_test_1776257073272\zhidu\books.json
[2026-04-15 20:44:33.284] VERBOSE [BookService] init 鎵ц瀹屾垚, 鍔犺浇涔︾睄鏁伴噺: 0
[2026-04-15 20:44:33.284] VERBOSE [BookService] importBookFromPath 寮€濮嬫墽琛? D:\Projects\zhidu\test\Vibe Coding AI Bian Cheng Wan Q - Tan Xing Xing.epub
Package file_picker:linux references file_picker:linux as the default plugin, but it does not provide an inline impleme
ntation.
Ask the maintainers of file_picker to either avoid referencing a default implementation via `platforms: linux: default_
package: file_picker` or add an inline implementation to file_picker via `platforms: linux:` `pluginClass` or `dartPlug
inClass`.

Package file_picker:macos references file_picker:macos as the default plugin, but it does not provide an inline impleme
ntation.
Ask the maintainers of file_picker to either avoid referencing a default implementation via `platforms: macos: default_
package: file_picker` or add an inline implementation to file_picker via `platforms: macos:` `pluginClass` or `dartPlug
inClass`.

Package file_picker:windows references file_picker:windows as the default plugin, but it does not provide an inline imp
lementation.
Ask the maintainers of file_picker to either avoid referencing a default implementation via `platforms: windows: defaul
t_package: file_picker` or add an inline implementation to file_picker via `platforms: windows:` `pluginClass` or `dart
PluginClass`.

00:37 +791 ~13 -12: D:/Projects/zhidu/test/screens/settings_screen_test.dart: SettingsScreen Widget Tests list tile interaction tests restore tile is tappable
鈺愨晲鈺?EXCEPTION CAUGHT BY FLUTTER TEST FRAMEWORK 鈺炩晲鈺愨晲鈺愨晲鈺愨晲鈺愨晲鈺愨晲鈺愨晲鈺愨晲鈺愨晲鈺愨晲鈺愨晲鈺愨晲鈺愨晲鈺愨晲鈺愨晲鈺愨晲鈺愨晲鈺愨晲鈺愨晲鈺愨晲鈺愨晲鈺愨晲鈺愨晲鈺愨晲鈺愨晲鈺愨晲鈺?The following TestFailure was thrown running a test:
Expected: exactly one matching candidate
  Actual: _AncestorWidgetFinder:<Found 0 widgets with type "ListTile" that are ancestors of widgets
with text "鎭㈠鏁版嵁": []>
   Which: means none were found but one was expected

When the exception was thrown, this was the stack:
#4      main.<anonymous closure>.<anonymous closure>.<anonymous closure> (file:///D:/Projects/zhidu/test/screens/settings_screen_test.dart:305:9)
<asynchronous suspension>
#5      testWidgets.<anonymous closure>.<anonymous closure> (package:flutter_test/src/widget_tester.dart:192:15)
<asynchronous suspension>
#6      TestWidgetsFlutterBinding._runTestBody (package:flutter_test/src/binding.dart:1682:5)
<asynchronous suspension>
<asynchronous suspension>
(elided one frame from package:stack_trace)

This was caught by the test expectation on the following line:
  file:///D:/Projects/zhidu/test/screens/settings_screen_test.dart line 305
The test description was:
  restore tile is tappable
鈺愨晲鈺愨晲鈺愨晲鈺愨晲鈺愨晲鈺愨晲鈺愨晲鈺愨晲鈺愨晲鈺愨晲鈺愨晲鈺愨晲鈺愨晲鈺愨晲鈺愨晲鈺愨晲鈺愨晲鈺愨晲鈺愨晲鈺愨晲鈺愨晲鈺愨晲鈺愨晲鈺愨晲鈺愨晲鈺愨晲鈺愨晲鈺愨晲鈺愨晲鈺愨晲鈺愨晲鈺愨晲鈺愨晲鈺愨晲鈺愨晲鈺愨晲鈺愨晲鈺愨晲鈺愨晲鈺愨晲鈺愨晲鈺愨晲鈺愨晲鈺愨晲鈺愨晲鈺愨晲鈺愨晲鈺愨晲鈺愨晲鈺愨晲
00:37 +791 ~13 -13: D:/Projects/zhidu/test/services/book_service_file_import_test.dart: BookService real file import searchBooks returns empty list when no match
00:37 +791 ~13 -13: D:/Projects/zhidu/test/screens/settings_screen_test.dart: SettingsScreen Widget Tests list tile interaction tests restore tile is tappable [E]
  Test failed. See exception logs above.
  The test description was: restore tile is tappable
  
00:37 +791 ~13 -13: D:/Projects/zhidu/test/services/storage_path_service_test.dart: StoragePathService Singleton Pattern should return same instance
[2026-04-15 20:44:33.504] VERBOSE [StoragePathService] init 寮€濮嬫墽琛?[2026-04-15 20:44:33.533] VERBOSE [StoragePathService] init 鎵ц瀹屾垚
[2026-04-15 20:44:33.550] DEBUG   [StoragePathService] 涔︾睄鐩綍宸查噸缃负榛樿
[2026-04-15 20:44:33.552] DEBUG   [StoragePathService] 澶囦唤鐩綍宸查噸缃负榛樿
00:37 +792 ~13 -13: D:/Projects/zhidu/test/services/book_service_file_import_test.dart: BookService real file import searchBooks returns empty list when no match
00:37 +792 ~13 -13: D:/Projects/zhidu/test/services/storage_path_service_test.dart: StoragePathService Singleton Pattern should share state between instances
[2026-04-15 20:44:33.569] DEBUG   [StoragePathService] 涔︾睄鐩綍宸茶缃? C:\Users\jjzha\AppData\Local\Temp/zhidu_storage_path_test\custom_books
[2026-04-15 20:44:33.582] DEBUG   [StoragePathService] 涔︾睄鐩綍宸查噸缃负榛樿
[2026-04-15 20:44:33.584] DEBUG   [StoragePathService] 澶囦唤鐩綍宸查噸缃负榛樿
00:38 +793 ~13 -13: D:/Projects/zhidu/test/services/book_service_file_import_test.dart: BookService real file import searchBooks returns empty list when no match
[2026-04-15 20:44:33.284] DEBUG   [BookService] 寮€濮嬪鍏ヤ功绫? D:\Projects\zhidu\test\Vibe Coding AI Bian Cheng Wan Q - Tan Xing Xing.epub
[2026-04-15 20:44:33.285] DEBUG   [BookService] 寮€濮嬭В鏋怑PUB...
[2026-04-15 20:44:33.285] VERBOSE [EpubService] parseEpubFile 寮€濮嬫墽琛? filePath: D:\Projects\zhidu\test\Vibe Coding AI Bian Cheng Wan Q - Tan Xing Xing.epub
[2026-04-15 20:44:33.285] DEBUG   [EpubService] 寮€濮嬭В鏋愭枃浠?D:\Projects\zhidu\test\Vibe Coding AI Bian Cheng Wan Q - Tan Xing Xing.epub
[2026-04-15 20:44:33.286] DEBUG   [EpubService] 璇诲彇鏂囦欢瀛楄妭...
[2026-04-15 20:44:33.298] DEBUG   [EpubService] 鏂囦欢澶у皬: 995199 bytes
[2026-04-15 20:44:33.298] DEBUG   [EpubService] 瑙ｆ瀽EPUB缁撴瀯...
[2026-04-15 20:44:33.423] ERROR   [EpubService] 浣跨敤EpubReader瑙ｆ瀽澶辫触
Error: Exception: Incorrect EPUB manifest: item with href = "cover.jpg" is missing.
[2026-04-15 20:44:33.423] ERROR   [EpubService] 鍫嗘爤
Error: #0      BookCoverReader.readBookCover (package:epub_plus/src/readers/book_cover_reader.dart:36:7)
#1      EpubBookRef.readCover (package:epub_plus/src/ref_entities/epub_book_ref.dart:56:34)
#2      EpubReader.readBook (package:epub_plus/src/epub_reader.dart:102:42)
<asynchronous suspension>
#3      EpubService.parseEpubFile (package:zhidu/services/epub_service.dart:104:26)
<asynchronous suspension>
#4      BookService.importBookFromPath (package:zhidu/services/book_service.dart:184:16)
<asynchronous suspension>
#5      main.<anonymous closure>.<anonymous closure>.<anonymous closure> (file:///D:/Projects/zhidu/test/services/book_service_file_import_test.dart:281:9)
<asynchronous suspension>
#6      Declarer.test.<anonymous closure>.<anonymous closure> (package:test_api/src/backend/declarer.dart:253:15)
<asynchronous suspension>
#7      Declarer.test.<anonymous closure> (package:test_api/src/backend/declarer.dart:250:11)
<asynchronous suspension>
#8      Invoker._waitForOutstandingCallbacks.<anonymous closure> (package:test_api/src/backend/invoker.dart:318:9)
<asynchronous suspension>

[2026-04-15 20:44:33.423] DEBUG   [EpubService] 灏濊瘯浣跨敤archive鐩存帴瑙ｆ瀽EPUB...
[2026-04-15 20:44:33.424] VERBOSE [EpubService] _parseContainerXml 寮€濮嬫墽琛? archive files count: 30
[2026-04-15 20:44:33.426] DEBUG   [EpubService] OPF 鏂囦欢璺緞: EPUB/content.opf
[2026-04-15 20:44:33.426] DEBUG   [EpubService] 浠巆ontainer.xml鑾峰彇鏍囬: null
[2026-04-15 20:44:33.427] DEBUG   [EpubService] 浠巆ontainer.xml鑾峰彇浣滆€? null
[2026-04-15 20:44:33.427] VERBOSE [EpubService] _parseOpfFile 寮€濮嬫墽琛? archive files count: 30
[2026-04-15 20:44:33.428] VERBOSE [EpubService] _parseContainerXml 寮€濮嬫墽琛? archive files count: 30
[2026-04-15 20:44:33.428] DEBUG   [EpubService] OPF 鏂囦欢璺緞: EPUB/content.opf
[2026-04-15 20:44:33.428] DEBUG   [EpubService] OPF 瑙ｆ瀽缁撴灉 - 鏍囬: Vibe Coding AI 缂栫▼瀹屽叏鎵嬪唽, 浣滆€? 璋槦鏄?钁?[2026-04-15 20:44:33.429] DEBUG   [EpubService] 浠嶰PF鑾峰彇鏍囬: Vibe Coding AI 缂栫▼瀹屽叏鎵嬪唽
[2026-04-15 20:44:33.429] DEBUG   [EpubService] 浠嶰PF鑾峰彇浣滆€? 璋槦鏄?钁?[2026-04-15 20:44:33.429] VERBOSE [EpubService] _parseNavigationFile 寮€濮嬫墽琛? archive files count: 30
[2026-04-15 20:44:33.430] DEBUG   [EpubService] 浠庡鑸枃浠惰В鏋愬埌 0 涓珷鑺?[2026-04-15 20:44:33.431] DEBUG   [EpubService] 浠庡鑸枃浠惰幏鍙栫珷鑺傛暟: 0
[2026-04-15 20:44:33.431] DEBUG   [EpubService] 鏈€缁堜功鍚? Vibe Coding AI 缂栫▼瀹屽叏鎵嬪唽
[2026-04-15 20:44:33.431] DEBUG   [EpubService] 鏈€缁堜綔鑰? 璋槦鏄?钁?[2026-04-15 20:44:33.431] VERBOSE [EpubService] _extractCover 寮€濮嬫墽琛? bytes length: 995199, bookId: 59d9ba35-7c34-462c-89cc-aa942bb9a269
[2026-04-15 20:44:33.431] DEBUG   [EpubService] 寮€濮嬫彁鍙栧皝闈?..
[2026-04-15 20:44:33.588] ERROR   [EpubService] 鎻愬彇灏侀潰澶辫触
Error: Exception: Incorrect EPUB manifest: item with href = "cover.jpg" is missing.
[2026-04-15 20:44:33.589] ERROR   [EpubService] 鍫嗘爤
Error: #0      BookCoverReader.readBookCover (package:epub_plus/src/readers/book_cover_reader.dart:36:7)
#1      EpubBookRef.readCover (package:epub_plus/src/ref_entities/epub_book_ref.dart:56:34)
#2      EpubReader.readBook (package:epub_plus/src/epub_reader.dart:102:42)
<asynchronous suspension>
#3      EpubService._extractCover (package:zhidu/services/epub_service.dart:561:24)
<asynchronous suspension>
#4      EpubService.parseEpubFile (package:zhidu/services/epub_service.dart:181:21)
<asynchronous suspension>
#5      BookService.importBookFromPath (package:zhidu/services/book_service.dart:184:16)
<asynchronous suspension>
#6      main.<anonymous closure>.<anonymous closure>.<anonymous closure> (file:///D:/Projects/zhidu/test/services/book_service_file_import_test.dart:281:9)
<asynchronous suspension>
#7      Declarer.test.<anonymous closure>.<anonymous closure> (package:test_api/src/backend/declarer.dart:253:15)
<asynchronous suspension>
#8      Declarer.test.<anonymous closure> (package:test_api/src/backend/declarer.dart:250:11)
<asynchronous suspension>
#9      Invoker._waitForOutstandingCallbacks.<anonymous closure> (package:test_api/src/backend/invoker.dart:318:9)
<asynchronous suspension>

[2026-04-15 20:44:33.589] DEBUG   [EpubService] 灏濊瘯浠巃rchive鏌ユ壘灏侀潰...
00:38 +793 ~13 -13: D:/Projects/zhidu/test/services/storage_path_service_test.dart: StoragePathService Initialization should initialize without errors
[2026-04-15 20:44:33.643] DEBUG   [StoragePathService] 涔︾睄鐩綍宸查噸缃负榛樿
00:38 +793 ~13 -13: D:/Projects/zhidu/test/services/book_service_file_import_test.dart: BookService real file import searchBooks returns empty list when no match
[2026-04-15 20:44:33.589] VERBOSE [EpubService] _extractCoverFromArchive 寮€濮嬫墽琛? bytes length: 995199, bookId: 59d9ba35-7c34-462c-89cc-aa942bb9a269
[2026-04-15 20:44:33.607] DEBUG   [EpubService] 灏侀潰淇濆瓨鎴愬姛: C:\Users\jjzha\AppData\Local\Temp/zhidu_book_test_1776257073272\zhidu\books\59d9ba35-7c34-462c-89cc-aa942bb9a269\cover.jpg
00:38 +793 ~13 -13: D:/Projects/zhidu/test/services/storage_path_service_test.dart: StoragePathService Initialization should initialize without errors
[2026-04-15 20:44:33.645] DEBUG   [StoragePathService] 澶囦唤鐩綍宸查噸缃负榛樿
00:38 +793 ~13 -13: D:/Projects/zhidu/test/services/book_service_file_import_test.dart: BookService real file import searchBooks returns empty list when no match
[2026-04-15 20:44:33.607] DEBUG   [EpubService] 灏侀潰璺緞: C:\Users\jjzha\AppData\Local\Temp/zhidu_book_test_1776257073272\zhidu\books\59d9ba35-7c34-462c-89cc-aa942bb9a269\cover.jpg
00:38 +794 ~13 -13: D:/Projects/zhidu/test/services/book_service_file_import_test.dart: BookService real file import searchBooks returns empty list when no match
[2026-04-15 20:44:33.607] DEBUG   [BookService] EPUB瑙ｆ瀽缁撴灉: Vibe Coding AI 缂栫▼瀹屽叏鎵嬪唽
[2026-04-15 20:44:33.633] INFO    [BookService] 涔︾睄瀵煎叆鎴愬姛: Vibe Coding AI 缂栫▼瀹屽叏鎵嬪唽
00:38 +795 ~13 -13: D:/Projects/zhidu/test/services/storage_path_service_test.dart: StoragePathService Initialization should be idempotent - multiple init calls safe
00:38 +795 ~13 -13: D:/Projects/zhidu/test/services/book_service_file_import_test.dart: BookService real file import searchBooks returns all books matching query
[2026-04-15 20:44:33.664] VERBOSE [BookService] init 寮€濮嬫墽琛?00:38 +795 ~13 -13: D:/Projects/zhidu/test/services/storage_path_service_test.dart: StoragePathService Initialization should be idempotent - multiple init calls safe
[2026-04-15 20:44:33.666] DEBUG   [StoragePathService] 涔︾睄鐩綍宸查噸缃负榛樿
[2026-04-15 20:44:33.667] DEBUG   [StoragePathService] 澶囦唤鐩綍宸查噸缃负榛樿
00:38 +796 ~13 -13: D:/Projects/zhidu/test/services/book_service_file_import_test.dart: BookService real file import searchBooks returns all books matching query
[2026-04-15 20:44:33.668] VERBOSE [FileStorageService] 鏂囦欢涓嶅瓨鍦? C:\Users\jjzha\AppData\Local\Temp/zhidu_book_test_1776257073661\zhidu\books.json
[2026-04-15 20:44:33.669] VERBOSE [BookService] init 鎵ц瀹屾垚, 鍔犺浇涔︾睄鏁伴噺: 0
[2026-04-15 20:44:33.669] VERBOSE [BookService] importBookFromPath 寮€濮嬫墽琛? D:\Projects\zhidu\test\Vibe Coding AI Bian Cheng Wan Q - Tan Xing Xing.epub
[2026-04-15 20:44:33.670] DEBUG   [BookService] 寮€濮嬪鍏ヤ功绫? D:\Projects\zhidu\test\Vibe Coding AI Bian Cheng Wan Q - Tan Xing Xing.epub
00:38 +796 ~13 -13: D:/Projects/zhidu/test/services/storage_path_service_test.dart: StoragePathService Directory Access - booksDirectory should return default path when not set
[2026-04-15 20:44:33.683] DEBUG   [StoragePathService] 涔︾睄鐩綍宸查噸缃负榛樿
[2026-04-15 20:44:33.684] DEBUG   [StoragePathService] 澶囦唤鐩綍宸查噸缃负榛樿
00:38 +797 ~13 -13: D:/Projects/zhidu/test/services/book_service_file_import_test.dart: BookService real file import searchBooks returns all books matching query
00:38 +797 ~13 -13: D:/Projects/zhidu/test/services/storage_path_service_test.dart: StoragePathService Directory Access - booksDirectory should return custom path when set
[2026-04-15 20:44:33.696] DEBUG   [StoragePathService] 涔︾睄鐩綍宸茶缃? C:\Users\jjzha\AppData\Local\Temp/zhidu_storage_path_test\my_custom_books
[2026-04-15 20:44:33.700] DEBUG   [StoragePathService] 涔︾睄鐩綍宸查噸缃负榛樿
[2026-04-15 20:44:33.701] DEBUG   [StoragePathService] 澶囦唤鐩綍宸查噸缃负榛樿
00:38 +798 ~13 -13: D:/Projects/zhidu/test/services/book_service_file_import_test.dart: BookService real file import searchBooks returns all books matching query
00:38 +798 ~13 -13: D:/Projects/zhidu/test/services/storage_path_service_test.dart: StoragePathService Directory Access - booksDirectory should create directory if not exists
[2026-04-15 20:44:33.713] DEBUG   [StoragePathService] 涔︾睄鐩綍宸茶缃? C:\Users\jjzha\AppData\Local\Temp/zhidu_storage_path_test\non_existent_1776257073712
[2026-04-15 20:44:33.719] DEBUG   [StoragePathService] 涔︾睄鐩綍宸查噸缃负榛樿
[2026-04-15 20:44:33.721] DEBUG   [StoragePathService] 澶囦唤鐩綍宸查噸缃负榛樿
00:38 +799 ~13 -13: D:/Projects/zhidu/test/services/book_service_file_import_test.dart: BookService real file import searchBooks returns all books matching query
00:38 +799 ~13 -13: D:/Projects/zhidu/test/services/storage_path_service_test.dart: StoragePathService Directory Access - booksDirectory should create directory recursively
[2026-04-15 20:44:33.734] DEBUG   [StoragePathService] 涔︾睄鐩綍宸茶缃? C:\Users\jjzha\AppData\Local\Temp/zhidu_storage_path_test\nested\deep\books
[2026-04-15 20:44:33.751] DEBUG   [StoragePathService] 涔︾睄鐩綍宸查噸缃负榛樿
[2026-04-15 20:44:33.753] DEBUG   [StoragePathService] 澶囦唤鐩綍宸查噸缃负榛樿
00:38 +800 ~13 -13: D:/Projects/zhidu/test/services/book_service_file_import_test.dart: BookService real file import searchBooks returns all books matching query
00:38 +800 ~13 -13: D:/Projects/zhidu/test/services/storage_path_service_test.dart: StoragePathService Directory Access - booksDirectory should return same directory on multiple calls
[2026-04-15 20:44:33.789] DEBUG   [StoragePathService] 涔︾睄鐩綍宸查噸缃负榛樿
[2026-04-15 20:44:33.793] DEBUG   [StoragePathService] 澶囦唤鐩綍宸查噸缃负榛樿
00:38 +801 ~13 -13: D:/Projects/zhidu/test/services/book_service_file_import_test.dart: BookService real file import searchBooks returns all books matching query
00:38 +801 ~13 -13: D:/Projects/zhidu/test/services/storage_path_service_test.dart: StoragePathService Directory Access - backupDirectory should return default path when not set
[2026-04-15 20:44:33.818] DEBUG   [StoragePathService] 涔︾睄鐩綍宸查噸缃负榛樿
[2026-04-15 20:44:33.819] DEBUG   [StoragePathService] 澶囦唤鐩綍宸查噸缃负榛樿
00:38 +802 ~13 -13: D:/Projects/zhidu/test/services/book_service_file_import_test.dart: BookService real file import searchBooks returns all books matching query
00:38 +802 ~13 -13: D:/Projects/zhidu/test/services/storage_path_service_test.dart: StoragePathService Directory Access - backupDirectory should return custom path when set
[2026-04-15 20:44:33.866] DEBUG   [StoragePathService] 澶囦唤鐩綍宸茶缃? C:\Users\jjzha\AppData\Local\Temp/zhidu_storage_path_test\my_custom_backups
[2026-04-15 20:44:33.872] DEBUG   [StoragePathService] 涔︾睄鐩綍宸查噸缃负榛樿
[2026-04-15 20:44:33.873] DEBUG   [StoragePathService] 澶囦唤鐩綍宸查噸缃负榛樿
00:38 +803 ~13 -13: D:/Projects/zhidu/test/services/book_service_file_import_test.dart: BookService real file import searchBooks returns all books matching query
00:38 +803 ~13 -13: D:/Projects/zhidu/test/services/storage_path_service_test.dart: StoragePathService Directory Access - backupDirectory should create directory if not exists
[2026-04-15 20:44:33.892] DEBUG   [StoragePathService] 澶囦唤鐩綍宸茶缃? C:\Users\jjzha\AppData\Local\Temp/zhidu_storage_path_test\non_existent_backup_1776257073892
[2026-04-15 20:44:33.902] DEBUG   [StoragePathService] 涔︾睄鐩綍宸查噸缃负榛樿
[2026-04-15 20:44:33.903] DEBUG   [StoragePathService] 澶囦唤鐩綍宸查噸缃负榛樿
00:38 +804 ~13 -13: D:/Projects/zhidu/test/services/book_service_file_import_test.dart: BookService real file import searchBooks returns all books matching query
00:38 +804 ~13 -13: D:/Projects/zhidu/test/services/storage_path_service_test.dart: StoragePathService Directory Access - backupDirectory should create directory recursively
[2026-04-15 20:44:33.916] DEBUG   [StoragePathService] 澶囦唤鐩綍宸茶缃? C:\Users\jjzha\AppData\Local\Temp/zhidu_storage_path_test\nested\deep\backups
[2026-04-15 20:44:33.936] DEBUG   [StoragePathService] 涔︾睄鐩綍宸查噸缃负榛樿
[2026-04-15 20:44:33.937] DEBUG   [StoragePathService] 澶囦唤鐩綍宸查噸缃负榛樿
00:38 +805 ~13 -13: D:/Projects/zhidu/test/services/book_service_file_import_test.dart: BookService real file import searchBooks returns all books matching query
00:38 +805 ~13 -13: D:/Projects/zhidu/test/services/storage_path_service_test.dart: StoragePathService Directory Access - backupDirectory should return same directory on multiple calls
[2026-04-15 20:44:33.951] DEBUG   [StoragePathService] 涔︾睄鐩綍宸查噸缃负榛樿
[2026-04-15 20:44:33.952] DEBUG   [StoragePathService] 澶囦唤鐩綍宸查噸缃负榛樿
00:38 +806 ~13 -13: D:/Projects/zhidu/test/services/book_service_file_import_test.dart: BookService real file import searchBooks returns all books matching query
00:38 +806 ~13 -13: D:/Projects/zhidu/test/services/storage_path_service_test.dart: StoragePathService Path Management - setBooksDirectory should update books directory
[2026-04-15 20:44:33.981] DEBUG   [StoragePathService] 涔︾睄鐩綍宸茶缃? C:\Users\jjzha\AppData\Local\Temp/zhidu_storage_path_test\new_books
[2026-04-15 20:44:33.987] DEBUG   [StoragePathService] 涔︾睄鐩綍宸查噸缃负榛樿
[2026-04-15 20:44:33.989] DEBUG   [StoragePathService] 澶囦唤鐩綍宸查噸缃负榛樿
00:38 +807 ~13 -13: D:/Projects/zhidu/test/services/book_service_file_import_test.dart: BookService real file import searchBooks returns all books matching query
00:38 +807 ~13 -13: D:/Projects/zhidu/test/services/storage_path_service_test.dart: StoragePathService Path Management - setBooksDirectory should accept null to reset to default
[2026-04-15 20:44:34.000] DEBUG   [StoragePathService] 涔︾睄鐩綍宸茶缃? C:\Users\jjzha\AppData\Local\Temp/zhidu_storage_path_test\temp_books
[2026-04-15 20:44:34.000] DEBUG   [StoragePathService] 涔︾睄鐩綍宸茶缃? 榛樿璺緞
[2026-04-15 20:44:34.004] DEBUG   [StoragePathService] 涔︾睄鐩綍宸查噸缃负榛樿
[2026-04-15 20:44:34.006] DEBUG   [StoragePathService] 澶囦唤鐩綍宸查噸缃负榛樿
00:38 +808 ~13 -13: D:/Projects/zhidu/test/services/book_service_file_import_test.dart: BookService real file import searchBooks returns all books matching query
00:38 +808 ~13 -13: D:/Projects/zhidu/test/services/storage_path_service_test.dart: StoragePathService Path Management - setBooksDirectory should handle empty string path
[2026-04-15 20:44:34.020] DEBUG   [StoragePathService] 涔︾睄鐩綍宸茶缃? 
[2026-04-15 20:44:34.041] DEBUG   [StoragePathService] 涔︾睄鐩綍宸查噸缃负榛樿
[2026-04-15 20:44:34.043] DEBUG   [StoragePathService] 澶囦唤鐩綍宸查噸缃负榛樿
00:38 +809 ~13 -13: D:/Projects/zhidu/test/services/book_service_file_import_test.dart: BookService real file import searchBooks returns all books matching query
00:38 +809 ~13 -13: D:/Projects/zhidu/test/services/storage_path_service_test.dart: StoragePathService Path Management - setBackupDirectory should update backup directory
[2026-04-15 20:44:34.059] DEBUG   [StoragePathService] 澶囦唤鐩綍宸茶缃? C:\Users\jjzha\AppData\Local\Temp/zhidu_storage_path_test\new_backups
[2026-04-15 20:44:34.065] DEBUG   [StoragePathService] 涔︾睄鐩綍宸查噸缃负榛樿
[2026-04-15 20:44:34.066] DEBUG   [StoragePathService] 澶囦唤鐩綍宸查噸缃负榛樿
00:38 +810 ~13 -13: D:/Projects/zhidu/test/services/book_service_file_import_test.dart: BookService real file import searchBooks returns all books matching query
00:38 +810 ~13 -13: D:/Projects/zhidu/test/services/storage_path_service_test.dart: StoragePathService Path Management - setBackupDirectory should accept null to reset to default
[2026-04-15 20:44:34.083] DEBUG   [StoragePathService] 澶囦唤鐩綍宸茶缃? C:\Users\jjzha\AppData\Local\Temp/zhidu_storage_path_test\temp_backups
[2026-04-15 20:44:34.084] DEBUG   [StoragePathService] 澶囦唤鐩綍宸茶缃? 榛樿璺緞
[2026-04-15 20:44:34.091] DEBUG   [StoragePathService] 涔︾睄鐩綍宸查噸缃负榛樿
[2026-04-15 20:44:34.091] DEBUG   [StoragePathService] 澶囦唤鐩綍宸查噸缃负榛樿
00:38 +811 ~13 -13: D:/Projects/zhidu/test/services/book_service_file_import_test.dart: BookService real file import searchBooks returns all books matching query
[2026-04-15 20:44:33.670] DEBUG   [BookService] 寮€濮嬭В鏋怑PUB...
[2026-04-15 20:44:33.670] VERBOSE [EpubService] parseEpubFile 寮€濮嬫墽琛? filePath: D:\Projects\zhidu\test\Vibe Coding AI Bian Cheng Wan Q - Tan Xing Xing.epub
[2026-04-15 20:44:33.670] DEBUG   [EpubService] 寮€濮嬭В鏋愭枃浠?D:\Projects\zhidu\test\Vibe Coding AI Bian Cheng Wan Q - Tan Xing Xing.epub
[2026-04-15 20:44:33.673] DEBUG   [EpubService] 璇诲彇鏂囦欢瀛楄妭...
[2026-04-15 20:44:33.679] DEBUG   [EpubService] 鏂囦欢澶у皬: 995199 bytes
[2026-04-15 20:44:33.679] DEBUG   [EpubService] 瑙ｆ瀽EPUB缁撴瀯...
[2026-04-15 20:44:33.870] ERROR   [EpubService] 浣跨敤EpubReader瑙ｆ瀽澶辫触
Error: Exception: Incorrect EPUB manifest: item with href = "cover.jpg" is missing.
00:38 +811 ~13 -13: D:/Projects/zhidu/test/services/storage_path_service_test.dart: StoragePathService Path Management - resetBooksDirectory should revert to default path
[2026-04-15 20:44:34.103] DEBUG   [StoragePathService] 涔︾睄鐩綍宸茶缃? C:\Users\jjzha\AppData\Local\Temp/zhidu_storage_path_test\custom_books
00:38 +811 ~13 -13: D:/Projects/zhidu/test/services/book_service_file_import_test.dart: BookService real file import searchBooks returns all books matching query
[2026-04-15 20:44:33.871] ERROR   [EpubService] 鍫嗘爤
Error: #0      BookCoverReader.readBookCover (package:epub_plus/src/readers/book_cover_reader.dart:36:7)
#1      EpubBookRef.readCover (package:epub_plus/src/ref_entities/epub_book_ref.dart:56:34)
#2      EpubReader.readBook (package:epub_plus/src/epub_reader.dart:102:42)
<asynchronous suspension>
#3      EpubService.parseEpubFile (package:zhidu/services/epub_service.dart:104:26)
<asynchronous suspension>
#4      BookService.importBookFromPath (package:zhidu/services/book_service.dart:184:16)
<asynchronous suspension>
#5      main.<anonymous closure>.<anonymous closure>.<anonymous closure> (file:///D:/Projects/zhidu/test/services/book_service_file_import_test.dart:289:9)
<asynchronous suspension>
#6      Declarer.test.<anonymous closure>.<anonymous closure> (package:test_api/src/backend/declarer.dart:253:15)
<asynchronous suspension>
#7      Declarer.test.<anonymous closure> (package:test_api/src/backend/declarer.dart:250:11)
<asynchronous suspension>
#8      Invoker._waitForOutstandingCallbacks.<anonymous closure> (package:test_api/src/backend/invoker.dart:318:9)
<asynchronous suspension>

[2026-04-15 20:44:33.871] DEBUG   [EpubService] 灏濊瘯浣跨敤archive鐩存帴瑙ｆ瀽EPUB...
00:38 +811 ~13 -13: D:/Projects/zhidu/test/services/storage_path_service_test.dart: StoragePathService Path Management - resetBooksDirectory should revert to default path
[2026-04-15 20:44:34.105] DEBUG   [StoragePathService] 涔︾睄鐩綍宸查噸缃负榛樿
[2026-04-15 20:44:34.113] DEBUG   [StoragePathService] 涔︾睄鐩綍宸查噸缃负榛樿
00:38 +811 ~13 -13: D:/Projects/zhidu/test/services/book_service_file_import_test.dart: BookService real file import searchBooks returns all books matching query
[2026-04-15 20:44:33.872] VERBOSE [EpubService] _parseContainerXml 寮€濮嬫墽琛? archive files count: 30
00:38 +811 ~13 -13: D:/Projects/zhidu/test/services/storage_path_service_test.dart: StoragePathService Path Management - resetBooksDirectory should revert to default path
[2026-04-15 20:44:34.113] DEBUG   [StoragePathService] 澶囦唤鐩綍宸查噸缃负榛樿
00:38 +811 ~13 -13: D:/Projects/zhidu/test/services/book_service_file_import_test.dart: BookService real file import searchBooks returns all books matching query
[2026-04-15 20:44:33.872] DEBUG   [EpubService] OPF 鏂囦欢璺緞: EPUB/content.opf
00:38 +812 ~13 -13: D:/Projects/zhidu/test/services/book_service_file_import_test.dart: BookService real file import searchBooks returns all books matching query
[2026-04-15 20:44:33.873] DEBUG   [EpubService] 浠巆ontainer.xml鑾峰彇鏍囬: null
[2026-04-15 20:44:33.873] DEBUG   [EpubService] 浠巆ontainer.xml鑾峰彇浣滆€? null
[2026-04-15 20:44:33.873] VERBOSE [EpubService] _parseOpfFile 寮€濮嬫墽琛? archive files count: 30
[2026-04-15 20:44:33.873] VERBOSE [EpubService] _parseContainerXml 寮€濮嬫墽琛? archive files count: 30
[2026-04-15 20:44:33.873] DEBUG   [EpubService] OPF 鏂囦欢璺緞: EPUB/content.opf
[2026-04-15 20:44:33.874] DEBUG   [EpubService] OPF 瑙ｆ瀽缁撴灉 - 鏍囬: Vibe Coding AI 缂栫▼瀹屽叏鎵嬪唽, 浣滆€? 璋槦鏄?钁?[2026-04-15 20:44:33.876] DEBUG   [EpubService] 浠嶰PF鑾峰彇鏍囬: Vibe Coding AI 缂栫▼瀹屽叏鎵嬪唽
[2026-04-15 20:44:33.878] DEBUG   [EpubService] 浠嶰PF鑾峰彇浣滆€? 璋槦鏄?钁?[2026-04-15 20:44:33.878] VERBOSE [EpubService] _parseNavigationFile 寮€濮嬫墽琛? archive files count: 30
[2026-04-15 20:44:33.882] DEBUG   [EpubService] 浠庡鑸枃浠惰В鏋愬埌 0 涓珷鑺?[2026-04-15 20:44:33.883] DEBUG   [EpubService] 浠庡鑸枃浠惰幏鍙栫珷鑺傛暟: 0
[2026-04-15 20:44:33.883] DEBUG   [EpubService] 鏈€缁堜功鍚? Vibe Coding AI 缂栫▼瀹屽叏鎵嬪唽
[2026-04-15 20:44:33.883] DEBUG   [EpubService] 鏈€缁堜綔鑰? 璋槦鏄?钁?[2026-04-15 20:44:33.883] VERBOSE [EpubService] _extractCover 寮€濮嬫墽琛? bytes length: 995199, bookId: 7f023d65-cf4c-4280-a7a4-d2f42c12de48
[2026-04-15 20:44:33.883] DEBUG   [EpubService] 寮€濮嬫彁鍙栧皝闈?..
[2026-04-15 20:44:34.076] ERROR   [EpubService] 鎻愬彇灏侀潰澶辫触
Error: Exception: Incorrect EPUB manifest: item with href = "cover.jpg" is missing.
[2026-04-15 20:44:34.076] ERROR   [EpubService] 鍫嗘爤
Error: #0      BookCoverReader.readBookCover (package:epub_plus/src/readers/book_cover_reader.dart:36:7)
#1      EpubBookRef.readCover (package:epub_plus/src/ref_entities/epub_book_ref.dart:56:34)
#2      EpubReader.readBook (package:epub_plus/src/epub_reader.dart:102:42)
<asynchronous suspension>
#3      EpubService._extractCover (package:zhidu/services/epub_service.dart:561:24)
<asynchronous suspension>
#4      EpubService.parseEpubFile (package:zhidu/services/epub_service.dart:181:21)
<asynchronous suspension>
#5      BookService.importBookFromPath (package:zhidu/services/book_service.dart:184:16)
<asynchronous suspension>
#6      main.<anonymous closure>.<anonymous closure>.<anonymous closure> (file:///D:/Projects/zhidu/test/services/book_service_file_import_test.dart:289:9)
<asynchronous suspension>
#7      Declarer.test.<anonymous closure>.<anonymous closure> (package:test_api/src/backend/declarer.dart:253:15)
<asynchronous suspension>
#8      Declarer.test.<anonymous closure> (package:test_api/src/backend/declarer.dart:250:11)
<asynchronous suspension>
#9      Invoker._waitForOutstandingCallbacks.<anonymous closure> (package:test_api/src/backend/invoker.dart:318:9)
<asynchronous suspension>

[2026-04-15 20:44:34.077] DEBUG   [EpubService] 灏濊瘯浠巃rchive鏌ユ壘灏侀潰...
[2026-04-15 20:44:34.077] VERBOSE [EpubService] _extractCoverFromArchive 寮€濮嬫墽琛? bytes length: 995199, bookId: 7f023d65-cf4c-4280-a7a4-d2f42c12de48
00:38 +812 ~13 -13: D:/Projects/zhidu/test/services/storage_path_service_test.dart: StoragePathService Path Management - resetBooksDirectory should be safe to call when already using default
[2026-04-15 20:44:34.127] DEBUG   [StoragePathService] 涔︾睄鐩綍宸查噸缃负榛樿
00:38 +812 ~13 -13: D:/Projects/zhidu/test/services/book_service_file_import_test.dart: BookService real file import searchBooks returns all books matching query
[2026-04-15 20:44:34.113] DEBUG   [EpubService] 灏侀潰淇濆瓨鎴愬姛: C:\Users\jjzha\AppData\Local\Temp/zhidu_book_test_1776257073661\zhidu\books\7f023d65-cf4c-4280-a7a4-d2f42c12de48\cover.jpg
00:38 +812 ~13 -13: D:/Projects/zhidu/test/services/storage_path_service_test.dart: StoragePathService Path Management - resetBooksDirectory should be safe to call when already using default
[2026-04-15 20:44:34.129] DEBUG   [StoragePathService] 涔︾睄鐩綍宸查噸缃负榛樿
[2026-04-15 20:44:34.129] DEBUG   [StoragePathService] 澶囦唤鐩綍宸查噸缃负榛樿
00:38 +813 ~13 -13: D:/Projects/zhidu/test/services/book_service_file_import_test.dart: BookService real file import searchBooks returns all books matching query
[2026-04-15 20:44:34.113] DEBUG   [EpubService] 灏侀潰璺緞: C:\Users\jjzha\AppData\Local\Temp/zhidu_book_test_1776257073661\zhidu\books\7f023d65-cf4c-4280-a7a4-d2f42c12de48\cover.jpg
[2026-04-15 20:44:34.113] DEBUG   [BookService] EPUB瑙ｆ瀽缁撴灉: Vibe Coding AI 缂栫▼瀹屽叏鎵嬪唽
[2026-04-15 20:44:34.136] INFO    [BookService] 涔︾睄瀵煎叆鎴愬姛: Vibe Coding AI 缂栫▼瀹屽叏鎵嬪唽
[2026-04-15 20:44:34.136] VERBOSE [BookService] importBookFromPath 寮€濮嬫墽琛? D:\Projects\zhidu\test\Java to Kotlin_ A Refactoring G - Duncan McGregor, Nat Pryce.epub
[2026-04-15 20:44:34.136] DEBUG   [BookService] 寮€濮嬪鍏ヤ功绫? D:\Projects\zhidu\test\Java to Kotlin_ A Refactoring G - Duncan McGregor, Nat Pryce.epub
00:38 +813 ~13 -13: D:/Projects/zhidu/test/services/storage_path_service_test.dart: StoragePathService Path Management - resetBooksDirectory should clear custom path
[2026-04-15 20:44:34.140] DEBUG   [StoragePathService] 涔︾睄鐩綍宸茶缃? C:\Users\jjzha\AppData\Local\Temp/zhidu_storage_path_test\custom_books
00:38 +813 ~13 -13: D:/Projects/zhidu/test/services/book_service_file_import_test.dart: BookService real file import searchBooks returns all books matching query
[2026-04-15 20:44:34.136] DEBUG   [BookService] 寮€濮嬭В鏋怑PUB...
[2026-04-15 20:44:34.136] VERBOSE [EpubService] parseEpubFile 寮€濮嬫墽琛? filePath: D:\Projects\zhidu\test\Java to Kotlin_ A Refactoring G - Duncan McGregor, Nat Pryce.epub
00:38 +813 ~13 -13: D:/Projects/zhidu/test/services/storage_path_service_test.dart: StoragePathService Path Management - resetBooksDirectory should clear custom path
[2026-04-15 20:44:34.144] DEBUG   [StoragePathService] 涔︾睄鐩綍宸查噸缃负榛樿
00:38 +813 ~13 -13: D:/Projects/zhidu/test/services/book_service_file_import_test.dart: BookService real file import searchBooks returns all books matching query
[2026-04-15 20:44:34.136] DEBUG   [EpubService] 寮€濮嬭В鏋愭枃浠?D:\Projects\zhidu\test\Java to Kotlin_ A Refactoring G - Duncan McGregor, Nat Pryce.epub
00:38 +813 ~13 -13: D:/Projects/zhidu/test/services/storage_path_service_test.dart: StoragePathService Path Management - resetBooksDirectory should clear custom path
[2026-04-15 20:44:34.151] DEBUG   [StoragePathService] 涔︾睄鐩綍宸查噸缃负榛樿
[2026-04-15 20:44:34.152] DEBUG   [StoragePathService] 澶囦唤鐩綍宸查噸缃负榛樿
00:38 +814 ~13 -13: D:/Projects/zhidu/test/services/book_service_file_import_test.dart: BookService real file import searchBooks returns all books matching query
00:38 +814 ~13 -13: D:/Projects/zhidu/test/services/storage_path_service_test.dart: StoragePathService Path Management - resetBackupDirectory should revert to default path
[2026-04-15 20:44:34.172] DEBUG   [StoragePathService] 澶囦唤鐩綍宸茶缃? C:\Users\jjzha\AppData\Local\Temp/zhidu_storage_path_test\custom_backups
[2026-04-15 20:44:34.173] DEBUG   [StoragePathService] 澶囦唤鐩綍宸查噸缃负榛樿
[2026-04-15 20:44:34.183] DEBUG   [StoragePathService] 涔︾睄鐩綍宸查噸缃负榛樿
[2026-04-15 20:44:34.183] DEBUG   [StoragePathService] 澶囦唤鐩綍宸查噸缃负榛樿
00:38 +815 ~13 -13: D:/Projects/zhidu/test/services/book_service_file_import_test.dart: BookService real file import searchBooks returns all books matching query
00:38 +815 ~13 -13: D:/Projects/zhidu/test/services/storage_path_service_test.dart: StoragePathService Path Management - resetBackupDirectory should be safe to call when already using default
[2026-04-15 20:44:34.200] DEBUG   [StoragePathService] 澶囦唤鐩綍宸查噸缃负榛樿
[2026-04-15 20:44:34.201] DEBUG   [StoragePathService] 涔︾睄鐩綍宸查噸缃负榛樿
[2026-04-15 20:44:34.202] DEBUG   [StoragePathService] 澶囦唤鐩綍宸查噸缃负榛樿
00:38 +816 ~13 -13: D:/Projects/zhidu/test/services/book_service_file_import_test.dart: BookService real file import searchBooks returns all books matching query
00:38 +816 ~13 -13: D:/Projects/zhidu/test/services/storage_path_service_test.dart: StoragePathService Path String Getters - getBooksDirectoryPath should return path as string
[2026-04-15 20:44:34.218] DEBUG   [StoragePathService] 涔︾睄鐩綍宸查噸缃负榛樿
[2026-04-15 20:44:34.219] DEBUG   [StoragePathService] 澶囦唤鐩綍宸查噸缃负榛樿
00:38 +817 ~13 -13: D:/Projects/zhidu/test/services/book_service_file_import_test.dart: BookService real file import searchBooks returns all books matching query
00:38 +817 ~13 -13: D:/Projects/zhidu/test/services/storage_path_service_test.dart: StoragePathService Path String Getters - getBooksDirectoryPath should return custom path when set
[2026-04-15 20:44:34.234] DEBUG   [StoragePathService] 涔︾睄鐩綍宸茶缃? C:\Users\jjzha\AppData\Local\Temp/zhidu_storage_path_test\custom_books_path
[2026-04-15 20:44:34.239] DEBUG   [StoragePathService] 涔︾睄鐩綍宸查噸缃负榛樿
[2026-04-15 20:44:34.242] DEBUG   [StoragePathService] 澶囦唤鐩綍宸查噸缃负榛樿
00:38 +818 ~13 -13: D:/Projects/zhidu/test/services/book_service_file_import_test.dart: BookService real file import searchBooks returns all books matching query
00:38 +818 ~13 -13: D:/Projects/zhidu/test/services/storage_path_service_test.dart: StoragePathService Path String Getters - getBackupDirectoryPath should return path as string
[2026-04-15 20:44:34.266] DEBUG   [StoragePathService] 涔︾睄鐩綍宸查噸缃负榛樿
[2026-04-15 20:44:34.267] DEBUG   [StoragePathService] 澶囦唤鐩綍宸查噸缃负榛樿
00:38 +819 ~13 -13: D:/Projects/zhidu/test/services/book_service_file_import_test.dart: BookService real file import searchBooks returns all books matching query
00:38 +819 ~13 -13: D:/Projects/zhidu/test/services/storage_path_service_test.dart: StoragePathService Path String Getters - getBackupDirectoryPath should return custom path when set
[2026-04-15 20:44:34.281] DEBUG   [StoragePathService] 澶囦唤鐩綍宸茶缃? C:\Users\jjzha\AppData\Local\Temp/zhidu_storage_path_test\custom_backup_path
[2026-04-15 20:44:34.287] DEBUG   [StoragePathService] 涔︾睄鐩綍宸查噸缃负榛樿
[2026-04-15 20:44:34.289] DEBUG   [StoragePathService] 澶囦唤鐩綍宸查噸缃负榛樿
00:38 +820 ~13 -13: D:/Projects/zhidu/test/services/book_service_file_import_test.dart: BookService real file import searchBooks returns all books matching query
00:38 +820 ~13 -13: D:/Projects/zhidu/test/services/storage_path_service_test.dart: StoragePathService Custom Path Checkers isUsingCustomBooksDirectory returns false by default
[2026-04-15 20:44:34.299] DEBUG   [StoragePathService] 涔︾睄鐩綍宸查噸缃负榛樿
[2026-04-15 20:44:34.300] DEBUG   [StoragePathService] 澶囦唤鐩綍宸查噸缃负榛樿
00:38 +821 ~13 -13: D:/Projects/zhidu/test/services/book_service_file_import_test.dart: BookService real file import searchBooks returns all books matching query
00:38 +821 ~13 -13: D:/Projects/zhidu/test/services/storage_path_service_test.dart: StoragePathService Custom Path Checkers isUsingCustomBooksDirectory returns true when set
[2026-04-15 20:44:34.313] DEBUG   [StoragePathService] 涔︾睄鐩綍宸茶缃? C:\Users\jjzha\AppData\Local\Temp/zhidu_storage_path_test\custom
[2026-04-15 20:44:34.315] DEBUG   [StoragePathService] 涔︾睄鐩綍宸查噸缃负榛樿
[2026-04-15 20:44:34.315] DEBUG   [StoragePathService] 澶囦唤鐩綍宸查噸缃负榛樿
00:38 +822 ~13 -13: D:/Projects/zhidu/test/services/book_service_file_import_test.dart: BookService real file import searchBooks returns all books matching query
00:38 +822 ~13 -13: D:/Projects/zhidu/test/services/storage_path_service_test.dart: StoragePathService Custom Path Checkers isUsingCustomBackupDirectory returns false by default
[2026-04-15 20:44:34.331] DEBUG   [StoragePathService] 涔︾睄鐩綍宸查噸缃负榛樿
[2026-04-15 20:44:34.331] DEBUG   [StoragePathService] 澶囦唤鐩綍宸查噸缃负榛樿
00:38 +823 ~13 -13: D:/Projects/zhidu/test/services/book_service_file_import_test.dart: BookService real file import searchBooks returns all books matching query
00:38 +823 ~13 -13: D:/Projects/zhidu/test/services/storage_path_service_test.dart: StoragePathService Custom Path Checkers isUsingCustomBackupDirectory returns true when set
[2026-04-15 20:44:34.342] DEBUG   [StoragePathService] 澶囦唤鐩綍宸茶缃? C:\Users\jjzha\AppData\Local\Temp/zhidu_storage_path_test\custom
[2026-04-15 20:44:34.344] DEBUG   [StoragePathService] 涔︾睄鐩綍宸查噸缃负榛樿
[2026-04-15 20:44:34.344] DEBUG   [StoragePathService] 澶囦唤鐩綍宸查噸缃负榛樿
00:38 +824 ~13 -13: D:/Projects/zhidu/test/services/book_service_file_import_test.dart: BookService real file import searchBooks returns all books matching query
00:38 +824 ~13 -13: D:/Projects/zhidu/test/services/storage_path_service_test.dart: StoragePathService Default Path Getters getDefaultBooksDirectoryPath returns default path
[2026-04-15 20:44:34.368] DEBUG   [StoragePathService] 涔︾睄鐩綍宸查噸缃负榛樿
[2026-04-15 20:44:34.369] DEBUG   [StoragePathService] 澶囦唤鐩綍宸查噸缃负榛樿
Package file_picker:linux references file_picker:linux as the default plugin, but it does not provide an inline impleme
ntation.
Ask the maintainers of file_picker to either avoid referencing a default implementation via `platforms: linux: default_
package: file_picker` or add an inline implementation to file_picker via `platforms: linux:` `pluginClass` or `dartPlug
inClass`.

Package file_picker:macos references file_picker:macos as the default plugin, but it does not provide an inline impleme
ntation.
Ask the maintainers of file_picker to either avoid referencing a default implementation via `platforms: macos: default_
package: file_picker` or add an inline implementation to file_picker via `platforms: macos:` `pluginClass` or `dartPlug
inClass`.

Package file_picker:windows references file_picker:windows as the default plugin, but it does not provide an inline imp
lementation.
Ask the maintainers of file_picker to either avoid referencing a default implementation via `platforms: windows: defaul
t_package: file_picker` or add an inline implementation to file_picker via `platforms: windows:` `pluginClass` or `dart
PluginClass`.

00:38 +825 ~13 -13: D:/Projects/zhidu/test/services/book_service_file_import_test.dart: BookService real file import searchBooks returns all books matching query
00:38 +825 ~13 -13: D:/Projects/zhidu/test/services/storage_path_service_test.dart: StoragePathService Default Path Getters getDefaultBackupDirectoryPath returns default path
[2026-04-15 20:44:34.391] DEBUG   [StoragePathService] 涔︾睄鐩綍宸查噸缃负榛樿
[2026-04-15 20:44:34.391] DEBUG   [StoragePathService] 澶囦唤鐩綍宸查噸缃负榛樿
00:38 +826 ~13 -13: D:/Projects/zhidu/test/services/book_service_file_import_test.dart: BookService real file import searchBooks returns all books matching query
00:38 +826 ~13 -13: D:/Projects/zhidu/test/services/storage_path_service_test.dart: StoragePathService Default Path Getters default paths remain unchanged when custom path is set
[2026-04-15 20:44:34.399] DEBUG   [StoragePathService] 涔︾睄鐩綍宸茶缃? C:\Users\jjzha\AppData\Local\Temp/zhidu_storage_path_test\custom_books
[2026-04-15 20:44:34.399] DEBUG   [StoragePathService] 澶囦唤鐩綍宸茶缃? C:\Users\jjzha\AppData\Local\Temp/zhidu_storage_path_test\custom_backups
[2026-04-15 20:44:34.400] DEBUG   [StoragePathService] 涔︾睄鐩綍宸查噸缃负榛樿
[2026-04-15 20:44:34.400] DEBUG   [StoragePathService] 澶囦唤鐩綍宸查噸缃负榛樿
00:38 +827 ~13 -13: D:/Projects/zhidu/test/services/book_service_file_import_test.dart: BookService real file import searchBooks returns all books matching query
00:38 +827 ~13 -13: D:/Projects/zhidu/test/services/storage_path_service_test.dart: StoragePathService Edge Cases - Non-existent Directories should handle deeply nested non-existent path
[2026-04-15 20:44:34.411] DEBUG   [StoragePathService] 涔︾睄鐩綍宸茶缃? C:\Users\jjzha\AppData\Local\Temp/zhidu_storage_path_test\level1\level2\level3\level4\books
[2026-04-15 20:44:34.425] DEBUG   [StoragePathService] 涔︾睄鐩綍宸查噸缃负榛樿
[2026-04-15 20:44:34.427] DEBUG   [StoragePathService] 澶囦唤鐩綍宸查噸缃负榛樿
00:38 +828 ~13 -13: D:/Projects/zhidu/test/services/book_service_file_import_test.dart: BookService real file import searchBooks returns all books matching query
00:38 +828 ~13 -13: D:/Projects/zhidu/test/services/storage_path_service_test.dart: StoragePathService Edge Cases - Non-existent Directories should handle path with special characters
[2026-04-15 20:44:34.437] DEBUG   [StoragePathService] 涔︾睄鐩綍宸茶缃? C:\Users\jjzha\AppData\Local\Temp/zhidu_storage_path_test\books-test_123.456
[2026-04-15 20:44:34.441] DEBUG   [StoragePathService] 涔︾睄鐩綍宸查噸缃负榛樿
[2026-04-15 20:44:34.442] DEBUG   [StoragePathService] 澶囦唤鐩綍宸查噸缃负榛樿
00:38 +829 ~13 -13: D:/Projects/zhidu/test/services/book_service_file_import_test.dart: BookService real file import searchBooks returns all books matching query
00:38 +829 ~13 -13: D:/Projects/zhidu/test/services/storage_path_service_test.dart: StoragePathService Edge Cases - Non-existent Directories should handle path with spaces
[2026-04-15 20:44:34.454] DEBUG   [StoragePathService] 涔︾睄鐩綍宸茶缃? C:\Users\jjzha\AppData\Local\Temp/zhidu_storage_path_test\My Books Directory
[2026-04-15 20:44:34.462] DEBUG   [StoragePathService] 涔︾睄鐩綍宸查噸缃负榛樿
[2026-04-15 20:44:34.464] DEBUG   [StoragePathService] 澶囦唤鐩綍宸查噸缃负榛樿
00:38 +830 ~13 -13: D:/Projects/zhidu/test/services/book_service_file_import_test.dart: BookService real file import searchBooks returns all books matching query
00:38 +830 ~13 -13: D:/Projects/zhidu/test/services/storage_path_service_test.dart: StoragePathService Edge Cases - Directory State Changes should handle directory deleted after being set
[2026-04-15 20:44:34.471] DEBUG   [StoragePathService] 涔︾睄鐩綍宸茶缃? C:\Users\jjzha\AppData\Local\Temp/zhidu_storage_path_test\temp_1776257074471
[2026-04-15 20:44:34.487] DEBUG   [StoragePathService] 涔︾睄鐩綍宸查噸缃负榛樿
[2026-04-15 20:44:34.490] DEBUG   [StoragePathService] 澶囦唤鐩綍宸查噸缃负榛樿
00:38 +831 ~13 -13: D:/Projects/zhidu/test/services/book_service_file_import_test.dart: BookService real file import searchBooks returns all books matching query
00:38 +831 ~13 -13: D:/Projects/zhidu/test/services/storage_path_service_test.dart: StoragePathService Edge Cases - Directory State Changes should switch between custom and default paths
[2026-04-15 20:44:34.512] DEBUG   [StoragePathService] 涔︾睄鐩綍宸茶缃? C:\Users\jjzha\AppData\Local\Temp/zhidu_storage_path_test\switch_test
[2026-04-15 20:44:34.518] DEBUG   [StoragePathService] 涔︾睄鐩綍宸查噸缃负榛樿
[2026-04-15 20:44:34.521] DEBUG   [StoragePathService] 涔︾睄鐩綍宸查噸缃负榛樿
[2026-04-15 20:44:34.522] DEBUG   [StoragePathService] 澶囦唤鐩綍宸查噸缃负榛樿
00:38 +832 ~13 -13: D:/Projects/zhidu/test/services/book_service_file_import_test.dart: BookService real file import searchBooks returns all books matching query
00:38 +832 ~13 -13: D:/Projects/zhidu/test/services/storage_path_service_test.dart: StoragePathService Path Consistency books and backups should have same base directory by default
[2026-04-15 20:44:34.542] DEBUG   [StoragePathService] 涔︾睄鐩綍宸查噸缃负榛樿
[2026-04-15 20:44:34.544] DEBUG   [StoragePathService] 澶囦唤鐩綍宸查噸缃负榛樿
00:38 +833 ~13 -13: D:/Projects/zhidu/test/services/book_service_file_import_test.dart: BookService real file import searchBooks returns all books matching query
00:38 +833 ~13 -13: D:/Projects/zhidu/test/services/storage_path_service_test.dart: StoragePathService Path Consistency custom paths can be completely independent
[2026-04-15 20:44:34.558] DEBUG   [StoragePathService] 涔︾睄鐩綍宸茶缃? C:\Users\jjzha\AppData\Local\Temp/zhidu_storage_path_test\mybooks
[2026-04-15 20:44:34.559] DEBUG   [StoragePathService] 澶囦唤鐩綍宸茶缃? C:\Users\jjzha\AppData\Local\Temp/zhidu_storage_path_test\mybackups
[2026-04-15 20:44:34.571] DEBUG   [StoragePathService] 涔︾睄鐩綍宸查噸缃负榛樿
[2026-04-15 20:44:34.573] DEBUG   [StoragePathService] 澶囦唤鐩綍宸查噸缃负榛樿
00:38 +834 ~13 -13: D:/Projects/zhidu/test/services/book_service_file_import_test.dart: BookService real file import searchBooks returns all books matching query
00:38 +834 ~13 -13: D:/Projects/zhidu/test/services/storage_path_service_test.dart: StoragePathService Concurrent Access should handle concurrent directory access
[2026-04-15 20:44:34.598] DEBUG   [StoragePathService] 涔︾睄鐩綍宸查噸缃负榛樿
[2026-04-15 20:44:34.598] DEBUG   [StoragePathService] 澶囦唤鐩綍宸查噸缃负榛樿
00:38 +835 ~13 -13: D:/Projects/zhidu/test/services/book_service_file_import_test.dart: BookService real file import searchBooks returns all books matching query
00:39 +835 ~13 -13: D:/Projects/zhidu/test/services/storage_path_service_test.dart: StoragePathService Concurrent Access should handle rapid setting and getting
[2026-04-15 20:44:34.609] DEBUG   [StoragePathService] 涔︾睄鐩綍宸茶缃? C:\Users\jjzha\AppData\Local\Temp/zhidu_storage_path_test\rapid_0
[2026-04-15 20:44:34.617] DEBUG   [StoragePathService] 涔︾睄鐩綍宸茶缃? C:\Users\jjzha\AppData\Local\Temp/zhidu_storage_path_test\rapid_1
[2026-04-15 20:44:34.623] DEBUG   [StoragePathService] 涔︾睄鐩綍宸茶缃? C:\Users\jjzha\AppData\Local\Temp/zhidu_storage_path_test\rapid_2
[2026-04-15 20:44:34.630] DEBUG   [StoragePathService] 涔︾睄鐩綍宸茶缃? C:\Users\jjzha\AppData\Local\Temp/zhidu_storage_path_test\rapid_3
[2026-04-15 20:44:34.633] DEBUG   [StoragePathService] 涔︾睄鐩綍宸茶缃? C:\Users\jjzha\AppData\Local\Temp/zhidu_storage_path_test\rapid_4
[2026-04-15 20:44:34.641] DEBUG   [StoragePathService] 涔︾睄鐩綍宸查噸缃负榛樿
[2026-04-15 20:44:34.642] DEBUG   [StoragePathService] 澶囦唤鐩綍宸查噸缃负榛樿
00:39 +836 ~13 -13: D:/Projects/zhidu/test/services/book_service_file_import_test.dart: BookService real file import searchBooks returns all books matching query
00:39 +837 ~13 -13: D:/Projects/zhidu/test/services/book_service_file_import_test.dart: BookService real file import searchBooks returns all books matching query
00:39 +838 ~13 -13: D:/Projects/zhidu/test/services/book_service_file_import_test.dart: BookService real file import searchBooks returns all books matching query
00:39 +839 ~13 -13: D:/Projects/zhidu/test/services/book_service_file_import_test.dart: BookService real file import searchBooks returns all books matching query
00:39 +840 ~13 -13: D:/Projects/zhidu/test/services/book_service_file_import_test.dart: BookService real file import searchBooks returns all books matching query
00:39 +841 ~13 -13: D:/Projects/zhidu/test/services/book_service_file_import_test.dart: BookService real file import searchBooks returns all books matching query
00:39 +842 ~13 -13: D:/Projects/zhidu/test/services/book_service_file_import_test.dart: BookService real file import searchBooks returns all books matching query
[2026-04-15 20:44:34.139] DEBUG   [EpubService] 璇诲彇鏂囦欢瀛楄妭...
[2026-04-15 20:44:34.153] DEBUG   [EpubService] 鏂囦欢澶у皬: 1638925 bytes
[2026-04-15 20:44:34.153] DEBUG   [EpubService] 瑙ｆ瀽EPUB缁撴瀯...
[2026-04-15 20:44:34.443] ERROR   [EpubService] 浣跨敤EpubReader瑙ｆ瀽澶辫触
Error: Exception: Incorrect EPUB manifest: item with ID = "Images/cover.png" is missing.
[2026-04-15 20:44:34.444] ERROR   [EpubService] 鍫嗘爤
Error: #0      BookCoverReader.readBookCover (package:epub_plus/src/readers/book_cover_reader.dart:29:7)
#1      EpubBookRef.readCover (package:epub_plus/src/ref_entities/epub_book_ref.dart:56:34)
#2      EpubReader.readBook (package:epub_plus/src/epub_reader.dart:102:42)
<asynchronous suspension>
#3      EpubService.parseEpubFile (package:zhidu/services/epub_service.dart:104:26)
<asynchronous suspension>
#4      BookService.importBookFromPath (package:zhidu/services/book_service.dart:184:16)
<asynchronous suspension>
#5      main.<anonymous closure>.<anonymous closure>.<anonymous closure> (file:///D:/Projects/zhidu/test/services/book_service_file_import_test.dart:290:9)
<asynchronous suspension>
#6      Declarer.test.<anonymous closure>.<anonymous closure> (package:test_api/src/backend/declarer.dart:253:15)
<asynchronous suspension>
#7      Declarer.test.<anonymous closure> (package:test_api/src/backend/declarer.dart:250:11)
<asynchronous suspension>
#8      Invoker._waitForOutstandingCallbacks.<anonymous closure> (package:test_api/src/backend/invoker.dart:318:9)
<asynchronous suspension>

00:39 +843 ~13 -13: D:/Projects/zhidu/test/services/book_service_file_import_test.dart: BookService real file import searchBooks returns all books matching query
[2026-04-15 20:44:34.445] DEBUG   [EpubService] 灏濊瘯浣跨敤archive鐩存帴瑙ｆ瀽EPUB...
[2026-04-15 20:44:34.446] VERBOSE [EpubService] _parseContainerXml 寮€濮嬫墽琛? archive files count: 50
[2026-04-15 20:44:34.446] DEBUG   [EpubService] OPF 鏂囦欢璺緞: OEBPS/content.opf
[2026-04-15 20:44:34.447] DEBUG   [EpubService] 浠巆ontainer.xml鑾峰彇鏍囬: null
[2026-04-15 20:44:34.447] DEBUG   [EpubService] 浠巆ontainer.xml鑾峰彇浣滆€? null
00:39 +844 ~13 -13: D:/Projects/zhidu/test/services/book_service_file_import_test.dart: BookService real file import searchBooks returns all books matching query
[2026-04-15 20:44:34.447] VERBOSE [EpubService] _parseOpfFile 寮€濮嬫墽琛? archive files count: 50
[2026-04-15 20:44:34.447] VERBOSE [EpubService] _parseContainerXml 寮€濮嬫墽琛? archive files count: 50
[2026-04-15 20:44:34.448] DEBUG   [EpubService] OPF 鏂囦欢璺緞: OEBPS/content.opf
[2026-04-15 20:44:34.450] DEBUG   [EpubService] OPF 瑙ｆ瀽缁撴灉 - 鏍囬: Java to Kotlin, 浣滆€? Duncan McGregor, Nat Pryce
[2026-04-15 20:44:34.451] DEBUG   [EpubService] 浠嶰PF鑾峰彇鏍囬: Java to Kotlin
[2026-04-15 20:44:34.451] DEBUG   [EpubService] 浠嶰PF鑾峰彇浣滆€? Duncan McGregor, Nat Pryce
[2026-04-15 20:44:34.451] VERBOSE [EpubService] _parseNavigationFile 寮€濮嬫墽琛? archive files count: 50
00:39 +845 ~13 -13: D:/Projects/zhidu/test/services/book_service_file_import_test.dart: BookService real file import searchBooks returns all books matching query
[2026-04-15 20:44:34.466] DEBUG   [EpubService] 浠庡鑸枃浠惰В鏋愬埌 0 涓珷鑺?[2026-04-15 20:44:34.466] DEBUG   [EpubService] 浠庡鑸枃浠惰幏鍙栫珷鑺傛暟: 0
[2026-04-15 20:44:34.467] DEBUG   [EpubService] 鏈€缁堜功鍚? Java to Kotlin
[2026-04-15 20:44:34.467] DEBUG   [EpubService] 鏈€缁堜綔鑰? Duncan McGregor, Nat Pryce
[2026-04-15 20:44:34.467] VERBOSE [EpubService] _extractCover 寮€濮嬫墽琛? bytes length: 1638925, bookId: eb5455fa-745e-4b38-b424-4284053d8e05
[2026-04-15 20:44:34.467] DEBUG   [EpubService] 寮€濮嬫彁鍙栧皝闈?..
[2026-04-15 20:44:34.793] ERROR   [EpubService] 鎻愬彇灏侀潰澶辫触
Error: Exception: Incorrect EPUB manifest: item with ID = "Images/cover.png" is missing.
[2026-04-15 20:44:34.794] ERROR   [EpubService] 鍫嗘爤
Error: #0      BookCoverReader.readBookCover (package:epub_plus/src/readers/book_cover_reader.dart:29:7)
#1      EpubBookRef.readCover (package:epub_plus/src/ref_entities/epub_book_ref.dart:56:34)
#2      EpubReader.readBook (package:epub_plus/src/epub_reader.dart:102:42)
<asynchronous suspension>
#3      EpubService._extractCover (package:zhidu/services/epub_service.dart:561:24)
<asynchronous suspension>
#4      EpubService.parseEpubFile (package:zhidu/services/epub_service.dart:181:21)
<asynchronous suspension>
#5      BookService.importBookFromPath (package:zhidu/services/book_service.dart:184:16)
<asynchronous suspension>
#6      main.<anonymous closure>.<anonymous closure>.<anonymous closure> (file:///D:/Projects/zhidu/test/services/book_service_file_import_test.dart:290:9)
<asynchronous suspension>
#7      Declarer.test.<anonymous closure>.<anonymous closure> (package:test_api/src/backend/declarer.dart:253:15)
<asynchronous suspension>
#8      Declarer.test.<anonymous closure> (package:test_api/src/backend/declarer.dart:250:11)
<asynchronous suspension>
#9      Invoker._waitForOutstandingCallbacks.<anonymous closure> (package:test_api/src/backend/invoker.dart:318:9)
<asynchronous suspension>

[2026-04-15 20:44:34.794] DEBUG   [EpubService] 灏濊瘯浠巃rchive鏌ユ壘灏侀潰...
[2026-04-15 20:44:34.795] VERBOSE [EpubService] _extractCoverFromArchive 寮€濮嬫墽琛? bytes length: 1638925, bookId: eb5455fa-745e-4b38-b424-4284053d8e05
[2026-04-15 20:44:34.828] DEBUG   [EpubService] 灏侀潰淇濆瓨鎴愬姛: C:\Users\jjzha\AppData\Local\Temp/zhidu_book_test_1776257073661\zhidu\books\eb5455fa-745e-4b38-b424-4284053d8e05\cover.png
[2026-04-15 20:44:34.829] DEBUG   [EpubService] 灏侀潰璺緞: C:\Users\jjzha\AppData\Local\Temp/zhidu_book_test_1776257073661\zhidu\books\eb5455fa-745e-4b38-b424-4284053d8e05\cover.png
[2026-04-15 20:44:34.829] DEBUG   [BookService] EPUB瑙ｆ瀽缁撴灉: Java to Kotlin
[2026-04-15 20:44:34.849] INFO    [BookService] 涔︾睄瀵煎叆鎴愬姛: Java to Kotlin
00:39 +846 ~13 -13: D:/Projects/zhidu/test/services/book_service_file_import_test.dart: BookService real file import searchBooks returns all books matching query
00:39 +847 ~13 -13: D:/Projects/zhidu/test/services/summary_service_test.dart: SummaryService extractTitleFromSummary returns null for non-matching first line
00:39 +847 ~13 -13: D:/Projects/zhidu/test/services/book_service_file_import_test.dart: BookService real file import complete import-read-delete workflow imports, updates, and deletes book
[2026-04-15 20:44:34.880] VERBOSE [BookService] init 寮€濮嬫墽琛?00:39 +848 ~13 -13: D:/Projects/zhidu/test/services/book_service_file_import_test.dart: BookService real file import complete import-read-delete workflow imports, updates, and deletes book
[2026-04-15 20:44:34.891] VERBOSE [FileStorageService] 鏂囦欢涓嶅瓨鍦? C:\Users\jjzha\AppData\Local\Temp/zhidu_book_test_1776257074876\zhidu\books.json
[2026-04-15 20:44:34.892] VERBOSE [BookService] init 鎵ц瀹屾垚, 鍔犺浇涔︾睄鏁伴噺: 0
[2026-04-15 20:44:34.893] VERBOSE [BookService] importBookFromPath 寮€濮嬫墽琛? D:\Projects\zhidu\test\Vibe Coding AI Bian Cheng Wan Q - Tan Xing Xing.epub
[2026-04-15 20:44:34.893] DEBUG   [BookService] 寮€濮嬪鍏ヤ功绫? D:\Projects\zhidu\test\Vibe Coding AI Bian Cheng Wan Q - Tan Xing Xing.epub
00:39 +849 ~13 -13: D:/Projects/zhidu/test/services/book_service_file_import_test.dart: BookService real file import complete import-read-delete workflow imports, updates, and deletes book
00:39 +850 ~13 -13: D:/Projects/zhidu/test/services/book_service_file_import_test.dart: BookService real file import complete import-read-delete workflow imports, updates, and deletes book
00:39 +851 ~13 -13: D:/Projects/zhidu/test/services/book_service_file_import_test.dart: BookService real file import complete import-read-delete workflow imports, updates, and deletes book
00:39 +852 ~13 -13: D:/Projects/zhidu/test/services/book_service_file_import_test.dart: BookService real file import complete import-read-delete workflow imports, updates, and deletes book
00:39 +853 ~13 -13: D:/Projects/zhidu/test/services/book_service_file_import_test.dart: BookService real file import complete import-read-delete workflow imports, updates, and deletes book
00:39 +854 ~13 -13: D:/Projects/zhidu/test/services/book_service_file_import_test.dart: BookService real file import complete import-read-delete workflow imports, updates, and deletes book
00:39 +855 ~13 -13: D:/Projects/zhidu/test/services/book_service_file_import_test.dart: BookService real file import complete import-read-delete workflow imports, updates, and deletes book
00:39 +856 ~13 -13: D:/Projects/zhidu/test/services/book_service_file_import_test.dart: BookService real file import complete import-read-delete workflow imports, updates, and deletes book
00:39 +857 ~13 -13: D:/Projects/zhidu/test/services/book_service_file_import_test.dart: BookService real file import complete import-read-delete workflow imports, updates, and deletes book
00:39 +858 ~13 -13: D:/Projects/zhidu/test/services/book_service_file_import_test.dart: BookService real file import complete import-read-delete workflow imports, updates, and deletes book
00:39 +859 ~13 -13: D:/Projects/zhidu/test/services/book_service_file_import_test.dart: BookService real file import complete import-read-delete workflow imports, updates, and deletes book
00:39 +859 ~13 -13: D:/Projects/zhidu/test/services/summary_service_test.dart: SummaryService init completes without error
[2026-04-15 20:44:35.111] DEBUG   [SummaryService] 鏂囦欢瀛樺偍妯″紡锛屾棤闇€鍒濆鍖?00:39 +860 ~13 -13: D:/Projects/zhidu/test/services/book_service_file_import_test.dart: BookService real file import complete import-read-delete workflow imports, updates, and deletes book
[2026-04-15 20:44:34.894] DEBUG   [BookService] 寮€濮嬭В鏋怑PUB...
[2026-04-15 20:44:34.894] VERBOSE [EpubService] parseEpubFile 寮€濮嬫墽琛? filePath: D:\Projects\zhidu\test\Vibe Coding AI Bian Cheng Wan Q - Tan Xing Xing.epub
[2026-04-15 20:44:34.894] DEBUG   [EpubService] 寮€濮嬭В鏋愭枃浠?D:\Projects\zhidu\test\Vibe Coding AI Bian Cheng Wan Q - Tan Xing Xing.epub
[2026-04-15 20:44:34.896] DEBUG   [EpubService] 璇诲彇鏂囦欢瀛楄妭...
[2026-04-15 20:44:34.902] DEBUG   [EpubService] 鏂囦欢澶у皬: 995199 bytes
[2026-04-15 20:44:34.902] DEBUG   [EpubService] 瑙ｆ瀽EPUB缁撴瀯...
[2026-04-15 20:44:35.065] ERROR   [EpubService] 浣跨敤EpubReader瑙ｆ瀽澶辫触
Error: Exception: Incorrect EPUB manifest: item with href = "cover.jpg" is missing.
[2026-04-15 20:44:35.066] ERROR   [EpubService] 鍫嗘爤
Error: #0      BookCoverReader.readBookCover (package:epub_plus/src/readers/book_cover_reader.dart:36:7)
#1      EpubBookRef.readCover (package:epub_plus/src/ref_entities/epub_book_ref.dart:56:34)
#2      EpubReader.readBook (package:epub_plus/src/epub_reader.dart:102:42)
<asynchronous suspension>
#3      EpubService.parseEpubFile (package:zhidu/services/epub_service.dart:104:26)
<asynchronous suspension>
#4      BookService.importBookFromPath (package:zhidu/services/book_service.dart:184:16)
<asynchronous suspension>
#5      main.<anonymous closure>.<anonymous closure>.<anonymous closure> (file:///D:/Projects/zhidu/test/services/book_service_file_import_test.dart:300:22)
<asynchronous suspension>
#6      Declarer.test.<anonymous closure>.<anonymous closure> (package:test_api/src/backend/declarer.dart:253:15)
<asynchronous suspension>
#7      Declarer.test.<anonymous closure> (package:test_api/src/backend/declarer.dart:250:11)
<asynchronous suspension>
#8      Invoker._waitForOutstandingCallbacks.<anonymous closure> (package:test_api/src/backend/invoker.dart:318:9)
<asynchronous suspension>

[2026-04-15 20:44:35.067] DEBUG   [EpubService] 灏濊瘯浣跨敤archive鐩存帴瑙ｆ瀽EPUB...
[2026-04-15 20:44:35.067] VERBOSE [EpubService] _parseContainerXml 寮€濮嬫墽琛? archive files count: 30
[2026-04-15 20:44:35.068] DEBUG   [EpubService] OPF 鏂囦欢璺緞: EPUB/content.opf
[2026-04-15 20:44:35.068] DEBUG   [EpubService] 浠巆ontainer.xml鑾峰彇鏍囬: null
[2026-04-15 20:44:35.068] DEBUG   [EpubService] 浠巆ontainer.xml鑾峰彇浣滆€? null
[2026-04-15 20:44:35.069] VERBOSE [EpubService] _parseOpfFile 寮€濮嬫墽琛? archive files count: 30
[2026-04-15 20:44:35.069] VERBOSE [EpubService] _parseContainerXml 寮€濮嬫墽琛? archive files count: 30
[2026-04-15 20:44:35.069] DEBUG   [EpubService] OPF 鏂囦欢璺緞: EPUB/content.opf
[2026-04-15 20:44:35.070] DEBUG   [EpubService] OPF 瑙ｆ瀽缁撴灉 - 鏍囬: Vibe Coding AI 缂栫▼瀹屽叏鎵嬪唽, 浣滆€? 璋槦鏄?钁?[2026-04-15 20:44:35.070] DEBUG   [EpubService] 浠嶰PF鑾峰彇鏍囬: Vibe Coding AI 缂栫▼瀹屽叏鎵嬪唽
[2026-04-15 20:44:35.070] DEBUG   [EpubService] 浠嶰PF鑾峰彇浣滆€? 璋槦鏄?钁?[2026-04-15 20:44:35.070] VERBOSE [EpubService] _parseNavigationFile 寮€濮嬫墽琛? archive files count: 30
[2026-04-15 20:44:35.074] DEBUG   [EpubService] 浠庡鑸枃浠惰В鏋愬埌 0 涓珷鑺?[2026-04-15 20:44:35.074] DEBUG   [EpubService] 浠庡鑸枃浠惰幏鍙栫珷鑺傛暟: 0
[2026-04-15 20:44:35.076] DEBUG   [EpubService] 鏈€缁堜功鍚? Vibe Coding AI 缂栫▼瀹屽叏鎵嬪唽
[2026-04-15 20:44:35.077] DEBUG   [EpubService] 鏈€缁堜綔鑰? 璋槦鏄?钁?[2026-04-15 20:44:35.078] VERBOSE [EpubService] _extractCover 寮€濮嬫墽琛? bytes length: 995199, bookId: 7d2a7068-9cf5-45eb-92de-3818f987a603
[2026-04-15 20:44:35.078] DEBUG   [EpubService] 寮€濮嬫彁鍙栧皝闈?..
[2026-04-15 20:44:35.234] ERROR   [EpubService] 鎻愬彇灏侀潰澶辫触
Error: Exception: Incorrect EPUB manifest: item with href = "cover.jpg" is missing.
[2026-04-15 20:44:35.235] ERROR   [EpubService] 鍫嗘爤
Error: #0      BookCoverReader.readBookCover (package:epub_plus/src/readers/book_cover_reader.dart:36:7)
#1      EpubBookRef.readCover (package:epub_plus/src/ref_entities/epub_book_ref.dart:56:34)
#2      EpubReader.readBook (package:epub_plus/src/epub_reader.dart:102:42)
<asynchronous suspension>
#3      EpubService._extractCover (package:zhidu/services/epub_service.dart:561:24)
<asynchronous suspension>
#4      EpubService.parseEpubFile (package:zhidu/services/epub_service.dart:181:21)
<asynchronous suspension>
#5      BookService.importBookFromPath (package:zhidu/services/book_service.dart:184:16)
<asynchronous suspension>
#6      main.<anonymous closure>.<anonymous closure>.<anonymous closure> (file:///D:/Projects/zhidu/test/services/book_service_file_import_test.dart:300:22)
<asynchronous suspension>
#7      Declarer.test.<anonymous closure>.<anonymous closure> (package:test_api/src/backend/declarer.dart:253:15)
<asynchronous suspension>
#8      Declarer.test.<anonymous closure> (package:test_api/src/backend/declarer.dart:250:11)
<asynchronous suspension>
#9      Invoker._waitForOutstandingCallbacks.<anonymous closure> (package:test_api/src/backend/invoker.dart:318:9)
<asynchronous suspension>

[2026-04-15 20:44:35.235] DEBUG   [EpubService] 灏濊瘯浠巃rchive鏌ユ壘灏侀潰...
[2026-04-15 20:44:35.235] VERBOSE [EpubService] _extractCoverFromArchive 寮€濮嬫墽琛? bytes length: 995199, bookId: 7d2a7068-9cf5-45eb-92de-3818f987a603
[2026-04-15 20:44:35.268] DEBUG   [EpubService] 灏侀潰淇濆瓨鎴愬姛: C:\Users\jjzha\AppData\Local\Temp/zhidu_book_test_1776257074876\zhidu\books\7d2a7068-9cf5-45eb-92de-3818f987a603\cover.jpg
[2026-04-15 20:44:35.269] DEBUG   [EpubService] 灏侀潰璺緞: C:\Users\jjzha\AppData\Local\Temp/zhidu_book_test_1776257074876\zhidu\books\7d2a7068-9cf5-45eb-92de-3818f987a603\cover.jpg
00:39 +860 ~13 -13: D:/Projects/zhidu/test/services/summary_service_test.dart: SummaryService saveSummary saves chapter summary to file
[2026-04-15 20:44:35.281] DEBUG   [SummaryService] 鎽樿宸蹭繚瀛? test-book-1776257075226_0
00:39 +860 ~13 -13: D:/Projects/zhidu/test/services/book_service_file_import_test.dart: BookService real file import complete import-read-delete workflow imports, updates, and deletes book
[2026-04-15 20:44:35.270] DEBUG   [BookService] EPUB瑙ｆ瀽缁撴灉: Vibe Coding AI 缂栫▼瀹屽叏鎵嬪唽
[2026-04-15 20:44:35.299] INFO    [BookService] 涔︾睄瀵煎叆鎴愬姛: Vibe Coding AI 缂栫▼瀹屽叏鎵嬪唽
00:39 +861 ~13 -13: D:/Projects/zhidu/test/services/book_service_file_import_test.dart: BookService real file import complete import-read-delete workflow imports, updates, and deletes book
00:39 +862 ~13 -13: D:/Projects/zhidu/test/services/book_service_file_import_test.dart: BookService real file import complete import-read-delete workflow imports, updates, and deletes book
[2026-04-15 20:44:35.300] DEBUG   [BookService] 鏇存柊涔︾睄: Vibe Coding AI 缂栫▼瀹屽叏鎵嬪唽
00:39 +863 ~13 -13: D:/Projects/zhidu/test/services/book_service_file_import_test.dart: BookService real file import complete import-read-delete workflow imports, updates, and deletes book
[2026-04-15 20:44:35.322] DEBUG   [BookService] 涔︾睄鏇存柊鎴愬姛: Vibe Coding AI 缂栫▼瀹屽叏鎵嬪唽
[2026-04-15 20:44:35.324] DEBUG   [BookService] 鍒犻櫎涔︾睄: 7d2a7068-9cf5-45eb-92de-3818f987a603
00:39 +864 ~13 -13: D:/Projects/zhidu/test/services/book_service_file_import_test.dart: BookService real file import complete import-read-delete workflow imports, updates, and deletes book
00:39 +864 ~13 -13: D:/Projects/zhidu/test/services/summary_service_test.dart: SummaryService saveSummary saves multiple chapter summaries
[2026-04-15 20:44:35.333] DEBUG   [SummaryService] 鎽樿宸蹭繚瀛? test-book-1776257075318_0
00:39 +864 ~13 -13: D:/Projects/zhidu/test/services/book_service_file_import_test.dart: BookService real file import complete import-read-delete workflow imports, updates, and deletes book
[2026-04-15 20:44:35.334] INFO    [BookService] 涔︾睄鍒犻櫎鎴愬姛: Vibe Coding AI 缂栫▼瀹屽叏鎵嬪唽
00:39 +865 ~13 -13: D:/Projects/zhidu/test/services/book_service_file_import_test.dart: BookService real file import complete import-read-delete workflow imports, updates, and deletes book
00:39 +866 ~13 -13: D:/Projects/zhidu/test/services/summary_service_test.dart: SummaryService saveSummary saves multiple chapter summaries
[2026-04-15 20:44:35.344] DEBUG   [SummaryService] 鎽樿宸蹭繚瀛? test-book-1776257075318_1
00:39 +866 ~13 -13: D:/Projects/zhidu/test/services/book_service_file_import_test.dart: BookService real file import complete import-read-delete workflow imports multiple books, searches, and deletes
[2026-04-15 20:44:35.350] VERBOSE [BookService] init 寮€濮嬫墽琛?00:39 +866 ~13 -13: D:/Projects/zhidu/test/services/summary_service_test.dart: SummaryService saveSummary saves multiple chapter summaries
[2026-04-15 20:44:35.354] DEBUG   [SummaryService] 鎽樿宸蹭繚瀛? test-book-1776257075318_2
00:39 +866 ~13 -13: D:/Projects/zhidu/test/services/book_service_file_import_test.dart: BookService real file import complete import-read-delete workflow imports multiple books, searches, and deletes
[2026-04-15 20:44:35.356] VERBOSE [FileStorageService] 鏂囦欢涓嶅瓨鍦? C:\Users\jjzha\AppData\Local\Temp/zhidu_book_test_1776257075348\zhidu\books.json
[2026-04-15 20:44:35.356] VERBOSE [BookService] init 鎵ц瀹屾垚, 鍔犺浇涔︾睄鏁伴噺: 0
[2026-04-15 20:44:35.358] VERBOSE [BookService] importBookFromPath 寮€濮嬫墽琛? D:\Projects\zhidu\test\Vibe Coding AI Bian Cheng Wan Q - Tan Xing Xing.epub
[2026-04-15 20:44:35.358] DEBUG   [BookService] 寮€濮嬪鍏ヤ功绫? D:\Projects\zhidu\test\Vibe Coding AI Bian Cheng Wan Q - Tan Xing Xing.epub
[2026-04-15 20:44:35.359] DEBUG   [BookService] 寮€濮嬭В鏋怑PUB...
[2026-04-15 20:44:35.359] VERBOSE [EpubService] parseEpubFile 寮€濮嬫墽琛? filePath: D:\Projects\zhidu\test\Vibe Coding AI Bian Cheng Wan Q - Tan Xing Xing.epub
00:39 +867 ~13 -13: D:/Projects/zhidu/test/utils/app_theme_test.dart: AppTheme lightTheme should use Material 3
00:39 +867 ~13 -13: D:/Projects/zhidu/test/services/summary_service_test.dart: SummaryService getSummary returns null when summary does not exist
[2026-04-15 20:44:35.434] VERBOSE [SummaryService] getSummary 寮€濮嬫墽琛? bookId: test-book-1776257075431, chapterIndex: 0
[2026-04-15 20:44:35.441] VERBOSE [SummaryService] getSummary 鍔犺浇瀹屾垚, result: 绌?00:39 +868 ~13 -13: D:/Projects/zhidu/test/utils/app_theme_test.dart: AppTheme lightTheme should use Material 3
00:39 +868 ~13 -13: D:/Projects/zhidu/test/services/summary_service_test.dart: SummaryService getSummary returns saved summary
[2026-04-15 20:44:35.472] DEBUG   [SummaryService] 鎽樿宸蹭繚瀛? test-book-1776257075454_0
[2026-04-15 20:44:35.476] VERBOSE [SummaryService] getSummary 寮€濮嬫墽琛? bookId: test-book-1776257075454, chapterIndex: 0
[2026-04-15 20:44:35.482] VERBOSE [SummaryService] getSummary 鍔犺浇瀹屾垚, result: 鏈夊唴瀹?00:39 +869 ~13 -13: D:/Projects/zhidu/test/utils/app_theme_test.dart: AppTheme lightTheme should use Material 3
00:39 +869 ~13 -13: D:/Projects/zhidu/test/services/summary_service_test.dart: SummaryService deleteSummary deletes existing summary
[2026-04-15 20:44:35.513] DEBUG   [SummaryService] 鎽樿宸蹭繚瀛? test-book-1776257075499_0
[2026-04-15 20:44:35.516] VERBOSE [SummaryService] getSummary 寮€濮嬫墽琛? bookId: test-book-1776257075499, chapterIndex: 0
[2026-04-15 20:44:35.523] VERBOSE [SummaryService] getSummary 鍔犺浇瀹屾垚, result: 鏈夊唴瀹?[2026-04-15 20:44:35.532] DEBUG   [SummaryService] 鎽樿宸插垹闄? test-book-1776257075499_0
[2026-04-15 20:44:35.534] VERBOSE [SummaryService] getSummary 寮€濮嬫墽琛? bookId: test-book-1776257075499, chapterIndex: 0
[2026-04-15 20:44:35.539] VERBOSE [SummaryService] getSummary 鍔犺浇瀹屾垚, result: 绌?00:39 +870 ~13 -13: D:/Projects/zhidu/test/utils/app_theme_test.dart: AppTheme lightTheme should use Material 3
00:39 +870 ~13 -13: D:/Projects/zhidu/test/services/summary_service_test.dart: SummaryService deleteSummary handles deletion of non-existent summary gracefully
[2026-04-15 20:44:35.563] DEBUG   [SummaryService] 鎽樿宸插垹闄? test-book-1776257075555_999
00:39 +871 ~13 -13: D:/Projects/zhidu/test/utils/app_theme_test.dart: AppTheme lightTheme should use Material 3
00:39 +872 ~13 -13: D:/Projects/zhidu/test/services/book_service_file_import_test.dart: BookService real file import complete import-read-delete workflow imports multiple books, searches, and deletes
00:39 +873 ~13 -13: D:/Projects/zhidu/test/services/book_service_file_import_test.dart: BookService real file import complete import-read-delete workflow imports multiple books, searches, and deletes
00:40 +874 ~13 -13: D:/Projects/zhidu/test/services/book_service_file_import_test.dart: BookService real file import complete import-read-delete workflow imports multiple books, searches, and deletes
00:40 +874 ~13 -13: D:/Projects/zhidu/test/services/summary_service_test.dart: SummaryService getSummariesForBook returns all summaries sorted by chapter index
[2026-04-15 20:44:35.611] DEBUG   [SummaryService] 鎽樿宸蹭繚瀛? test-book-1776257075592_2
[2026-04-15 20:44:35.623] DEBUG   [SummaryService] 鎽樿宸蹭繚瀛? test-book-1776257075592_0
00:40 +875 ~13 -13: D:/Projects/zhidu/test/services/book_service_file_import_test.dart: BookService real file import complete import-read-delete workflow imports multiple books, searches, and deletes
00:40 +875 ~13 -13: D:/Projects/zhidu/test/services/summary_service_test.dart: SummaryService getSummariesForBook returns all summaries sorted by chapter index
[2026-04-15 20:44:35.636] DEBUG   [SummaryService] 鎽樿宸蹭繚瀛? test-book-1776257075592_1
00:40 +876 ~13 -13: D:/Projects/zhidu/test/services/book_service_file_import_test.dart: BookService real file import complete import-read-delete workflow imports multiple books, searches, and deletes
00:40 +877 ~13 -13: D:/Projects/zhidu/test/services/book_service_file_import_test.dart: BookService real file import complete import-read-delete workflow imports multiple books, searches, and deletes
00:40 +878 ~13 -13: D:/Projects/zhidu/test/services/book_service_file_import_test.dart: BookService real file import complete import-read-delete workflow imports multiple books, searches, and deletes
00:40 +878 ~13 -13: D:/Projects/zhidu/test/services/summary_service_test.dart: SummaryService saveBookSummary saves book summary to file
[2026-04-15 20:44:35.678] DEBUG   [SummaryService] 涔︾睄鎽樿宸蹭繚瀛? test-book-1776257075665
00:40 +879 ~13 -13: D:/Projects/zhidu/test/services/book_service_file_import_test.dart: BookService real file import complete import-read-delete workflow imports multiple books, searches, and deletes
[2026-04-15 20:44:35.359] DEBUG   [EpubService] 寮€濮嬭В鏋愭枃浠?D:\Projects\zhidu\test\Vibe Coding AI Bian Cheng Wan Q - Tan Xing Xing.epub
00:40 +880 ~13 -13: D:/Projects/zhidu/test/services/book_service_file_import_test.dart: BookService real file import complete import-read-delete workflow imports multiple books, searches, and deletes
[2026-04-15 20:44:35.361] DEBUG   [EpubService] 璇诲彇鏂囦欢瀛楄妭...
[2026-04-15 20:44:35.376] DEBUG   [EpubService] 鏂囦欢澶у皬: 995199 bytes
00:40 +880 ~13 -13: D:/Projects/zhidu/test/services/summary_service_test.dart: SummaryService saveBookSummary overwrites existing book summary
[2026-04-15 20:44:35.718] DEBUG   [SummaryService] 涔︾睄鎽樿宸蹭繚瀛? test-book-1776257075699
00:40 +880 ~13 -13: D:/Projects/zhidu/test/services/book_service_file_import_test.dart: BookService real file import complete import-read-delete workflow imports multiple books, searches, and deletes
[2026-04-15 20:44:35.377] DEBUG   [EpubService] 瑙ｆ瀽EPUB缁撴瀯...
00:40 +880 ~13 -13: D:/Projects/zhidu/test/services/summary_service_test.dart: SummaryService saveBookSummary overwrites existing book summary
[2026-04-15 20:44:35.730] DEBUG   [SummaryService] 涔︾睄鎽樿宸蹭繚瀛? test-book-1776257075699
00:40 +880 ~13 -13: D:/Projects/zhidu/test/services/book_service_file_import_test.dart: BookService real file import complete import-read-delete workflow imports multiple books, searches, and deletes
[2026-04-15 20:44:35.532] ERROR   [EpubService] 浣跨敤EpubReader瑙ｆ瀽澶辫触
Error: Exception: Incorrect EPUB manifest: item with href = "cover.jpg" is missing.
[2026-04-15 20:44:35.532] ERROR   [EpubService] 鍫嗘爤
Error: #0      BookCoverReader.readBookCover (package:epub_plus/src/readers/book_cover_reader.dart:36:7)
#1      EpubBookRef.readCover (package:epub_plus/src/ref_entities/epub_book_ref.dart:56:34)
#2      EpubReader.readBook (package:epub_plus/src/epub_reader.dart:102:42)
<asynchronous suspension>
#3      EpubService.parseEpubFile (package:zhidu/services/epub_service.dart:104:26)
<asynchronous suspension>
#4      BookService.importBookFromPath (package:zhidu/services/book_service.dart:184:16)
<asynchronous suspension>
#5      main.<anonymous closure>.<anonymous closure>.<anonymous closure> (file:///D:/Projects/zhidu/test/services/book_service_file_import_test.dart:321:9)
<asynchronous suspension>
#6      Declarer.test.<anonymous closure>.<anonymous closure> (package:test_api/src/backend/declarer.dart:253:15)
<asynchronous suspension>
#7      Declarer.test.<anonymous closure> (package:test_api/src/backend/declarer.dart:250:11)
<asynchronous suspension>
#8      Invoker._waitForOutstandingCallbacks.<anonymous closure> (package:test_api/src/backend/invoker.dart:318:9)
<asynchronous suspension>

00:40 +881 ~13 -13: D:/Projects/zhidu/test/services/book_service_file_import_test.dart: BookService real file import complete import-read-delete workflow imports multiple books, searches, and deletes
[2026-04-15 20:44:35.533] DEBUG   [EpubService] 灏濊瘯浣跨敤archive鐩存帴瑙ｆ瀽EPUB...
[2026-04-15 20:44:35.534] VERBOSE [EpubService] _parseContainerXml 寮€濮嬫墽琛? archive files count: 30
[2026-04-15 20:44:35.535] DEBUG   [EpubService] OPF 鏂囦欢璺緞: EPUB/content.opf
00:40 +882 ~13 -13: D:/Projects/zhidu/test/services/book_service_file_import_test.dart: BookService real file import complete import-read-delete workflow imports multiple books, searches, and deletes
[2026-04-15 20:44:35.536] DEBUG   [EpubService] 浠巆ontainer.xml鑾峰彇鏍囬: null
[2026-04-15 20:44:35.536] DEBUG   [EpubService] 浠巆ontainer.xml鑾峰彇浣滆€? null
[2026-04-15 20:44:35.536] VERBOSE [EpubService] _parseOpfFile 寮€濮嬫墽琛? archive files count: 30
[2026-04-15 20:44:35.536] VERBOSE [EpubService] _parseContainerXml 寮€濮嬫墽琛? archive files count: 30
[2026-04-15 20:44:35.536] DEBUG   [EpubService] OPF 鏂囦欢璺緞: EPUB/content.opf
00:40 +883 ~13 -13: D:/Projects/zhidu/test/services/book_service_file_import_test.dart: BookService real file import complete import-read-delete workflow imports multiple books, searches, and deletes
[2026-04-15 20:44:35.537] DEBUG   [EpubService] OPF 瑙ｆ瀽缁撴灉 - 鏍囬: Vibe Coding AI 缂栫▼瀹屽叏鎵嬪唽, 浣滆€? 璋槦鏄?钁?[2026-04-15 20:44:35.537] DEBUG   [EpubService] 浠嶰PF鑾峰彇鏍囬: Vibe Coding AI 缂栫▼瀹屽叏鎵嬪唽
[2026-04-15 20:44:35.537] DEBUG   [EpubService] 浠嶰PF鑾峰彇浣滆€? 璋槦鏄?钁?[2026-04-15 20:44:35.539] VERBOSE [EpubService] _parseNavigationFile 寮€濮嬫墽琛? archive files count: 30
[2026-04-15 20:44:35.543] DEBUG   [EpubService] 浠庡鑸枃浠惰В鏋愬埌 0 涓珷鑺?[2026-04-15 20:44:35.543] DEBUG   [EpubService] 浠庡鑸枃浠惰幏鍙栫珷鑺傛暟: 0
00:40 +884 ~13 -13: D:/Projects/zhidu/test/services/book_service_file_import_test.dart: BookService real file import complete import-read-delete workflow imports multiple books, searches, and deletes
[2026-04-15 20:44:35.544] DEBUG   [EpubService] 鏈€缁堜功鍚? Vibe Coding AI 缂栫▼瀹屽叏鎵嬪唽
[2026-04-15 20:44:35.544] DEBUG   [EpubService] 鏈€缁堜綔鑰? 璋槦鏄?钁?[2026-04-15 20:44:35.544] VERBOSE [EpubService] _extractCover 寮€濮嬫墽琛? bytes length: 995199, bookId: 99daa635-5acf-4bc9-9c43-14a72655ef66
[2026-04-15 20:44:35.544] DEBUG   [EpubService] 寮€濮嬫彁鍙栧皝闈?..
[2026-04-15 20:44:35.702] ERROR   [EpubService] 鎻愬彇灏侀潰澶辫触
Error: Exception: Incorrect EPUB manifest: item with href = "cover.jpg" is missing.
[2026-04-15 20:44:35.702] ERROR   [EpubService] 鍫嗘爤
Error: #0      BookCoverReader.readBookCover (package:epub_plus/src/readers/book_cover_reader.dart:36:7)
#1      EpubBookRef.readCover (package:epub_plus/src/ref_entities/epub_book_ref.dart:56:34)
#2      EpubReader.readBook (package:epub_plus/src/epub_reader.dart:102:42)
<asynchronous suspension>
#3      EpubService._extractCover (package:zhidu/services/epub_service.dart:561:24)
<asynchronous suspension>
#4      EpubService.parseEpubFile (package:zhidu/services/epub_service.dart:181:21)
<asynchronous suspension>
#5      BookService.importBookFromPath (package:zhidu/services/book_service.dart:184:16)
<asynchronous suspension>
#6      main.<anonymous closure>.<anonymous closure>.<anonymous closure> (file:///D:/Projects/zhidu/test/services/book_service_file_import_test.dart:321:9)
<asynchronous suspension>
#7      Declarer.test.<anonymous closure>.<anonymous closure> (package:test_api/src/backend/declarer.dart:253:15)
<asynchronous suspension>
#8      Declarer.test.<anonymous closure> (package:test_api/src/backend/declarer.dart:250:11)
<asynchronous suspension>
#9      Invoker._waitForOutstandingCallbacks.<anonymous closure> (package:test_api/src/backend/invoker.dart:318:9)
<asynchronous suspension>

[2026-04-15 20:44:35.703] DEBUG   [EpubService] 灏濊瘯浠巃rchive鏌ユ壘灏侀潰...
[2026-04-15 20:44:35.703] VERBOSE [EpubService] _extractCoverFromArchive 寮€濮嬫墽琛? bytes length: 995199, bookId: 99daa635-5acf-4bc9-9c43-14a72655ef66
00:40 +885 ~13 -13: D:/Projects/zhidu/test/services/book_service_file_import_test.dart: BookService real file import complete import-read-delete workflow imports multiple books, searches, and deletes
00:40 +885 ~13 -13: D:/Projects/zhidu/test/services/summary_service_test.dart: SummaryService getBookSummary returns saved book summary
[2026-04-15 20:44:35.789] DEBUG   [SummaryService] 涔︾睄鎽樿宸蹭繚瀛? test-book-1776257075778
00:40 +886 ~13 -13: D:/Projects/zhidu/test/services/book_service_file_import_test.dart: BookService real file import complete import-read-delete workflow imports multiple books, searches, and deletes
00:40 +887 ~13 -13: D:/Projects/zhidu/test/services/book_service_file_import_test.dart: BookService real file import complete import-read-delete workflow imports multiple books, searches, and deletes
00:40 +888 ~13 -13: D:/Projects/zhidu/test/services/book_service_file_import_test.dart: BookService real file import complete import-read-delete workflow imports multiple books, searches, and deletes
00:40 +889 ~13 -13: D:/Projects/zhidu/test/services/book_service_file_import_test.dart: BookService real file import complete import-read-delete workflow imports multiple books, searches, and deletes
00:40 +889 ~13 -13: D:/Projects/zhidu/test/services/summary_service_test.dart: SummaryService getAllSummaries returns summaries when summaries exist
[2026-04-15 20:44:35.829] DEBUG   [SummaryService] 鎽樿宸蹭繚瀛? all-sum-book-1776257075815_0
00:40 +890 ~13 -13: D:/Projects/zhidu/test/services/book_service_file_import_test.dart: BookService real file import complete import-read-delete workflow imports multiple books, searches, and deletes
00:40 +891 ~13 -13: D:/Projects/zhidu/test/services/book_service_file_import_test.dart: BookService real file import complete import-read-delete workflow imports multiple books, searches, and deletes
00:40 +892 ~13 -13: D:/Projects/zhidu/test/services/book_service_file_import_test.dart: BookService real file import complete import-read-delete workflow imports multiple books, searches, and deletes
00:40 +893 ~13 -13: D:/Projects/zhidu/test/services/book_service_file_import_test.dart: BookService real file import complete import-read-delete workflow imports multiple books, searches, and deletes
00:40 +894 ~13 -13: D:/Projects/zhidu/test/services/book_service_file_import_test.dart: BookService real file import complete import-read-delete workflow imports multiple books, searches, and deletes
00:40 +895 ~13 -13: D:/Projects/zhidu/test/services/book_service_file_import_test.dart: BookService real file import complete import-read-delete workflow imports multiple books, searches, and deletes
00:40 +896 ~13 -13: D:/Projects/zhidu/test/services/book_service_file_import_test.dart: BookService real file import complete import-read-delete workflow imports multiple books, searches, and deletes
00:40 +897 ~13 -13: D:/Projects/zhidu/test/services/book_service_file_import_test.dart: BookService real file import complete import-read-delete workflow imports multiple books, searches, and deletes
00:40 +898 ~13 -13: D:/Projects/zhidu/test/services/book_service_file_import_test.dart: BookService real file import complete import-read-delete workflow imports multiple books, searches, and deletes
00:40 +899 ~13 -13: D:/Projects/zhidu/test/services/book_service_file_import_test.dart: BookService real file import complete import-read-delete workflow imports multiple books, searches, and deletes
00:40 +900 ~13 -13: D:/Projects/zhidu/test/services/book_service_file_import_test.dart: BookService real file import complete import-read-delete workflow imports multiple books, searches, and deletes
00:40 +900 ~13 -13: D:/Projects/zhidu/test/services/summary_service_test.dart: SummaryService deleteAllSummariesForBook completes without error
[2026-04-15 20:44:36.049] DEBUG   [SummaryService] 鍒犻櫎涔︾睄鎵€鏈夋憳瑕? test-book-1776257076041
00:40 +901 ~13 -13: D:/Projects/zhidu/test/services/book_service_file_import_test.dart: BookService real file import complete import-read-delete workflow imports multiple books, searches, and deletes
[2026-04-15 20:44:35.746] DEBUG   [EpubService] 灏侀潰淇濆瓨鎴愬姛: C:\Users\jjzha\AppData\Local\Temp/zhidu_book_test_1776257075348\zhidu\books\99daa635-5acf-4bc9-9c43-14a72655ef66\cover.jpg
[2026-04-15 20:44:35.746] DEBUG   [EpubService] 灏侀潰璺緞: C:\Users\jjzha\AppData\Local\Temp/zhidu_book_test_1776257075348\zhidu\books\99daa635-5acf-4bc9-9c43-14a72655ef66\cover.jpg
[2026-04-15 20:44:35.746] DEBUG   [BookService] EPUB瑙ｆ瀽缁撴灉: Vibe Coding AI 缂栫▼瀹屽叏鎵嬪唽
[2026-04-15 20:44:35.768] INFO    [BookService] 涔︾睄瀵煎叆鎴愬姛: Vibe Coding AI 缂栫▼瀹屽叏鎵嬪唽
[2026-04-15 20:44:35.768] VERBOSE [BookService] importBookFromPath 寮€濮嬫墽琛? D:\Projects\zhidu\test\Java to Kotlin_ A Refactoring G - Duncan McGregor, Nat Pryce.epub
[2026-04-15 20:44:35.768] DEBUG   [BookService] 寮€濮嬪鍏ヤ功绫? D:\Projects\zhidu\test\Java to Kotlin_ A Refactoring G - Duncan McGregor, Nat Pryce.epub
[2026-04-15 20:44:35.769] DEBUG   [BookService] 寮€濮嬭В鏋怑PUB...
[2026-04-15 20:44:35.769] VERBOSE [EpubService] parseEpubFile 寮€濮嬫墽琛? filePath: D:\Projects\zhidu\test\Java to Kotlin_ A Refactoring G - Duncan McGregor, Nat Pryce.epub
[2026-04-15 20:44:35.769] DEBUG   [EpubService] 寮€濮嬭В鏋愭枃浠?D:\Projects\zhidu\test\Java to Kotlin_ A Refactoring G - Duncan McGregor, Nat Pryce.epub
[2026-04-15 20:44:35.769] DEBUG   [EpubService] 璇诲彇鏂囦欢瀛楄妭...
[2026-04-15 20:44:35.778] DEBUG   [EpubService] 鏂囦欢澶у皬: 1638925 bytes
[2026-04-15 20:44:35.778] DEBUG   [EpubService] 瑙ｆ瀽EPUB缁撴瀯...
[2026-04-15 20:44:36.033] ERROR   [EpubService] 浣跨敤EpubReader瑙ｆ瀽澶辫触
Error: Exception: Incorrect EPUB manifest: item with ID = "Images/cover.png" is missing.
[2026-04-15 20:44:36.033] ERROR   [EpubService] 鍫嗘爤
Error: #0      BookCoverReader.readBookCover (package:epub_plus/src/readers/book_cover_reader.dart:29:7)
#1      EpubBookRef.readCover (package:epub_plus/src/ref_entities/epub_book_ref.dart:56:34)
#2      EpubReader.readBook (package:epub_plus/src/epub_reader.dart:102:42)
<asynchronous suspension>
#3      EpubService.parseEpubFile (package:zhidu/services/epub_service.dart:104:26)
<asynchronous suspension>
#4      BookService.importBookFromPath (package:zhidu/services/book_service.dart:184:16)
<asynchronous suspension>
#5      main.<anonymous closure>.<anonymous closure>.<anonymous closure> (file:///D:/Projects/zhidu/test/services/book_service_file_import_test.dart:322:9)
<asynchronous suspension>
#6      Declarer.test.<anonymous closure>.<anonymous closure> (package:test_api/src/backend/declarer.dart:253:15)
<asynchronous suspension>
#7      Declarer.test.<anonymous closure> (package:test_api/src/backend/declarer.dart:250:11)
<asynchronous suspension>
#8      Invoker._waitForOutstandingCallbacks.<anonymous closure> (package:test_api/src/backend/invoker.dart:318:9)
<asynchronous suspension>

[2026-04-15 20:44:36.033] DEBUG   [EpubService] 灏濊瘯浣跨敤archive鐩存帴瑙ｆ瀽EPUB...
[2026-04-15 20:44:36.034] VERBOSE [EpubService] _parseContainerXml 寮€濮嬫墽琛? archive files count: 50
[2026-04-15 20:44:36.034] DEBUG   [EpubService] OPF 鏂囦欢璺緞: OEBPS/content.opf
[2026-04-15 20:44:36.034] DEBUG   [EpubService] 浠巆ontainer.xml鑾峰彇鏍囬: null
[2026-04-15 20:44:36.034] DEBUG   [EpubService] 浠巆ontainer.xml鑾峰彇浣滆€? null
[2026-04-15 20:44:36.034] VERBOSE [EpubService] _parseOpfFile 寮€濮嬫墽琛? archive files count: 50
[2026-04-15 20:44:36.034] VERBOSE [EpubService] _parseContainerXml 寮€濮嬫墽琛? archive files count: 50
[2026-04-15 20:44:36.034] DEBUG   [EpubService] OPF 鏂囦欢璺緞: OEBPS/content.opf
[2026-04-15 20:44:36.036] DEBUG   [EpubService] OPF 瑙ｆ瀽缁撴灉 - 鏍囬: Java to Kotlin, 浣滆€? Duncan McGregor, Nat Pryce
[2026-04-15 20:44:36.037] DEBUG   [EpubService] 浠嶰PF鑾峰彇鏍囬: Java to Kotlin
[2026-04-15 20:44:36.037] DEBUG   [EpubService] 浠嶰PF鑾峰彇浣滆€? Duncan McGregor, Nat Pryce
[2026-04-15 20:44:36.037] VERBOSE [EpubService] _parseNavigationFile 寮€濮嬫墽琛? archive files count: 50
[2026-04-15 20:44:36.050] DEBUG   [EpubService] 浠庡鑸枃浠惰В鏋愬埌 0 涓珷鑺?[2026-04-15 20:44:36.050] DEBUG   [EpubService] 浠庡鑸枃浠惰幏鍙栫珷鑺傛暟: 0
[2026-04-15 20:44:36.050] DEBUG   [EpubService] 鏈€缁堜功鍚? Java to Kotlin
[2026-04-15 20:44:36.050] DEBUG   [EpubService] 鏈€缁堜綔鑰? Duncan McGregor, Nat Pryce
[2026-04-15 20:44:36.050] VERBOSE [EpubService] _extractCover 寮€濮嬫墽琛? bytes length: 1638925, bookId: 39dd6b3c-2120-45f8-a7a9-972f0333d62b
[2026-04-15 20:44:36.050] DEBUG   [EpubService] 寮€濮嬫彁鍙栧皝闈?..
[2026-04-15 20:44:36.326] ERROR   [EpubService] 鎻愬彇灏侀潰澶辫触
Error: Exception: Incorrect EPUB manifest: item with ID = "Images/cover.png" is missing.
[2026-04-15 20:44:36.327] ERROR   [EpubService] 鍫嗘爤
Error: #0      BookCoverReader.readBookCover (package:epub_plus/src/readers/book_cover_reader.dart:29:7)
#1      EpubBookRef.readCover (package:epub_plus/src/ref_entities/epub_book_ref.dart:56:34)
#2      EpubReader.readBook (package:epub_plus/src/epub_reader.dart:102:42)
<asynchronous suspension>
#3      EpubService._extractCover (package:zhidu/services/epub_service.dart:561:24)
<asynchronous suspension>
#4      EpubService.parseEpubFile (package:zhidu/services/epub_service.dart:181:21)
<asynchronous suspension>
#5      BookService.importBookFromPath (package:zhidu/services/book_service.dart:184:16)
<asynchronous suspension>
#6      main.<anonymous closure>.<anonymous closure>.<anonymous closure> (file:///D:/Projects/zhidu/test/services/book_service_file_import_test.dart:322:9)
<asynchronous suspension>
#7      Declarer.test.<anonymous closure>.<anonymous closure> (package:test_api/src/backend/declarer.dart:253:15)
<asynchronous suspension>
#8      Declarer.test.<anonymous closure> (package:test_api/src/backend/declarer.dart:250:11)
<asynchronous suspension>
#9      Invoker._waitForOutstandingCallbacks.<anonymous closure> (package:test_api/src/backend/invoker.dart:318:9)
<asynchronous suspension>

[2026-04-15 20:44:36.327] DEBUG   [EpubService] 灏濊瘯浠巃rchive鏌ユ壘灏侀潰...
[2026-04-15 20:44:36.327] VERBOSE [EpubService] _extractCoverFromArchive 寮€濮嬫墽琛? bytes length: 1638925, bookId: 39dd6b3c-2120-45f8-a7a9-972f0333d62b
[2026-04-15 20:44:36.353] DEBUG   [EpubService] 灏侀潰淇濆瓨鎴愬姛: C:\Users\jjzha\AppData\Local\Temp/zhidu_book_test_1776257075348\zhidu\books\39dd6b3c-2120-45f8-a7a9-972f0333d62b\cover.png
[2026-04-15 20:44:36.353] DEBUG   [EpubService] 灏侀潰璺緞: C:\Users\jjzha\AppData\Local\Temp/zhidu_book_test_1776257075348\zhidu\books\39dd6b3c-2120-45f8-a7a9-972f0333d62b\cover.png
[2026-04-15 20:44:36.354] DEBUG   [BookService] EPUB瑙ｆ瀽缁撴灉: Java to Kotlin
[2026-04-15 20:44:36.388] INFO    [BookService] 涔︾睄瀵煎叆鎴愬姛: Java to Kotlin
[2026-04-15 20:44:36.391] DEBUG   [BookService] 鍒犻櫎涔︾睄: 99daa635-5acf-4bc9-9c43-14a72655ef66
[2026-04-15 20:44:36.403] INFO    [BookService] 涔︾睄鍒犻櫎鎴愬姛: Vibe Coding AI 缂栫▼瀹屽叏鎵嬪唽
[2026-04-15 20:44:36.404] DEBUG   [BookService] 鍒犻櫎涔︾睄: 39dd6b3c-2120-45f8-a7a9-972f0333d62b
[2026-04-15 20:44:36.420] INFO    [BookService] 涔︾睄鍒犻櫎鎴愬姛: Java to Kotlin
00:40 +902 ~13 -13: D:/Projects/zhidu/test/services/book_service_file_import_test.dart: BookService persistence persists books across service restarts
[2026-04-15 20:44:36.440] VERBOSE [BookService] init 寮€濮嬫墽琛?[2026-04-15 20:44:36.447] VERBOSE [FileStorageService] 鏂囦欢涓嶅瓨鍦? C:\Users\jjzha\AppData\Local\Temp/zhidu_persistence_test_1776257076436\zhidu\books.json
[2026-04-15 20:44:36.448] VERBOSE [BookService] init 鎵ц瀹屾垚, 鍔犺浇涔︾睄鏁伴噺: 0
[2026-04-15 20:44:36.448] VERBOSE [BookService] importBookFromPath 寮€濮嬫墽琛? D:\Projects\zhidu\test\Vibe Coding AI Bian Cheng Wan Q - Tan Xing Xing.epub
[2026-04-15 20:44:36.448] DEBUG   [BookService] 寮€濮嬪鍏ヤ功绫? D:\Projects\zhidu\test\Vibe Coding AI Bian Cheng Wan Q - Tan Xing Xing.epub
[2026-04-15 20:44:36.449] DEBUG   [BookService] 寮€濮嬭В鏋怑PUB...
[2026-04-15 20:44:36.449] VERBOSE [EpubService] parseEpubFile 寮€濮嬫墽琛? filePath: D:\Projects\zhidu\test\Vibe Coding AI Bian Cheng Wan Q - Tan Xing Xing.epub
[2026-04-15 20:44:36.449] DEBUG   [EpubService] 寮€濮嬭В鏋愭枃浠?D:\Projects\zhidu\test\Vibe Coding AI Bian Cheng Wan Q - Tan Xing Xing.epub
[2026-04-15 20:44:36.450] DEBUG   [EpubService] 璇诲彇鏂囦欢瀛楄妭...
[2026-04-15 20:44:36.454] DEBUG   [EpubService] 鏂囦欢澶у皬: 995199 bytes
[2026-04-15 20:44:36.454] DEBUG   [EpubService] 瑙ｆ瀽EPUB缁撴瀯...
[2026-04-15 20:44:36.563] ERROR   [EpubService] 浣跨敤EpubReader瑙ｆ瀽澶辫触
Error: Exception: Incorrect EPUB manifest: item with href = "cover.jpg" is missing.
[2026-04-15 20:44:36.564] ERROR   [EpubService] 鍫嗘爤
Error: #0      BookCoverReader.readBookCover (package:epub_plus/src/readers/book_cover_reader.dart:36:7)
#1      EpubBookRef.readCover (package:epub_plus/src/ref_entities/epub_book_ref.dart:56:34)
#2      EpubReader.readBook (package:epub_plus/src/epub_reader.dart:102:42)
<asynchronous suspension>
#3      EpubService.parseEpubFile (package:zhidu/services/epub_service.dart:104:26)
<asynchronous suspension>
#4      BookService.importBookFromPath (package:zhidu/services/book_service.dart:184:16)
<asynchronous suspension>
#5      main.<anonymous closure>.<anonymous closure> (file:///D:/Projects/zhidu/test/services/book_service_file_import_test.dart:361:20)
<asynchronous suspension>
#6      Declarer.test.<anonymous closure>.<anonymous closure> (package:test_api/src/backend/declarer.dart:253:15)
<asynchronous suspension>
#7      Declarer.test.<anonymous closure> (package:test_api/src/backend/declarer.dart:250:11)
<asynchronous suspension>
#8      Invoker._waitForOutstandingCallbacks.<anonymous closure> (package:test_api/src/backend/invoker.dart:318:9)
<asynchronous suspension>

[2026-04-15 20:44:36.564] DEBUG   [EpubService] 灏濊瘯浣跨敤archive鐩存帴瑙ｆ瀽EPUB...
[2026-04-15 20:44:36.565] VERBOSE [EpubService] _parseContainerXml 寮€濮嬫墽琛? archive files count: 30
[2026-04-15 20:44:36.565] DEBUG   [EpubService] OPF 鏂囦欢璺緞: EPUB/content.opf
[2026-04-15 20:44:36.565] DEBUG   [EpubService] 浠巆ontainer.xml鑾峰彇鏍囬: null
[2026-04-15 20:44:36.565] DEBUG   [EpubService] 浠巆ontainer.xml鑾峰彇浣滆€? null
[2026-04-15 20:44:36.565] VERBOSE [EpubService] _parseOpfFile 寮€濮嬫墽琛? archive files count: 30
[2026-04-15 20:44:36.565] VERBOSE [EpubService] _parseContainerXml 寮€濮嬫墽琛? archive files count: 30
[2026-04-15 20:44:36.566] DEBUG   [EpubService] OPF 鏂囦欢璺緞: EPUB/content.opf
[2026-04-15 20:44:36.568] DEBUG   [EpubService] OPF 瑙ｆ瀽缁撴灉 - 鏍囬: Vibe Coding AI 缂栫▼瀹屽叏鎵嬪唽, 浣滆€? 璋槦鏄?钁?[2026-04-15 20:44:36.569] DEBUG   [EpubService] 浠嶰PF鑾峰彇鏍囬: Vibe Coding AI 缂栫▼瀹屽叏鎵嬪唽
[2026-04-15 20:44:36.569] DEBUG   [EpubService] 浠嶰PF鑾峰彇浣滆€? 璋槦鏄?钁?[2026-04-15 20:44:36.569] VERBOSE [EpubService] _parseNavigationFile 寮€濮嬫墽琛? archive files count: 30
[2026-04-15 20:44:36.570] DEBUG   [EpubService] 浠庡鑸枃浠惰В鏋愬埌 0 涓珷鑺?[2026-04-15 20:44:36.570] DEBUG   [EpubService] 浠庡鑸枃浠惰幏鍙栫珷鑺傛暟: 0
[2026-04-15 20:44:36.570] DEBUG   [EpubService] 鏈€缁堜功鍚? Vibe Coding AI 缂栫▼瀹屽叏鎵嬪唽
[2026-04-15 20:44:36.570] DEBUG   [EpubService] 鏈€缁堜綔鑰? 璋槦鏄?钁?[2026-04-15 20:44:36.571] VERBOSE [EpubService] _extractCover 寮€濮嬫墽琛? bytes length: 995199, bookId: b192a3bf-781d-4b03-88d8-15a2c946a5ef
[2026-04-15 20:44:36.571] DEBUG   [EpubService] 寮€濮嬫彁鍙栧皝闈?..
[2026-04-15 20:44:36.680] ERROR   [EpubService] 鎻愬彇灏侀潰澶辫触
Error: Exception: Incorrect EPUB manifest: item with href = "cover.jpg" is missing.
[2026-04-15 20:44:36.681] ERROR   [EpubService] 鍫嗘爤
Error: #0      BookCoverReader.readBookCover (package:epub_plus/src/readers/book_cover_reader.dart:36:7)
#1      EpubBookRef.readCover (package:epub_plus/src/ref_entities/epub_book_ref.dart:56:34)
#2      EpubReader.readBook (package:epub_plus/src/epub_reader.dart:102:42)
<asynchronous suspension>
#3      EpubService._extractCover (package:zhidu/services/epub_service.dart:561:24)
<asynchronous suspension>
#4      EpubService.parseEpubFile (package:zhidu/services/epub_service.dart:181:21)
<asynchronous suspension>
#5      BookService.importBookFromPath (package:zhidu/services/book_service.dart:184:16)
<asynchronous suspension>
#6      main.<anonymous closure>.<anonymous closure> (file:///D:/Projects/zhidu/test/services/book_service_file_import_test.dart:361:20)
<asynchronous suspension>
#7      Declarer.test.<anonymous closure>.<anonymous closure> (package:test_api/src/backend/declarer.dart:253:15)
<asynchronous suspension>
#8      Declarer.test.<anonymous closure> (package:test_api/src/backend/declarer.dart:250:11)
<asynchronous suspension>
#9      Invoker._waitForOutstandingCallbacks.<anonymous closure> (package:test_api/src/backend/invoker.dart:318:9)
<asynchronous suspension>

[2026-04-15 20:44:36.681] DEBUG   [EpubService] 灏濊瘯浠巃rchive鏌ユ壘灏侀潰...
[2026-04-15 20:44:36.681] VERBOSE [EpubService] _extractCoverFromArchive 寮€濮嬫墽琛? bytes length: 995199, bookId: b192a3bf-781d-4b03-88d8-15a2c946a5ef
[2026-04-15 20:44:36.695] DEBUG   [EpubService] 灏侀潰淇濆瓨鎴愬姛: C:\Users\jjzha\AppData\Local\Temp/zhidu_persistence_test_1776257076436\zhidu\books\b192a3bf-781d-4b03-88d8-15a2c946a5ef\cover.jpg
[2026-04-15 20:44:36.695] DEBUG   [EpubService] 灏侀潰璺緞: C:\Users\jjzha\AppData\Local\Temp/zhidu_persistence_test_1776257076436\zhidu\books\b192a3bf-781d-4b03-88d8-15a2c946a5ef\cover.jpg
[2026-04-15 20:44:36.695] DEBUG   [BookService] EPUB瑙ｆ瀽缁撴灉: Vibe Coding AI 缂栫▼瀹屽叏鎵嬪唽
[2026-04-15 20:44:36.726] INFO    [BookService] 涔︾睄瀵煎叆鎴愬姛: Vibe Coding AI 缂栫▼瀹屽叏鎵嬪唽
[2026-04-15 20:44:36.728] VERBOSE [BookService] init 寮€濮嬫墽琛?[2026-04-15 20:44:36.764] DEBUG   [BookService] 浠庢枃浠跺姞杞戒簡 1 鏈功
[2026-04-15 20:44:36.764] VERBOSE [BookService] init 鎵ц瀹屾垚, 鍔犺浇涔︾睄鏁伴噺: 1
00:41 +903 ~13 -13: D:/Projects/zhidu/test/services/book_service_file_import_test.dart: BookService persistence persists book updates across restarts
[2026-04-15 20:44:36.777] VERBOSE [BookService] init 寮€濮嬫墽琛?[2026-04-15 20:44:36.784] VERBOSE [FileStorageService] 鏂囦欢涓嶅瓨鍦? C:\Users\jjzha\AppData\Local\Temp/zhidu_persistence_test_1776257076772\zhidu\books.json
[2026-04-15 20:44:36.784] VERBOSE [BookService] init 鎵ц瀹屾垚, 鍔犺浇涔︾睄鏁伴噺: 0
[2026-04-15 20:44:36.784] VERBOSE [BookService] importBookFromPath 寮€濮嬫墽琛? D:\Projects\zhidu\test\Vibe Coding AI Bian Cheng Wan Q - Tan Xing Xing.epub
[2026-04-15 20:44:36.784] DEBUG   [BookService] 寮€濮嬪鍏ヤ功绫? D:\Projects\zhidu\test\Vibe Coding AI Bian Cheng Wan Q - Tan Xing Xing.epub
[2026-04-15 20:44:36.784] DEBUG   [BookService] 寮€濮嬭В鏋怑PUB...
[2026-04-15 20:44:36.784] VERBOSE [EpubService] parseEpubFile 寮€濮嬫墽琛? filePath: D:\Projects\zhidu\test\Vibe Coding AI Bian Cheng Wan Q - Tan Xing Xing.epub
[2026-04-15 20:44:36.784] DEBUG   [EpubService] 寮€濮嬭В鏋愭枃浠?D:\Projects\zhidu\test\Vibe Coding AI Bian Cheng Wan Q - Tan Xing Xing.epub
[2026-04-15 20:44:36.786] DEBUG   [EpubService] 璇诲彇鏂囦欢瀛楄妭...
[2026-04-15 20:44:36.791] DEBUG   [EpubService] 鏂囦欢澶у皬: 995199 bytes
[2026-04-15 20:44:36.791] DEBUG   [EpubService] 瑙ｆ瀽EPUB缁撴瀯...
[2026-04-15 20:44:36.892] ERROR   [EpubService] 浣跨敤EpubReader瑙ｆ瀽澶辫触
Error: Exception: Incorrect EPUB manifest: item with href = "cover.jpg" is missing.
[2026-04-15 20:44:36.892] ERROR   [EpubService] 鍫嗘爤
Error: #0      BookCoverReader.readBookCover (package:epub_plus/src/readers/book_cover_reader.dart:36:7)
#1      EpubBookRef.readCover (package:epub_plus/src/ref_entities/epub_book_ref.dart:56:34)
#2      EpubReader.readBook (package:epub_plus/src/epub_reader.dart:102:42)
<asynchronous suspension>
#3      EpubService.parseEpubFile (package:zhidu/services/epub_service.dart:104:26)
<asynchronous suspension>
#4      BookService.importBookFromPath (package:zhidu/services/book_service.dart:184:16)
<asynchronous suspension>
#5      main.<anonymous closure>.<anonymous closure> (file:///D:/Projects/zhidu/test/services/book_service_file_import_test.dart:380:20)
<asynchronous suspension>
#6      Declarer.test.<anonymous closure>.<anonymous closure> (package:test_api/src/backend/declarer.dart:253:15)
<asynchronous suspension>
#7      Declarer.test.<anonymous closure> (package:test_api/src/backend/declarer.dart:250:11)
<asynchronous suspension>
#8      Invoker._waitForOutstandingCallbacks.<anonymous closure> (package:test_api/src/backend/invoker.dart:318:9)
<asynchronous suspension>

[2026-04-15 20:44:36.892] DEBUG   [EpubService] 灏濊瘯浣跨敤archive鐩存帴瑙ｆ瀽EPUB...
[2026-04-15 20:44:36.893] VERBOSE [EpubService] _parseContainerXml 寮€濮嬫墽琛? archive files count: 30
[2026-04-15 20:44:36.894] DEBUG   [EpubService] OPF 鏂囦欢璺緞: EPUB/content.opf
[2026-04-15 20:44:36.894] DEBUG   [EpubService] 浠巆ontainer.xml鑾峰彇鏍囬: null
[2026-04-15 20:44:36.894] DEBUG   [EpubService] 浠巆ontainer.xml鑾峰彇浣滆€? null
[2026-04-15 20:44:36.896] VERBOSE [EpubService] _parseOpfFile 寮€濮嬫墽琛? archive files count: 30
[2026-04-15 20:44:36.896] VERBOSE [EpubService] _parseContainerXml 寮€濮嬫墽琛? archive files count: 30
[2026-04-15 20:44:36.896] DEBUG   [EpubService] OPF 鏂囦欢璺緞: EPUB/content.opf
[2026-04-15 20:44:36.899] DEBUG   [EpubService] OPF 瑙ｆ瀽缁撴灉 - 鏍囬: Vibe Coding AI 缂栫▼瀹屽叏鎵嬪唽, 浣滆€? 璋槦鏄?钁?[2026-04-15 20:44:36.899] DEBUG   [EpubService] 浠嶰PF鑾峰彇鏍囬: Vibe Coding AI 缂栫▼瀹屽叏鎵嬪唽
[2026-04-15 20:44:36.899] DEBUG   [EpubService] 浠嶰PF鑾峰彇浣滆€? 璋槦鏄?钁?[2026-04-15 20:44:36.899] VERBOSE [EpubService] _parseNavigationFile 寮€濮嬫墽琛? archive files count: 30
[2026-04-15 20:44:36.901] DEBUG   [EpubService] 浠庡鑸枃浠惰В鏋愬埌 0 涓珷鑺?[2026-04-15 20:44:36.901] DEBUG   [EpubService] 浠庡鑸枃浠惰幏鍙栫珷鑺傛暟: 0
[2026-04-15 20:44:36.901] DEBUG   [EpubService] 鏈€缁堜功鍚? Vibe Coding AI 缂栫▼瀹屽叏鎵嬪唽
[2026-04-15 20:44:36.901] DEBUG   [EpubService] 鏈€缁堜綔鑰? 璋槦鏄?钁?[2026-04-15 20:44:36.901] VERBOSE [EpubService] _extractCover 寮€濮嬫墽琛? bytes length: 995199, bookId: 8535bd88-2881-4d1c-9173-ddeabe207a0c
[2026-04-15 20:44:36.901] DEBUG   [EpubService] 寮€濮嬫彁鍙栧皝闈?..
[2026-04-15 20:44:36.999] ERROR   [EpubService] 鎻愬彇灏侀潰澶辫触
Error: Exception: Incorrect EPUB manifest: item with href = "cover.jpg" is missing.
[2026-04-15 20:44:36.999] ERROR   [EpubService] 鍫嗘爤
Error: #0      BookCoverReader.readBookCover (package:epub_plus/src/readers/book_cover_reader.dart:36:7)
#1      EpubBookRef.readCover (package:epub_plus/src/ref_entities/epub_book_ref.dart:56:34)
#2      EpubReader.readBook (package:epub_plus/src/epub_reader.dart:102:42)
<asynchronous suspension>
#3      EpubService._extractCover (package:zhidu/services/epub_service.dart:561:24)
<asynchronous suspension>
#4      EpubService.parseEpubFile (package:zhidu/services/epub_service.dart:181:21)
<asynchronous suspension>
#5      BookService.importBookFromPath (package:zhidu/services/book_service.dart:184:16)
<asynchronous suspension>
#6      main.<anonymous closure>.<anonymous closure> (file:///D:/Projects/zhidu/test/services/book_service_file_import_test.dart:380:20)
<asynchronous suspension>
#7      Declarer.test.<anonymous closure>.<anonymous closure> (package:test_api/src/backend/declarer.dart:253:15)
<asynchronous suspension>
#8      Declarer.test.<anonymous closure> (package:test_api/src/backend/declarer.dart:250:11)
<asynchronous suspension>
#9      Invoker._waitForOutstandingCallbacks.<anonymous closure> (package:test_api/src/backend/invoker.dart:318:9)
<asynchronous suspension>

[2026-04-15 20:44:36.999] DEBUG   [EpubService] 灏濊瘯浠巃rchive鏌ユ壘灏侀潰...
[2026-04-15 20:44:37.000] VERBOSE [EpubService] _extractCoverFromArchive 寮€濮嬫墽琛? bytes length: 995199, bookId: 8535bd88-2881-4d1c-9173-ddeabe207a0c
[2026-04-15 20:44:37.011] DEBUG   [EpubService] 灏侀潰淇濆瓨鎴愬姛: C:\Users\jjzha\AppData\Local\Temp/zhidu_persistence_test_1776257076772\zhidu\books\8535bd88-2881-4d1c-9173-ddeabe207a0c\cover.jpg
[2026-04-15 20:44:37.011] DEBUG   [EpubService] 灏侀潰璺緞: C:\Users\jjzha\AppData\Local\Temp/zhidu_persistence_test_1776257076772\zhidu\books\8535bd88-2881-4d1c-9173-ddeabe207a0c\cover.jpg
[2026-04-15 20:44:37.011] DEBUG   [BookService] EPUB瑙ｆ瀽缁撴灉: Vibe Coding AI 缂栫▼瀹屽叏鎵嬪唽
[2026-04-15 20:44:37.041] INFO    [BookService] 涔︾睄瀵煎叆鎴愬姛: Vibe Coding AI 缂栫▼瀹屽叏鎵嬪唽
[2026-04-15 20:44:37.042] DEBUG   [BookService] 鏇存柊涔︾睄: Vibe Coding AI 缂栫▼瀹屽叏鎵嬪唽
[2026-04-15 20:44:37.061] DEBUG   [BookService] 涔︾睄鏇存柊鎴愬姛: Vibe Coding AI 缂栫▼瀹屽叏鎵嬪唽
[2026-04-15 20:44:37.062] VERBOSE [BookService] init 寮€濮嬫墽琛?[2026-04-15 20:44:37.068] DEBUG   [BookService] 浠庢枃浠跺姞杞戒簡 1 鏈功
[2026-04-15 20:44:37.069] VERBOSE [BookService] init 鎵ц瀹屾垚, 鍔犺浇涔︾睄鏁伴噺: 1
00:41 +904 ~13 -13: D:/Projects/zhidu/test/widget_test.dart: ZhiduApp Widget Tests ZhiduApp renders MaterialApp
00:41 +904 ~13 -13: D:/Projects/zhidu/test/services/book_service_file_import_test.dart: BookService persistence handles empty storage on first init
[2026-04-15 20:44:37.086] VERBOSE [BookService] init 寮€濮嬫墽琛?[2026-04-15 20:44:37.091] VERBOSE [FileStorageService] 鏂囦欢涓嶅瓨鍦? C:\Users\jjzha\AppData\Local\Temp/zhidu_persistence_test_1776257077084\zhidu\books.json
[2026-04-15 20:44:37.092] VERBOSE [BookService] init 鎵ц瀹屾垚, 鍔犺浇涔︾睄鏁伴噺: 0
00:41 +905 ~13 -13: D:/Projects/zhidu/test/widget_test.dart: ZhiduApp Widget Tests ZhiduApp renders MaterialApp
[2026-04-15 20:44:37.760] VERBOSE [HomeScreen] _HomeScreenState initState 寮€濮嬫墽琛?[2026-04-15 20:44:37.787] VERBOSE [HomeScreen] build 寮€濮嬫墽琛?[2026-04-15 20:44:37.845] VERBOSE [BookshelfScreen] build 寮€濮嬫墽琛? searchQuery: 
[2026-04-15 20:44:37.846] VERBOSE [BookshelfScreen] build 鎵惧埌涔︾睄鏁伴噺: 0
[2026-04-15 20:44:38.638] VERBOSE [BookshelfScreen] dispose 寮€濮嬫墽琛?[2026-04-15 20:44:38.639] VERBOSE [BookshelfScreen] dispose 鎵ц瀹屾垚
00:43 +906 ~13 -13: D:/Projects/zhidu/test/widget_test.dart: ZhiduApp Widget Tests MaterialApp has correct title
[2026-04-15 20:44:38.750] VERBOSE [HomeScreen] _HomeScreenState initState 寮€濮嬫墽琛?[2026-04-15 20:44:38.750] VERBOSE [HomeScreen] build 寮€濮嬫墽琛?[2026-04-15 20:44:38.754] VERBOSE [BookshelfScreen] build 寮€濮嬫墽琛? searchQuery: 
[2026-04-15 20:44:38.754] VERBOSE [BookshelfScreen] build 鎵惧埌涔︾睄鏁伴噺: 0
[2026-04-15 20:44:38.854] VERBOSE [BookshelfScreen] dispose 寮€濮嬫墽琛?[2026-04-15 20:44:38.854] VERBOSE [BookshelfScreen] dispose 鎵ц瀹屾垚
00:43 +907 ~13 -13: D:/Projects/zhidu/test/widget_test.dart: ZhiduApp Widget Tests MaterialApp hides debug banner
[2026-04-15 20:44:38.918] VERBOSE [HomeScreen] _HomeScreenState initState 寮€濮嬫墽琛?[2026-04-15 20:44:38.918] VERBOSE [HomeScreen] build 寮€濮嬫墽琛?[2026-04-15 20:44:38.921] VERBOSE [BookshelfScreen] build 寮€濮嬫墽琛? searchQuery: 
[2026-04-15 20:44:38.921] VERBOSE [BookshelfScreen] build 鎵惧埌涔︾睄鏁伴噺: 0
[2026-04-15 20:44:39.010] VERBOSE [BookshelfScreen] dispose 寮€濮嬫墽琛?[2026-04-15 20:44:39.012] VERBOSE [BookshelfScreen] dispose 鎵ц瀹屾垚
00:43 +908 ~13 -13: D:/Projects/zhidu/test/widget_test.dart: ZhiduApp Widget Tests MaterialApp uses system theme mode
[2026-04-15 20:44:39.068] VERBOSE [HomeScreen] _HomeScreenState initState 寮€濮嬫墽琛?[2026-04-15 20:44:39.068] VERBOSE [HomeScreen] build 寮€濮嬫墽琛?[2026-04-15 20:44:39.070] VERBOSE [BookshelfScreen] build 寮€濮嬫墽琛? searchQuery: 
[2026-04-15 20:44:39.071] VERBOSE [BookshelfScreen] build 鎵惧埌涔︾睄鏁伴噺: 0
[2026-04-15 20:44:39.162] VERBOSE [BookshelfScreen] dispose 寮€濮嬫墽琛?[2026-04-15 20:44:39.164] VERBOSE [BookshelfScreen] dispose 鎵ц瀹屾垚
00:43 +909 ~13 -13: D:/Projects/zhidu/test/widget_test.dart: ZhiduApp Widget Tests MaterialApp has light theme configured
[2026-04-15 20:44:39.215] VERBOSE [HomeScreen] _HomeScreenState initState 寮€濮嬫墽琛?[2026-04-15 20:44:39.215] VERBOSE [HomeScreen] build 寮€濮嬫墽琛?[2026-04-15 20:44:39.216] VERBOSE [BookshelfScreen] build 寮€濮嬫墽琛? searchQuery: 
[2026-04-15 20:44:39.217] VERBOSE [BookshelfScreen] build 鎵惧埌涔︾睄鏁伴噺: 0
[2026-04-15 20:44:39.285] VERBOSE [BookshelfScreen] dispose 寮€濮嬫墽琛?[2026-04-15 20:44:39.285] VERBOSE [BookshelfScreen] dispose 鎵ц瀹屾垚
00:43 +910 ~13 -13: D:/Projects/zhidu/test/widget_test.dart: ZhiduApp Widget Tests MaterialApp has dark theme configured
[2026-04-15 20:44:39.333] VERBOSE [HomeScreen] _HomeScreenState initState 寮€濮嬫墽琛?[2026-04-15 20:44:39.333] VERBOSE [HomeScreen] build 寮€濮嬫墽琛?[2026-04-15 20:44:39.339] VERBOSE [BookshelfScreen] build 寮€濮嬫墽琛? searchQuery: 
[2026-04-15 20:44:39.339] VERBOSE [BookshelfScreen] build 鎵惧埌涔︾睄鏁伴噺: 0
[2026-04-15 20:44:39.409] VERBOSE [BookshelfScreen] dispose 寮€濮嬫墽琛?[2026-04-15 20:44:39.410] VERBOSE [BookshelfScreen] dispose 鎵ц瀹屾垚
00:43 +911 ~13 -13: D:/Projects/zhidu/test/widget_test.dart: ZhiduApp Widget Tests HomeScreen is set as home widget
[2026-04-15 20:44:39.455] VERBOSE [HomeScreen] _HomeScreenState initState 寮€濮嬫墽琛?[2026-04-15 20:44:39.456] VERBOSE [HomeScreen] build 寮€濮嬫墽琛?[2026-04-15 20:44:39.461] VERBOSE [BookshelfScreen] build 寮€濮嬫墽琛? searchQuery: 
[2026-04-15 20:44:39.462] VERBOSE [BookshelfScreen] build 鎵惧埌涔︾睄鏁伴噺: 0
[2026-04-15 20:44:39.532] VERBOSE [BookshelfScreen] dispose 寮€濮嬫墽琛?[2026-04-15 20:44:39.532] VERBOSE [BookshelfScreen] dispose 鎵ц瀹屾垚
00:43 +912 ~13 -13: D:/Projects/zhidu/test/widget_test.dart: ZhiduApp Widget Tests ZhiduApp builds without errors
[2026-04-15 20:44:39.582] VERBOSE [HomeScreen] _HomeScreenState initState 寮€濮嬫墽琛?[2026-04-15 20:44:39.582] VERBOSE [HomeScreen] build 寮€濮嬫墽琛?[2026-04-15 20:44:39.584] VERBOSE [BookshelfScreen] build 寮€濮嬫墽琛? searchQuery: 
[2026-04-15 20:44:39.584] VERBOSE [BookshelfScreen] build 鎵惧埌涔︾睄鏁伴噺: 0
[2026-04-15 20:44:39.653] VERBOSE [BookshelfScreen] dispose 寮€濮嬫墽琛?[2026-04-15 20:44:39.653] VERBOSE [BookshelfScreen] dispose 鎵ц瀹屾垚
00:44 +913 ~13 -13: D:/Projects/zhidu/test/widget_test.dart: Theme Configuration Tests AppTheme primaryColor is defined
00:44 +914 ~13 -13: D:/Projects/zhidu/test/widget_test.dart: Theme Configuration Tests AppTheme accentColor is defined
00:44 +915 ~13 -13: D:/Projects/zhidu/test/widget_test.dart: Theme Configuration Tests AppTheme backgroundColor is defined
00:44 +916 ~13 -13: D:/Projects/zhidu/test/widget_test.dart: Theme Configuration Tests AppTheme cardColor is defined
00:44 +917 ~13 -13: D:/Projects/zhidu/test/widget_test.dart: Theme Configuration Tests Light theme uses Material 3
00:44 +918 ~13 -13: D:/Projects/zhidu/test/widget_test.dart: Theme Configuration Tests Dark theme uses Material 3
00:44 +919 ~13 -13: D:/Projects/zhidu/test/widget_test.dart: Theme Configuration Tests Light theme has correct AppBar configuration
00:44 +920 ~13 -13: D:/Projects/zhidu/test/widget_test.dart: Theme Configuration Tests Light theme has correct card configuration
00:44 +921 ~13 -13: D:/Projects/zhidu/test/widget_test.dart: Theme Configuration Tests Light theme has correct FAB configuration
00:44 +922 ~13 -13: D:/Projects/zhidu/test/widget_test.dart: Theme Configuration Tests Light theme has correct bottom navigation bar configuration
00:44 +923 ~13 -13: D:/Projects/zhidu/test/widget_test.dart: Theme Configuration Tests Light theme text styles are configured
00:44 +924 ~13 -13: D:/Projects/zhidu/test/widget_test.dart: Theme Configuration Tests Dark theme has correct scaffold background color
00:44 +925 ~13 -13: D:/Projects/zhidu/test/widget_test.dart: Theme Configuration Tests Dark theme has correct AppBar configuration
00:44 +926 ~13 -13: D:/Projects/zhidu/test/widget_test.dart: Theme Configuration Tests Dark theme has correct FAB configuration
00:44 +927 ~13 -13: D:/Projects/zhidu/test/widget_test.dart: Theme Configuration Tests Light theme headlineLarge has correct style
00:44 +928 ~13 -13: D:/Projects/zhidu/test/widget_test.dart: Theme Configuration Tests Light theme headlineMedium has correct style
00:44 +929 ~13 -13: D:/Projects/zhidu/test/widget_test.dart: Theme Configuration Tests Light theme headlineSmall has correct style
00:44 +930 ~13 -13: D:/Projects/zhidu/test/widget_test.dart: Theme Configuration Tests Light theme bodyLarge has correct style
00:44 +931 ~13 -13: D:/Projects/zhidu/test/widget_test.dart: Theme Configuration Tests Light theme bodyMedium has correct style
00:44 +932 ~13 -13: D:/Projects/zhidu/test/widget_test.dart: ZhiduApp Widget Structure Tests MaterialApp home property is HomeScreen widget
[2026-04-15 20:44:39.902] VERBOSE [HomeScreen] _HomeScreenState initState 寮€濮嬫墽琛?[2026-04-15 20:44:39.903] VERBOSE [HomeScreen] build 寮€濮嬫墽琛?[2026-04-15 20:44:39.904] VERBOSE [BookshelfScreen] build 寮€濮嬫墽琛? searchQuery: 
[2026-04-15 20:44:39.904] VERBOSE [BookshelfScreen] build 鎵惧埌涔︾睄鏁伴噺: 0
[2026-04-15 20:44:39.986] VERBOSE [BookshelfScreen] dispose 寮€濮嬫墽琛?[2026-04-15 20:44:39.986] VERBOSE [BookshelfScreen] dispose 鎵ц瀹屾垚
00:44 +933 ~13 -13: D:/Projects/zhidu/test/widget_test.dart: ZhiduApp Widget Structure Tests Theme is properly applied from AppTheme
[2026-04-15 20:44:40.038] VERBOSE [HomeScreen] _HomeScreenState initState 寮€濮嬫墽琛?[2026-04-15 20:44:40.038] VERBOSE [HomeScreen] build 寮€濮嬫墽琛?[2026-04-15 20:44:40.044] VERBOSE [BookshelfScreen] build 寮€濮嬫墽琛? searchQuery: 
[2026-04-15 20:44:40.044] VERBOSE [BookshelfScreen] build 鎵惧埌涔︾睄鏁伴噺: 0
[2026-04-15 20:44:40.136] VERBOSE [BookshelfScreen] dispose 寮€濮嬫墽琛?[2026-04-15 20:44:40.136] VERBOSE [BookshelfScreen] dispose 鎵ц瀹屾垚
00:44 +934 ~13 -13: D:/Projects/zhidu/test/widget_test.dart: ZhiduApp Widget Structure Tests ZhiduApp is a StatelessWidget
00:44 +935 ~13 -13: D:/Projects/zhidu/test/widget_test.dart: ZhiduApp Widget Structure Tests ZhiduApp has correct const key
00:44 +936 ~13 -13: Some tests failed.
